node.exe : npm warn Unknown project config "enable-pre-post-scripts". This will stop working in the next major version of npm.
At C:\nvm4w\nodejs\npm.ps1:16 char:5
+     & "$basedir/node$exe"  "$basedir/node_modules/npm/bin/npm-cli.js" ...
+     ~~~~~~~~~~~~~~~~~~~~~~~~~~~~~~~~~~~~~~~~~~~~~~~~~~~~~~~~~~~~~~~~~
    + CategoryInfo          : NotSpecified: (npm warn Unknow...version of npm.:String) [], RemoteException
    + FullyQualifiedErrorId : NativeCommandError
 

> llm-local-assistant@2.7.1 test
> vitest run


[1m[46m RUN [49m[22m [36mv4.0.18 [39m[90mC:/Users/Danh/Desktop/llm-local-assistant[39m

 [31mΓ¥»[39m src/utils/pathSanitizer-coverage-focus.test.ts [2m([22m[2m58 tests[22m[2m | [22m[31m6 failed[39m[2m)[22m[32m 18[2mms[22m[39m
       [32mΓ£ô[39m should throw on empty path[32m 2[2mms[22m[39m
       [32mΓ£ô[39m should replace /path/to/ placeholder[32m 0[2mms[22m[39m
       [32mΓ£ô[39m should replace /PATH/TO/ (case insensitive)[32m 0[2mms[22m[39m
       [32mΓ£ô[39m should replace your-project/[32m 0[2mms[22m[39m
[31m       [31m├ù[31m should replace {PROJECT_ROOT}/[39m[32m 5[2mms[22m[39m
       [32mΓ£ô[39m should replace {workspacePath}/[32m 0[2mms[22m[39m
       [32mΓ£ô[39m should replace ./src/ pattern[32m 0[2mms[22m[39m
       [32mΓ£ô[39m should replace ./components/ pattern[32m 0[2mms[22m[39m
       [32mΓ£ô[39m should remove pattern but fail on remaining spaces[32m 0[2mms[22m[39m
[31m       [31m├ù[31m should remove for pattern from description[39m[32m 1[2mms[22m[39m
[31m       [31m├ù[31m should remove description: prefix (spaces prevent success)[39m[32m 1[2mms[22m[39m
[31m       [31m├ù[31m should remove path: prefix (spaces prevent success)[39m[32m 0[2mms[22m[39m
[31m       [31m├ù[31m should remove file: prefix (spaces prevent success)[39m[32m 0[2mms[22m[39m
       [32mΓ£ô[39m should normalize backslashes to slashes[32m 0[2mms[22m[39m
       [32mΓ£ô[39m should throw on pure description[32m 0[2mms[22m[39m
       [32mΓ£ô[39m should throw on comma-separated list (has spaces)[32m 0[2mms[22m[39m
       [32mΓ£ô[39m should throw on path too long[32m 0[2mms[22m[39m
       [32mΓ£ô[39m should throw on spaces after cleaning[32m 0[2mms[22m[39m
       [32mΓ£ô[39m should strip backticks[32m 0[2mms[22m[39m
       [32mΓ£ô[39m should strip double trailing dots[32m 0[2mms[22m[39m
       [32mΓ£ô[39m should strip triple trailing dots[32m 0[2mms[22m[39m
       [32mΓ£ô[39m should remove asterisks[32m 0[2mms[22m[39m
       [32mΓ£ô[39m should remove underscores[32m 0[2mms[22m[39m
       [32mΓ£ô[39m should remove tildes[32m 0[2mms[22m[39m
       [32mΓ£ô[39m should remove trailing punctuation[32m 0[2mms[22m[39m
       [32mΓ£ô[39m should remove double quotes[32m 0[2mms[22m[39m
       [32mΓ£ô[39m should remove single quotes[32m 0[2mms[22m[39m
       [32mΓ£ô[39m should normalize multiple spaces[32m 0[2mms[22m[39m
       [32mΓ£ô[39m should trim leading whitespace[32m 0[2mms[22m[39m
       [32mΓ£ô[39m should trim trailing whitespace[32m 0[2mms[22m[39m
       [32mΓ£ô[39m should remove control characters U+0000[32m 0[2mms[22m[39m
       [32mΓ£ô[39m should remove control characters U+001F[32m 0[2mms[22m[39m
       [32mΓ£ô[39m should remove DEL U+007F[32m 0[2mms[22m[39m
       [32mΓ£ô[39m should handle null input[32m 0[2mms[22m[39m
       [32mΓ£ô[39m should handle combined artifacts[32m 0[2mms[22m[39m
       [32mΓ£ô[39m should extract filename from path[32m 0[2mms[22m[39m
       [32mΓ£ô[39m should extract single filename[32m 0[2mms[22m[39m
       [32mΓ£ô[39m should extract nested filename[32m 0[2mms[22m[39m
       [32mΓ£ô[39m should extract from relative path[32m 0[2mms[22m[39m
       [32mΓ£ô[39m should extract from parent relative path[32m 0[2mms[22m[39m
       [32mΓ£ô[39m should handle trailing slash[32m 0[2mms[22m[39m
       [32mΓ£ô[39m should handle different extensions[32m 0[2mms[22m[39m
       [32mΓ£ô[39m should reject path with 2+ spaces[32m 0[2mms[22m[39m
       [32mΓ£ô[39m should reject description patterns[32m 0[2mms[22m[39m
       [32mΓ£ô[39m should reject comma-separated files[32m 0[2mms[22m[39m
       [32mΓ£ô[39m should reject path without extension[32m 0[2mms[22m[39m
       [32mΓ£ô[39m should reject invalid extension[32m 0[2mms[22m[39m
       [32mΓ£ô[39m should reject unrecognized prefix[32m 0[2mms[22m[39m
       [32mΓ£ô[39m should accept src/ prefixed path[32m 0[2mms[22m[39m
[31m       [31m├ù[31m should accept components/ with prefix[39m[32m 1[2mms[22m[39m
       [32mΓ£ô[39m should accept utils/ with prefix[32m 0[2mms[22m[39m
       [32mΓ£ô[39m should accept ./ relative prefix[32m 0[2mms[22m[39m
       [32mΓ£ô[39m should accept ../ relative prefix[32m 0[2mms[22m[39m
       [32mΓ£ô[39m should accept single file without prefix[32m 0[2mms[22m[39m
       [32mΓ£ô[39m should process backticks through pipeline[32m 0[2mms[22m[39m
       [32mΓ£ô[39m should process placeholder through sanitize[32m 0[2mms[22m[39m
       [32mΓ£ô[39m should process full artifact cleanup pipeline[32m 0[2mms[22m[39m
       [32mΓ£ô[39m should process filename extraction after sanitize[32m 0[2mms[22m[39m
[90mstderr[2m | src/llmClient.test.ts[2m > [22m[2mLLMClient[2m > [22m[2misServerHealthy[2m > [22m[2mshould return false on connection failure
[22m[39mLLM server health check failed: Error: Connection failed
    at C:/Users/Danh/Desktop/llm-local-assistant/src/llmClient.test.ts:54:15
    at Mock [90m(file:///C:/Users/Danh/Desktop/llm-local-assistant/[39mnode_modules/[4m@vitest/spy[24m/dist/index.js:285:34[90m)[39m
    at LLMClient.isServerHealthy (C:/Users/Danh/Desktop/llm-local-assistant/src/llmClient.ts:97:30)
    at C:/Users/Danh/Desktop/llm-local-assistant/src/llmClient.test.ts:57:38
    at [90mfile:///C:/Users/Danh/Desktop/llm-local-assistant/[39mnode_modules/[4m@vitest/runner[24m/dist/index.js:145:11
    at [90mfile:///C:/Users/Danh/Desktop/llm-local-assistant/[39mnode_modules/[4m@vitest/runner[24m/dist/index.js:915:26
    at [90mfile:///C:/Users/Danh/Desktop/llm-local-assistant/[39mnode_modules/[4m@vitest/runner[24m/dist/index.js:1243:20
    at new Promise (<anonymous>)
    at runWithTimeout [90m(file:///C:/Users/Danh/Desktop/llm-local-assistant/[39mnode_modules/[4m@vitest/runner[24m/dist/index.js:1209:10[90m)[39m
    at [90mfile:///C:/Users/Danh/Desktop/llm-local-assistant/[39mnode_modules/[4m@vitest/runner[24m/dist/index.js:1653:37

[90mstdout[2m | src/utils/workspaceDetector.test.ts[2m > [22m[2mWorkspaceDetector[2m > [22m[2mSingle Workspace Detection[2m > [22m[2mshould detect TypeScript project (package.json + tsconfig.json)
[22m[39m[WorkspaceDetector] Scanning from: C:\Users\Danh\AppData\Local\Temp\workspace-detector-gjwmEC
[WorkspaceDetector] Start path was: C:\Users\Danh\AppData\Local\Temp\workspace-detector-gjwmEC
[WorkspaceDetector] Found entries: [ [32m'ts-project'[39m ]
[WorkspaceDetector] Detected: ts-project {
  type: [32m'typescript'[39m,
  confidence: [32m'0.70'[39m,
  indicators: [ [32m'package.json'[39m, [32m'tsconfig.json'[39m ]
}
[WorkspaceDetector] Final result: 1 workspaces [ { name: [32m'ts-project'[39m, confidence: [32m'0.70'[39m } ]

[90mstderr[2m | src/llmClient.test.ts[2m > [22m[2mLLMClient[2m > [22m[2misServerHealthy[2m > [22m[2mshould handle timeout during health check
[22m[39mLLM server health check failed: Error: Timeout
    at Timeout._onTimeout (C:/Users/Danh/Desktop/llm-local-assistant/src/llmClient.test.ts:64:35)
[90m    at listOnTimeout (node:internal/timers:608:17)[39m
[90m    at processTimers (node:internal/timers:543:7)[39m

[90mstdout[2m | src/llmClient.test.ts[2m > [22m[2mLLMClient[2m > [22m[2msendMessage error handling[2m > [22m[2mshould handle connection errors gracefully
[22m[39m[LLM DEBUG] ========== HTTP REQUEST DETAILS (Non-Streaming) ==========
[LLM DEBUG] Endpoint URL: http://localhost:11434/v1/chat/completions
[LLM DEBUG] Model Name: mistral
[LLM DEBUG] Request Method: POST
[LLM DEBUG] Request Headers: {
  "Content-Type": "application/json"
}
[LLM DEBUG] Request Payload: {
  "model": "mistral",
  "messages": [
    {
      "role": "user",
      "content": "test message"
    },
    {
      "role": "user",
      "content": "test message"
    }
  ],
  "temperature": 0.7,
  "max_tokens": 2048,
  "stream": false
}
[LLM DEBUG] Timeout (ms): [33m30000[39m
[LLM DEBUG] ==================================================================

[90mstdout[2m | src/llmClient.test.ts[2m > [22m[2mLLMClient[2m > [22m[2msendMessage error handling[2m > [22m[2mshould handle invalid endpoint
[22m[39m[LLM DEBUG] ========== HTTP REQUEST DETAILS (Non-Streaming) ==========
[LLM DEBUG] Endpoint URL: not-a-valid-url/v1/chat/completions
[LLM DEBUG] Model Name: mistral
[LLM DEBUG] Request Method: POST
[LLM DEBUG] Request Headers: {
  "Content-Type": "application/json"
}
[LLM DEBUG] Request Payload: {
  "model": "mistral",
  "messages": [
    {
      "role": "user",
      "content": "test"
    },
    {
      "role": "user",
      "content": "test"
    }
  ],
  "temperature": 0.7,
  "max_tokens": 2048,
  "stream": false
}
[LLM DEBUG] Timeout (ms): [33m30000[39m
[LLM DEBUG] ==================================================================

[90mstdout[2m | src/llmClient.test.ts[2m > [22m[2mLLMClient[2m > [22m[2msendMessage error handling[2m > [22m[2mshould handle 404 model not found error
[22m[39m[LLM DEBUG] ========== HTTP REQUEST DETAILS (Non-Streaming) ==========
[LLM DEBUG] Endpoint URL: http://localhost:11434/v1/chat/completions
[LLM DEBUG] Model Name: mistral
[LLM DEBUG] Request Method: POST
[LLM DEBUG] Request Headers: {
  "Content-Type": "application/json"
}
[LLM DEBUG] Request Payload: {
  "model": "mistral",
  "messages": [
    {
      "role": "user",
      "content": "test"
    },
    {
      "role": "user",
      "content": "test"
    }
  ],
  "temperature": 0.7,
  "max_tokens": 2048,
  "stream": false
}
[LLM DEBUG] Timeout (ms): [33m30000[39m
[LLM DEBUG] ==================================================================

[90mstdout[2m | src/llmClient.test.ts[2m > [22m[2mLLMClient[2m > [22m[2msendMessage error handling[2m > [22m[2mshould handle 404 model not found error
[22m[39m[LLM DEBUG] Response Status: [33m404[39m Not Found
[LLM DEBUG] Could not read error response body
[LLM DEBUG] Error thrown: LLM server error: Not Found

[90mstdout[2m | src/llmClient.test.ts[2m > [22m[2mLLMClient[2m > [22m[2msendMessage error handling[2m > [22m[2mshould handle 503 server busy error
[22m[39m[LLM DEBUG] ========== HTTP REQUEST DETAILS (Non-Streaming) ==========
[LLM DEBUG] Endpoint URL: http://localhost:11434/v1/chat/completions
[LLM DEBUG] Model Name: mistral
[LLM DEBUG] Request Method: POST
[LLM DEBUG] Request Headers: {
  "Content-Type": "application/json"
}
[LLM DEBUG] Request Payload: {
  "model": "mistral",
  "messages": [
    {
      "role": "user",
      "content": "test"
    },
    {
      "role": "user",
      "content": "test"
    }
  ],
  "temperature": 0.7,
  "max_tokens": 2048,
  "stream": false
}
[LLM DEBUG] Timeout (ms): [33m30000[39m
[LLM DEBUG] ==================================================================

[90mstdout[2m | src/llmClient.test.ts[2m > [22m[2mLLMClient[2m > [22m[2msendMessage error handling[2m > [22m[2mshould handle 503 server busy error
[22m[39m[LLM DEBUG] Response Status: [33m503[39m Service Unavailable
[LLM DEBUG] Could not read error response body
[LLM DEBUG] Error thrown: LLM server error: Service Unavailable

[90mstdout[2m | src/llmClient.test.ts[2m > [22m[2mLLMClient[2m > [22m[2msendMessage error handling[2m > [22m[2mshould handle timeout errors
[22m[39m[LLM DEBUG] ========== HTTP REQUEST DETAILS (Non-Streaming) ==========
[LLM DEBUG] Endpoint URL: http://localhost:11434/v1/chat/completions
[LLM DEBUG] Model Name: mistral
[LLM DEBUG] Request Method: POST
[LLM DEBUG] Request Headers: {
  "Content-Type": "application/json"
}
[LLM DEBUG] Request Payload: {
  "model": "mistral",
  "messages": [
    {
      "role": "user",
      "content": "test"
    },
    {
      "role": "user",
      "content": "test"
    }
  ],
  "temperature": 0.7,
  "max_tokens": 2048,
  "stream": false
}
[LLM DEBUG] Timeout (ms): [33m10[39m
[LLM DEBUG] ==================================================================

[90mstdout[2m | src/llmClient.test.ts[2m > [22m[2mLLMClient[2m > [22m[2msendMessageStream behavior[2m > [22m[2mshould accept callback for streaming
[22m[39m[LLM DEBUG] ========== HTTP REQUEST DETAILS ==========
[LLM DEBUG] Endpoint URL: http://localhost:11434/v1/chat/completions
[LLM DEBUG] Model Name: mistral
[LLM DEBUG] Request Method: POST
[LLM DEBUG] Request Headers: {
  "Content-Type": "application/json"
}
[LLM DEBUG] Request Payload: {
  "model": "mistral",
  "messages": [
    {
      "role": "user",
      "content": "test message"
    },
    {
      "role": "user",
      "content": "test message"
    }
  ],
  "temperature": 0.7,
  "max_tokens": 2048,
  "stream": true
}
[LLM DEBUG] Timeout (ms): [33m30000[39m
[LLM DEBUG] ==========================================

[90mstdout[2m | src/utils/workspaceDetector.test.ts[2m > [22m[2mWorkspaceDetector[2m > [22m[2mSingle Workspace Detection[2m > [22m[2mshould detect Node.js project (package.json only)
[22m[39m[WorkspaceDetector] Scanning from: C:\Users\Danh\AppData\Local\Temp\workspace-detector-FXbkYo
[WorkspaceDetector] Start path was: C:\Users\Danh\AppData\Local\Temp\workspace-detector-FXbkYo
[WorkspaceDetector] Found entries: [ [32m'node-project'[39m ]
[WorkspaceDetector] Detected: node-project { type: [32m'node'[39m, confidence: [32m'0.40'[39m, indicators: [ [32m'package.json'[39m ] }
[WorkspaceDetector] Final result: 1 workspaces [ { name: [32m'node-project'[39m, confidence: [32m'0.40'[39m } ]

[90mstdout[2m | src/llmClient.test.ts[2m > [22m[2mLLMClient[2m > [22m[2msendMessageStream behavior[2m > [22m[2mshould accept callback for streaming
[22m[39m[LLM DEBUG] Response Status: [90mundefined[39m [90mundefined[39m

 [32mΓ£ô[39m src/llmClient.test.ts [2m([22m[2m27 tests[22m[2m)[22m[32m 222[2mms[22m[39m
[90mstdout[2m | src/utils/workspaceDetector.test.ts[2m > [22m[2mWorkspaceDetector[2m > [22m[2mSingle Workspace Detection[2m > [22m[2mshould detect VS Code workspace (.vscode/settings.json)
[22m[39m[WorkspaceDetector] Scanning from: C:\Users\Danh\AppData\Local\Temp\workspace-detector-CnSgr0
[WorkspaceDetector] Start path was: C:\Users\Danh\AppData\Local\Temp\workspace-detector-CnSgr0
[WorkspaceDetector] Found entries: [ [32m'vscode-project'[39m ]
[WorkspaceDetector] Detected: vscode-project {
  type: [32m'node'[39m,
  confidence: [32m'0.60'[39m,
  indicators: [ [32m'package.json'[39m, [32m'.vscode/settings.json'[39m ]
}
[WorkspaceDetector] Final result: 1 workspaces [ { name: [32m'vscode-project'[39m, confidence: [32m'0.60'[39m } ]

[90mstdout[2m | src/utils/workspaceDetector.test.ts[2m > [22m[2mWorkspaceDetector[2m > [22m[2mSingle Workspace Detection[2m > [22m[2mshould detect src folder as indicator
[22m[39m[WorkspaceDetector] Scanning from: C:\Users\Danh\AppData\Local\Temp\workspace-detector-EICzQU
[WorkspaceDetector] Start path was: C:\Users\Danh\AppData\Local\Temp\workspace-detector-EICzQU
[WorkspaceDetector] Found entries: [ [32m'src-project'[39m ]
[WorkspaceDetector] Detected: src-project {
  type: [32m'node'[39m,
  confidence: [32m'0.50'[39m,
  indicators: [ [32m'package.json'[39m, [32m'src/'[39m ]
}
[WorkspaceDetector] Final result: 1 workspaces [ { name: [32m'src-project'[39m, confidence: [32m'0.50'[39m } ]

[90mstdout[2m | src/semanticAnalyzer.test.ts[2m > [22m[2mSemanticAnalyzer[2m > [22m[2manalyzeHook[2m > [22m[2mshould return SemanticAnalysis object
[22m[39m[SemanticAnalyzer] Starting semantic analysis...
[SemanticAnalyzer] Found 0 potential unused states
[SemanticAnalyzer] Found 0 dependency issues
[SemanticAnalyzer] Found 0 coupling problems
[SemanticAnalyzer] Found 0 data flow issues
[SemanticAnalyzer] Found 0 anti-patterns

[90mstdout[2m | src/semanticAnalyzer.test.ts[2m > [22m[2mSemanticAnalyzer[2m > [22m[2manalyzeHook[2m > [22m[2mshould analyze simple hook with useState
[22m[39m[SemanticAnalyzer] Starting semantic analysis...
[SemanticAnalyzer] Found 0 potential unused states
[SemanticAnalyzer] Found 0 dependency issues
[SemanticAnalyzer] Found 0 coupling problems
[SemanticAnalyzer] Found 0 data flow issues
[SemanticAnalyzer] Found 0 anti-patterns

[90mstdout[2m | src/semanticAnalyzer.test.ts[2m > [22m[2mSemanticAnalyzer[2m > [22m[2manalyzeHook[2m > [22m[2mshould detect unused state variables
[22m[39m[SemanticAnalyzer] Starting semantic analysis...
[SemanticAnalyzer] Found 1 potential unused states
[SemanticAnalyzer] Found 0 dependency issues
[SemanticAnalyzer] Found 0 coupling problems
[SemanticAnalyzer] Found 1 data flow issues
[SemanticAnalyzer] Found 1 anti-patterns

[90mstdout[2m | src/semanticAnalyzer.test.ts[2m > [22m[2mSemanticAnalyzer[2m > [22m[2manalyzeHook[2m > [22m[2mshould validate useEffect dependencies
[22m[39m[SemanticAnalyzer] Starting semantic analysis...
[SemanticAnalyzer] Found 0 potential unused states
[SemanticAnalyzer] Found 1 dependency issues
[SemanticAnalyzer] Found 0 coupling problems
[SemanticAnalyzer] Found 0 data flow issues
[SemanticAnalyzer] Found 1 anti-patterns

[90mstdout[2m | src/semanticAnalyzer.test.ts[2m > [22m[2mSemanticAnalyzer[2m > [22m[2manalyzeHook[2m > [22m[2mshould detect coupling problems
[22m[39m[SemanticAnalyzer] Starting semantic analysis...
[SemanticAnalyzer] Found 0 potential unused states
[SemanticAnalyzer] Found 1 dependency issues
[SemanticAnalyzer] Found 1 coupling problems
[SemanticAnalyzer] Found 0 data flow issues
[SemanticAnalyzer] Found 1 anti-patterns

[90mstdout[2m | src/semanticAnalyzer.test.ts[2m > [22m[2mSemanticAnalyzer[2m > [22m[2manalyzeHook[2m > [22m[2mshould analyze data flow
[22m[39m[SemanticAnalyzer] Starting semantic analysis...
[SemanticAnalyzer] Found 0 potential unused states
[SemanticAnalyzer] Found 0 dependency issues
[SemanticAnalyzer] Found 0 coupling problems
[SemanticAnalyzer] Found 0 data flow issues
[SemanticAnalyzer] Found 0 anti-patterns

[90mstdout[2m | src/semanticAnalyzer.test.ts[2m > [22m[2mSemanticAnalyzer[2m > [22m[2manalyzeHook[2m > [22m[2mshould detect anti-patterns
[22m[39m[SemanticAnalyzer] Starting semantic analysis...
[SemanticAnalyzer] Found 1 potential unused states
[SemanticAnalyzer] Found 1 dependency issues
[SemanticAnalyzer] Found 0 coupling problems
[SemanticAnalyzer] Found 1 data flow issues
[SemanticAnalyzer] Found 2 anti-patterns

[90mstdout[2m | src/semanticAnalyzer.test.ts[2m > [22m[2mSemanticAnalyzer[2m > [22m[2manalyzeHook[2m > [22m[2mshould calculate overall complexity
[22m[39m[SemanticAnalyzer] Starting semantic analysis...
[SemanticAnalyzer] Found 0 potential unused states
[SemanticAnalyzer] Found 0 dependency issues
[SemanticAnalyzer] Found 0 coupling problems
[SemanticAnalyzer] Found 0 data flow issues
[SemanticAnalyzer] Found 0 anti-patterns

[90mstdout[2m | src/semanticAnalyzer.test.ts[2m > [22m[2mSemanticAnalyzer[2m > [22m[2manalyzeHook[2m > [22m[2mshould generate issue summary
[22m[39m[SemanticAnalyzer] Starting semantic analysis...
[SemanticAnalyzer] Found 0 potential unused states
[SemanticAnalyzer] Found 0 dependency issues
[SemanticAnalyzer] Found 0 coupling problems
[SemanticAnalyzer] Found 0 data flow issues
[SemanticAnalyzer] Found 0 anti-patterns

[90mstdout[2m | src/semanticAnalyzer.test.ts[2m > [22m[2mSemanticAnalyzer[2m > [22m[2manalyzeHook[2m > [22m[2mshould suggest extractions for complex hooks
[22m[39m[SemanticAnalyzer] Starting semantic analysis...
[SemanticAnalyzer] Found 0 potential unused states
[SemanticAnalyzer] Found 1 dependency issues
[SemanticAnalyzer] Found 1 coupling problems
[SemanticAnalyzer] Found 0 data flow issues
[SemanticAnalyzer] Found 1 anti-patterns

[90mstdout[2m | src/semanticAnalyzer.test.ts[2m > [22m[2mSemanticAnalyzer[2m > [22m[2manalyzeHook[2m > [22m[2mshould handle complex real-world hook
[22m[39m[SemanticAnalyzer] Starting semantic analysis...
[SemanticAnalyzer] Found 0 potential unused states
[SemanticAnalyzer] Found 0 dependency issues
[SemanticAnalyzer] Found 2 coupling problems
[SemanticAnalyzer] Found 0 data flow issues
[SemanticAnalyzer] Found 0 anti-patterns

[90mstdout[2m | src/semanticAnalyzer.test.ts[2m > [22m[2mSemanticAnalyzer[2m > [22m[2manalyzeHook[2m > [22m[2mshould handle hook with multiple effects
[22m[39m[SemanticAnalyzer] Starting semantic analysis...
[SemanticAnalyzer] Found 0 potential unused states
[SemanticAnalyzer] Found 2 dependency issues
[SemanticAnalyzer] Found 0 coupling problems
[SemanticAnalyzer] Found 0 data flow issues
[SemanticAnalyzer] Found 1 anti-patterns

[90mstdout[2m | src/semanticAnalyzer.test.ts[2m > [22m[2mSemanticAnalyzer[2m > [22m[2manalyzeHook[2m > [22m[2mshould handle hook with axios calls
[22m[39m[SemanticAnalyzer] Starting semantic analysis...
[SemanticAnalyzer] Found 0 potential unused states
[SemanticAnalyzer] Found 1 dependency issues
[SemanticAnalyzer] Found 1 coupling problems
[SemanticAnalyzer] Found 0 data flow issues
[SemanticAnalyzer] Found 1 anti-patterns

[90mstdout[2m | src/semanticAnalyzer.test.ts[2m > [22m[2mSemanticAnalyzer[2m > [22m[2manalyzeHook[2m > [22m[2mshould handle empty code
[22m[39m[SemanticAnalyzer] Starting semantic analysis...
[SemanticAnalyzer] Found 0 potential unused states
[SemanticAnalyzer] Found 0 dependency issues
[SemanticAnalyzer] Found 0 coupling problems
[SemanticAnalyzer] Found 0 data flow issues
[SemanticAnalyzer] Found 0 anti-patterns

[90mstdout[2m | src/test/coverage-edge-cases.test.ts[2m > [22m[2mEdge Cases & Error Paths[2m > [22m[2mLLMClient - Network and Timeout Handling[2m > [22m[2mshould handle connection failure
[22m[39m[LLM DEBUG] ========== HTTP REQUEST DETAILS (Non-Streaming) ==========
[LLM DEBUG] Endpoint URL: http://localhost:11434/v1/chat/completions
[LLM DEBUG] Model Name: test
[LLM DEBUG] Request Method: POST
[LLM DEBUG] Request Headers: {
  "Content-Type": "application/json"
}
[LLM DEBUG] Request Payload: {
  "model": "test",
  "messages": [
    {
      "role": "user",
      "content": "test"
    },
    {
      "role": "user",
      "content": "test"
    }
  ],
  "stream": false
}
[LLM DEBUG] Timeout (ms): [33m1000[39m
[LLM DEBUG] ==================================================================

[90mstdout[2m | src/semanticAnalyzer.test.ts[2m > [22m[2mSemanticAnalyzer[2m > [22m[2munused states detection[2m > [22m[2mshould identify truly unused state
[22m[39m[SemanticAnalyzer] Starting semantic analysis...
[SemanticAnalyzer] Found 1 potential unused states
[SemanticAnalyzer] Found 0 dependency issues
[SemanticAnalyzer] Found 0 coupling problems
[SemanticAnalyzer] Found 1 data flow issues
[SemanticAnalyzer] Found 1 anti-patterns

[90mstdout[2m | src/test/coverage-edge-cases.test.ts[2m > [22m[2mEdge Cases & Error Paths[2m > [22m[2mLLMClient - Network and Timeout Handling[2m > [22m[2mshould handle server returning 500 error
[22m[39m[LLM DEBUG] ========== HTTP REQUEST DETAILS (Non-Streaming) ==========
[LLM DEBUG] Endpoint URL: http://localhost:11434/v1/chat/completions
[LLM DEBUG] Model Name: test
[LLM DEBUG] Request Method: POST
[LLM DEBUG] Request Headers: {
  "Content-Type": "application/json"
}
[LLM DEBUG] Request Payload: {
  "model": "test",
  "messages": [
    {
      "role": "user",
      "content": "test"
    },
    {
      "role": "user",
      "content": "test"
    }
  ],
  "stream": false
}
[LLM DEBUG] Timeout (ms): [90mundefined[39m
[LLM DEBUG] ==================================================================

[90mstdout[2m | src/semanticAnalyzer.test.ts[2m > [22m[2mSemanticAnalyzer[2m > [22m[2munused states detection[2m > [22m[2mshould identify orphaned state
[22m[39m[SemanticAnalyzer] Starting semantic analysis...
[SemanticAnalyzer] Found 0 potential unused states
[SemanticAnalyzer] Found 1 dependency issues
[SemanticAnalyzer] Found 0 coupling problems
[SemanticAnalyzer] Found 0 data flow issues
[SemanticAnalyzer] Found 1 anti-patterns

[90mstdout[2m | src/test/coverage-edge-cases.test.ts[2m > [22m[2mEdge Cases & Error Paths[2m > [22m[2mLLMClient - Network and Timeout Handling[2m > [22m[2mshould handle server returning 500 error
[22m[39m[LLM DEBUG] Response Status: [33m500[39m Inte rnal Server Error
[LLM DEBUG] Could not read error response body
[LLM DEBUG] Error thrown: LLM server error: Inte rnal Server Error

[90mstdout[2m | src/semanticAnalyzer.test.ts[2m > [22m[2mSemanticAnalyzer[2m > [22m[2munused states detection[2m > [22m[2mshould identify stale closure
[22m[39m[SemanticAnalyzer] Starting semantic analysis...
[SemanticAnalyzer] Found 1 potential unused states
[SemanticAnalyzer] Found 0 dependency issues
[SemanticAnalyzer] Found 1 coupling problems
[SemanticAnalyzer] Found 1 data flow issues
[SemanticAnalyzer] Found 1 anti-patterns

[90mstdout[2m | src/test/coverage-edge-cases.test.ts[2m > [22m[2mEdge Cases & Error Paths[2m > [22m[2mLLMClient - Network and Timeout Handling[2m > [22m[2mshould handle 404 not found
[22m[39m[LLM DEBUG] ========== HTTP REQUEST DETAILS (Non-Streaming) ==========
[LLM DEBUG] Endpoint URL: http://localhost:11434/v1/chat/completions
[LLM DEBUG] Model Name: nonexistent-model
[LLM DEBUG] Request Method: POST
[LLM DEBUG] Request Headers: {
  "Content-Type": "application/json"
}
[LLM DEBUG] Request Payload: {
  "model": "nonexistent-model",
  "messages": [
    {
      "role": "user",
      "content": "test"
    },
    {
      "role": "user",
      "content": "test"
    }
  ],
  "stream": false
}
[LLM DEBUG] Timeout (ms): [90mundefined[39m
[LLM DEBUG] ==================================================================

[90mstdout[2m | src/semanticAnalyzer.test.ts[2m > [22m[2mSemanticAnalyzer[2m > [22m[2munused states detection[2m > [22m[2mshould include state variable properties
[22m[39m[SemanticAnalyzer] Starting semantic analysis...
[SemanticAnalyzer] Found 0 potential unused states
[SemanticAnalyzer] Found 0 dependency issues
[SemanticAnalyzer] Found 0 coupling problems
[SemanticAnalyzer] Found 0 data flow issues
[SemanticAnalyzer] Found 0 anti-patterns

[90mstdout[2m | src/test/coverage-edge-cases.test.ts[2m > [22m[2mEdge Cases & Error Paths[2m > [22m[2mLLMClient - Network and Timeout Handling[2m > [22m[2mshould handle 404 not found
[22m[39m[LLM DEBUG] Response Status: [33m404[39m Not Found
[LLM DEBUG] Could not read error response body
[LLM DEBUG] Error thrown: LLM server error: Not Found

[90mstdout[2m | src/semanticAnalyzer.test.ts[2m > [22m[2mSemanticAnalyzer[2m > [22m[2mdependency validation[2m > [22m[2mshould detect missing dependencies
[22m[39m[SemanticAnalyzer] Starting semantic analysis...
[SemanticAnalyzer] Found 0 potential unused states
[SemanticAnalyzer] Found 1 dependency issues
[SemanticAnalyzer] Found 0 coupling problems
[SemanticAnalyzer] Found 0 data flow issues
[SemanticAnalyzer] Found 1 anti-patterns

[90mstdout[2m | src/test/coverage-edge-cases.test.ts[2m > [22m[2mEdge Cases & Error Paths[2m > [22m[2mLLMClient - Network and Timeout Handling[2m > [22m[2mshould handle empty response body
[22m[39m[LLM DEBUG] ========== HTTP REQUEST DETAILS (Non-Streaming) ==========
[LLM DEBUG] Endpoint URL: http://localhost:11434/v1/chat/completions
[LLM DEBUG] Model Name: test
[LLM DEBUG] Request Method: POST
[LLM DEBUG] Request Headers: {
  "Content-Type": "application/json"
}
[LLM DEBUG] Request Payload: {
  "model": "test",
  "messages": [
    {
      "role": "user",
      "content": "test"
    },
    {
      "role": "user",
      "content": "test"
    }
  ],
  "stream": false
}
[LLM DEBUG] Timeout (ms): [90mundefined[39m
[LLM DEBUG] ==================================================================

[90mstdout[2m | src/semanticAnalyzer.test.ts[2m > [22m[2mSemanticAnalyzer[2m > [22m[2mdependency validation[2m > [22m[2mshould detect extra dependencies
[22m[39m[SemanticAnalyzer] Starting semantic analysis...
[SemanticAnalyzer] Found 0 potential unused states
[SemanticAnalyzer] Found 1 dependency issues
[SemanticAnalyzer] Found 0 coupling problems
[SemanticAnalyzer] Found 0 data flow issues
[SemanticAnalyzer] Found 1 anti-patterns

[90mstdout[2m | src/test/coverage-edge-cases.test.ts[2m > [22m[2mEdge Cases & Error Paths[2m > [22m[2mLLMClient - Network and Timeout Handling[2m > [22m[2mshould handle empty response body
[22m[39m[LLM DEBUG] Response Status: [33m200[39m [90mundefined[39m

[90mstdout[2m | src/semanticAnalyzer.test.ts[2m > [22m[2mSemanticAnalyzer[2m > [22m[2mdependency validation[2m > [22m[2mshould include dependency issue properties
[22m[39m[SemanticAnalyzer] Starting semantic analysis...
[SemanticAnalyzer] Found 1 potential unused states
[SemanticAnalyzer] Found 1 dependency issues
[SemanticAnalyzer] Found 0 coupling problems
[SemanticAnalyzer] Found 1 data flow issues
[SemanticAnalyzer] Found 2 anti-patterns

[90mstdout[2m | src/semanticAnalyzer.test.ts[2m > [22m[2mSemanticAnalyzer[2m > [22m[2mcoupling detection[2m > [22m[2mshould detect API calls in component
[22m[39m[SemanticAnalyzer] Starting semantic analysis...
[SemanticAnalyzer] Found 0 potential unused states
[SemanticAnalyzer] Found 1 dependency issues
[SemanticAnalyzer] Found 1 coupling problems
[SemanticAnalyzer] Found 0 data flow issues
[SemanticAnalyzer] Found 1 anti-patterns

[90mstdout[2m | src/semanticAnalyzer.test.ts[2m > [22m[2mSemanticAnalyzer[2m > [22m[2mcoupling detection[2m > [22m[2mshould detect mixed concerns
[22m[39m[SemanticAnalyzer] Starting semantic analysis...
[SemanticAnalyzer] Found 0 potential unused states
[SemanticAnalyzer] Found 0 dependency issues
[SemanticAnalyzer] Found 2 coupling problems
[SemanticAnalyzer] Found 0 data flow issues
[SemanticAnalyzer] Found 0 anti-patterns

[90mstdout[2m | src/semanticAnalyzer.test.ts[2m > [22m[2mSemanticAnalyzer[2m > [22m[2mcoupling detection[2m > [22m[2mshould detect state mutation issues
[22m[39m[SemanticAnalyzer] Starting semantic analysis...
[SemanticAnalyzer] Found 3 potential unused states
[SemanticAnalyzer] Found 1 dependency issues
[SemanticAnalyzer] Found 0 coupling problems
[SemanticAnalyzer] Found 3 data flow issues
[SemanticAnalyzer] Found 2 anti-patterns

[90mstdout[2m | src/semanticAnalyzer.test.ts[2m > [22m[2mSemanticAnalyzer[2m > [22m[2mcoupling detection[2m > [22m[2mshould include coupling problem properties
[22m[39m[SemanticAnalyzer] Starting semantic analysis...
[SemanticAnalyzer] Found 0 potential unused states
[SemanticAnalyzer] Found 1 dependency issues
[SemanticAnalyzer] Found 1 coupling problems
[SemanticAnalyzer] Found 0 data flow issues
[SemanticAnalyzer] Found 1 anti-patterns

[90mstdout[2m | src/semanticAnalyzer.test.ts[2m > [22m[2mSemanticAnalyzer[2m > [22m[2mdata flow analysis[2m > [22m[2mshould include data flow issue properties
[22m[39m[SemanticAnalyzer] Starting semantic analysis...
[SemanticAnalyzer] Found 0 potential unused states
[SemanticAnalyzer] Found 0 dependency issues
[SemanticAnalyzer] Found 0 coupling problems
[SemanticAnalyzer] Found 0 data flow issues
[SemanticAnalyzer] Found 0 anti-patterns

[90mstdout[2m | src/semanticAnalyzer.test.ts[2m > [22m[2mSemanticAnalyzer[2m > [22m[2mdata flow analysis[2m > [22m[2mshould detect never-updated variables
[22m[39m[SemanticAnalyzer] Starting semantic analysis...
[SemanticAnalyzer] Found 1 potential unused states
[SemanticAnalyzer] Found 0 dependency issues
[SemanticAnalyzer] Found 0 coupling problems
[SemanticAnalyzer] Found 1 data flow issues
[SemanticAnalyzer] Found 1 anti-patterns

[90mstdout[2m | src/semanticAnalyzer.test.ts[2m > [22m[2mSemanticAnalyzer[2m > [22m[2mdata flow analysis[2m > [22m[2mshould detect inconsistent returns
[22m[39m[SemanticAnalyzer] Starting semantic analysis...
[SemanticAnalyzer] Found 0 potential unused states
[SemanticAnalyzer] Found 0 dependency issues
[SemanticAnalyzer] Found 0 coupling problems
[SemanticAnalyzer] Found 0 data flow issues
[SemanticAnalyzer] Found 0 anti-patterns

[90mstdout[2m | src/semanticAnalyzer.test.ts[2m > [22m[2mSemanticAnalyzer[2m > [22m[2manti-pattern detection[2m > [22m[2mshould include anti-pattern properties
[22m[39m[SemanticAnalyzer] Starting semantic analysis...
[SemanticAnalyzer] Found 0 potential unused states
[SemanticAnalyzer] Found 0 dependency issues
[SemanticAnalyzer] Found 0 coupling problems
[SemanticAnalyzer] Found 0 data flow issues
[SemanticAnalyzer] Found 0 anti-patterns

[90mstdout[2m | src/semanticAnalyzer.test.ts[2m > [22m[2mSemanticAnalyzer[2m > [22m[2manti-pattern detection[2m > [22m[2mshould detect missing dependencies as anti-pattern
[22m[39m[SemanticAnalyzer] Starting semantic analysis...
[SemanticAnalyzer] Found 1 potential unused states
[SemanticAnalyzer] Found 1 dependency issues
[SemanticAnalyzer] Found 0 coupling problems
[SemanticAnalyzer] Found 1 data flow issues
[SemanticAnalyzer] Found 2 anti-patterns

[90mstdout[2m | src/semanticAnalyzer.test.ts[2m > [22m[2mSemanticAnalyzer[2m > [22m[2manti-pattern detection[2m > [22m[2mshould detect unused state as anti-pattern
[22m[39m[SemanticAnalyzer] Starting semantic analysis...
[SemanticAnalyzer] Found 1 potential unused states
[SemanticAnalyzer] Found 0 dependency issues
[SemanticAnalyzer] Found 0 coupling problems
[SemanticAnalyzer] Found 1 data flow issues
[SemanticAnalyzer] Found 1 anti-patterns

[90mstdout[2m | src/semanticAnalyzer.test.ts[2m > [22m[2mSemanticAnalyzer[2m > [22m[2manti-pattern detection[2m > [22m[2mshould detect stale closure as anti-pattern
[22m[39m[SemanticAnalyzer] Starting semantic analysis...
[SemanticAnalyzer] Found 1 potential unused states
[SemanticAnalyzer] Found 0 dependency issues
[SemanticAnalyzer] Found 1 coupling problems
[SemanticAnalyzer] Found 1 data flow issues
[SemanticAnalyzer] Found 1 anti-patterns

[90mstdout[2m | src/semanticAnalyzer.test.ts[2m > [22m[2mSemanticAnalyzer[2m > [22m[2mcomplexity calculation[2m > [22m[2mshould calculate LOW complexity
[22m[39m[SemanticAnalyzer] Starting semantic analysis...
[SemanticAnalyzer] Found 0 potential unused states
[SemanticAnalyzer] Found 0 dependency issues
[SemanticAnalyzer] Found 0 coupling problems
[SemanticAnalyzer] Found 0 data flow issues
[SemanticAnalyzer] Found 0 anti-patterns

[90mstdout[2m | src/semanticAnalyzer.test.ts[2m > [22m[2mSemanticAnalyzer[2m > [22m[2mcomplexity calculation[2m > [22m[2mshould calculate HIGH complexity for many issues
[22m[39m[SemanticAnalyzer] Starting semantic analysis...
[SemanticAnalyzer] Found 1 potential unused states
[SemanticAnalyzer] Found 1 dependency issues
[SemanticAnalyzer] Found 1 coupling problems
[SemanticAnalyzer] Found 1 data flow issues
[SemanticAnalyzer] Found 2 anti-patterns

[90mstdout[2m | src/semanticAnalyzer.test.ts[2m > [22m[2mSemanticAnalyzer[2m > [22m[2mcomplexity calculation[2m > [22m[2mshould calculate CRITICAL complexity for severe issues
[22m[39m[SemanticAnalyzer] Starting semantic analysis...
[SemanticAnalyzer] Found 2 potential unused states
[SemanticAnalyzer] Found 1 dependency issues
[SemanticAnalyzer] Found 1 coupling problems
[SemanticAnalyzer] Found 2 data flow issues
[SemanticAnalyzer] Found 2 anti-patterns

[90mstdout[2m | src/semanticAnalyzer.test.ts[2m > [22m[2mSemanticAnalyzer[2m > [22m[2missue summary generation[2m > [22m[2mshould always return non-empty issues array
[22m[39m[SemanticAnalyzer] Starting semantic analysis...
[SemanticAnalyzer] Found 0 potential unused states
[SemanticAnalyzer] Found 0 dependency issues
[SemanticAnalyzer] Found 0 coupling problems
[SemanticAnalyzer] Found 0 data flow issues
[SemanticAnalyzer] Found 0 anti-patterns

[90mstdout[2m | src/semanticAnalyzer.test.ts[2m > [22m[2mSemanticAnalyzer[2m > [22m[2missue summary generation[2m > [22m[2mshould include specific issue types
[22m[39m[SemanticAnalyzer] Starting semantic analysis...
[SemanticAnalyzer] Found 1 potential unused states
[SemanticAnalyzer] Found 1 dependency issues
[SemanticAnalyzer] Found 1 coupling problems
[SemanticAnalyzer] Found 1 data flow issues
[SemanticAnalyzer] Found 2 anti-patterns

[90mstdout[2m | src/semanticAnalyzer.test.ts[2m > [22m[2mSemanticAnalyzer[2m > [22m[2mextraction suggestions[2m > [22m[2mshould suggest extracting API logic
[22m[39m[SemanticAnalyzer] Starting semantic analysis...
[SemanticAnalyzer] Found 0 potential unused states
[SemanticAnalyzer] Found 1 dependency issues
[SemanticAnalyzer] Found 1 coupling problems
[SemanticAnalyzer] Found 0 data flow issues
[SemanticAnalyzer] Found 1 anti-patterns

[90mstdout[2m | src/semanticAnalyzer.test.ts[2m > [22m[2mSemanticAnalyzer[2m > [22m[2mextraction suggestions[2m > [22m[2mshould suggest extracting filter logic
[22m[39m[SemanticAnalyzer] Starting semantic analysis...
[SemanticAnalyzer] Found 1 potential unused states
[SemanticAnalyzer] Found 1 dependency issues
[SemanticAnalyzer] Found 2 coupling problems
[SemanticAnalyzer] Found 1 data flow issues
[SemanticAnalyzer] Found 2 anti-patterns

[90mstdout[2m | src/semanticAnalyzer.test.ts[2m > [22m[2mSemanticAnalyzer[2m > [22m[2mextraction suggestions[2m > [22m[2mshould suggest state management extraction
[22m[39m[SemanticAnalyzer] Starting semantic analysis...
[SemanticAnalyzer] Found 1 potential unused states
[SemanticAnalyzer] Found 0 dependency issues
[SemanticAnalyzer] Found 1 coupling problems
[SemanticAnalyzer] Found 1 data flow issues
[SemanticAnalyzer] Found 1 anti-patterns

[90mstdout[2m | src/semanticAnalyzer.test.ts[2m > [22m[2mSemanticAnalyzer[2m > [22m[2mextraction suggestions[2m > [22m[2mshould return array of strings
[22m[39m[SemanticAnalyzer] Starting semantic analysis...
[SemanticAnalyzer] Found 0 potential unused states
[SemanticAnalyzer] Found 0 dependency issues
[SemanticAnalyzer] Found 0 coupling problems
[SemanticAnalyzer] Found 0 data flow issues
[SemanticAnalyzer] Found 0 anti-patterns

[90mstdout[2m | src/semanticAnalyzer.test.ts[2m > [22m[2mSemanticAnalyzer[2m > [22m[2mintegration scenarios[2m > [22m[2mshould analyze realistic user hook
[22m[39m[SemanticAnalyzer] Starting semantic analysis...
[SemanticAnalyzer] Found 0 potential unused states
[SemanticAnalyzer] Found 0 dependency issues
[SemanticAnalyzer] Found 2 coupling problems
[SemanticAnalyzer] Found 0 data flow issues
[SemanticAnalyzer] Found 0 anti-patterns

[90mstdout[2m | src/semanticAnalyzer.test.ts[2m > [22m[2mSemanticAnalyzer[2m > [22m[2mintegration scenarios[2m > [22m[2mshould analyze hook with multiple state mutations
[22m[39m[SemanticAnalyzer] Starting semantic analysis...
[SemanticAnalyzer] Found 0 potential unused states
[SemanticAnalyzer] Found 0 dependency issues
[SemanticAnalyzer] Found 1 coupling problems
[SemanticAnalyzer] Found 0 data flow issues
[SemanticAnalyzer] Found 0 anti-patterns

[90mstdout[2m | src/semanticAnalyzer.test.ts[2m > [22m[2mSemanticAnalyzer[2m > [22m[2mintegration scenarios[2m > [22m[2mshould analyze hook with complex async patterns
[22m[39m[SemanticAnalyzer] Starting semantic analysis...
[SemanticAnalyzer] Found 0 potential unused states
[SemanticAnalyzer] Found 0 dependency issues
[SemanticAnalyzer] Found 2 coupling problems
[SemanticAnalyzer] Found 0 data flow issues
[SemanticAnalyzer] Found 0 anti-patterns

[90mstdout[2m | src/semanticAnalyzer.test.ts[2m > [22m[2mSemanticAnalyzer[2m > [22m[2medge cases[2m > [22m[2mshould handle null code gracefully
[22m[39m[SemanticAnalyzer] Starting semantic analysis...
[SemanticAnalyzer] Found 0 potential unused states
[SemanticAnalyzer] Found 0 dependency issues
[SemanticAnalyzer] Found 0 coupling problems
[SemanticAnalyzer] Found 0 data flow issues
[SemanticAnalyzer] Found 0 anti-patterns

[90mstdout[2m | src/semanticAnalyzer.test.ts[2m > [22m[2mSemanticAnalyzer[2m > [22m[2medge cases[2m > [22m[2mshould handle code with no hooks
[22m[39m[SemanticAnalyzer] Starting semantic analysis...
[SemanticAnalyzer] Found 0 potential unused states
[SemanticAnalyzer] Found 0 dependency issues
[SemanticAnalyzer] Found 0 coupling problems
[SemanticAnalyzer] Found 0 data flow issues
[SemanticAnalyzer] Found 0 anti-patterns

[90mstdout[2m | src/semanticAnalyzer.test.ts[2m > [22m[2mSemanticAnalyzer[2m > [22m[2medge cases[2m > [22m[2mshould handle code with multiple useState declarations
[22m[39m[SemanticAnalyzer] Starting semantic analysis...
[SemanticAnalyzer] Found 5 potential unused states
[SemanticAnalyzer] Found 0 dependency issues
[SemanticAnalyzer] Found 0 coupling problems
[SemanticAnalyzer] Found 5 data flow issues
[SemanticAnalyzer] Found 1 anti-patterns

[90mstdout[2m | src/semanticAnalyzer.test.ts[2m > [22m[2mSemanticAnalyzer[2m > [22m[2medge cases[2m > [22m[2mshould handle code with nested effects
[22m[39m[SemanticAnalyzer] Starting semantic analysis...
[SemanticAnalyzer] Found 0 potential unused states
[SemanticAnalyzer] Found 1 dependency issues
[SemanticAnalyzer] Found 0 coupling problems
[SemanticAnalyzer] Found 0 data flow issues
[SemanticAnalyzer] Found 1 anti-patterns

[90mstdout[2m | src/semanticAnalyzer.test.ts[2m > [22m[2mSemanticAnalyzer[2m > [22m[2medge cases[2m > [22m[2mshould handle very long code
[22m[39m[SemanticAnalyzer] Starting semantic analysis...
[SemanticAnalyzer] Found 50 potential unused states
[SemanticAnalyzer] Found 0 dependency issues
[SemanticAnalyzer] Found 0 coupling problems
[SemanticAnalyzer] Found 50 data flow issues
[SemanticAnalyzer] Found 1 anti-patterns

 [32mΓ£ô[39m src/semanticAnalyzer.test.ts [2m([22m[2m52 tests[22m[2m)[22m[32m 18[2mms[22m[39m
[90mstderr[2m | src/test/coverage-edge-cases.test.ts[2m > [22m[2mEdge Cases & Error Paths[2m > [22m[2mServer Health Check[2m > [22m[2mshould handle server health check timeout
[22m[39mLLM server health check failed: Error: Timeout
    at Timeout._onTimeout (C:/Users/Danh/Desktop/llm-local-assistant/src/test/coverage-edge-cases.test.ts:208:35)
[90m    at listOnTimeout (node:internal/timers:608:17)[39m
[90m    at processTimers (node:internal/timers:543:7)[39m

 [32mΓ£ô[39m src/test/coverage-edge-cases.test.ts [2m([22m[2m16 tests[22m[2m)[22m[32m 32[2mms[22m[39m
[90mstderr[2m | src/gitClient.test.ts[2m > [22m[2mGitClient[2m > [22m[2mgetStagedDiff[2m > [22m[2mshould return Promise
[22m[39m[GitClient] getStagedDiff error: spawn C:\WINDOWS\system32\cmd.exe ENOENT cwd: /test/workspace

[90mstdout[2m | src/smartAutoCorrection.test.ts[2m > [22m[2mSmartAutoCorrection[2m > [22m[2mfixMissingImports[2m > [22m[2mshould return string when called with no errors
[22m[39m[SmartAutoCorrection] fixMissingImports called with [33m0[39m errors

[90mstdout[2m | src/architectureValidator.test.ts[2m > [22m[2mArchitectureValidator[2m > [22m[2mCross-File Contract Validation (Phase 8)[2m > [22m[2mshould validate imported symbol exists in source file
[22m[39m[ArchitectureValidator] ≡ƒôü Reading from disk: src/hooks/useUser (variants: src/hooks/useUser, src/hooks/useUser.ts, src/hooks/useUser.tsx, src/hooks/useUser.js, src/hooks/useUser.jsx)
[ArchitectureValidator] Γ¥î Not found: src/hooks/useUser
[ArchitectureValidator] Γ¥î Not found: src/hooks/useUser.ts
[ArchitectureValidator] Γ¥î Not found: src/hooks/useUser.tsx
[ArchitectureValidator] Γ¥î Not found: src/hooks/useUser.js
[ArchitectureValidator] Γ¥î Not found: src/hooks/useUser.jsx

[90mstderr[2m | src/gitClient.test.ts[2m > [22m[2mGitClient[2m > [22m[2merror handling[2m > [22m[2mgetStagedDiff should be error-prone (requires git)
[22m[39m[GitClient] getStagedDiff error: spawn C:\WINDOWS\system32\cmd.exe ENOENT cwd: /test/workspace
[GitClient] getStagedDiff error: spawn C:\WINDOWS\system32\cmd.exe ENOENT cwd: /test/workspace

[90mstdout[2m | src/smartAutoCorrection.test.ts[2m > [22m[2mSmartAutoCorrection[2m > [22m[2mfixMissingImports[2m > [22m[2mshould return string when called with errors
[22m[39m[SmartAutoCorrection] fixMissingImports called with [33m1[39m errors
[SmartAutoCorrection] Processing error: Missing import: useState is used but not imported
[SmartAutoCorrection] Regex match result: [
  [32m'Missing import: useState is used but not imported'[39m,
  [32m'useState'[39m,
  index: [33m0[39m,
  input: [32m'Missing import: useState is used but not imported'[39m,
  groups: [90mundefined[39m
]
[SmartAutoCorrection] Extracted missing name: useState
[SmartAutoCorrection.inferImportSource] Looking up: useState
[SmartAutoCorrection.inferImportSource] Found direct match for useState : react
[SmartAutoCorrection] Inferred import for useState : react
[SmartAutoCorrection.addImport] Processing: name=useState, source=react
[SmartAutoCorrection.addImport] Code length: 31, starts with: function test() { useState(); }
[SmartAutoCorrection.addImport] Import regex match: length=0
[SmartAutoCorrection.addImport] Γ£ô Added at top (no existing imports), result length: 66
[SmartAutoCorrection] Added import for useState
[90mstderr[2m | src/architectureValidator.test.ts[2m > [22m[2mArchitectureValidator[2m > [22m[2mCross-File Contract Validation (Phase 8)[2m > [22m[2mshould validate imported symbol exists in 
source file
[22m[39m[ArchitectureValidator] ΓÜá∩╕Å Workspace file not found: src/hooks/useUser


[90mstderr[2m | src/gitClient.test.ts[2m > [22m[2mGitClient[2m > [22m[2mcoverage targets[2m > [22m[2mshould call getStagedDiff method path
[22m[39m[GitClient] getStagedDiff error: spawn C:\WINDOWS\system32\cmd.exe ENOENT cwd: /test/workspace

[90mstdout[2m | src/smartAutoCorrection.test.ts[2m > [22m[2mSmartAutoCorrection[2m > [22m[2mfixMissingImports[2m > [22m[2mshould handle multiple errors
[22m[39m[SmartAutoCorrection] fixMissingImports called with [33m2[39m errors
[SmartAutoCorrection] Processing error: Missing import: useState is used but not imported
[SmartAutoCorrection] Regex match result: [
  [32m'Missing import: useState is used but not imported'[39m,
  [32m'useState'[39m,
  index: [33m0[39m,
  input: [32m'Missing import: useState is used but not imported'[39m,
  groups: [90mundefined[39m
]
[SmartAutoCorrection] Extracted missing name: useState
[SmartAutoCorrection] Processing error: Missing import: useEffect is used but not imported
[SmartAutoCorrection] Regex match result: [
  [32m'Missing import: useEffect is used but not imported'[39m,
  [32m'useEffect'[39m,
  index: [33m0[39m,
  input: [32m'Missing import: useEffect is used but not imported'[39m,
  groups: [90mundefined[39m
]
[SmartAutoCorrection] Extracted missing name: useEffect

[90mstdout[2m | src/architectureValidator.test.ts[2m > [22m[2mArchitectureValidator[2m > [22m[2mCross-File Contract Validation (Phase 8)[2m > [22m[2mshould detect missing export in imported file
[22m[39m[ArchitectureValidator] ≡ƒôü Reading from disk: src/services/api (variants: src/services/api, src/services/api.ts, src/services/api.tsx, src/services/api.js, src/services/api.jsx)
[ArchitectureValidator] Γ¥î Not found: src/services/api
[ArchitectureValidator] Γ¥î Not found: src/services/api.ts
[ArchitectureValidator] Γ¥î Not found: src/services/api.tsx
[ArchitectureValidator] Γ¥î Not found: src/services/api.js
[ArchitectureValidator] Γ¥î Not found: src/services/api.jsx

[90mstderr[2m | src/gitClient.test.ts[2m > [22m[2mGitClient[2m > [22m[2mError Handling & Edge Cases (Phase 9)[2m > [22m[2mshould handle getStagedDiff with empty staging area
[22m[39m[GitClient] getStagedDiff error: spawn C:\WINDOWS\system32\cmd.exe ENOENT cwd: /test/workspace

[90mstdout[2m | src/smartAutoCorrection.test.ts[2m > [22m[2mSmartAutoCorrection[2m > [22m[2mfixMissingImports[2m > [22m[2mshould remove unused imports
[22m[39m[SmartAutoCorrection] fixMissingImports called with [33m1[39m errors
[SmartAutoCorrection] Processing error: Unused import: 'unused'
[SmartAutoCorrection] Regex match result: [1mnull[22m

[90mstderr[2m | src/architectureValidator.test.ts[2m > [22m[2mArchitectureValidator[2m > [22m[2mCross-File Contract Validation (Phase 8)[2m > [22m[2mshould detect missing export in imported 
file
[22m[39m[ArchitectureValidator] ΓÜá∩╕Å Workspace file not found: src/services/api

[90mstderr[2m | src/gitClient.test.ts[2m > [22m[2mGitClient[2m > [22m[2mError Handling & Edge Cases (Phase 9)[2m > [22m[2mshould handle multiple sequential git operations
[22m[39m[GitClient] getStagedDiff error: spawn C:\WINDOWS\system32\cmd.exe ENOENT cwd: /test/workspace

[90mstdout[2m | src/smartAutoCorrection.test.ts[2m > [22m[2mSmartAutoCorrection[2m > [22m[2mfixMissingImports[2m > [22m[2mshould preserve code structure
[22m[39m[SmartAutoCorrection] fixMissingImports called with [33m0[39m errors

[90mstdout[2m | src/architectureValidator.test.ts[2m > [22m[2mArchitectureValidator[2m > [22m[2mCross-File Contract Validation (Phase 8)[2m > [22m[2mshould handle relative import paths
[22m[39m[ArchitectureValidator] ≡ƒôü Reading from disk: src/store/app (variants: src/store/app, src/store/app.ts, src/store/app.tsx, src/store/app.js, src/store/app.jsx)
[ArchitectureValidator] Γ¥î Not found: src/store/app
[ArchitectureValidator] Γ¥î Not found: src/store/app.ts
[ArchitectureValidator] Γ¥î Not found: src/store/app.tsx
[ArchitectureValidator] Γ¥î Not found: src/store/app.js
[ArchitectureValidator] Γ¥î Not found: src/store/app.jsx

[90mstderr[2m | src/gitClient.test.ts[2m > [22m[2mGitClient[2m > [22m[2mError Handling & Edge Cases (Phase 9)[2m > [22m[2mshould handle concurrent git operations
[22m[39m[GitClient] getStagedDiff error: spawn C:\WINDOWS\system32\cmd.exe ENOENT cwd: /test/workspace

[90mstdout[2m | src/smartAutoCorrection.test.ts[2m > [22m[2mSmartAutoCorrection[2m > [22m[2mfixMissingImports[2m > [22m[2mshould handle empty error array
[22m[39m[SmartAutoCorrection] fixMissingImports called with [33m0[39m errors

[90mstderr[2m | src/architectureValidator.test.ts[2m > [22m[2mArchitectureValidator[2m > [22m[2mCross-File Contract Validation (Phase 8)[2m > [22m[2mshould handle relative import paths
[22m[39m[ArchitectureValidator] ΓÜá∩╕Å Workspace file not found: src/store/app

[90mstderr[2m | src/gitClient.test.ts[2m > [22m[2mGitClient[2m > [22m[2mError Handling & Edge Cases (Phase 9)[2m > [22m[2mshould preserve git diff interface structure
[22m[39m[GitClient] getStagedDiff error: spawn C:\WINDOWS\system32\cmd.exe ENOENT cwd: /test/workspace

[90mstdout[2m | src/smartAutoCorrection.test.ts[2m > [22m[2mSmartAutoCorrection[2m > [22m[2mfixMissingImports[2m > [22m[2mshould handle malformed error messages
[22m[39m[SmartAutoCorrection] fixMissingImports called with [33m1[39m errors
[SmartAutoCorrection] Processing error: Some random error message that doesnt match patterns
[SmartAutoCorrection] Regex match result: [1mnull[22m

[90mstderr[2m | src/gitClient.test.ts[2m > [22m[2mGitClient[2m > [22m[2mError Handling & Edge Cases (Phase 9)[2m > [22m[2mshould limit diff output to 5000 characters
[22m[39m[GitClient] getStagedDiff error: spawn C:\WINDOWS\system32\cmd.exe ENOENT cwd: /test/workspace

[90mstdout[2m | src/smartAutoCorrection.test.ts[2m > [22m[2mSmartAutoCorrection[2m > [22m[2mintegration scenarios[2m > [22m[2mshould handle React Hook pattern
[22m[39m[SmartAutoCorrection] fixMissingImports called with [33m1[39m errors
[SmartAutoCorrection] Processing error: Missing import: useState is used but not imported
[SmartAutoCorrection] Regex match result: [
  [32m'Missing import: useState is used but not imported'[39m,
  [32m'useState'[39m,
  index: [33m0[39m,
  input: [32m'Missing import: useState is used but not imported'[39m,
  groups: [90mundefined[39m
]
[SmartAutoCorrection] Extracted missing name: useState
[SmartAutoCorrection.inferImportSource] Looking up: useState
[SmartAutoCorrection.inferImportSource] Found direct match for useState : react
[SmartAutoCorrection] Inferred import for useState : react
[SmartAutoCorrection.addImport] Processing: name=useState, source=react
[SmartAutoCorrection.addImport] Code length: 63, starts with: function Component() { const [state, setState] = useState(0); }
[SmartAutoCorrection.addImport] Import regex match: length=0
[SmartAutoCorrection.addImport] Γ£ô Added at top (no existing imports), result length: 98
[SmartAutoCorrection] Added import for useState

[90mstdout[2m | src/smartAutoCorrection.test.ts[2m > [22m[2mSmartAutoCorrection[2m > [22m[2mintegration scenarios[2m > [22m[2mshould handle React Router pattern
[22m[39m[SmartAutoCorrection] fixMissingImports called with [33m1[39m errors
[SmartAutoCorrection] Processing error: Missing import: useNavigate is used but not imported
[SmartAutoCorrection] Regex match result: [
  [32m'Missing import: useNavigate is used but not imported'[39m,
  [32m'useNavigate'[39m,
  index: [33m0[39m,
  input: [32m'Missing import: useNavigate is used but not imported'[39m,
  groups: [90mundefined[39m
]
[SmartAutoCorrection] Extracted missing name: useNavigate
[SmartAutoCorrection.inferImportSource] Looking up: useNavigate
[SmartAutoCorrection.inferImportSource] Found direct match for useNavigate : react-router-dom
[SmartAutoCorrection] Inferred import for useNavigate : react-router-dom
[SmartAutoCorrection.addImport] Processing: name=useNavigate, source=react-router-dom
[SmartAutoCorrection.addImport] Code length: 51, starts with: function Home() { const navigate = useNavigate(); }
[SmartAutoCorrection.addImport] Import regex match: length=0
[SmartAutoCorrection.addImport] Γ£ô Added at top (no existing imports), result length: 100
[SmartAutoCorrection] Added import for useNavigate

[90mstdout[2m | src/smartAutoCorrection.test.ts[2m > [22m[2mSmartAutoCorrection[2m > [22m[2mintegration scenarios[2m > [22m[2mshould chain fixes: circular + missing imports
[22m[39m[SmartAutoCorrection] fixMissingImports called with [33m1[39m errors
[SmartAutoCorrection] Processing error: Missing import: useState is used but not imported
[SmartAutoCorrection] Regex match result: [
  [32m'Missing import: useState is used but not imported'[39m,
  [32m'useState'[39m,
  index: [33m0[39m,
  input: [32m'Missing import: useState is used but not imported'[39m,
  groups: [90mundefined[39m
]
[SmartAutoCorrection] Extracted missing name: useState
[SmartAutoCorrection.inferImportSource] Looking up: useState
[SmartAutoCorrection.inferImportSource] Found direct match for useState : react
[SmartAutoCorrection] Inferred import for useState : react
[SmartAutoCorrection.addImport] Processing: name=useState, source=react
[SmartAutoCorrection.addImport] Code length: 31, starts with: function test() { useState(); }
[SmartAutoCorrection.addImport] Import regex match: length=0
[SmartAutoCorrection.addImport] Γ£ô Added at top (no existing imports), result length: 66
[SmartAutoCorrection] Added import for useState

 [32mΓ£ô[39m src/architectureValidator.test.ts [2m([22m[2m102 tests[22m[2m)[22m[32m 12[2mms[22m[39m
[90mstdout[2m | src/smartAutoCorrection.test.ts[2m > [22m[2mSmartAutoCorrection[2m > [22m[2mintegration scenarios[2m > [22m[2mshould handle complex code with multiple issues
[22m[39m[SmartAutoCorrection] fixMissingImports called with [33m2[39m errors
[SmartAutoCorrection] Processing error: Unused import: 'UnusedLib'
[SmartAutoCorrection] Regex match result: [1mnull[22m
[SmartAutoCorrection] Processing error: Missing import: useState is used but not imported
[SmartAutoCorrection] Regex match result: [
  [32m'Missing import: useState is used but not imported'[39m,
  [32m'useState'[39m,
  index: [33m0[39m,
  input: [32m'Missing import: useState is used but not imported'[39m,
  groups: [90mundefined[39m
]
[SmartAutoCorrection] Extracted missing name: useState
[SmartAutoCorrection.inferImportSource] Looking up: useState
[SmartAutoCorrection.inferImportSource] Found direct match for useState : react
[SmartAutoCorrection] Inferred import for useState : react
[SmartAutoCorrection.addImport] Processing: name=useState, source=react
[SmartAutoCorrection.addImport] Code length: 177, starts with: 
        import { UnusedLib } from 'unused';
        import { User } from './userService';
        e
[SmartAutoCorrection.addImport] Import regex match: length=0
[SmartAutoCorrection.addImport] Γ£ô Added at top (no existing imports), result length: 212
[SmartAutoCorrection] Added import for useState

 [32mΓ£ô[39m src/gitClient.test.ts [2m([22m[2m64 tests[22m[2m)[22m[32m 37[2mms[22m[39m
[90mstdout[2m | src/smartAutoCorrection.test.ts[2m > [22m[2mSmartAutoCorrection[2m > [22m[2medge cases[2m > [22m[2mshould handle import statements with various quote styles
[22m[39m[SmartAutoCorrection] fixMissingImports called with [33m0[39m errors

[90mstdout[2m | src/smartAutoCorrection.test.ts[2m > [22m[2mSmartAutoCorrection[2m > [22m[2medge cases[2m > [22m[2mshould handle multiline imports
[22m[39m[SmartAutoCorrection] fixMissingImports called with [33m0[39m errors

[90mstdout[2m | src/smartAutoCorrection.test.ts[2m > [22m[2mSmartAutoCorrection[2m > [22m[2mPhase 14 - Smart Auto-Correction High-Impact Tests[2m > [22m[2mfixMissingImports - Core Auto-Fix Logic (ROI 9/10)[2m > [22m[2mshould process useState error without breaking code
[22m[39m[SmartAutoCorrection] fixMissingImports called with [33m1[39m errors
[SmartAutoCorrection] Processing error: Cannot find name 'useState'
[SmartAutoCorrection] Regex match result: [1mnull[22m

[90mstdout[2m | src/smartAutoCorrection.test.ts[2m > [22m[2mSmartAutoCorrection[2m > [22m[2mPhase 14 - Smart Auto-Correction High-Impact Tests[2m > [22m[2mfixMissingImports - Core Auto-Fix Logic (ROI 9/10)[2m > [22m[2mshould handle React Router import errors
[22m[39m[SmartAutoCorrection] fixMissingImports called with [33m1[39m errors
[SmartAutoCorrection] Processing error: Cannot find name 'useNavigate'
[SmartAutoCorrection] Regex match result: [1mnull[22m

[90mstdout[2m | src/smartAutoCorrection.test.ts[2m > [22m[2mSmartAutoCorrection[2m > [22m[2mPhase 14 - Smart Auto-Correction High-Impact Tests[2m > [22m[2mfixMissingImports - Core Auto-Fix Logic (ROI 9/10)[2m > [22m[2mshould handle multiple missing imports
[22m[39m[SmartAutoCorrection] fixMissingImports called with [33m2[39m errors
[SmartAutoCorrection] Processing error: Cannot find name 'useState'
[SmartAutoCorrection] Regex match result: [1mnull[22m
[SmartAutoCorrection] Processing error: Cannot find name 'useNavigate'
[SmartAutoCorrection] Regex match result: [1mnull[22m

[90mstdout[2m | src/smartAutoCorrection.test.ts[2m > [22m[2mSmartAutoCorrection[2m > [22m[2mPhase 14 - Smart Auto-Correction High-Impact Tests[2m > [22m[2mfixMissingImports - Core Auto-Fix Logic (ROI 9/10)[2m > [22m[2mshould preserve code when no errors
[22m[39m[SmartAutoCorrection] fixMissingImports called with [33m0[39m errors

[90mstdout[2m | src/smartAutoCorrection.test.ts[2m > [22m[2mSmartAutoCorrection[2m > [22m[2mPhase 14 - Smart Auto-Correction High-Impact Tests[2m > [22m[2mfixMissingImports - Core Auto-Fix Logic (ROI 9/10)[2m > [22m[2mshould process code with existing imports
[22m[39m[SmartAutoCorrection] fixMissingImports called with [33m1[39m errors
[SmartAutoCorrection] Processing error: Cannot find name 'useEffect'
[SmartAutoCorrection] Regex match result: [1mnull[22m

[90mstdout[2m | src/smartAutoCorrection.test.ts[2m > [22m[2mSmartAutoCorrection[2m > [22m[2mPhase 14 - Smart Auto-Correction High-Impact Tests[2m > [22m[2mfixMissingImports - Core Auto-Fix Logic (ROI 9/10)[2m > [22m[2mshould process component reference errors
[22m[39m[SmartAutoCorrection] fixMissingImports called with [33m1[39m errors
[SmartAutoCorrection] Processing error: Cannot find name 'Button'
[SmartAutoCorrection] Regex match result: [1mnull[22m

[90mstdout[2m | src/smartAutoCorrection.test.ts[2m > [22m[2mSmartAutoCorrection[2m > [22m[2mPhase 14 - Smart Auto-Correction High-Impact Tests[2m > [22m[2mfixMissingImports - Core Auto-Fix Logic (ROI 9/10)[2m > [22m[2mshould preserve code structure
[22m[39m[SmartAutoCorrection] fixMissingImports called with [33m0[39m errors

[90mstdout[2m | src/smartAutoCorrection.test.ts[2m > [22m[2mSmartAutoCorrection[2m > [22m[2mPhase 14 - Smart Auto-Correction High-Impact Tests[2m > [22m[2mfixMissingImports - Core Auto-Fix Logic (ROI 9/10)[2m > [22m[2mshould handle TypeScript typing errors
[22m[39m[SmartAutoCorrection] fixMissingImports called with [33m1[39m errors
[SmartAutoCorrection] Processing error: Cannot find name 'FormEventHandler'
[SmartAutoCorrection] Regex match result: [1mnull[22m

[90mstdout[2m | src/smartAutoCorrection.test.ts[2m > [22m[2mSmartAutoCorrection[2m > [22m[2mPhase 14 - Smart Auto-Correction High-Impact Tests[2m > [22m[2mfixMissingImports - Core Auto-Fix Logic (ROI 9/10)[2m > [22m[2mshould process resolver import errors
[22m[39m[SmartAutoCorrection] fixMissingImports called with [33m1[39m errors
[SmartAutoCorrection] Processing error: Cannot find name 'zodResolver'
[SmartAutoCorrection] Regex match result: [1mnull[22m

[90mstdout[2m | src/smartAutoCorrection.test.ts[2m > [22m[2mSmartAutoCorrection[2m > [22m[2mPhase 14 - Smart Auto-Correction High-Impact Tests[2m > [22m[2mfixMissingImports - Core Auto-Fix Logic (ROI 9/10)[2m > [22m[2mshould handle large code blocks
[22m[39m[SmartAutoCorrection] fixMissingImports called with [33m0[39m errors

[90mstdout[2m | src/smartAutoCorrection.test.ts[2m > [22m[2mSmartAutoCorrection[2m > [22m[2mPhase 14 - Smart Auto-Correction High-Impact Tests[2m > [22m[2minferImportSource - Pattern Matching (ROI 8.8/10)[2m > [22m[2mshould process useState errors
[22m[39m[SmartAutoCorrection] fixMissingImports called with [33m1[39m errors
[SmartAutoCorrection] Processing error: Cannot find name 'useState'
[SmartAutoCorrection] Regex match result: [1mnull[22m

[90mstdout[2m | src/smartAutoCorrection.test.ts[2m > [22m[2mSmartAutoCorrection[2m > [22m[2mPhase 14 - Smart Auto-Correction High-Impact Tests[2m > [22m[2minferImportSource - Pattern Matching (ROI 8.8/10)[2m > [22m[2mshould process custom hooks
[22m[39m[SmartAutoCorrection] fixMissingImports called with [33m1[39m errors
[SmartAutoCorrection] Processing error: Cannot find name 'useCustomStore'
[SmartAutoCorrection] Regex match result: [1mnull[22m

[90mstdout[2m | src/smartAutoCorrection.test.ts[2m > [22m[2mSmartAutoCorrection[2m > [22m[2mPhase 14 - Smart Auto-Correction High-Impact Tests[2m > [22m[2minferImportSource - Pattern Matching (ROI 8.8/10)[2m > [22m[2mshould process useNavigate errors
[22m[39m[SmartAutoCorrection] fixMissingImports called with [33m1[39m errors
[SmartAutoCorrection] Processing error: Cannot find name 'useNavigate'
[SmartAutoCorrection] Regex match result: [1mnull[22m

[90mstdout[2m | src/smartAutoCorrection.test.ts[2m > [22m[2mSmartAutoCorrection[2m > [22m[2mPhase 14 - Smart Auto-Correction High-Impact Tests[2m > [22m[2minferImportSource - Pattern Matching (ROI 8.8/10)[2m > [22m[2mshould process Zod schema errors
[22m[39m[SmartAutoCorrection] fixMissingImports called with [33m1[39m errors
[SmartAutoCorrection] Processing error: Cannot find name 'z'
[SmartAutoCorrection] Regex match result: [1mnull[22m

[90mstdout[2m | src/smartAutoCorrection.test.ts[2m > [22m[2mSmartAutoCorrection[2m > [22m[2mPhase 14 - Smart Auto-Correction High-Impact Tests[2m > [22m[2minferImportSource - Pattern Matching (ROI 8.8/10)[2m > [22m[2mshould process Query errors
[22m[39m[SmartAutoCorrection] fixMissingImports called with [33m1[39m errors
[SmartAutoCorrection] Processing error: Cannot find name 'useQuery'
[SmartAutoCorrection] Regex match result: [1mnull[22m

[90mstdout[2m | src/smartAutoCorrection.test.ts[2m > [22m[2mSmartAutoCorrection[2m > [22m[2mPhase 14 - Smart Auto-Correction High-Impact Tests[2m > [22m[2minferImportSource - Pattern Matching (ROI 8.8/10)[2m > [22m[2mshould not modify console.log code
[22m[39m[SmartAutoCorrection] fixMissingImports called with [33m0[39m errors

[90mstdout[2m | src/smartAutoCorrection.test.ts[2m > [22m[2mSmartAutoCorrection[2m > [22m[2mPhase 14 - Smart Auto-Correction High-Impact Tests[2m > [22m[2minferImportSource - Pattern Matching (ROI 8.8/10)[2m > [22m[2mshould process interface type errors
[22m[39m[SmartAutoCorrection] fixMissingImports called with [33m0[39m errors

[90mstdout[2m | src/smartAutoCorrection.test.ts[2m > [22m[2mSmartAutoCorrection[2m > [22m[2mPhase 14 - Smart Auto-Correction High-Impact Tests[2m > [22m[2minferImportSource - Pattern Matching (ROI 8.8/10)[2m > [22m[2mshould process React namespace errors
[22m[39m[SmartAutoCorrection] fixMissingImports called with [33m0[39m errors

[90mstdout[2m | src/smartAutoCorrection.test.ts[2m > [22m[2mSmartAutoCorrection[2m > [22m[2mPhase 14 - Smart Auto-Correction High-Impact Tests[2m > [22m[2minferImportSource - Pattern Matching (ROI 8.8/10)[2m > [22m[2mshould process Zustand hook patterns
[22m[39m[SmartAutoCorrection] fixMissingImports called with [33m0[39m errors

[90mstdout[2m | src/smartAutoCorrection.test.ts[2m > [22m[2mSmartAutoCorrection[2m > [22m[2mPhase 14 - Smart Auto-Correction High-Impact Tests[2m > [22m[2minferImportSource - Pattern Matching (ROI 8.8/10)[2m > [22m[2mshould process Form hook patterns
[22m[39m[SmartAutoCorrection] fixMissingImports called with [33m0[39m errors

[90mstdout[2m | src/smartAutoCorrection.test.ts[2m > [22m[2mSmartAutoCorrection[2m > [22m[2mPhase 14 - Smart Auto-Correction High-Impact Tests[2m > [22m[2mError Handling & Edge Cases[2m > [22m[2mshould handle empty error array gracefully
[22m[39m[SmartAutoCorrection] fixMissingImports called with [33m0[39m errors

[90mstdout[2m | src/smartAutoCorrection.test.ts[2m > [22m[2mSmartAutoCorrection[2m > [22m[2mPhase 14 - Smart Auto-Correction High-Impact Tests[2m > [22m[2mError Handling & Edge Cases[2m > [22m[2mshould handle malformed error messages
[22m[39m[SmartAutoCorrection] fixMissingImports called with [33m1[39m errors
[SmartAutoCorrection] Processing error: Some random error text
[SmartAutoCorrection] Regex match result: [1mnull[22m

[90mstdout[2m | src/smartAutoCorrection.test.ts[2m > [22m[2mSmartAutoCorrection[2m > [22m[2mPhase 14 - Smart Auto-Correction High-Impact Tests[2m > [22m[2mError Handling & Edge Cases[2m > [22m[2mshould preserve comments in code
[22m[39m[SmartAutoCorrection] fixMissingImports called with [33m1[39m errors
[SmartAutoCorrection] Processing error: Cannot find name 'useState'
[SmartAutoCorrection] Regex match result: [1mnull[22m

[90mstdout[2m | src/smartAutoCorrection.test.ts[2m > [22m[2mSmartAutoCorrection[2m > [22m[2mPhase 14 - Smart Auto-Correction High-Impact Tests[2m > [22m[2mError Handling & Edge Cases[2m > [22m[2mshould handle code with string literals containing imports
[22m[39m[SmartAutoCorrection] fixMissingImports called with [33m0[39m errors

[90mstdout[2m | src/smartAutoCorrection.test.ts[2m > [22m[2mSmartAutoCorrection[2m > [22m[2mPhase 14 - Smart Auto-Correction High-Impact Tests[2m > [22m[2mError Handling & Edge Cases[2m > [22m[2mshould not break on complex TypeScript generics
[22m[39m[SmartAutoCorrection] fixMissingImports called with [33m0[39m errors

[90mstdout[2m | src/planner-coverage-focus.test.ts[2m > [22m[2mPlanner - Coverage Focus[2m > [22m[2mStep Parsing - Simple Cases[2m > [22m[2m1. should parse single read step
[22m[39m[Planner] Raw LLM Response:  [{"step": 1, "action": "read", "path": "src/App.tsx", "description": "Read app"}]
[Planner] Response length: [33m81[39m
[Planner] Steps sorted topologically: step_1
[Planner] Pre-flight validation complete. Executor will handle content validation.

 [32mΓ£ô[39m src/smartAutoCorrection.test.ts [2m([22m[2m92 tests[22m[2m)[22m[32m 16[2mms[22m[39m
[90mstdout[2m | src/planner.test.ts[2m > [22m[2mPlanner[2m > [22m[2mgeneratePlan[2m > [22m[2mshould generate a plan with steps from user request
[22m[39m[Planner] Raw LLM Response:  [
  {
    "step": 1,
    "action": "read",
    "description": "Read existing code",
    "path": "src/App.tsx",
    "expectedOutcome": "Understand structure"
  },
  {
    "step": 2,
    "action": "write",
    "description": "Write new code",
    "path": "src/components/LoginForm.tsx",
    "expectedOutcome": "Feature implemented"
  }
]
[Planner] Response length: [33m335[39m
[Planner] Steps sorted topologically: step_1 ΓåÆ step_2
[Planner] Pre-flight validation complete. Executor will handle content validation.

[90mstdout[2m | src/planner-coverage-focus.test.ts[2m > [22m[2mPlanner - Coverage Focus[2m > [22m[2mStep Parsing - Simple Cases[2m > [22m[2m2. should parse single write step
[22m[39m[Planner] Raw LLM Response:  [{"step": 1, "action": "write", "path": "src/New.tsx", "description": "Create new"}]
[Planner] Response length: [33m84[39m
[Planner] Steps sorted topologically: step_1
[Planner] Pre-flight validation complete. Executor will handle content validation.

[90mstdout[2m | src/planner.test.ts[2m > [22m[2mPlanner[2m > [22m[2mgeneratePlan[2m > [22m[2mshould throw if no steps extracted from response
[22m[39m[Planner] Raw LLM Response:  Just random text with no JSON array
[Planner] Response length: [33m35[39m

[90mstdout[2m | src/utils/workspaceDetector.test.ts[2m > [22m[2mWorkspaceDetector[2m > [22m[2mSingle Workspace Detection[2m > [22m[2mshould not detect low-confidence folders
[22m[39m[WorkspaceDetector] Scanning from: C:\Users\Danh\AppData\Local\Temp\workspace-detector-u3CvBb
[WorkspaceDetector] Start path was: C:\Users\Danh\AppData\Local\Temp\workspace-detector-u3CvBb
[WorkspaceDetector] Found entries: [ [32m'empty-folder'[39m ]
[WorkspaceDetector] Final result: 0 workspaces []

[90mstdout[2m | src/planner-coverage-focus.test.ts[2m > [22m[2mPlanner - Coverage Focus[2m > [22m[2mStep Parsing - Simple Cases[2m > [22m[2m3. should parse single run step
[22m[39m[Planner] Raw LLM Response:  [{"step": 1, "action": "run", "command": "npm test", "description": "Run tests"}]
[Planner] Response length: [33m81[39m
[Planner] Steps sorted topologically: step_1
[Planner] Pre-flight validation complete. Executor will handle content validation.

[90mstdout[2m | src/planner.test.ts[2m > [22m[2mPlanner[2m > [22m[2mgeneratePlan[2m > [22m[2mshould extract steps with action types
[22m[39m[Planner] Raw LLM Response:  [
  {"step": 1, "action": "read", "description": "Read code", "path": "src/App.tsx", "expectedOutcome": "Code read"},
  {"step": 2, "action": "write", "description": "Write code", "path": "src/New.tsx", "expectedOutcome": "Code written"},
  {"step": 3, "action": "run", "description": "Run tests", "command": "npm test", "expectedOutcome": "Tests pass"}
]
[Planner] Response length: [33m355[39m
[Planner] Steps sorted topologically: step_1 ΓåÆ step_2 ΓåÆ step_3
[Planner] Pre-flight validation complete. Executor will handle content validation.

[90mstdout[2m | src/planner-coverage-focus.test.ts[2m > [22m[2mPlanner - Coverage Focus[2m > [22m[2mStep Parsing - Simple Cases[2m > [22m[2m4. should parse single delete step
[22m[39m[Planner] Raw LLM Response:  [{"step": 1, "action": "delete", "path": "src/old.ts", "description": "Delete"}]
[Planner] Response length: [33m80[39m
[Planner] Steps sorted topologically: step_1
[Planner] Pre-flight validation complete. Executor will handle content validation.

[90mstdout[2m | src/planner.test.ts[2m > [22m[2mPlanner[2m > [22m[2mgeneratePlan[2m > [22m[2mshould have executor-compatible step structure
[22m[39m[Planner] Raw LLM Response:  [
  {
    "step": 1,
    "action": "read",
    "description": "Analyze requirements",
    "path": "README.md",
    "expectedOutcome": "Requirements clear"
  },
  {
    "step": 2,
    "action": "read",
    "description": "Read existing code",
    "path": "src/App.tsx",
    "expectedOutcome": "Code understood"
  }
]
[Planner] Response length: [33m315[39m
[Planner] Steps sorted topologically: step_1 ΓåÆ step_2
[Planner] Pre-flight validation complete. Executor will handle content validation.

[90mstdout[2m | src/planner-coverage-focus.test.ts[2m > [22m[2mPlanner - Coverage Focus[2m > [22m[2mStep Parsing - Simple Cases[2m > [22m[2m5. should parse manual step
[22m[39m[Planner] Raw LLM Response:  [{"step": 1, "action": "manual", "description": "Manually verify in browser"}]
[Planner] Response length: [33m78[39m
[Planner] Steps sorted topologically: step_1
[Planner] Pre-flight validation complete. Executor will handle content validation.

[90mstdout[2m | src/planner.test.ts[2m > [22m[2mPlanner[2m > [22m[2mStep Parsing (Phase 7)[2m > [22m[2mshould parse read steps with path
[22m[39m[Planner] Raw LLM Response:  [
  {
    "step": 1,
    "action": "read",
    "description": "Read component",
    "path": "src/components/Button.tsx",
    "expectedOutcome": "Code analyzed"
  }
]
[Planner] Response length: [33m165[39m
[Planner] Steps sorted topologically: step_1
[Planner] Pre-flight validation complete. Executor will handle content validation.

[90mstderr[2m | src/planner-coverage-focus.test.ts[2m > [22m[2mPlanner - Coverage Focus[2m > [22m[2mStep Parsing - Simple Cases[2m > [22m[2m5. should parse manual step
[22m[39mWarning: Invalid action "manual", defaulting to "read"

[90mstdout[2m | src/planner.test.ts[2m > [22m[2mPlanner[2m > [22m[2mStep Parsing (Phase 7)[2m > [22m[2mshould parse write steps with path
[22m[39m[Planner] Raw LLM Response:  [
  {
    "step": 1,
    "action": "write",
    "description": "Create new component",
    "path": "src/components/Form.tsx",
    "prompt": "Create a form component",
    "expectedOutcome": "Component created"
  }
]
[Planner] Response length: [33m215[39m
[Planner] Steps sorted topologically: step_1
[Planner] Pre-flight validation complete. Executor will handle content validation.

[90mstdout[2m | src/planner-coverage-focus.test.ts[2m > [22m[2mPlanner - Coverage Focus[2m > [22m[2mStep Parsing - Multi-Step Cases[2m > [22m[2m6. should parse two-step plan
[22m[39m[Planner] Raw LLM Response:  [
        {"step": 1, "action": "read", "path": "src/App.tsx", "description": "Read app"},
        {"step": 2, "action": "write", "path": "src/components/Form.tsx", "description": "Create form"}
      ]
[Planner] Response length: [33m202[39m
[Planner] Steps sorted topologically: step_1 ΓåÆ step_2
[Planner] Pre-flight validation complete. Executor will handle content validation.

[90mstdout[2m | src/planner.test.ts[2m > [22m[2mPlanner[2m > [22m[2mStep Parsing (Phase 7)[2m > [22m[2mshould parse run steps with command
[22m[39m[Planner] Raw LLM Response:  [
  {
    "step": 1,
    "action": "run",
    "description": "Run tests",
    "command": "npm test",
    "expectedOutcome": "Tests pass"
  }
]
[Planner] Response length: [33m142[39m
[Planner] Steps sorted topologically: step_1
[Planner] Pre-flight validation complete. Executor will handle content validation.

[90mstdout[2m | src/planner-coverage-focus.test.ts[2m > [22m[2mPlanner - Coverage Focus[2m > [22m[2mStep Parsing - Multi-Step Cases[2m > [22m[2m7. should parse three-step plan
[22m[39m[Planner] Raw LLM Response:  [
        {"step": 1, "action": "read", "path": "src/App.tsx", "description": "Read"},
        {"step": 2, "action": "write", "path": "src/components/New.tsx", "description": "Write"},
        {"step": 3, "action": "run", "command": "npm test", "description": "Test"}
      ]
[Planner] Response length: [33m275[39m
[Planner] Steps sorted topologically: step_1 ΓåÆ step_2 ΓåÆ step_3
[Planner] Pre-flight validation complete. Executor will handle content validation.

[90mstdout[2m | src/planner.test.ts[2m > [22m[2mPlanner[2m > [22m[2mStep Parsing (Phase 7)[2m > [22m[2mshould extract dependencies from steps
[22m[39m[Planner] Raw LLM Response:  [
  {
    "step": 1,
    "action": "read",
    "description": "Read",
    "path": "src/types.ts",
    "expectedOutcome": "Types read"
  },
  {
    "step": 2,
    "action": "write",
    "description": "Write component using types from step 1",
    "path": "src/Component.tsx",
    "expectedOutcome": "Component written",
    "dependsOn": [1]
  }
]
[Planner] Response length: [33m346[39m
[Planner] Steps sorted topologically: step_1 ΓåÆ step_2
[Planner] Pre-flight validation complete. Executor will handle content validation.

[90mstdout[2m | src/planner-coverage-focus.test.ts[2m > [22m[2mPlanner - Coverage Focus[2m > [22m[2mStep Parsing - Multi-Step Cases[2m > [22m[2m8. should parse plan with five steps
[22m[39m[Planner] Raw LLM Response:  [
        {"step": 1, "action": "read", "path": "a.tsx", "description": "Step 1"},
        {"step": 2, "action": "write", "path": "b.tsx", "description": "Step 2"},
        {"step": 3, "action": "read", "path": "c.tsx", "description": "Step 3"},
        {"step": 4, "action": "write", "path": "d.tsx", "description": "Step 4"},
        {"step": 5, "action": "run", "command": "npm test", "description": "Step 5"}
      ]
[Planner] Response length: [33m420[39m
[Planner] Steps sorted topologically: step_1 ΓåÆ step_2 ΓåÆ step_3 ΓåÆ step_4 ΓåÆ step_5
[Planner] Pre-flight validation complete. Executor will handle content validation.

[90mstdout[2m | src/planner.test.ts[2m > [22m[2mPlanner[2m > [22m[2mStep Parsing (Phase 7)[2m > [22m[2mshould handle multi-line descriptions
[22m[39m[Planner] Raw LLM Response:  [
  {
    "step": 1,
    "action": "read",
    "description": "Read the configuration file\nto understand project setup",
    "path": "tsconfig.json",
    "expectedOutcome": "Config understood"
  }
]
[Planner] Response length: [33m199[39m
[Planner] Steps sorted topologically: step_1
[Planner] Pre-flight validation complete. Executor will handle content validation.

[90mstdout[2m | src/planner-coverage-focus.test.ts[2m > [22m[2mPlanner - Coverage Focus[2m > [22m[2mStep Parsing - Multi-Step Cases[2m > [22m[2m9. should parse plan with many steps
[22m[39m[Planner] Raw LLM Response:  [{"step":1,"action":"read","path":"file0.tsx","description":"Step 1"},{"step":2,"action":"write","path":"file1.tsx","description":"Step 2"},{"step":3,"action":"read","path":"file2.tsx","description":"Step 3"},{"step":4,"action":"write","path":"file3.tsx","description":"Step 4"},{"step":5,"action":"read","path":"file4.tsx","description":"Step 5"},{"step":6,"action":"write","path":"file5.tsx","description":"Step 6"},{"step":7,"action":"read","path":"file6.tsx","description":"Step 7"},{"step":8,"action":"write","path":"file7.tsx","description":"Step 8"},{"step":9,"action":"read","path":"file8.tsx","description":"Step 9"},{"step":10,"action":"write","path":"file9.tsx","description":"Step 10"}]
[Planner] Response length: [33m698[39m
[Planner] Steps sorted topologically: step_1 ΓåÆ step_2 ΓåÆ step_3 ΓåÆ step_4 ΓåÆ step_5 ΓåÆ step_6 ΓåÆ step_7 ΓåÆ step_8 ΓåÆ step_9 ΓåÆ step_10
[Planner] Pre-flight validation complete. Executor will handle content validation.

[90mstdout[2m | src/planner.test.ts[2m > [22m[2mPlanner[2m > [22m[2mStep Parsing (Phase 7)[2m > [22m[2mshould extract expected outcomes
[22m[39m[Planner] Raw LLM Response:  [
  {
    "step": 1,
    "action": "write",
    "description": "Write API handler",
    "path": "src/api/handler.ts",
    "expectedOutcome": "API endpoint ready for testing",
    "prompt": "Create API"
  }
]
[Planner] Response length: [33m207[39m
[Planner] Steps sorted topologically: step_1
[Planner] Pre-flight validation complete. Executor will handle content validation.

[90mstdout[2m | src/planner-coverage-focus.test.ts[2m > [22m[2mPlanner - Coverage Focus[2m > [22m[2mDependencies - Extraction[2m > [22m[2m10. should extract step dependencies
[22m[39m[Planner] Raw LLM Response:  [
        {"step": 1, "action": "read", "path": "a.tsx", "description": "First"},
        {"step": 2, "action": "write", "path": "b.tsx", "description": "Second", "dependsOn": [1]}
      ]
[Planner] Response length: [33m188[39m
[Planner] Steps sorted topologically: step_1 ΓåÆ step_2
[Planner] Pre-flight validation complete. Executor will handle content validation.

[90mstdout[2m | src/planner.test.ts[2m > [22m[2mPlanner[2m > [22m[2mStep Parsing (Phase 7)[2m > [22m[2mshould handle steps with multiple action types
[22m[39m[Planner] Raw LLM Response:  [
  {"step": 1, "action": "read", "description": "Read", "path": "src/old.ts", "expectedOutcome": "Read"},
  {"step": 2, "action": "write", "description": "Write", "path": "src/new.ts", "expectedOutcome": "Write", "prompt": "Create"},
  {"step": 3, "action": "run", "description": "Test", "command": "npm test", "expectedOutcome": "Tests pass"},
  {"step": 4, "action": "delete", "description": "Clean", "path": "src/old.ts", "expectedOutcome": "Cleaned"}
]
[Planner] Response length: [33m457[39m
[Planner] Steps sorted topologically: step_1 ΓåÆ step_2 ΓåÆ step_3 ΓåÆ step_4
[Planner] Pre-flight validation complete. Executor will handle content validation.

[90mstdout[2m | src/planner-coverage-focus.test.ts[2m > [22m[2mPlanner - Coverage Focus[2m > [22m[2mDependencies - Extraction[2m > [22m[2m11. should handle linear dependency chain
[22m[39m[Planner] Raw LLM Response:  [
        {"step": 1, "action": "read", "path": "a.tsx", "description": "A"},
        {"step": 2, "action": "write", "path": "b.tsx", "description": "B", "dependsOn": [1]},
        {"step": 3, "action": "write", "path": "c.tsx", "description": "C", "dependsOn": [2]},
        {"step": 4, "action": "run", "command": "npm test", "description": "D", "dependsOn": [3]}
      ]
[Planner] Response length: [33m373[39m
[Planner] Steps sorted topologically: step_1 ΓåÆ step_2 ΓåÆ step_3 ΓåÆ step_4
[Planner] Pre-flight validation complete. Executor will handle content validation.

[90mstdout[2m | src/planner.test.ts[2m > [22m[2mPlanner[2m > [22m[2mStep Parsing (Phase 7)[2m > [22m[2mshould assign sequential step IDs
[22m[39m[Planner] Raw LLM Response:  [
  {"step": 1, "action": "read", "description": "Step 1", "path": "a.ts", "expectedOutcome": "Done"},
  {"step": 2, "action": "read", "description": "Step 2", "path": "b.ts", "expectedOutcome": "Done"},
  {"step": 3, "action": "read", "description": "Step 3", "path": "c.ts", "expectedOutcome": "Done"}
]
[Planner] Response length: [33m305[39m
[Planner] Steps sorted topologically: step_1 ΓåÆ step_2 ΓåÆ step_3
[Planner] Pre-flight validation complete. Executor will handle content validation.

[90mstdout[2m | src/planner-coverage-focus.test.ts[2m > [22m[2mPlanner - Coverage Focus[2m > [22m[2mDependencies - Extraction[2m > [22m[2m12. should handle parallel dependencies
[22m[39m[Planner] Raw LLM Response:  [
        {"step": 1, "action": "read", "path": "a.tsx", "description": "Read"},
        {"step": 2, "action": "write", "path": "b.tsx", "description": "Write B", "dependsOn": [1]},
        {"step": 3, "action": "write", "path": "c.tsx", "description": "Write C", "dependsOn": [1]},
        {"step": 4, "action": "run", "command": "npm test", "description": "Test", "dependsOn": [2, 3]}
      ]
[Planner] Response length: [33m394[39m
[Planner] Steps sorted topologically: step_1 ΓåÆ step_2 ΓåÆ step_3 ΓåÆ step_4
[Planner] Pre-flight validation complete. Executor will handle content validation.

[90mstdout[2m | src/planner.test.ts[2m > [22m[2mPlanner[2m > [22m[2mDependency Handling (Phase 7)[2m > [22m[2mshould detect numeric dependencies between steps
[22m[39m[Planner] Raw LLM Response:  [
  {"step": 1, "action": "read", "description": "Read config", "path": "config.json", "expectedOutcome": "Config loaded"},
  {"step": 2, "action": "write", "description": "Generate code", "path": "generated.ts", "expectedOutcome": "Code generated", "dependsOn": [1], "prompt": "Generate"}
]
[Planner] Response length: [33m291[39m
[Planner] Steps sorted topologically: step_1 ΓåÆ step_2
[Planner] Pre-flight validation complete. Executor will handle content validation.

[90mstdout[2m | src/planner-coverage-focus.test.ts[2m > [22m[2mPlanner - Coverage Focus[2m > [22m[2mDependencies - Extraction[2m > [22m[2m13. should handle complex dependency graph
[22m[39m[Planner] Raw LLM Response:  [
        {"step": 1, "action": "read", "path": "a.tsx", "description": "1"},
        {"step": 2, "action": "read", "path": "b.tsx", "description": "2"},
        {"step": 3, "action": "write", "path": "c.tsx", "description": "3", "dependsOn": [1, 2]},
        {"step": 4, "action": "write", "path": "d.tsx", "description": "4", "dependsOn": [1]},
        {"step": 5, "action": "run", "command": "npm test", "description": "5", "dependsOn": [3, 4]}
      ]
[Planner] Response length: [33m455[39m
[Planner] Steps sorted topologically: step_1 ΓåÆ step_2 ΓåÆ step_4 ΓåÆ step_3 ΓåÆ step_5
[Planner] Pre-flight validation complete. Executor will handle content validation.

[90mstdout[2m | src/executor.test.ts[2m > [22m[2mExecutor[2m > [22m[2mexecuteStep[2m > [22m[2mshould execute read step successfully
[22m[39m[Executor] Starting step 1: action=read, description=Read test file
[Executor.executeRead] Step details: {
  stepId: [33m1[39m,
  action: [32m'read'[39m,
  path: [32m'test.ts'[39m,
  targetFile: [90mundefined[39m,
  command: [90mundefined[39m,
  description: [32m'Read test file'[39m
}

[90mstdout[2m | src/planner.test.ts[2m > [22m[2mPlanner[2m > [22m[2mDependency Handling (Phase 7)[2m > [22m[2mshould handle missing dependency resolution gracefully
[22m[39m[Planner] Raw LLM Response:  [
  {"step": 1, "action": "read", "description": "Read", "path": "a.ts", "expectedOutcome": "Done"},
  {"step": 2, "action": "write", "description": "Write", "path": "b.ts", "expectedOutcome": "Done", "prompt": "Create", "dependsOn": [1]},
  {"step": 3, "action": "write", "description": "Write", "path": "c.ts", "expectedOutcome": "Done", "prompt": "Create", "dependsOn": [2]}
]
[Planner] Response length: [33m379[39m
[Planner] Steps sorted topologically: step_1 ΓåÆ step_2 ΓåÆ step_3
[Planner] Pre-flight validation complete. Executor will handle content validation.

[90mstdout[2m | src/planner-coverage-focus.test.ts[2m > [22m[2mPlanner - Coverage Focus[2m > [22m[2mFile Paths - Various Formats[2m > [22m[2m14. should parse nested file paths
[22m[39m[Planner] Raw LLM Response:  [{"step": 1, "action": "read", "path": "src/components/forms/LoginForm.tsx", "description": "Read"}]
[Planner] Response length: [33m100[39m
[Planner] Steps sorted topologically: step_1
[Planner] Pre-flight validation complete. Executor will handle content validation.

[90mstdout[2m | src/planner.test.ts[2m > [22m[2mPlanner[2m > [22m[2mDependency Handling (Phase 7)[2m > [22m[2mshould remove self-referential dependencies
[22m[39m[Planner] Raw LLM Response:  [
  {"step": 1, "action": "read", "description": "Read", "path": "a.ts", "expectedOutcome": "Done", "dependsOn": [1]}
]
[Planner] Response length: [33m119[39m
[Planner] Steps sorted topologically: step_1
[Planner] Pre-flight validation complete. Executor will handle content validation.

[90mstdout[2m | src/planner-coverage-focus.test.ts[2m > [22m[2mPlanner - Coverage Focus[2m > [22m[2mFile Paths - Various Formats[2m > [22m[2m15. should parse relative paths with dots
[22m[39m[Planner] Raw LLM Response:  [{"step": 1, "action": "read", "path": "../utils/helper.ts", "description": "Read"}]
[Planner] Response length: [33m84[39m
[Planner] Steps sorted topologically: step_1
[Planner] Pre-flight validation complete. Executor will handle content validation.

[90mstdout[2m | src/planner-coverage-focus.test.ts[2m > [22m[2mPlanner - Coverage Focus[2m > [22m[2mFile Paths - Various Formats[2m > [22m[2m16. should parse TypeScript file
[22m[39m[Planner] Raw LLM Response:  [{"step": 1, "action": "write", "path": "src/utils.ts", "description": "Utility"}]
[Planner] Response length: [33m82[39m
[Planner] Steps sorted topologically: step_1
[Planner] Pre-flight validation complete. Executor will handle content validation.

[90mstdout[2m | src/planner.test.ts[2m > [22m[2mPlanner[2m > [22m[2mPlan Validation (Phase 7)[2m > [22m[2mshould validate plan has taskId
[22m[39m[Planner] Raw LLM Response:  [
  {"step": 1, "action": "read", "description": "Read", "path": "a.ts", "expectedOutcome": "Done"}
]
[Planner] Response length: [33m101[39m
[Planner] Steps sorted topologically: step_1
[Planner] Pre-flight validation complete. Executor will handle content validation.

[90mstdout[2m | src/planner-coverage-focus.test.ts[2m > [22m[2mPlanner - Coverage Focus[2m > [22m[2mFile Paths - Various Formats[2m > [22m[2m17. should parse TSX file
[22m[39m[Planner] Raw LLM Response:  [{"step": 1, "action": "write", "path": "src/components/Form.tsx", "description": "Form"}]
[Planner] Response length: [33m90[39m
[Planner] Steps sorted topologically: step_1
[Planner] Pre-flight validation complete. Executor will handle content validation.

[90mstdout[2m | src/planner.test.ts[2m > [22m[2mPlanner[2m > [22m[2mPlan Validation (Phase 7)[2m > [22m[2mshould parse plan with valid steps
[22m[39m[Planner] Raw LLM Response:  [
  {"step": 1, "action": "read", "description": "Read", "path": "a.ts", "expectedOutcome": "Done"}
]
[Planner] Response length: [33m101[39m
[Planner] Steps sorted topologically: step_1
[Planner] Pre-flight validation complete. Executor will handle content validation.

[90mstdout[2m | src/planner-coverage-focus.test.ts[2m > [22m[2mPlanner - Coverage Focus[2m > [22m[2mFile Paths - Various Formats[2m > [22m[2m18. should parse JSON file
[22m[39m[Planner] Raw LLM Response:  [{"step": 1, "action": "write", "path": "config.json", "description": "Config"}]
[Planner] Response length: [33m80[39m
[Planner] Steps sorted topologically: step_1
[Planner] Pre-flight validation complete. Executor will handle content validation.

[90mstdout[2m | src/planner.test.ts[2m > [22m[2mPlanner[2m > [22m[2mPlan Validation (Phase 7)[2m > [22m[2mshould preserve userRequest in plan
[22m[39m[Planner] Raw LLM Response:  [
  {"step": 1, "action": "read", "description": "Read", "path": "a.ts", "expectedOutcome": "Done"}
]
[Planner] Response length: [33m101[39m
[Planner] Steps sorted topologically: step_1
[Planner] Pre-flight validation complete. Executor will handle content validation.

[90mstdout[2m | src/planner-coverage-focus.test.ts[2m > [22m[2mPlanner - Coverage Focus[2m > [22m[2mFile Paths - Various Formats[2m > [22m[2m19. should parse CSS/Tailwind file
[22m[39m[Planner] Raw LLM Response:  [{"step": 1, "action": "write", "path": "src/styles.css", "description": "Styles"}]
[Planner] Response length: [33m83[39m
[Planner] Steps sorted topologically: step_1
[Planner] Pre-flight validation complete. Executor will handle content validation.

[90mstdout[2m | src/planner.test.ts[2m > [22m[2mPlanner[2m > [22m[2mPlan Validation (Phase 7)[2m > [22m[2mshould have generatedat timestamp
[22m[39m[Planner] Raw LLM Response:  [
  {"step": 1, "action": "read", "description": "Read", "path": "a.ts", "expectedOutcome": "Done"}
]
[Planner] Response length: [33m101[39m
[Planner] Steps sorted topologically: step_1
[Planner] Pre-flight validation complete. Executor will handle content validation.

[90mstdout[2m | src/planner-coverage-focus.test.ts[2m > [22m[2mPlanner - Coverage Focus[2m > [22m[2mFile Paths - Various Formats[2m > [22m[2m20. should parse file without extension (unlikely but handle)
[22m[39m[Planner] Raw LLM Response:  [{"step": 1, "action": "read", "path": "Makefile", "description": "Config"}]
[Planner] Response length: [33m76[39m
[Planner] Steps sorted topologically: step_1
[Planner] Pre-flight validation complete. Executor will handle content validation.

[90mstdout[2m | src/planner.test.ts[2m > [22m[2mPlanner[2m > [22m[2mError Handling (Phase 7)[2m > [22m[2mshould handle JSON parse errors
[22m[39m[Planner] Raw LLM Response:  { invalid json [
[Planner] Response length: [33m16[39m

[90mstdout[2m | src/planner-coverage-focus.test.ts[2m > [22m[2mPlanner - Coverage Focus[2m > [22m[2mCommands - Various Types[2m > [22m[2m21. should parse npm test command
[22m[39m[Planner] Raw LLM Response:  [{"step": 1, "action": "run", "command": "npm test", "description": "Run tests"}]
[Planner] Response length: [33m81[39m
[Planner] Steps sorted topologically: step_1
[Planner] Pre-flight validation complete. Executor will handle content validation.

[90mstdout[2m | src/planner.test.ts[2m > [22m[2mPlanner[2m > [22m[2mError Handling (Phase 7)[2m > [22m[2mshould handle responses with markdown code blocks
[22m[39m[Planner] Raw LLM Response:  ```json
[
  {"step": 1, "action": "read", "description": "Read", "path": "a.ts", "expectedOutcome": "Done"}
]
```
[Planner] Response length: [33m113[39m
[Planner] Steps sorted topologically: step_1
[Planner] Pre-flight validation complete. Executor will handle content validation.

[90mstdout[2m | src/test/executor-extended.test.ts[2m > [22m[2mExecutor - Plan Execution Flow[2m > [22m[2mshould execute a simple plan with single step
[22m[39m[Executor] Using workspace from plan: "test-workspace" at /test/workspace

[90mstdout[2m | src/planner-coverage-focus.test.ts[2m > [22m[2mPlanner - Coverage Focus[2m > [22m[2mCommands - Various Types[2m > [22m[2m22. should parse npm build command
[22m[39m[Planner] Raw LLM Response:  [{"step": 1, "action": "run", "command": "npm run build", "description": "Build"}]
[Planner] Response length: [33m82[39m
[Planner] Steps sorted topologically: step_1
[Planner] Pre-flight validation complete. Executor will handle content validation.

[90mstdout[2m | src/planner.test.ts[2m > [22m[2mPlanner[2m > [22m[2mError Handling (Phase 7)[2m > [22m[2mshould handle empty steps array
[22m[39m[Planner] Raw LLM Response:  []
[Planner] Response length: [33m2[39m

[90mstdout[2m | src/planner.test.ts[2m > [22m[2mPlanner[2m > [22m[2mError Handling (Phase 7)[2m > [22m[2mshould handle plans without action gracefully
[22m[39m[Planner] Raw LLM Response:  [
  {"step": 1, "description": "No action", "expectedOutcome": "Test"}
]
[Planner] Response length: [33m72[39m
[Planner] Steps sorted topologically: step_1
[Planner] Pre-flight validation complete. Executor will handle content validation.

[90mstdout[2m | src/planner-coverage-focus.test.ts[2m > [22m[2mPlanner - Coverage Focus[2m > [22m[2mCommands - Various Types[2m > [22m[2m24. should parse install command
[22m[39m[Planner] Raw LLM Response:  [{"step": 1, "action": "run", "command": "npm install", "description": "Install"}]
[Planner] Response length: [33m82[39m
[Planner] Steps sorted topologically: step_1
[Planner] Pre-flight validation complete. Executor will handle content validation.

[90mstdout[2m | src/planner.test.ts[2m > [22m[2mPlanner[2m > [22m[2mError Handling (Phase 7)[2m > [22m[2mshould handle malformed step blocks
[90mstderr[2m | src/planner.test.ts[2m > [22m[2mPlanner[2m > [22m[2mDependency Handling (Phase 7)[2m > [22m[2mshould remove self-referential dependencies
[22m[39m[PARSER] Warning: Step "step_1" had self-referential dependency, removed

[22m[39m[Planner] Raw LLM Response:  Step 1: This is not JSON
[Planner] Response length: [33m24[39m

[90mstdout[2m | src/planner-coverage-focus.test.ts[2m > [22m[2mPlanner - Coverage Focus[2m > [22m[2mCommands - Various Types[2m > [22m[2m25. should parse linter command
[22m[39m[Planner] Raw LLM Response:  [{"step": 1, "action": "run", "command": "npm run lint", "description": "Lint"}]
[Planner] Response length: [33m80[39m
[Planner] Steps sorted topologically: step_1
[Planner] Pre-flight validation complete. Executor will handle content validation.

[90mstdout[2m | src/planner.test.ts[2m > [22m[2mPlanner[2m > [22m[2mLLM Integration (Phase 7)[2m > [22m[2mshould pass user request to LLM
[22m[39m[Planner] Raw LLM Response:  [
  {"step": 1, "action": "read", "description": "Read", "path": "a.ts", "expectedOutcome": "Done"}
]
[Planner] Response length: [33m101[39m
[Planner] Steps sorted topologically: step_1
[Planner] Pre-flight validation complete. Executor will handle content validation.

[90mstdout[2m | src/planner-coverage-focus.test.ts[2m > [22m[2mPlanner - Coverage Focus[2m > [22m[2mCommands - Various Types[2m > [22m[2m26. should parse custom script command
[22m[39m[Planner] Raw LLM Response:  [{"step": 1, "action": "run", "command": "npm run custom-script", "description": "Custom"}]
[Planner] Response length: [33m91[39m
[Planner] Steps sorted topologically: step_1
[Planner] Pre-flight validation complete. Executor will handle content validation.

[90mstdout[2m | src/planner.test.ts[2m > [22m[2mPlanner[2m > [22m[2mLLM Integration (Phase 7)[2m > [22m[2mshould report progress during planning
[22m[39m[Planner] Raw LLM Response:  [
  {"step": 1, "action": "read", "description": "Read", "path": "a.ts", "expectedOutcome": "Done"}
]
[Planner] Response length: [33m101[39m
[Planner] Steps sorted topologically: step_1
[Planner] Pre-flight validation complete. Executor will handle content validation.

[90mstdout[2m | src/executor.test.ts[2m > [22m[2mExecutor[2m > [22m[2mexecuteStep[2m > [22m[2mshould execute write step successfully
[22m[39m[Executor] Starting step 1: action=write, description=Create hello file

[90mstdout[2m | src/planner-coverage-focus.test.ts[2m > [22m[2mPlanner - Coverage Focus[2m > [22m[2mPlan Metadata[2m > [22m[2m27. should generate taskId
[22m[39m[Planner] Raw LLM Response:  [{"step": 1, "action": "read", "path": "a.tsx", "description": "Read"}]
[Planner] Response length: [33m71[39m
[Planner] Steps sorted topologically: step_1
[Planner] Pre-flight validation complete. Executor will handle content validation.

[90mstdout[2m | src/planner.test.ts[2m > [22m[2mPlanner[2m > [22m[2mScaffold Dependencies (Phase 12)[2m > [22m[2mshould not add scaffold steps for non-component tasks
[22m[39m[Planner] Raw LLM Response:  [
  {"step": 1, "action": "run", "description": "Run tests", "command": "npm test", "expectedOutcome": "Tests pass"}
]
[Planner] Response length: [33m118[39m
[Planner] Steps sorted topologically: step_1
[Planner] Pre-flight validation complete. Executor will handle content validation.

[90mstdout[2m | src/planner-coverage-focus.test.ts[2m > [22m[2mPlanner - Coverage Focus[2m > [22m[2mPlan Metadata[2m > [22m[2m28. should preserve userRequest
[22m[39m[Planner] Raw LLM Response:  [{"step": 1, "action": "write", "path": "LoginForm.tsx", "description": "Form"}]
[Planner] Response length: [33m80[39m
[Planner] Steps sorted topologically: step_1
[Planner] Pre-flight validation complete. Executor will handle content validation.

[90mstdout[2m | src/planner.test.ts[2m > [22m[2mPlanner[2m > [22m[2mScaffold Dependencies (Phase 12)[2m > [22m[2mshould add scaffold steps when creating components without cn utility
[22m[39m[Planner] Raw LLM Response:  [
  {"step": 1, "action": "write", "description": "Create button component", "path": "src/components/Button.tsx", "expectedOutcome": "Button created"}
]
[Planner] Response length: [33m152[39m
[Planner] Steps sorted topologically: step_1
[Planner] Scaffold: Missing cn utility at src/utils/cn.ts, will create

[90mstdout[2m | src/test/executor-execution.test.ts[2m > [22m[2mExecutor Execution & Orchestration - Week 1 D5[2m > [22m[2mexecutePlan - Plan Orchestration[2m > [22m[2mshould execute empty plan successfully
[22m[39m[Executor] No workspace in plan, using default: /test/workspace

[90mstdout[2m | src/planner-coverage-focus.test.ts[2m > [22m[2mPlanner - Coverage Focus[2m > [22m[2mPlan Metadata[2m > [22m[2m29. should set generatedAt timestamp
[22m[39m[Planner] Raw LLM Response:  [{"step": 1, "action": "read", "path": "a.tsx", "description": "Read"}]
[Planner] Response length: [33m71[39m
[Planner] Steps sorted topologically: step_1
[Planner] Pre-flight validation complete. Executor will handle content validation.

[90mstdout[2m | src/test/executor-extended.test.ts[2m > [22m[2mExecutor - Plan Execution Flow[2m > [22m[2mshould execute a simple plan with single step
[22m[39m[Executor] Starting step 1: action=write, description=Write test file

[90mstdout[2m | src/planner.test.ts[2m > [22m[2mPlanner[2m > [22m[2mScaffold Dependencies (Phase 12)[2m > [22m[2mshould add scaffold steps when creating components without cn utility
[22m[39m[Planner] Prepending 1 scaffold dependency steps
[Planner] Pre-flight check for src/utils/cn.ts:
  Required: Named import from clsx (NOT default), twMerge wraps clsx, Arrow function (const = () =>), ClassValue type import
  Avoid: import clsx from "clsx", import clsx from "classnames"
[Planner] Step scaffold-cn-utility (src/utils/cn.ts) will be validated during execution
[Planner] Pre-flight validation complete. Executor will handle content validation.

[90mstdout[2m | src/planner-coverage-focus.test.ts[2m > [22m[2mPlanner - Coverage Focus[2m > [22m[2mPlan Metadata[2m > [22m[2m30. should include reasoning in plan
[22m[39m[Planner] Raw LLM Response:  [{"step": 1, "action": "read", "path": "a.tsx", "description": "Read"}]
[Planner] Response length: [33m71[39m
[Planner] Steps sorted topologically: step_1
[Planner] Pre-flight validation complete. Executor will handle content validation.

[90mstdout[2m | src/planner.test.ts[2m > [22m[2mPlanner[2m > [22m[2mScaffold Dependencies (Phase 12)[2m > [22m[2mshould preserve original steps when adding scaffold dependencies
[22m[39m[Planner] Raw LLM Response:  [
  {"step": 1, "action": "write", "description": "Create header", "path": "src/components/Header.tsx", "expectedOutcome": "Header created"},
  {"step": 2, "action": "write", "description": "Create footer", "path": "src/components/Footer.tsx", "expectedOutcome": "Footer created"}
]
[Planner] Response length: [33m282[39m
[Planner] Steps sorted topologically: step_1 ΓåÆ step_2
[Planner] Pre-flight validation complete. Executor will handle content validation.

[90mstdout[2m | src/planner-coverage-focus.test.ts[2m > [22m[2mPlanner - Coverage Focus[2m > [22m[2mPlan Metadata[2m > [22m[2m31. should track status when provided
[22m[39m[Planner] Raw LLM Response:  [{"step": 1, "action": "read", "path": "a.tsx", "description": "Read"}]
[Planner] Response length: [33m71[39m
[Planner] Steps sorted topologically: step_1
[Planner] Pre-flight validation complete. Executor will handle content validation.

[90mstdout[2m | src/test/executor-execution.test.ts[2m > [22m[2mExecutor Execution & Orchestration - Week 1 D5[2m > [22m[2mexecutePlan - Plan Orchestration[2m > [22m[2mshould execute single read step
[22m[39m[Executor] No workspace in plan, using default: /test/workspace

[90mstdout[2m | src/executor.test.ts[2m > [22m[2mExecutor[2m > [22m[2mexecuteStep[2m > [22m[2mshould handle write step with custom prompt
[22m[39m[Executor] Starting step 1: action=write, description=Write custom file

[90mstdout[2m | src/planner.test.ts[2m > [22m[2mPlanner[2m > [22m[2mScaffold Dependencies (Phase 12)[2m > [22m[2mshould extract workspace context in plan
[22m[39m[Planner] Raw LLM Response:  [
  {"step": 1, "action": "read", "description": "Read", "path": "a.ts", "expectedOutcome": "Done"}
]
[Planner] Response length: [33m101[39m
[Planner] Steps sorted topologically: step_1

[90mstdout[2m | src/planner-coverage-focus.test.ts[2m > [22m[2mPlanner - Coverage Focus[2m > [22m[2mPlan Metadata[2m > [22m[2m32. should track currentStep when provided
[22m[39m[Planner] Raw LLM Response:  [{"step": 1, "action": "read", "path": "a.tsx", "description": "Read"}]
[Planner] Response length: [33m71[39m
[Planner] Steps sorted topologically: step_1
[Planner] Pre-flight validation complete. Executor will handle content validation.

[90mstderr[2m | src/executor.test.ts[2m > [22m[2mExecutor[2m > [22m[2mexecuteStep[2m > [22m[2mshould reject write step without path
[22m[39m[Executor] CONTRACT_VIOLATION for Step 1: CONTRACT_VIOLATION: Action 'write' requires a valid file path, but none was provided. Step: "Missing path"

[90mstdout[2m | src/planner.test.ts[2m > [22m[2mPlanner[2m > [22m[2mScaffold Dependencies (Phase 12)[2m > [22m[2mshould extract workspace context in plan
[22m[39m[Planner] Pre-flight validation complete. Executor will handle content validation.

[90mstdout[2m | src/planner-coverage-focus.test.ts[2m > [22m[2mPlanner - Coverage Focus[2m > [22m[2mPlan Metadata[2m > [22m[2m33. should have results field when tracking is needed
[22m[39m[Planner] Raw LLM Response:  [{"step": 1, "action": "read", "path": "a.tsx", "description": "Read"}]
[Planner] Response length: [33m71[39m
[Planner] Steps sorted topologically: step_1
[Planner] Pre-flight validation complete. Executor will handle content validation.

[90mstdout[2m | src/test/executor-execution.test.ts[2m > [22m[2mExecutor Execution & Orchestration - Week 1 D5[2m > [22m[2mexecutePlan - Plan Orchestration[2m > [22m[2mshould execute single read step
[22m[39m[Executor] Starting step 1: action=read, description=Read test file
[Executor.executeRead] Step details: {
  stepId: [33m1[39m,
  action: [32m'read'[39m,
  path: [32m'src/file.ts'[39m,
  targetFile: [90mundefined[39m,
  command: [90mundefined[39m,
  description: [32m'Read test file'[39m
}

[90mstdout[2m | src/test/executor-extended.test.ts[2m > [22m[2mExecutor - Plan Execution Flow[2m > [22m[2mshould track progress callback during execution
[22m[39m[Executor] Using workspace from plan: "test-workspace" at /test/workspace

[90mstderr[2m | src/executor.test.ts[2m > [22m[2mExecutor[2m > [22m[2mexecuteStep[2m > [22m[2mshould handle suggestwrite as not yet implemented
[22m[39m[Executor] Schema Violation for Step 1: Schema Violation: Action "suggestwrite" is not a valid executor action. Valid actions: read, write, run, delete, manual. Manager-level tasks (ANALYZE, 
REVIEW) must be performed in the Planner, not the Executor.

[90mstdout[2m | src/planner.test.ts[2m > [22m[2mPlanner[2m > [22m[2mScaffold Dependencies (Phase 12)[2m > [22m[2mshould handle project context in plan generation
[22m[39m[Planner] Project context: hasTests=true, testFramework=vitest

[90mstdout[2m | src/planner-coverage-focus.test.ts[2m > [22m[2mPlanner - Coverage Focus[2m > [22m[2mWorkspace Context[2m > [22m[2m34. should accept workspace path
[22m[39m[Planner] Raw LLM Response:  [{"step": 1, "action": "read", "path": "a.tsx", "description": "Read"}]
[Planner] Response length: [33m71[39m
[Planner] Steps sorted topologically: step_1

[90mstdout[2m | src/test/executor-execution.test.ts[2m > [22m[2mExecutor Execution & Orchestration - Week 1 D5[2m > [22m[2mexecutePlan - Plan Orchestration[2m > [22m[2mshould execute single write step
[22m[39m[Executor] No workspace in plan, using default: /test/workspace

[90mstdout[2m | src/test/executor-extended.test.ts[2m > [22m[2mExecutor - Plan Execution Flow[2m > [22m[2mshould track progress callback during execution
[22m[39m[Executor] Starting step 1: action=write, description=Write test file

[90mstdout[2m | src/executor.test.ts[2m > [22m[2mExecutor[2m > [22m[2mexecuteStep[2m > [22m[2mshould emit onStepOutput callback during execution
[22m[39m[Executor] Starting step 1: action=write, description=Write test file

[90mstdout[2m | src/planner.test.ts[2m > [22m[2mPlanner[2m > [22m[2mScaffold Dependencies (Phase 12)[2m > [22m[2mshould handle project context in plan generation
[22m[39m[Planner] Raw LLM Response:  [
  {"step": 1, "action": "read", "description": "Read", "path": "a.ts", "expectedOutcome": "Done"}
]
[Planner] Response length: [33m101[39m
[Planner] Steps sorted topologically: step_1
[Planner] Pre-flight validation complete. Executor will handle content validation.

[90mstdout[2m | src/planner-coverage-focus.test.ts[2m > [22m[2mPlanner - Coverage Focus[2m > [22m[2mWorkspace Context[2m > [22m[2m34. should accept workspace path
[22m[39m[Planner] Pre-flight validation complete. Executor will handle content validation.

[90mstdout[2m | src/test/executor-execution.test.ts[2m > [22m[2mExecutor Execution & Orchestration - Week 1 D5[2m > [22m[2mexecutePlan - Plan Orchestration[2m > [22m[2mshould execute single write step
[22m[39m[Executor] Starting step 1: action=write, description=Write new file

[90mstdout[2m | src/test/executor-extended.test.ts[2m > [22m[2mExecutor - Plan Execution Flow[2m > [22m[2mshould clear LLM history before execution
[22m[39m[Executor] Using workspace from plan: "test-workspace" at /test/workspace

[90mstderr[2m | src/executor.test.ts[2m > [22m[2mExecutor[2m > [22m[2mexecuteStep[2m > [22m[2mshould handle unknown action
[22m[39m[Executor] Schema Violation for Step 1: Schema Violation: Action "unknown" is not a valid executor action. Valid actions: read, write, run, delete, manual. Manager-level tasks (ANALYZE, REVIEW) 
must be performed in the Planner, not the Executor.

[90mstdout[2m | src/planner.test.ts[2m > [22m[2mPlanner[2m > [22m[2mScaffold Dependencies (Phase 12)[2m > [22m[2mshould handle project context with minimal project flag
[22m[39m[Planner] Project context: hasTests=false, testFramework=undefined

[90mstdout[2m | src/planner-coverage-focus.test.ts[2m > [22m[2mPlanner - Coverage Focus[2m > [22m[2mWorkspace Context[2m > [22m[2m35. should accept workspace name
[22m[39m[Planner] Raw LLM Response:  [{"step": 1, "action": "read", "path": "a.tsx", "description": "Read"}]
[Planner] Response length: [33m71[39m
[Planner] Steps sorted topologically: step_1

[90mstdout[2m | src/test/executor-execution.test.ts[2m > [22m[2mExecutor Execution & Orchestration - Week 1 D5[2m > [22m[2mexecutePlan - Plan Orchestration[2m > [22m[2mshould track step progress
[22m[39m[Executor] No workspace in plan, using default: /test/workspace

[90mstdout[2m | src/test/executor-extended.test.ts[2m > [22m[2mExecutor - Plan Execution Flow[2m > [22m[2mshould clear LLM history before execution
[22m[39m[Executor] Starting step 1: action=write, description=Write test file

[90mstdout[2m | src/executor.test.ts[2m > [22m[2mExecutor[2m > [22m[2mexecuteStep[2m > [22m[2mshould handle LLM failure during write
[22m[39m[Executor] Starting step 1: action=write, description=Write file

[90mstdout[2m | src/planner.test.ts[2m > [22m[2mPlanner[2m > [22m[2mScaffold Dependencies (Phase 12)[2m > [22m[2mshould handle project context with minimal project flag
[22m[39m[Planner] Raw LLM Response:  [
  {"step": 1, "action": "write", "description": "Create index", "path": "src/index.ts", "expectedOutcome": "Index created"}
]
[Planner] Response length: [33m127[39m
[Planner] Steps sorted topologically: step_1
[Planner] Pre-flight validation complete. Executor will handle content validation.

[90mstdout[2m | src/planner-coverage-focus.test.ts[2m > [22m[2mPlanner - Coverage Focus[2m > [22m[2mWorkspace Context[2m > [22m[2m35. should accept workspace name
[22m[39m[Planner] Pre-flight validation complete. Executor will handle content validation.

[90mstdout[2m | src/test/executor-execution.test.ts[2m > [22m[2mExecutor Execution & Orchestration - Week 1 D5[2m > [22m[2mexecutePlan - Plan Orchestration[2m > [22m[2mshould track step progress
[22m[39m[Executor] Starting step 1: action=read, description=Step 1
[Executor.executeRead] Step details: {
  stepId: [33m1[39m,
  action: [32m'read'[39m,
  path: [32m'file1.ts'[39m,
  targetFile: [90mundefined[39m,
  command: [90mundefined[39m,
  description: [32m'Step 1'[39m
}

[90mstdout[2m | src/test/executor-extended.test.ts[2m > [22m[2mExecutor - Plan Execution Flow[2m > [22m[2mshould handle empty plan
[22m[39m[Executor] Using workspace from plan: "test-workspace" at /test/workspace

[90mstdout[2m | src/executor.test.ts[2m > [22m[2mExecutor[2m > [22m[2mexecutePlan[2m > [22m[2mshould execute single-step plan
[22m[39m[Executor] No workspace in plan, using default: /workspace

[90mstdout[2m | src/planner.test.ts[2m > [22m[2mPlanner[2m > [22m[2mTopological Sort Error Handling (Phase 12)[2m > [22m[2mshould handle circular dependencies gracefully in topological sort
[22m[39m[Planner] Raw LLM Response:  [
  {"step": 1, "action": "read", "description": "Read", "path": "a.ts", "expectedOutcome": "Done", "dependsOn": [2]},
  {"step": 2, "action": "write", "description": "Write", "path": "b.ts", "expectedOutcome": "Done", "prompt": "Create", "dependsOn": [1]}
]
[Planner] Response length: [33m258[39m
[Planner] Pre-flight validation complete. Executor will handle content validation.

[90mstdout[2m | src/planner-coverage-focus.test.ts[2m > [22m[2mPlanner - Coverage Focus[2m > [22m[2mWorkspace Context[2m > [22m[2m36. should accept project context
[22m[39m[Planner] Project context: hasTests=true, testFramework=undefined

[90mstdout[2m | src/test/executor-execution.test.ts[2m > [22m[2mExecutor Execution & Orchestration - Week 1 D5[2m > [22m[2mexecutePlan - Plan Orchestration[2m > [22m[2mshould track step progress
[22m[39m[Executor] Starting step 2: action=read, description=Step 2
[Executor.executeRead] Step details: {
  stepId: [33m2[39m,
  action: [32m'read'[39m,
  path: [32m'file2.ts'[39m,
  targetFile: [90mundefined[39m,
  command: [90mundefined[39m,
  description: [32m'Step 2'[39m
}

[90mstdout[2m | src/test/executor-extended.test.ts[2m > [22m[2mExecutor - Plan Execution Flow[2m > [22m[2mshould set plan status to failed on execution error
[22m[39m[Executor] Using workspace from plan: "test-workspace" at /test/workspace

[90mstdout[2m | src/executor.test.ts[2m > [22m[2mExecutor[2m > [22m[2mexecutePlan[2m > [22m[2mshould execute single-step plan
[22m[39m[Executor] Starting step 1: action=write, description=Create file

[90mstderr[2m | src/planner.test.ts[2m > [22m[2mPlanner[2m > [22m[2mTopological Sort Error Handling (Phase 12)[2m > [22m[2mshould handle circular dependencies gracefully in topological sort
[22m[39m[Planner] Topological sort failed, using original order: Error: CIRCULAR_DEPENDENCY: Dependency graph contains a cycle. Cannot determine valid execution order. Check that dependencies form a 
DAG (no cycles).
    at Planner.topologicalSort (C:/Users/Danh/Desktop/llm-local-assistant/src/planner.ts:286:13)
    at Planner.generatePlan (C:/Users/Danh/Desktop/llm-local-assistant/src/planner.ts:138:28)
[90m    at processTicksAndRejections (node:internal/process/task_queues:105:5)[39m
    at C:/Users/Danh/Desktop/llm-local-assistant/src/planner.test.ts:558:9
    at [90mfile:///C:/Users/Danh/Desktop/llm-local-assistant/[39mnode_modules/[4m@vitest/runner[24m/dist/index.js:915:20

[90mstdout[2m | src/planner-coverage-focus.test.ts[2m > [22m[2mPlanner - Coverage Focus[2m > [22m[2mWorkspace Context[2m > [22m[2m36. should accept project context
[22m[39m[Planner] Raw LLM Response:  [{"step": 1, "action": "read", "path": "a.tsx", "description": "Read"}]
[Planner] Response length: [33m71[39m
[Planner] Steps sorted topologically: step_1

[90mstdout[2m | src/test/executor-execution.test.ts[2m > [22m[2mExecutor Execution & Orchestration - Week 1 D5[2m > [22m[2mexecutePlan - Plan Orchestration[2m > [22m[2mshould handle plan with dependencies
[22m[39m[Executor] No workspace in plan, using default: /test/workspace

[90mstdout[2m | src/test/executor-extended.test.ts[2m > [22m[2mExecutor - Plan Execution Flow[2m > [22m[2mshould set plan status to failed on execution error
[22m[39m[Executor] Starting step 1: action=write, description=Write test file

[90mstdout[2m | src/executor.test.ts[2m > [22m[2mExecutor[2m > [22m[2mexecutePlan[2m > [22m[2mshould update plan status on success
[22m[39m[Executor] No workspace in plan, using default: /workspace

[90mstdout[2m | src/planner.test.ts[2m > [22m[2mPlanner[2m > [22m[2mTopological Sort Error Handling (Phase 12)[2m > [22m[2mshould handle missing dependencies gracefully in topological sort
[22m[39m[Planner] Raw LLM Response:  [
  {"step": 1, "action": "read", "description": "Read", "path": "a.ts", "expectedOutcome": "Done", "dependsOn": [99]}
]
[Planner] Response length: [33m120[39m
[Planner] Pre-flight validation complete. Executor will handle content validation.

[90mstdout[2m | src/planner-coverage-focus.test.ts[2m > [22m[2mPlanner - Coverage Focus[2m > [22m[2mWorkspace Context[2m > [22m[2m36. should accept project context
[22m[39m[Planner] Pre-flight validation complete. Executor will handle content validation.

[90mstdout[2m | src/test/executor-execution.test.ts[2m > [22m[2mExecutor Execution & Orchestration - Week 1 D5[2m > [22m[2mexecutePlan - Plan Orchestration[2m > [22m[2mshould handle plan with dependencies
[22m[39m[Executor] Starting step 2: action=write, description=Create component
[Executor] Γ£à Injecting required React imports for component.tsx

[90mstdout[2m | src/executor.test.ts[2m > [22m[2mExecutor[2m > [22m[2mexecutePlan[2m > [22m[2mshould update plan status on success
[22m[39m[Executor] Starting step 1: action=write, description=Write

[90mstderr[2m | src/planner.test.ts[2m > [22m[2mPlanner[2m > [22m[2mTopological Sort Error Handling (Phase 12)[2m > [22m[2mshould handle missing dependencies gracefully in topological sort
[22m[39m[Planner] Topological sort failed, using original order: Error: MISSING_DEPENDENCY: Step "step_1" depends on "step_99" which doesn't exist. Available steps: step_1
    at Planner.topologicalSort (C:/Users/Danh/Desktop/llm-local-assistant/src/planner.ts:244:19)
    at Planner.generatePlan (C:/Users/Danh/Desktop/llm-local-assistant/src/planner.ts:138:28)
[90m    at processTicksAndRejections (node:internal/process/task_queues:105:5)[39m
    at C:/Users/Danh/Desktop/llm-local-assistant/src/planner.test.ts:573:20
    at [90mfile:///C:/Users/Danh/Desktop/llm-local-assistant/[39mnode_modules/[4m@vitest/runner[24m/dist/index.js:915:20

[90mstdout[2m | src/planner-coverage-focus.test.ts[2m > [22m[2mPlanner - Coverage Focus[2m > [22m[2mExpected Outcomes[2m > [22m[2m37. should parse expected outcome for read
[22m[39m[Planner] Raw LLM Response:  [{"step": 1, "action": "read", "path": "a.tsx", "expectedOutcome": "Code structure understood", "description": "Read"}]
[Planner] Response length: [33m119[39m
[Planner] Steps sorted topologically: step_1
[Planner] Pre-flight validation complete. Executor will handle content validation.

[90mstdout[2m | src/test/executor-execution.test.ts[2m > [22m[2mExecutor Execution & Orchestration - Week 1 D5[2m > [22m[2mexecutePlan - Plan Orchestration[2m > [22m[2mshould handle plan with dependencies
[22m[39m[Executor] Starting step 1: action=write, description=Create store

[90mstdout[2m | src/executor.test.ts[2m > [22m[2mExecutor[2m > [22m[2mexecutePlan[2m > [22m[2mshould call onProgress callback
[22m[39m[Executor] No workspace in plan, using default: /workspace

[90mstdout[2m | src/planner.test.ts[2m > [22m[2mPlanner[2m > [22m[2mTopological Sort Error Handling (Phase 12)[2m > [22m[2mshould process valid topological sort correctly
[22m[39m[Planner] Raw LLM Response:  [
  {"step": 1, "action": "read", "description": "Read", "path": "a.ts", "expectedOutcome": "Done"},
  {"step": 2, "action": "read", "description": "Read", "path": "b.ts", "expectedOutcome": "Done"}
]
[Planner] Response length: [33m200[39m
[Planner] Steps sorted topologically: step_1 ΓåÆ step_2
[Planner] Pre-flight validation complete. Executor will handle content validation.

[90mstdout[2m | src/planner-coverage-focus.test.ts[2m > [22m[2mPlanner - Coverage Focus[2m > [22m[2mExpected Outcomes[2m > [22m[2m38. should parse expected outcome for write
[22m[39m[Planner] Raw LLM Response:  [{"step": 1, "action": "write", "path": "Form.tsx", "expectedOutcome": "Form component created", "description": "Write"}]
[Planner] Response length: [33m121[39m
[Planner] Steps sorted topologically: step_1
[Planner] Pre-flight validation complete. Executor will handle content validation.

[90mstdout[2m | src/test/executor-execution.test.ts[2m > [22m[2mExecutor Execution & Orchestration - Week 1 D5[2m > [22m[2mexecutePlan - Plan Orchestration[2m > [22m[2mshould return execution result with metadata
[22m[39m[Executor] No workspace in plan, using default: /test/workspace

[90mstdout[2m | src/executor.test.ts[2m > [22m[2mExecutor[2m > [22m[2mexecutePlan[2m > [22m[2mshould call onProgress callback
[22m[39m[Executor] Starting step 1: action=write, description=Write file

[90mstdout[2m | src/planner.test.ts[2m > [22m[2mPlanner[2m > [22m[2mTemplate Validation (Phase 12)[2m > [22m[2mshould perform pre-flight template validation for component writes
[22m[39m[Planner] Raw LLM Response:  [
  {"step": 1, "action": "write", "description": "Create button", "path": "src/components/Button.tsx", "expectedOutcome": "Button created"}
]
[Planner] Response length: [33m142[39m
[Planner] Steps sorted topologically: step_1
[Planner] Pre-flight validation complete. Executor will handle content validation.

[90mstdout[2m | src/planner-coverage-focus.test.ts[2m > [22m[2mPlanner - Coverage Focus[2m > [22m[2mExpected Outcomes[2m > [22m[2m39. should parse expected outcome for run
[22m[39m[Planner] Raw LLM Response:  [{"step": 1, "action": "run", "command": "npm test", "expectedOutcome": "All tests pass", "description": "Run"}]
[Planner] Response length: [33m112[39m
[Planner] Steps sorted topologically: step_1
[Planner] Pre-flight validation complete. Executor will handle content validation.

[90mstdout[2m | src/test/executor-execution.test.ts[2m > [22m[2mExecutor Execution & Orchestration - Week 1 D5[2m > [22m[2mexecutePlan - Plan Orchestration[2m > [22m[2mshould return execution result with metadata
[22m[39m[Executor] Starting step 1: action=read, description=Read
[Executor.executeRead] Step details: {
  stepId: [33m1[39m,
  action: [32m'read'[39m,
  path: [32m'file.ts'[39m,
  targetFile: [90mundefined[39m,
  command: [90mundefined[39m,
  description: [32m'Read'[39m
}

[90mstdout[2m | src/executor.test.ts[2m > [22m[2mExecutor[2m > [22m[2mexecutePlan[2m > [22m[2mshould track step results in plan
[22m[39m[Executor] No workspace in plan, using default: /workspace

[90mstdout[2m | src/planner.test.ts[2m > [22m[2mPlanner[2m > [22m[2mTemplate Validation (Phase 12)[2m > [22m[2mshould validate plan has reasoning field
[22m[39m[Planner] Raw LLM Response:  [
  {"step": 1, "action": "read", "description": "Read", "path": "a.ts", "expectedOutcome": "Done"}
]
[Planner] Response length: [33m101[39m
[Planner] Steps sorted topologically: step_1
[Planner] Pre-flight validation complete. Executor will handle content validation.

[90mstdout[2m | src/planner-coverage-focus.test.ts[2m > [22m[2mPlanner - Coverage Focus[2m > [22m[2mError Handling[2m > [22m[2m40. should handle missing action
[22m[39m[Planner] Raw LLM Response:  [{"step": 1, "description": "No action", "path": "a.tsx"}]
[Planner] Response length: [33m58[39m
[Planner] Steps sorted topologically: step_1
[Planner] Pre-flight validation complete. Executor will handle content validation.

[90mstdout[2m | src/executor.test.ts[2m > [22m[2mExecutor[2m > [22m[2mexecutePlan[2m > [22m[2mshould track step results in plan
[22m[39m[Executor] Starting step 1: action=write, description=Write

[90mstdout[2m | src/planner.test.ts[2m > [22m[2mPlanner[2m > [22m[2mTemplate Validation (Phase 12)[2m > [22m[2mshould set plan status to pending by default
[22m[39m[Planner] Raw LLM Response:  [
  {"step": 1, "action": "read", "description": "Read", "path": "a.ts", "expectedOutcome": "Done"}
]
[Planner] Response length: [33m101[39m
[Planner] Steps sorted topologically: step_1
[Planner] Pre-flight validation complete. Executor will handle content validation.

[90mstdout[2m | src/planner-coverage-focus.test.ts[2m > [22m[2mPlanner - Coverage Focus[2m > [22m[2mError Handling[2m > [22m[2m41. should require description in steps
[22m[39m[Planner] Raw LLM Response:  [{"step": 1, "action": "read", "path": "a.tsx"}]
[Planner] Response length: [33m48[39m

[90mstdout[2m | src/executor.test.ts[2m > [22m[2mExecutor[2m > [22m[2mFollow-up Questions (Priority 2.2)[2m > [22m[2mshould trigger question when executing npm commands
[22m[39m[Executor] askClarification called for action: run, command: npm test
[Executor] Detected command needing confirmation: npm test
[Executor] onQuestion callback exists: true

[90mstdout[2m | src/planner.test.ts[2m > [22m[2mPlanner[2m > [22m[2mPlan Reasoning Extraction (Phase 12)[2m > [22m[2mshould extract reasoning from LLM response with explicit Reasoning section
[22m[39m[Planner] Raw LLM Response:  Reasoning: We need to create components incrementally to ensure proper typing.

[
  {"step": 1, "action": "write", "description": "Create button", "path": "src/components/Button.tsx", "expectedOutcome": "Done"}
]
[Planner] Response length: [33m212[39m
[Planner] Steps sorted topologically: step_1
[Planner] Pre-flight validation complete. Executor will handle content validation.

[90mstdout[2m | src/planner-coverage-focus.test.ts[2m > [22m[2mPlanner - Coverage Focus[2m > [22m[2mError Handling[2m > [22m[2m42. should reject invalid action type
[22m[39m[Planner] Raw LLM Response:  [{"step": 1, "action": "invalid_action", "path": "a.tsx", "description": "Test"}]
[Planner] Response length: [33m81[39m
[Planner] Steps sorted topologically: step_1
[Planner] Pre-flight validation complete. Executor will handle content validation.

[90mstdout[2m | src/executor.test.ts[2m > [22m[2mExecutor[2m > [22m[2mFollow-up Questions (Priority 2.2)[2m > [22m[2mshould trigger question when executing npm commands
[22m[39m[Executor] User answered: Yes, proceed
[Executor] User approved, proceeding with: npm test

[90mstdout[2m | src/planner.test.ts[2m > [22m[2mPlanner[2m > [22m[2mPlan Reasoning Extraction (Phase 12)[2m > [22m[2mshould extract reasoning from LLM response with Approach section
[22m[39m[Planner] Raw LLM Response:  Approach: Start with utility components, then composite components.

[
  {"step": 1, "action": "write", "description": "Create button", "path": "src/components/Button.tsx", "expectedOutcome": "Done"}
]
[Planner] Response length: [33m201[39m
[Planner] Steps sorted topologically: step_1
[Planner] Pre-flight validation complete. Executor will handle content validation.

[90mstderr[2m | src/planner-coverage-focus.test.ts[2m > [22m[2mPlanner - Coverage Focus[2m > [22m[2mError Handling[2m > [22m[2m42. should reject invalid action type
[22m[39mWarning: Invalid action "invalid_action", defaulting to "read"

[90mstdout[2m | src/test/executor-execution.test.ts[2m > [22m[2mExecutor Execution & Orchestration - Week 1 D5[2m > [22m[2mexecuteStep - Individual Step Execution[2m > [22m[2mshould execute read action
[22m[39m[Executor] Starting step 1: action=read, description=Read test file
[Executor.executeRead] Step details: {
  stepId: [33m1[39m,
  action: [32m'read'[39m,
  path: [32m'src/test.ts'[39m,
  targetFile: [90mundefined[39m,
  command: [90mundefined[39m,
  description: [32m'Read test file'[39m
}

[90mstdout[2m | src/executor.test.ts[2m > [22m[2mExecutor[2m > [22m[2mFollow-up Questions (Priority 2.2)[2m > [22m[2mshould trigger question for various package manager and testing commands
[22m[39m[Executor] askClarification called for action: run, command: yarn build
[Executor] Detected command needing confirmation: yarn build
[Executor] onQuestion callback exists: true

[90mstdout[2m | src/planner.test.ts[2m > [22m[2mPlanner[2m > [22m[2mEdge Cases - Context Awareness (Phase 12)[2m > [22m[2mshould include hasTests in project context when provided
[22m[39m[Planner] Project context: hasTests=true, testFramework=vitest

[90mstdout[2m | src/planner-coverage-focus.test.ts[2m > [22m[2mPlanner - Coverage Focus[2m > [22m[2mError Handling[2m > [22m[2m43. should throw if no steps can be parsed
[22m[39m[Planner] Raw LLM Response:  Just random text, no JSON
[Planner] Response length: [33m25[39m

[90mstdout[2m | src/test/executor-execution.test.ts[2m > [22m[2mExecutor Execution & Orchestration - Week 1 D5[2m > [22m[2mexecuteStep - Individual Step Execution[2m > [22m[2mshould execute write action
[22m[39m[Executor] Starting step 1: action=write, description=Write generated file

[90mstdout[2m | src/executor.test.ts[2m > [22m[2mExecutor[2m > [22m[2mFollow-up Questions (Priority 2.2)[2m > [22m[2mshould trigger question for various package manager and testing commands
[22m[39m[Executor] User answered: Yes, proceed
[Executor] User approved, proceeding with: yarn build

[90mstdout[2m | src/planner.test.ts[2m > [22m[2mPlanner[2m > [22m[2mEdge Cases - Context Awareness (Phase 12)[2m > [22m[2mshould include hasTests in project context when provided
[22m[39m[Planner] Raw LLM Response:  [
  {"step": 1, "action": "run", "description": "Run tests", "command": "npm test", "expectedOutcome": "Pass"}
]
[Planner] Response length: [33m112[39m
[Planner] Steps sorted topologically: step_1
[Planner] Pre-flight validation complete. Executor will handle content validation.

[90mstdout[2m | src/planner-coverage-focus.test.ts[2m > [22m[2mPlanner - Coverage Focus[2m > [22m[2mProgress Callback[2m > [22m[2m47. should call onProgress during generation
[22m[39m[Planner] Raw LLM Response:  [{"step": 1, "action": "read", "path": "a.tsx", "description": "Read"}]
[Planner] Response length: [33m71[39m
[Planner] Steps sorted topologically: step_1
[Planner] Pre-flight validation complete. Executor will handle content validation.

[90mstdout[2m | src/executor.test.ts[2m > [22m[2mExecutor[2m > [22m[2mFollow-up Questions (Priority 2.2)[2m > [22m[2mshould trigger question for various package manager and testing commands
[22m[39m[Executor] askClarification called for action: run, command: pnpm install
[Executor] Detected command needing confirmation: pnpm install
[Executor] onQuestion callback exists: true

[90mstdout[2m | src/planner.test.ts[2m > [22m[2mPlanner[2m > [22m[2mEdge Cases - Context Awareness (Phase 12)[2m > [22m[2mshould handle steps with both numeric and string dependencies
[22m[39m[Planner] Raw LLM Response:  [
  {"step": 1, "action": "read", "description": "Read", "path": "a.ts", "expectedOutcome": "Done"},
  {"step": 2, "action": "write", "description": "Write", "path": "b.ts", "expectedOutcome": "Done", "prompt": "Create", "dependsOn": [1]}
]
[Planner] Response length: [33m240[39m
[Planner] Steps sorted topologically: step_1 ΓåÆ step_2
[Planner] Pre-flight validation complete. Executor will handle content validation.

[90mstdout[2m | src/planner-coverage-focus.test.ts[2m > [22m[2mPlanner - Coverage Focus[2m > [22m[2mProgress Callback[2m > [22m[2m48. should include stage in progress callback
[22m[39m[Planner] Raw LLM Response:  [{"step": 1, "action": "read", "path": "a.tsx", "description": "Read"}]
[Planner] Response length: [33m71[39m
[Planner] Steps sorted topologically: step_1
[Planner] Pre-flight validation complete. Executor will handle content validation.

[90mstdout[2m | src/executor.test.ts[2m > [22m[2mExecutor[2m > [22m[2mFollow-up Questions (Priority 2.2)[2m > [22m[2mshould trigger question for various package manager and testing commands
[22m[39m[Executor] User answered: Yes, proceed
[Executor] User approved, proceeding with: pnpm install

[90mstdout[2m | src/planner.test.ts[2m > [22m[2mPlanner[2m > [22m[2mEdge Cases - Context Awareness (Phase 12)[2m > [22m[2mshould generate consistent taskId format
[22m[39m[Planner] Raw LLM Response:  [
  {"step": 1, "action": "read", "description": "Read", "path": "a.ts", "expectedOutcome": "Done"}
]
[Planner] Response length: [33m101[39m
[Planner] Steps sorted topologically: step_1
[Planner] Pre-flight validation complete. Executor will handle content validation.

[90mstdout[2m | src/planner-coverage-focus.test.ts[2m > [22m[2mPlanner - Coverage Focus[2m > [22m[2mSemantic Dependencies[2m > [22m[2m49. should parse semantic dependencies
[22m[39m[Planner] Raw LLM Response:  [
        {"step": 1, "action": "read", "path": "a.tsx", "description": "Read"},
        {"step": 2, "action": "write", "path": "b.tsx", "description": "Write", "semanticDependencies": ["a.tsx"]}
      ]
[Planner] Response length: [33m203[39m
[Planner] Steps sorted topologically: step_1 ΓåÆ step_2
[Planner] Pre-flight validation complete. Executor will handle content validation.

[90mstdout[2m | src/executor.test.ts[2m > [22m[2mExecutor[2m > [22m[2mFollow-up Questions (Priority 2.2)[2m > [22m[2mshould trigger question for various package manager and testing commands
[22m[39m[Executor] askClarification called for action: run, command: pytest tests/
[Executor] Detected command needing confirmation: pytest tests/
[Executor] onQuestion callback exists: true

[90mstdout[2m | src/planner.test.ts[2m > [22m[2mPlanner[2m > [22m[2mEdge Cases - Context Awareness (Phase 12)[2m > [22m[2mshould generate consistent taskId format
[22m[39m[Planner] Raw LLM Response:  [
  {"step": 1, "action": "read", "description": "Read", "path": "a.ts", "expectedOutcome": "Done"}
]
[Planner] Response length: [33m101[39m
[Planner] Steps sorted topologically: step_1
[Planner] Pre-flight validation complete. Executor will handle content validation.

[90mstdout[2m | src/test/executor-execution.test.ts[2m > [22m[2mExecutor Execution & Orchestration - Week 1 D5[2m > [22m[2mexecuteStep - Individual Step Execution[2m > [22m[2mshould execute run action
[22m[39m[Executor] Starting step 1: action=run, description=Run command
[Executor] About to ask clarification for run command: echo test
[Executor] askClarification called for action: run, command: echo test

[90mstdout[2m | src/planner-coverage-focus.test.ts[2m > [22m[2mPlanner - Coverage Focus[2m > [22m[2mSemantic Dependencies[2m > [22m[2m50. should handle multiple semantic dependencies
[22m[39m[Planner] Raw LLM Response:  [
        {"step": 1, "action": "read", "path": "util.ts", "description": "Read util"},
        {"step": 2, "action": "read", "path": "types.ts", "description": "Read types"},
        {"step": 3, "action": "write", "path": "component.tsx", "description": "Write", "semanticDependencies": ["util.ts", "types.ts"]}
      ]
[Planner] Response length: [33m320[39m
[Planner] Steps sorted topologically: step_1 ΓåÆ step_2 ΓåÆ step_3
[Planner] Pre-flight validation complete. Executor will handle content validation.

[90mstdout[2m | src/executor.test.ts[2m > [22m[2mExecutor[2m > [22m[2mFollow-up Questions (Priority 2.2)[2m > [22m[2mshould trigger question for various package manager and testing commands
[22m[39m[Executor] User answered: Yes, proceed
[Executor] User approved, proceeding with: pytest tests/

[90mstdout[2m | src/planner.test.ts[2m > [22m[2mPlanner[2m > [22m[2mEdge Cases - Context Awareness (Phase 12)[2m > [22m[2mshould preserve generatedAt timestamp within reasonable bounds
[22m[39m[Planner] Raw LLM Response:  [
  {"step": 1, "action": "read", "description": "Read", "path": "a.ts", "expectedOutcome": "Done"}
]
[Planner] Response length: [33m101[39m
[Planner] Steps sorted topologically: step_1
[Planner] Pre-flight validation complete. Executor will handle content validation.

[90mstdout[2m | src/planner-coverage-focus.test.ts[2m > [22m[2mPlanner - Coverage Focus[2m > [22m[2mEdge Cases[2m > [22m[2m51. should handle step with all required fields
[22m[39m[Planner] Raw LLM Response:  [{"step": 1, "action": "read", "path": "a.tsx", "description": "Minimal read"}]
[Planner] Response length: [33m79[39m
[Planner] Steps sorted topologically: step_1
[Planner] Pre-flight validation complete. Executor will handle content validation.

[90mstdout[2m | src/executor.test.ts[2m > [22m[2mExecutor[2m > [22m[2mFollow-up Questions (Priority 2.2)[2m > [22m[2mshould trigger question for various package manager and testing commands
[22m[39m[Executor] askClarification called for action: run, command: docker compose up
[Executor] Detected command needing confirmation: docker compose up
[Executor] onQuestion callback exists: true

[90mstdout[2m | src/planner.test.ts[2m > [22m[2mPlanner[2m > [22m[2mPrivate Helper Methods - Edge Cases (Phase 12+)[2m > [22m[2mshould handle buildPlanPrompt with project context
[22m[39m[Planner] Raw LLM Response:  [
  {"step": 1, "action": "write", "description": "Create component", "path": "src/components/Test.tsx", "expectedOutcome": "Created"}
]
[Planner] Response length: [33m136[39m
[Planner] Steps sorted topologically: step_1
[Planner] Pre-flight validation complete. Executor will handle content validation.

[90mstdout[2m | src/planner-coverage-focus.test.ts[2m > [22m[2mPlanner - Coverage Focus[2m > [22m[2mEdge Cases[2m > [22m[2m52. should handle step with extra unknown fields
[22m[39m[Planner] Raw LLM Response:  [{"step": 1, "action": "read", "path": "a.tsx", "unknownField": "value", "description": "Read"}]
[Planner] Response length: [33m96[39m
[Planner] Steps sorted topologically: step_1
[Planner] Pre-flight validation complete. Executor will handle content validation.

[90mstdout[2m | src/executor.test.ts[2m > [22m[2mExecutor[2m > [22m[2mFollow-up Questions (Priority 2.2)[2m > [22m[2mshould trigger question for various package manager and testing commands
[22m[39m[Executor] User answered: Yes, proceed
[Executor] User approved, proceeding with: docker compose up

[90mstdout[2m | src/planner.test.ts[2m > [22m[2mPlanner[2m > [22m[2mPrivate Helper Methods - Edge Cases (Phase 12+)[2m > [22m[2mshould handle empty dependencies in topological sort
[22m[39m[Planner] Raw LLM Response:  [
  {"step": 1, "action": "read", "description": "Read A", "path": "a.ts", "expectedOutcome": "Done"},
  {"step": 2, "action": "read", "description": "Read B", "path": "b.ts", "expectedOutcome": "Done"},
  {"step": 3, "action": "read", "description": "Read C", "path": "c.ts", "expectedOutcome": "Done"}
]
[Planner] Response length: [33m305[39m
[Planner] Steps sorted topologically: step_1 ΓåÆ step_2 ΓåÆ step_3
[Planner] Pre-flight validation complete. Executor will handle content validation.

[90mstdout[2m | src/planner-coverage-focus.test.ts[2m > [22m[2mPlanner - Coverage Focus[2m > [22m[2mEdge Cases[2m > [22m[2m53. should handle very long description
[22m[39m[Planner] Raw LLM Response:  [{"step": 1, "action": "read", "path": "a.tsx", "description": "This is a very long description that goes on and on and on This is a very long description that goes on and on and on This is a very long description that goes on and on and on This is a very long description that goes on and on and on This is a very long description that goes on and on and on This is a very long description that goes on and on and on This is a very long description that goes on and on and on This is a very long description that goes on and on and on This is a very long description that goes on and on and on This is a very long description that goes on and on and on "}]
[Planner] Response length: [33m657[39m
[Planner] Steps sorted topologically: step_1
[Planner] Pre-flight validation complete. Executor will handle content validation.

[90mstdout[2m | src/planner.test.ts[2m > [22m[2mPlanner[2m > [22m[2mPrivate Helper Methods - Edge Cases (Phase 12+)[2m > [22m[2mshould handle large step numbers
[22m[39m[Planner] Raw LLM Response:  [
  {"step": 1, "action": "read", "description": "First", "path": "a.ts", "expectedOutcome": "Done"},
  {"step": 100, "action": "write", "description": "Hundredth", "path": "z.ts", "expectedOutcome": "Done", "prompt": "Create"}
]
[Planner] Response length: [33m229[39m
[Planner] Steps sorted topologically: step_1 ΓåÆ step_100
[Planner] Pre-flight validation complete. Executor will handle content validation.

 [32mΓ£ô[39m src/test/executor-coverage-focus.test.ts [2m([22m[2m104 tests[22m[2m)[22m[32m 20[2mms[22m[39m
[90mstdout[2m | src/planner-coverage-focus.test.ts[2m > [22m[2mPlanner - Coverage Focus[2m > [22m[2mEdge Cases[2m > [22m[2m54. should handle escaped special characters in descriptions
[22m[39m[Planner] Raw LLM Response:  [{"step":1,"action":"read","path":"a.tsx","description":"Read & process <data> in quotes"}]
[Planner] Response length: [33m91[39m
[Planner] Steps sorted topologically: step_1
[Planner] Pre-flight validation complete. Executor will handle content validation.

[90mstdout[2m | src/planner.test.ts[2m > [22m[2mPlanner[2m > [22m[2mPrivate Helper Methods - Edge Cases (Phase 12+)[2m > [22m[2mshould handle steps with minimal required fields
[22m[39m[Planner] Raw LLM Response:  [
  {"step": 1, "action": "run", "description": "Test", "command": "npm test"}
]
[Planner] Response length: [33m80[39m
[Planner] Steps sorted topologically: step_1
[Planner] Pre-flight validation complete. Executor will handle content validation.

[90mstdout[2m | src/planner-coverage-focus.test.ts[2m > [22m[2mPlanner - Coverage Focus[2m > [22m[2mEdge Cases[2m > [22m[2m55. should handle unicode in descriptions
[22m[39m[Planner] Raw LLM Response:  [{"step": 1, "action": "read", "path": "a.tsx", "description": "Read µûçΣ╗╢ ┘à╪▒╪¡╪¿╪º"}]
[Planner] Response length: [33m80[39m
[Planner] Steps sorted topologically: step_1
[Planner] Pre-flight validation complete. Executor will handle content validation.

[90mstdout[2m | src/executor.test.ts[2m > [22m[2mExecutor[2m > [22m[2mFollow-up Questions (Priority 2.2)[2m > [22m[2mshould trigger question for various package manager and testing commands
[22m[39m[Executor] askClarification called for action: run, command: npm run dev
[Executor] Detected command needing confirmation: npm run dev
[Executor] onQuestion callback exists: true

[90mstdout[2m | src/planner.test.ts[2m > [22m[2mPlanner[2m > [22m[2mPrivate Helper Methods - Edge Cases (Phase 12+)[2m > [22m[2mshould extract reasoning fallback on missing section
[22m[39m[Planner] Raw LLM Response:  Some initial context about the approach here.

[
  {"step": 1, "action": "read", "description": "Read", "path": "a.ts", "expectedOutcome": "Done"}
]
[Planner] Response length: [33m148[39m
[Planner] Steps sorted topologically: step_1
[Planner] Pre-flight validation complete. Executor will handle content validation.

[90mstdout[2m | src/test/executor-execution.test.ts[2m > [22m[2mExecutor Execution & Orchestration - Week 1 D5[2m > [22m[2mexecuteStep - Individual Step Execution[2m > [22m[2mshould execute run action
[22m[39m[Executor] askClarification returned: step
[Executor] Environment PATH: C:\Program Files\nodejs;C:\Program Files (x86)\nodejs;C:\Users\odanree\AppData\Roaming\npm;C:\Users\...
[Executor] SystemRoot: C:\Windows
[Executor] ComSpec: cmd.exe
[Executor] Platform: win32
[Executor] Executing command: echo test
[Executor] Platform: win32
[Executor] Using shell: cmd.exe

[90mstdout[2m | src/planner-coverage-focus.test.ts[2m > [22m[2mPlanner - Coverage Focus[2m > [22m[2mTopological Sorting[2m > [22m[2m56. should preserve order for independent steps
[22m[39m[Planner] Raw LLM Response:  [
        {"step": 1, "action": "read", "path": "a.tsx", "description": "A"},
        {"step": 2, "action": "read", "path": "b.tsx", "description": "B"}
      ]
[Planner] Response length: [33m160[39m
[Planner] Steps sorted topologically: step_1 ΓåÆ step_2
[Planner] Pre-flight validation complete. Executor will handle content validation.

[90mstdout[2m | src/executor.test.ts[2m > [22m[2mExecutor[2m > [22m[2mFollow-up Questions (Priority 2.2)[2m > [22m[2mshould trigger question for various package manager and testing commands
[22m[39m[Executor] User answered: Yes, proceed
[Executor] User approved, proceeding with: npm run dev

[90mstdout[2m | src/planner.test.ts[2m > [22m[2mPlanner[2m > [22m[2mPrivate Helper Methods - Edge Cases (Phase 12+)[2m > [22m[2mshould handle dependencies as both array and string formats
[22m[39m[Planner] Raw LLM Response:  [
  {"step": 1, "action": "read", "description": "Config", "path": "config.ts", "expectedOutcome": "Done"},
  {"step": 2, "action": "write", "description": "App", "path": "app.ts", "prompt": "Create", "expectedOutcome": "Done", "dependsOn": "step_1"}
]
[Planner] Response length: [33m252[39m
[Planner] Steps sorted topologically: step_1 ΓåÆ step_2
[Planner] Pre-flight validation complete. Executor will handle content validation.

[90mstdout[2m | src/test/executor-execution.test.ts[2m > [22m[2mExecutor Execution & Orchestration - Week 1 D5[2m > [22m[2mexecuteStep - Individual Step Execution[2m > [22m[2mshould handle step with description
[22m[39m[Executor] Starting step 1: action=read, description=Read important file for setup
[Executor.executeRead] Step details: {
  stepId: [33m1[39m,
  action: [32m'read'[39m,
  path: [32m'src/file.ts'[39m,
  targetFile: [90mundefined[39m,
  command: [90mundefined[39m,
  description: [32m'Read important file for setup'[39m
}

[90mstdout[2m | src/planner-coverage-focus.test.ts[2m > [22m[2mPlanner - Coverage Focus[2m > [22m[2mTopological Sorting[2m > [22m[2m57. should reorder for simple dependencies
[22m[39m[Planner] Raw LLM Response:  [
        {"step": 1, "action": "write", "path": "a.tsx", "description": "A", "dependsOn": [2]},
        {"step": 2, "action": "read", "path": "b.tsx", "description": "B"}
      ]
[Planner] Response length: [33m179[39m
[Planner] Steps sorted topologically: step_2 ΓåÆ step_1
[Planner] Pre-flight validation complete. Executor will handle content validation.

[90mstdout[2m | src/executor.test.ts[2m > [22m[2mExecutor[2m > [22m[2mFollow-up Questions (Priority 2.2)[2m > [22m[2mshould not trigger question for simple utility commands
[22m[39m[Executor] askClarification called for action: run, command: ls -la

[90mstdout[2m | src/planner.test.ts[2m > [22m[2mPlanner[2m > [22m[2mPrivate Helper Methods - Edge Cases (Phase 12+)[2m > [22m[2mshould handle template key mapping for cn.ts
[22m[39m[Planner] Raw LLM Response:  [
  {"step": 1, "action": "write", "description": "Create cn utility", "path": "src/utils/cn.ts", "expectedOutcome": "Created"}
]
[Planner] Response length: [33m129[39m
[Planner] Steps sorted topologically: step_1
[Planner] Pre-flight check for src/utils/cn.ts:
  Required: Named import from clsx (NOT default), twMerge wraps clsx, Arrow function (const = () =>), ClassValue type import
  Avoid: import clsx from "clsx", import clsx from "classnames"
[Planner] Step step_1 (src/utils/cn.ts) will be validated during execution
[Planner] Pre-flight validation complete. Executor will handle content validation.

[90mstdout[2m | src/test/executor-execution.test.ts[2m > [22m[2mExecutor Execution & Orchestration - Week 1 D5[2m > [22m[2mexecuteStep - Individual Step Execution[2m > [22m[2mshould return step result with output
[22m[39m[Executor] Starting step 1: action=read, description=Read file
[Executor.executeRead] Step details: {
  stepId: [33m1[39m,
  action: [32m'read'[39m,
  path: [32m'src/file.ts'[39m,
  targetFile: [90mundefined[39m,
  command: [90mundefined[39m,
  description: [32m'Read file'[39m
}

[90mstdout[2m | src/planner-coverage-focus.test.ts[2m > [22m[2mPlanner - Coverage Focus[2m > [22m[2mTopological Sorting[2m > [22m[2m58. should handle already sorted steps
[22m[39m[Planner] Raw LLM Response:  [
        {"step": 1, "action": "read", "path": "a.tsx", "description": "A"},
        {"step": 2, "action": "write", "path": "b.tsx", "description": "B", "dependsOn": [1]},
        {"step": 3, "action": "run", "command": "npm test", "description": "C", "dependsOn": [2]}
      ]
[Planner] Response length: [33m278[39m
[Planner] Steps sorted topologically: step_1 ΓåÆ step_2 ΓåÆ step_3
[Planner] Pre-flight validation complete. Executor will handle content validation.

[90mstdout[2m | src/executor.test.ts[2m > [22m[2mExecutor[2m > [22m[2mFollow-up Questions (Priority 2.2)[2m > [22m[2mshould not trigger question for simple utility commands
[22m[39m[Executor] askClarification called for action: run, command: pwd

[90mstdout[2m | src/planner.test.ts[2m > [22m[2mPlanner[2m > [22m[2mPrivate Helper Methods - Edge Cases (Phase 12+)[2m > [22m[2mshould handle validation of plan against templates
[22m[39m[Planner] Raw LLM Response:  [
  {"step": 1, "action": "write", "description": "Create cn", "path": "src/utils/cn.ts", "expectedOutcome": "Created"}
]
[Planner] Response length: [33m121[39m
[Planner] Steps sorted topologically: step_1
[Planner] Pre-flight check for src/utils/cn.ts:
  Required: Named import from clsx (NOT default), twMerge wraps clsx, Arrow function (const = () =>), ClassValue type import
  Avoid: import clsx from "clsx", import clsx from "classnames"
[Planner] Step step_1 (src/utils/cn.ts) will be validated during execution
[Planner] Pre-flight validation complete. Executor will handle content validation.

[90mstdout[2m | src/test/executor-execution.test.ts[2m > [22m[2mExecutor Execution & Orchestration - Week 1 D5[2m > [22m[2mexecuteRead - Read Operations[2m > [22m[2mshould read TypeScript file
[22m[39m[Executor.executeRead] Step details: {
  stepId: [33m1[39m,
  action: [32m'read'[39m,
  path: [32m'src/utils/helper.ts'[39m,
  targetFile: [90mundefined[39m,
  command: [90mundefined[39m,
  description: [32m'Read helper utilities'[39m
}

[90mstdout[2m | src/planner-coverage-focus.test.ts[2m > [22m[2mPlanner - Coverage Focus[2m > [22m[2mPlan Structure Validation[2m > [22m[2m59. should have all core plan fields
[22m[39m[Planner] Raw LLM Response:  [{"step": 1, "action": "read", "path": "a.tsx", "description": "Read"}]
[Planner] Response length: [33m71[39m
[Planner] Steps sorted topologically: step_1
[Planner] Pre-flight validation complete. Executor will handle content validation.

[90mstdout[2m | src/executor.test.ts[2m > [22m[2mExecutor[2m > [22m[2mFollow-up Questions (Priority 2.2)[2m > [22m[2mshould not trigger question for simple utility commands
[22m[39m[Executor] askClarification called for action: run, command: echo hello

[90mstdout[2m | src/planner.test.ts[2m > [22m[2mPlanner[2m > [22m[2mPrivate Helper Methods - Edge Cases (Phase 12+)[2m > [22m[2mshould handle steps with delete action
[22m[39m[Planner] Raw LLM Response:  [
  {"step": 1, "action": "delete", "description": "Remove old file", "path": "src/old.ts", "expectedOutcome": "Deleted"}
]
[Planner] Response length: [33m123[39m
[Planner] Steps sorted topologically: step_1
[Planner] Pre-flight validation complete. Executor will handle content validation.

[90mstdout[2m | src/test/executor-execution.test.ts[2m > [22m[2mExecutor Execution & Orchestration - Week 1 D5[2m > [22m[2mexecuteRead - Read Operations[2m > [22m[2mshould read React component file
[22m[39m[Executor.executeRead] Step details: {
  stepId: [33m1[39m,
  action: [32m'read'[39m,
  path: [32m'src/components/Button.tsx'[39m,
  targetFile: [90mundefined[39m,
  command: [90mundefined[39m,
  description: [32m'Read Button component'[39m
}

[90mstdout[2m | src/planner-coverage-focus.test.ts[2m > [22m[2mPlanner - Coverage Focus[2m > [22m[2mPlan Structure Validation[2m > [22m[2m60. should have all required step fields
[22m[39m[Planner] Raw LLM Response:  [{"step": 1, "action": "read", "path": "a.tsx", "description": "Read"}]
[Planner] Response length: [33m71[39m
[Planner] Steps sorted topologically: step_1
[Planner] Pre-flight validation complete. Executor will handle content validation.

[90mstdout[2m | src/executor.test.ts[2m > [22m[2mExecutor[2m > [22m[2mFollow-up Questions (Priority 2.2)[2m > [22m[2mshould not trigger question for simple utility commands
[22m[39m[Executor] askClarification called for action: run, command: cat file.txt

[90mstdout[2m | src/planner.test.ts[2m > [22m[2mPlanner[2m > [22m[2mPrivate Helper Methods - Edge Cases (Phase 12+)[2m > [22m[2mshould handle invalid action type with graceful fallback
[22m[39m[Planner] Raw LLM Response:  [
  {"step": 1, "action": "analyze", "description": "Analyze code", "path": "src/app.ts", "expectedOutcome": "Done"}
]
[Planner] Response length: [33m118[39m
[Planner] Steps sorted topologically: step_1
[Planner] Pre-flight validation complete. Executor will handle content validation.

[90mstdout[2m | src/test/executor-execution.test.ts[2m > [22m[2mExecutor Execution & Orchestration - Week 1 D5[2m > [22m[2mexecuteRead - Read Operations[2m > [22m[2mshould read JSON configuration file
[22m[39m[Executor.executeRead] Step details: {
  stepId: [33m1[39m,
  action: [32m'read'[39m,
  path: [32m'tsconfig.json'[39m,
  targetFile: [90mundefined[39m,
  command: [90mundefined[39m,
  description: [32m'Read TypeScript config'[39m
}

[90mstdout[2m | src/planner-coverage-focus.test.ts[2m > [22m[2mPlanner - Coverage Focus[2m > [22m[2mGeneration Flow[2m > [22m[2m61. should call LLM with planner prompt
[22m[39m[Planner] Raw LLM Response:  [{"step": 1, "action": "read", "path": "a.tsx", "description": "Read"}]
[Planner] Response length: [33m71[39m
[Planner] Steps sorted topologically: step_1
[Planner] Pre-flight validation complete. Executor will handle content validation.

[90mstdout[2m | src/executor.test.ts[2m > [22m[2mExecutor[2m > [22m[2mWrite Operation Questions (Phase 2.2)[2m > [22m[2mshould trigger question for critical config files
[22m[39m[Executor] Starting step 1: action=write, description=Write package.json
[Executor] Detected risky write to: package.json
[Executor] onQuestion callback exists: true

[90mstderr[2m | src/planner.test.ts[2m > [22m[2mPlanner[2m > [22m[2mPrivate Helper Methods - Edge Cases (Phase 12+)[2m > [22m[2mshould handle invalid action type with graceful fallback
[22m[39mWarning: Invalid action "analyze", defaulting to "read"

[90mstdout[2m | src/test/executor-execution.test.ts[2m > [22m[2mExecutor Execution & Orchestration - Week 1 D5[2m > [22m[2mexecuteRead - Read Operations[2m > [22m[2mshould handle read with timeout
[22m[39m[Executor.executeRead] Step details: {
  stepId: [33m1[39m,
  action: [32m'read'[39m,
  path: [32m'src/large-file.ts'[39m,
  targetFile: [90mundefined[39m,
  command: [90mundefined[39m,
  description: [32m'Read large file'[39m
}

[90mstdout[2m | src/planner-coverage-focus.test.ts[2m > [22m[2mPlanner - Coverage Focus[2m > [22m[2mGeneration Flow[2m > [22m[2m62. should include request in LLM prompt
[22m[39m[Planner] Raw LLM Response:  [{"step": 1, "action": "read", "path": "a.tsx", "description": "Read"}]
[Planner] Response length: [33m71[39m
[Planner] Steps sorted topologically: step_1
[Planner] Pre-flight validation complete. Executor will handle content validation.

[90mstdout[2m | src/executor.test.ts[2m > [22m[2mExecutor[2m > [22m[2mWrite Operation Questions (Phase 2.2)[2m > [22m[2mshould trigger question for critical config files
[22m[39m[Executor] User answered for write: Yes, write the file

[90mstdout[2m | src/planner.test.ts[2m > [22m[2mPlanner[2m > [22m[2mPrivate Helper Methods - Edge Cases (Phase 12+)[2m > [22m[2mshould handle very long description fields
[22m[39m[Planner] Raw LLM Response:  [
  {"step": 1, "action": "read", "description": "AAAAAAAAAAAAAAAAAAAAAAAAAAAAAAAAAAAAAAAAAAAAAAAAAAAAAAAAAAAAAAAAAAAAAAAAAAAAAAAAAAAAAAAAAAAAAAAAAAAAAAAAAAAAAAAAAAAAAAAAAAAAAAAAAAAAAAAAAAAAAAAAAAAAAAAAAAAAAAAAAAAAAAAAAAAAAAAAAAAAAAAAAAAAAAAAAAAAAAAAAAAAAAAAAAAAAAAAAAAAAAAAAAAAAAAAAAAAAAAAAAAAAAAAAAAAAAAAAAAAAAAAAAAAAAAAAAAAAAAAAAAAAAAAAAAAAAAAAAAAAAAAAAAAAAAAAAAAAAAAAAAAAAAAAAAAAAAAAAAAAAAAAAAAAAAAAAAAAAAAAAAAAAAAAAAAAAAAAAAAAAAAAAAAAAAAAAAAAAAAAAAAAAAAAAAAAAAAAAAAAAAAAAAAAAAAAAAAAAAAAAAAAAAAAAAAAAAAAAAAAAAAAAAAAAAAAAAAAAAAAAAAAAAAAAAAAAAAAAAA", "path": "a.ts", "expectedOutcome": "Done"}
]
[Planner] Response length: [33m597[39m
[Planner] Steps sorted topologically: step_1
[Planner] Pre-flight validation complete. Executor will handle content validation.

[90mstdout[2m | src/test/executor-execution.test.ts[2m > [22m[2mExecutor Execution & Orchestration - Week 1 D5[2m > [22m[2mexecuteRead - Read Operations[2m > [22m[2mshould track read operation timing
[22m[39m[Executor.executeRead] Step details: {
  stepId: [33m1[39m,
  action: [32m'read'[39m,
  path: [32m'src/file.ts'[39m,
  targetFile: [90mundefined[39m,
  command: [90mundefined[39m,
  description: [32m'Read file'[39m
}

[90mstdout[2m | src/executor.test.ts[2m > [22m[2mExecutor[2m > [22m[2mWrite Operation Questions (Phase 2.2)[2m > [22m[2mshould trigger question for environment config files
[22m[39m[Executor] Starting step 1: action=write, description=Write .env file
[Executor] Detected risky write to: .env
[Executor] onQuestion callback exists: true

[90mstdout[2m | src/planner.test.ts[2m > [22m[2mPlanner[2m > [22m[2mPrivate Helper Methods - Edge Cases (Phase 12+)[2m > [22m[2mshould handle steps with alternative field names
[22m[39m[Planner] Raw LLM Response:  [
  {"step": 1, "action": "read", "description": "Read file", "filePath": "src/test.ts", "expectedOutcome": "Done"}
]
[Planner] Response length: [33m117[39m
[Planner] Steps sorted topologically: step_1
[Planner] Pre-flight validation complete. Executor will handle content validation.

[90mstdout[2m | src/test/executor-execution.test.ts[2m > [22m[2mExecutor Execution & Orchestration - Week 1 D5[2m > [22m[2mexecuteWrite - Write Operations[2m > [22m[2mshould write React component
[22m[39m[Executor] Γ£à Injecting required React imports for NewComponent.tsx

[90mstdout[2m | src/executor.test.ts[2m > [22m[2mExecutor[2m > [22m[2mWrite Operation Questions (Phase 2.2)[2m > [22m[2mshould trigger question for environment config files
[22m[39m[Executor] User answered for write: Yes, write the file

[90mstdout[2m | src/test/executor-execution.test.ts[2m > [22m[2mExecutor Execution & Orchestration - Week 1 D5[2m > [22m[2mexecuteWrite - Write Operations[2m > [22m[2mshould write configuration file
[22m[39m[Executor] Detected risky write to: .env.local
[Executor] onQuestion callback exists: false

 [32mΓ£ô[39m src/planner-coverage-focus.test.ts [2m([22m[2m62 tests[22m[2m)[22m[32m 24[2mms[22m[39m
[90mstdout[2m | src/executor.test.ts[2m > [22m[2mExecutor[2m > [22m[2mWrite Operation Questions (Phase 2.2)[2m > [22m[2mshould NOT trigger question for simple text files
[22m[39m[Executor] Starting step 1: action=write, description=Write output.txt

[90mstdout[2m | src/test/executor-execution.test.ts[2m > [22m[2mExecutor Execution & Orchestration - Week 1 D5[2m > [22m[2mexecuteWrite - Write Operations[2m > [22m[2mshould write configuration file
[22m[39m[Executor] User answered for write: undefined

[90mstdout[2m | src/executor.test.ts[2m > [22m[2mExecutor[2m > [22m[2mWrite Operation Questions (Phase 2.2)[2m > [22m[2mshould handle user skipping a risky write operation
[22m[39m[Executor] Starting step 1: action=write, description=Write tsconfig.json
[Executor] Detected risky write to: tsconfig.json
[Executor] onQuestion callback exists: true

 [32mΓ£ô[39m src/planner.test.ts [2m([22m[2m60 tests[22m[2m)[22m[32m 36[2mms[22m[39m
[90mstdout[2m | src/test/executor-execution.test.ts[2m > [22m[2mExecutor Execution & Orchestration - Week 1 D5[2m > [22m[2mexecuteWrite - Write Operations[2m > [22m[2mshould handle write with validation
[22m[39m[Executor] Γ£à Injecting required React imports for component.tsx

[90mstdout[2m | src/executor.test.ts[2m > [22m[2mExecutor[2m > [22m[2mWrite Operation Questions (Phase 2.2)[2m > [22m[2mshould handle user skipping a risky write operation
[22m[39m[Executor] User answered for write: No, skip this step

[90mstdout[2m | src/utils/workspaceDetector.test.ts[2m > [22m[2mWorkspaceDetector[2m > [22m[2mMultiple Workspaces Detection[2m > [22m[2mshould detect multiple workspaces
[22m[39m[WorkspaceDetector] Scanning from: C:\Users\Danh\AppData\Local\Temp\workspace-detector-hn9dFI
[WorkspaceDetector] Start path was: C:\Users\Danh\AppData\Local\Temp\workspace-detector-hn9dFI
[WorkspaceDetector] Found entries: [ [32m'project1'[39m, [32m'project2'[39m, [32m'project3'[39m ]
[WorkspaceDetector] Detected: project1 { type: [32m'node'[39m, confidence: [32m'0.40'[39m, indicators: [ [32m'package.json'[39m ] }
[WorkspaceDetector] Detected: project2 { type: [32m'node'[39m, confidence: [32m'0.40'[39m, indicators: [ [32m'package.json'[39m ] }
[WorkspaceDetector] Detected: project3 { type: [32m'node'[39m, confidence: [32m'0.40'[39m, indicators: [ [32m'package.json'[39m ] }
[WorkspaceDetector] Final result: 3 workspaces [
  { name: [32m'project1'[39m, confidence: [32m'0.40'[39m },
  { name: [32m'project2'[39m, confidence: [32m'0.40'[39m },
  { name: [32m'project3'[39m, confidence: [32m'0.40'[39m }
]

[90mstdout[2m | src/test/executor-execution.test.ts[2m > [22m[2mExecutor Execution & Orchestration - Week 1 D5[2m > [22m[2mexecuteRun - Command Execution[2m > [22m[2mshould execute npm command
[22m[39m[Executor] Environment PATH: C:\Program Files\nodejs;C:\Program Files (x86)\nodejs;C:\Users\odanree\AppData\Roaming\npm;C:\Users\...
[Executor] SystemRoot: C:\Windows
[Executor] ComSpec: cmd.exe
[Executor] Platform: win32
[Executor] Executing command: npm install
[Executor] Platform: win32
[Executor] Using shell: cmd.exe

[90mstdout[2m | src/executor.test.ts[2m > [22m[2mExecutor[2m > [22m[2mWrite Operation Questions (Phase 2.2)[2m > [22m[2mshould trigger question for Dockerfile and compose files
[22m[39m[Executor] Starting step 1: action=write, description=Write Dockerfile
[Executor] Detected risky write to: Dockerfile
[Executor] onQuestion callback exists: true

[90mstdout[2m | src/test/executor-execution.test.ts[2m > [22m[2mExecutor Execution & Orchestration - Week 1 D5[2m > [22m[2mexecuteRun - Command Execution[2m > [22m[2mshould execute build command
[22m[39m[Executor] Environment PATH: C:\Program Files\nodejs;C:\Program Files (x86)\nodejs;C:\Users\odanree\AppData\Roaming\npm;C:\Users\...
[Executor] SystemRoot: C:\Windows
[Executor] ComSpec: cmd.exe
[Executor] Platform: win32
[Executor] Executing command: npm run build
[Executor] Platform: win32
[Executor] Using shell: cmd.exe

[90mstdout[2m | src/executor.test.ts[2m > [22m[2mExecutor[2m > [22m[2mWrite Operation Questions (Phase 2.2)[2m > [22m[2mshould trigger question for Dockerfile and compose files
[22m[39m[Executor] User answered for write: Yes, write the file

[90mstdout[2m | src/test/executor-execution.test.ts[2m > [22m[2mExecutor Execution & Orchestration - Week 1 D5[2m > [22m[2mexecuteRun - Command Execution[2m > [22m[2mshould execute test command
[22m[39m[Executor] Environment PATH: C:\Program Files\nodejs;C:\Program Files (x86)\nodejs;C:\Users\odanree\AppData\Roaming\npm;C:\Users\...
[Executor] SystemRoot: C:\Windows
[Executor] ComSpec: cmd.exe
[Executor] Platform: win32
[Executor] Executing command: npm test
[Executor] Platform: win32
[Executor] Using shell: cmd.exe

[90mstdout[2m | src/executor.test.ts[2m > [22m[2mExecutor[2m > [22m[2mExecutor Implementation Details (Phase 10)[2m > [22m[2mshould validate step contract before execution
[22m[39m[Executor] Starting step 1: action=read, description=Read test
[Executor.executeRead] Step details: {
  stepId: [33m1[39m,
  action: [32m'read'[39m,
  path: [32m'test.ts'[39m,
  targetFile: [90mundefined[39m,
  command: [90mundefined[39m,
  description: [32m'Read test'[39m
}

[90mstdout[2m | src/test/executor-execution.test.ts[2m > [22m[2mExecutor Execution & Orchestration - Week 1 D5[2m > [22m[2mexecuteRun - Command Execution[2m > [22m[2mshould handle command with long output
[22m[39m[Executor] Environment PATH: C:\Program Files\nodejs;C:\Program Files (x86)\nodejs;C:\Users\odanree\AppData\Roaming\npm;C:\Users\...
[Executor] SystemRoot: C:\Windows
[Executor] ComSpec: cmd.exe
[Executor] Platform: win32
[Executor] Executing command: npm run build -- --verbose
[Executor] Platform: win32
[Executor] Using shell: cmd.exe

[90mstdout[2m | src/executor.test.ts[2m > [22m[2mExecutor[2m > [22m[2mExecutor Implementation Details (Phase 10)[2m > [22m[2mshould track execution duration for each step
[22m[39m[Executor] Starting step 1: action=read, description=Read test
[Executor.executeRead] Step details: {
  stepId: [33m1[39m,
  action: [32m'read'[39m,
  path: [32m'test.ts'[39m,
  targetFile: [90mundefined[39m,
  command: [90mundefined[39m,
  description: [32m'Read test'[39m
}

[90mstdout[2m | src/test/executor-execution.test.ts[2m > [22m[2mExecutor Execution & Orchestration - Week 1 D5[2m > [22m[2mexecuteRun - Command Execution[2m > [22m[2mshould track command execution timing
[22m[39m[Executor] Environment PATH: C:\Program Files\nodejs;C:\Program Files (x86)\nodejs;C:\Users\odanree\AppData\Roaming\npm;C:\Users\...
[Executor] SystemRoot: C:\Windows
[Executor] ComSpec: cmd.exe
[Executor] Platform: win32
[Executor] Executing command: echo test
[Executor] Platform: win32
[Executor] Using shell: cmd.exe

[90mstderr[2m | src/executor.test.ts[2m > [22m[2mExecutor[2m > [22m[2mExecutor Implementation Details (Phase 10)[2m > [22m[2mshould handle step with missing action gracefully
[22m[39m[Executor] Schema Violation for Step 1: Validator Gate Failed: Step 1 missing action (string). Received: undefined - "undefined". Cannot determine what operation to perform.

[90mstdout[2m | src/test/executor-execution.test.ts[2m > [22m[2mExecutor Execution & Orchestration - Week 1 D5[2m > [22m[2mOrchestration - Sequential Execution[2m > [22m[2mshould execute steps in order
[22m[39m[Executor] No workspace in plan, using default: /test/workspace

[90mstderr[2m | src/executor.test.ts[2m > [22m[2mExecutor[2m > [22m[2mExecutor Implementation Details (Phase 10)[2m > [22m[2mshould handle step with invalid action type
[22m[39m[Executor] Schema Violation for Step 1: Schema Violation: Action "teleport" is not a valid executor action. Valid actions: read, write, run, delete, manual. Manager-level tasks (ANALYZE, 
REVIEW) must be performed in the Planner, not the Executor.

[90mstdout[2m | src/test/executor-execution.test.ts[2m > [22m[2mExecutor Execution & Orchestration - Week 1 D5[2m > [22m[2mOrchestration - Sequential Execution[2m > [22m[2mshould execute steps in order
[22m[39m[Executor] Starting step 1: action=read, description=Step 1
[Executor.executeRead] Step details: {
  stepId: [33m1[39m,
  action: [32m'read'[39m,
  path: [32m'file1.ts'[39m,
  targetFile: [90mundefined[39m,
  command: [90mundefined[39m,
  description: [32m'Step 1'[39m
}

[90mstdout[2m | src/executor.test.ts[2m > [22m[2mExecutor[2m > [22m[2mExecutor Implementation Details (Phase 10)[2m > [22m[2mshould handle multiple sequential steps
[22m[39m[Executor] Starting step 1: action=read, description=Step 1
[Executor.executeRead] Step details: {
  stepId: [33m1[39m,
  action: [32m'read'[39m,
  path: [32m'file1.ts'[39m,
  targetFile: [90mundefined[39m,
  command: [90mundefined[39m,
  description: [32m'Step 1'[39m
}

[90mstdout[2m | src/test/executor-execution.test.ts[2m > [22m[2mExecutor Execution & Orchestration - Week 1 D5[2m > [22m[2mOrchestration - Sequential Execution[2m > [22m[2mshould execute steps in order
[22m[39m[Executor] Starting step 2: action=read, description=Step 2
[Executor.executeRead] Step details: {
  stepId: [33m2[39m,
  action: [32m'read'[39m,
  path: [32m'file2.ts'[39m,
  targetFile: [90mundefined[39m,
  command: [90mundefined[39m,
  description: [32m'Step 2'[39m
}

[90mstdout[2m | src/executor.test.ts[2m > [22m[2mExecutor[2m > [22m[2mExecutor Implementation Details (Phase 10)[2m > [22m[2mshould handle multiple sequential steps
[22m[39m[Executor] Starting step 2: action=read, description=Step 2
[Executor.executeRead] Step details: {
  stepId: [33m2[39m,
  action: [32m'read'[39m,
  path: [32m'file2.ts'[39m,
  targetFile: [90mundefined[39m,
  command: [90mundefined[39m,
  description: [32m'Step 2'[39m
}

[90mstdout[2m | src/test/executor-execution.test.ts[2m > [22m[2mExecutor Execution & Orchestration - Week 1 D5[2m > [22m[2mOrchestration - Sequential Execution[2m > [22m[2mshould execute steps in order
[22m[39m[Executor] Starting step 3: action=read, description=Step 3
[Executor.executeRead] Step details: {
  stepId: [33m3[39m,
  action: [32m'read'[39m,
  path: [32m'file3.ts'[39m,
  targetFile: [90mundefined[39m,
  command: [90mundefined[39m,
  description: [32m'Step 3'[39m
}

[90mstderr[2m | src/executor.test.ts[2m > [22m[2mExecutor[2m > [22m[2mExecutor Implementation Details (Phase 10)[2m > [22m[2mshould provide error messages with context
[22m[39m[Executor] Schema Violation for Step 1: Schema Violation: Action "invalid" is not a valid executor action. Valid actions: read, write, run, delete, manual. Manager-level tasks (ANALYZE, REVIEW) 
must be performed in the Planner, not the Executor.

[90mstdout[2m | src/test/executor-execution.test.ts[2m > [22m[2mExecutor Execution & Orchestration - Week 1 D5[2m > [22m[2mOrchestration - Sequential Execution[2m > [22m[2mshould handle plan cancellation
[22m[39m[Executor] No workspace in plan, using default: /test/workspace

[90mstdout[2m | src/executor.test.ts[2m > [22m[2mExecutor[2m > [22m[2mExecutor Implementation Details (Phase 10)[2m > [22m[2mshould handle write step with generated content
[22m[39m[Executor] Starting step 1: action=write, description=Write generated code

[90mstdout[2m | src/test/executor-execution.test.ts[2m > [22m[2mExecutor Execution & Orchestration - Week 1 D5[2m > [22m[2mOrchestration - Sequential Execution[2m > [22m[2mshould handle plan cancellation
[22m[39m[Executor] Starting step 1: action=read, description=Read
[Executor.executeRead] Step details: {
  stepId: [33m1[39m,
  action: [32m'read'[39m,
  path: [32m'file.ts'[39m,
  targetFile: [90mundefined[39m,
  command: [90mundefined[39m,
  description: [32m'Read'[39m
}

[90mstdout[2m | src/executor.test.ts[2m > [22m[2mExecutor[2m > [22m[2mExecutor Implementation Details (Phase 10)[2m > [22m[2mshould handle step execution state
[22m[39m[Executor] Starting step 1: action=read, description=Read
[Executor.executeRead] Step details: {
  stepId: [33m1[39m,
  action: [32m'read'[39m,
  path: [32m'test.ts'[39m,
  targetFile: [90mundefined[39m,
  command: [90mundefined[39m,
  description: [32m'Read'[39m
}

[90mstdout[2m | src/test/executor-execution.test.ts[2m > [22m[2mExecutor Execution & Orchestration - Week 1 D5[2m > [22m[2mOrchestration - Sequential Execution[2m > [22m[2mshould handle step result aggregation
[22m[39m[Executor] No workspace in plan, using default: /test/workspace

[90mstdout[2m | src/executor.test.ts[2m > [22m[2mExecutor[2m > [22m[2mExecutor Implementation Details (Phase 10)[2m > [22m[2mshould handle delete step
[22m[39m[Executor] Starting step 1: action=delete, description=Delete old file

[90mstdout[2m | src/test/executor-execution.test.ts[2m > [22m[2mExecutor Execution & Orchestration - Week 1 D5[2m > [22m[2mOrchestration - Sequential Execution[2m > [22m[2mshould handle step result aggregation
[22m[39m[Executor] Starting step 1: action=read, description=Read 1
[Executor.executeRead] Step details: {
  stepId: [33m1[39m,
  action: [32m'read'[39m,
  path: [32m'file1.ts'[39m,
  targetFile: [90mundefined[39m,
  command: [90mundefined[39m,
  description: [32m'Read 1'[39m
}

[90mstdout[2m | src/executor.test.ts[2m > [22m[2mExecutor[2m > [22m[2mExecutor Implementation Details (Phase 10)[2m > [22m[2mshould handle manual step type
[22m[39m[Executor] Intercepted manual step: "Manual step"

[90mstdout[2m | src/test/executor-execution.test.ts[2m > [22m[2mExecutor Execution & Orchestration - Week 1 D5[2m > [22m[2mOrchestration - Sequential Execution[2m > [22m[2mshould handle step result aggregation
[22m[39m[Executor] Starting step 2: action=read, description=Read 2
[Executor.executeRead] Step details: {
  stepId: [33m2[39m,
  action: [32m'read'[39m,
  path: [32m'file2.ts'[39m,
  targetFile: [90mundefined[39m,
  command: [90mundefined[39m,
  description: [32m'Read 2'[39m
}

[90mstdout[2m | src/executor.test.ts[2m > [22m[2mExecutor[2m > [22m[2mExecutor Implementation Details (Phase 10)[2m > [22m[2mshould handle executePlan with no steps
[22m[39m[Executor] No workspace in plan, using default: /workspace

[90mstdout[2m | src/test/executor-execution.test.ts[2m > [22m[2mExecutor Execution & Orchestration - Week 1 D5[2m > [22m[2mExecution Error Handling[2m > [22m[2mshould handle missing file error
[22m[39m[Executor] Starting step 1: action=read, description=Read missing file
[Executor.executeRead] Step details: {
  stepId: [33m1[39m,
  action: [32m'read'[39m,
  path: [32m'nonexistent.ts'[39m,
  targetFile: [90mundefined[39m,
  command: [90mundefined[39m,
  description: [32m'Read missing file'[39m
}

[90mstdout[2m | src/executor.test.ts[2m > [22m[2mExecutor[2m > [22m[2mExecutor Implementation Details (Phase 10)[2m > [22m[2mshould handle plan execution with callbacks
[22m[39m[Executor] No workspace in plan, using default: /workspace

[90mstdout[2m | src/test/executor-execution.test.ts[2m > [22m[2mExecutor Execution & Orchestration - Week 1 D5[2m > [22m[2mExecution Error Handling[2m > [22m[2mshould handle command execution error
[22m[39m[Executor] Environment PATH: C:\Program Files\nodejs;C:\Program Files (x86)\nodejs;C:\Users\odanree\AppData\Roaming\npm;C:\Users\...
[Executor] SystemRoot: C:\Windows
[Executor] ComSpec: cmd.exe
[Executor] Platform: win32
[Executor] Executing command: false
[Executor] Platform: win32
[Executor] Using shell: cmd.exe

[90mstdout[2m | src/test/executor-execution.test.ts[2m > [22m[2mExecutor Execution & Orchestration - Week 1 D5[2m > [22m[2mExecution Metadata Tracking[2m > [22m[2mshould track execution timing
[22m[39m[Executor] No workspace in plan, using default: /test/workspace

[90mstdout[2m | src/executor.test.ts[2m > [22m[2mExecutor[2m > [22m[2mExecutor Implementation Details (Phase 10)[2m > [22m[2mshould preserve plan state across executions
[22m[39m[Executor] Starting step 1: action=read, description=Read
[Executor.executeRead] Step details: {
  stepId: [33m1[39m,
  action: [32m'read'[39m,
  path: [32m'test.ts'[39m,
  targetFile: [90mundefined[39m,
  command: [90mundefined[39m,
  description: [32m'Read'[39m
}

[90mstdout[2m | src/test/executor-execution.test.ts[2m > [22m[2mExecutor Execution & Orchestration - Week 1 D5[2m > [22m[2mExecution Metadata Tracking[2m > [22m[2mshould track execution timing
[22m[39m[Executor] Starting step 1: action=read, description=Read
[Executor.executeRead] Step details: {
  stepId: [33m1[39m,
  action: [32m'read'[39m,
  path: [32m'file.ts'[39m,
  targetFile: [90mundefined[39m,
  command: [90mundefined[39m,
  description: [32m'Read'[39m
}

[90mstdout[2m | src/executor.test.ts[2m > [22m[2mExecutor[2m > [22m[2mExecutor Implementation Details (Phase 10)[2m > [22m[2mshould handle step fields with different types
[22m[39m[Executor] Starting step 1: action=write, description=Test

[90mstdout[2m | src/test/executor-execution.test.ts[2m > [22m[2mExecutor Execution & Orchestration - Week 1 D5[2m > [22m[2mExecution Metadata Tracking[2m > [22m[2mshould track step count
[22m[39m[Executor] No workspace in plan, using default: /test/workspace

[90mstdout[2m | src/executor.test.ts[2m > [22m[2mExecutor[2m > [22m[2mCommand Execution - executeRun (Phase 11)[2m > [22m[2mshould execute echo command successfully
[22m[39m[Executor] Intercepted manual step: "Echo test"

[90mstdout[2m | src/test/executor-execution.test.ts[2m > [22m[2mExecutor Execution & Orchestration - Week 1 D5[2m > [22m[2mExecution Metadata Tracking[2m > [22m[2mshould track step count
[22m[39m[Executor] Starting step 1: action=read, description=Step 1
[Executor.executeRead] Step details: {
  stepId: [33m1[39m,
  action: [32m'read'[39m,
  path: [32m'file1.ts'[39m,
  targetFile: [90mundefined[39m,
  command: [90mundefined[39m,
  description: [32m'Step 1'[39m
}

[90mstdout[2m | src/executor.test.ts[2m > [22m[2mExecutor[2m > [22m[2mCommand Execution - executeRun (Phase 11)[2m > [22m[2mshould execute pwd command
[22m[39m[Executor] Starting step 1: action=run, description=Print working directory
[Executor] About to ask clarification for run command: pwd
[Executor] askClarification called for action: run, command: pwd

[90mstdout[2m | src/test/executor-execution.test.ts[2m > [22m[2mExecutor Execution & Orchestration - Week 1 D5[2m > [22m[2mExecution Metadata Tracking[2m > [22m[2mshould track step count
[22m[39m[Executor] Starting step 2: action=read, description=Step 2
[Executor.executeRead] Step details: {
  stepId: [33m2[39m,
  action: [32m'read'[39m,
  path: [32m'file2.ts'[39m,
  targetFile: [90mundefined[39m,
  command: [90mundefined[39m,
  description: [32m'Step 2'[39m
}

[90mstdout[2m | src/executor.test.ts[2m > [22m[2mExecutor[2m > [22m[2mCommand Execution - executeRun (Phase 11)[2m > [22m[2mshould execute pwd command
[22m[39m[Executor] askClarification returned: step
[Executor] Environment PATH: C:\Program Files\nodejs;C:\Program Files (x86)\nodejs;C:\Users\odanree\AppData\Roaming\npm;C:\Users\...
[Executor] SystemRoot: C:\Windows
[Executor] ComSpec: cmd.exe
[Executor] Platform: win32
[Executor] Executing command: pwd
[Executor] Platform: win32
[Executor] Using shell: cmd.exe

[90mstdout[2m | src/test/executor-execution.test.ts[2m > [22m[2mExecutor Execution & Orchestration - Week 1 D5[2m > [22m[2mExecution Metadata Tracking[2m > [22m[2mshould provide execution summary
[22m[39m[Executor] No workspace in plan, using default: /test/workspace

[90mstdout[2m | src/test/executor-execution.test.ts[2m > [22m[2mExecutor Execution & Orchestration - Week 1 D5[2m > [22m[2mExecution Metadata Tracking[2m > [22m[2mshould provide execution summary
[22m[39m[Executor] Starting step 1: action=read, description=Read
[Executor.executeRead] Step details: {
  stepId: [33m1[39m,
  action: [32m'read'[39m,
  path: [32m'file.ts'[39m,
  targetFile: [90mundefined[39m,
  command: [90mundefined[39m,
  description: [32m'Read'[39m
}

[90mstdout[2m | src/executor.test.ts[2m > [22m[2mExecutor[2m > [22m[2mCommand Execution - executeRun (Phase 11)[2m > [22m[2mshould execute ls/dir command
[22m[39m[Executor] Starting step 1: action=run, description=List directory
[Executor] About to ask clarification for run command: dir
[Executor] askClarification called for action: run, command: dir

[90mstdout[2m | src/executor.test.ts[2m > [22m[2mExecutor[2m > [22m[2mCommand Execution - executeRun (Phase 11)[2m > [22m[2mshould execute ls/dir command
[22m[39m[Executor] askClarification returned: step
[Executor] Environment PATH: C:\Program Files\nodejs;C:\Program Files (x86)\nodejs;C:\Users\odanree\AppData\Roaming\npm;C:\Users\...
[Executor] SystemRoot: C:\Windows
[Executor] ComSpec: cmd.exe
[Executor] Platform: win32
[Executor] Executing command: dir
[Executor] Platform: win32
[Executor] Using shell: cmd.exe

[90mstdout[2m | src/executor.test.ts[2m > [22m[2mExecutor[2m > [22m[2mCommand Execution - executeRun (Phase 11)[2m > [22m[2mshould handle run commands with environment variables
[22m[39m[Executor] Starting step 1: action=run, description=Echo PATH
[Executor] About to ask clarification for run command: echo $PATH
[Executor] askClarification called for action: run, command: echo $PATH

 [32mΓ£ô[39m src/test/executor-execution.test.ts [2m([22m[2m35 tests[22m[2m)[22m[32m 41[2mms[22m[39m
[90mstdout[2m | src/executor.test.ts[2m > [22m[2mExecutor[2m > [22m[2mCommand Execution - executeRun (Phase 11)[2m > [22m[2mshould handle run commands with environment variables
[22m[39m[Executor] askClarification returned: step
[Executor] Environment PATH: C:\Program Files\nodejs;C:\Program Files (x86)\nodejs;C:\Users\odanree\AppData\Roaming\npm;C:\Users\...
[Executor] SystemRoot: C:\Windows
[Executor] ComSpec: cmd.exe
[Executor] Platform: win32
[Executor] Executing command: echo $PATH
[Executor] Platform: win32
[Executor] Using shell: cmd.exe

[90mstdout[2m | src/executor.test.ts[2m > [22m[2mExecutor[2m > [22m[2mCommand Execution - executeRun (Phase 11)[2m > [22m[2mshould handle multiline command
[22m[39m[Executor] Starting step 1: action=run, description=Multiline echo
[Executor] About to ask clarification for run command: echo "line1" && echo "line2"
[Executor] askClarification called for action: run, command: echo "line1" && echo "line2"

[90mstderr[2m | src/executor.test.ts[2m > [22m[2mExecutor[2m > [22m[2mExecutor Implementation Details (Phase 10)[2m > [22m[2mshould handle plan execution with callbacks
[22m[39m[Executor] Terminal failure at step 1: GREENFIELD_VIOLATION: Cannot READ from "test.ts" in empty workspace. First step must WRITE or INIT files. Are you missing a WRITE step?

[90mstderr[2m | src/executor.test.ts[2m > [22m[2mExecutor[2m > [22m[2mCommand Execution - executeRun (Phase 11)[2m > [22m[2mshould handle run step with no command provided
[22m[39m[Executor] CONTRACT_VIOLATION for Step 1: CONTRACT_VIOLATION: Action 'run' requires a command, but none was provided. Step: "Missing command"

[90mstdout[2m | src/executor.test.ts[2m > [22m[2mExecutor[2m > [22m[2mCommand Execution - executeRun (Phase 11)[2m > [22m[2mshould handle multiline command
[22m[39m[Executor] askClarification returned: step
[Executor] Environment PATH: C:\Program Files\nodejs;C:\Program Files (x86)\nodejs;C:\Users\odanree\AppData\Roaming\npm;C:\Users\...
[Executor] SystemRoot: C:\Windows
[Executor] ComSpec: cmd.exe
[Executor] Platform: win32
[Executor] Executing command: echo "line1" && echo "line2"
[Executor] Platform: win32
[Executor] Using shell: cmd.exe

[90mstdout[2m | src/executor.test.ts[2m > [22m[2mExecutor[2m > [22m[2mCommand Execution - executeRun (Phase 11)[2m > [22m[2mshould track command execution duration
[22m[39m[Executor] Starting step 1: action=run, description=Quick command
[Executor] About to ask clarification for run command: echo "quick"
[Executor] askClarification called for action: run, command: echo "quick"

[90mstdout[2m | src/executor.test.ts[2m > [22m[2mExecutor[2m > [22m[2mCommand Execution - executeRun (Phase 11)[2m > [22m[2mshould track command execution duration
[22m[39m[Executor] askClarification returned: step
[Executor] Environment PATH: C:\Program Files\nodejs;C:\Program Files (x86)\nodejs;C:\Users\odanree\AppData\Roaming\npm;C:\Users\...
[Executor] SystemRoot: C:\Windows
[Executor] ComSpec: cmd.exe
[Executor] Platform: win32
[Executor] Executing command: echo "quick"
[Executor] Platform: win32
[Executor] Using shell: cmd.exe

[90mstdout[2m | src/executor.test.ts[2m > [22m[2mExecutor[2m > [22m[2mCommand Execution - executeRun (Phase 11)[2m > [22m[2mshould handle run step result structure
[22m[39m[Executor] Intercepted manual step: "Structure test"

[90mstdout[2m | src/executor.test.ts[2m > [22m[2mExecutor[2m > [22m[2mCommand Execution - executeRun (Phase 11)[2m > [22m[2mshould handle nonexistent command gracefully
[22m[39m[Executor] Starting step 1: action=run, description=Nonexistent command
[Executor] About to ask clarification for run command: nonexistentcommand12345
[Executor] askClarification called for action: run, command: nonexistentcommand12345

[90mstdout[2m | src/executor.test.ts[2m > [22m[2mExecutor[2m > [22m[2mCommand Execution - executeRun (Phase 11)[2m > [22m[2mshould handle nonexistent command gracefully
[22m[39m[Executor] askClarification returned: step
[Executor] Environment PATH: C:\Program Files\nodejs;C:\Program Files (x86)\nodejs;C:\Users\odanree\AppData\Roaming\npm;C:\Users\...
[Executor] SystemRoot: C:\Windows
[Executor] ComSpec: cmd.exe
[Executor] Platform: win32
[Executor] Executing command: nonexistentcommand12345
[Executor] Platform: win32
[Executor] Using shell: cmd.exe

[90mstdout[2m | src/executor.test.ts[2m > [22m[2mExecutor[2m > [22m[2mCommand Execution - executeRun (Phase 11)[2m > [22m[2mshould handle command with pipes
[22m[39m[Executor] Starting step 1: action=run, description=Pipe command
[Executor] About to ask clarification for run command: echo "test output" | grep test
[Executor] askClarification called for action: run, command: echo "test output" | grep test

[90mstdout[2m | src/executor.test.ts[2m > [22m[2mExecutor[2m > [22m[2mCommand Execution - executeRun (Phase 11)[2m > [22m[2mshould handle command with pipes
[22m[39m[Executor] askClarification returned: step
[Executor] Environment PATH: C:\Program Files\nodejs;C:\Program Files (x86)\nodejs;C:\Users\odanree\AppData\Roaming\npm;C:\Users\...
[Executor] SystemRoot: C:\Windows
[Executor] ComSpec: cmd.exe
[Executor] Platform: win32
[Executor] Executing command: echo "test output" | grep test
[Executor] Platform: win32
[Executor] Using shell: cmd.exe

[90mstdout[2m | src/executor.test.ts[2m > [22m[2mExecutor[2m > [22m[2mCommand Execution - executeRun (Phase 11)[2m > [22m[2mshould handle command with redirects
[22m[39m[Executor] Starting step 1: action=run, description=Redirect to null
[Executor] About to ask clarification for run command: echo "output" > /dev/null
[Executor] askClarification called for action: run, command: echo "output" > /dev/null
[Executor] Detected command needing confirmation: echo "output" > /dev/null
[Executor] onQuestion callback exists: false

[90mstdout[2m | src/executor.test.ts[2m > [22m[2mExecutor[2m > [22m[2mCommand Execution - executeRun (Phase 11)[2m > [22m[2mshould handle command with redirects
[22m[39m[Executor] User answered: undefined
[Executor] No answer received, defaulting to proceed

[90mstdout[2m | src/executor.test.ts[2m > [22m[2mExecutor[2m > [22m[2mCommand Execution - executeRun (Phase 11)[2m > [22m[2mshould handle command with redirects
[22m[39m[Executor] askClarification returned: step
[Executor] Environment PATH: C:\Program Files\nodejs;C:\Program Files (x86)\nodejs;C:\Users\odanree\AppData\Roaming\npm;C:\Users\...
[Executor] SystemRoot: C:\Windows
[Executor] ComSpec: cmd.exe
[Executor] Platform: win32
[Executor] Executing command: echo "output" > /dev/null
[Executor] Platform: win32
[Executor] Using shell: cmd.exe

[90mstdout[2m | src/executor.test.ts[2m > [22m[2mExecutor[2m > [22m[2mError Handling & Suggestions (Phase 11)[2m > [22m[2mshould handle permission denied errors
[22m[39m[Executor] Starting step 1: action=run, description=Permission denied
[Executor] About to ask clarification for run command: chmod -x /bin/ls
[Executor] askClarification called for action: run, command: chmod -x /bin/ls

[90mstdout[2m | src/executor.test.ts[2m > [22m[2mExecutor[2m > [22m[2mError Handling & Suggestions (Phase 11)[2m > [22m[2mshould handle permission denied errors
[22m[39m[Executor] askClarification returned: step
[Executor] Environment PATH: C:\Program Files\nodejs;C:\Program Files (x86)\nodejs;C:\Users\odanree\AppData\Roaming\npm;C:\Users\...
[Executor] SystemRoot: C:\Windows
[Executor] ComSpec: cmd.exe
[Executor] Platform: win32
[Executor] Executing command: chmod -x /bin/ls
[Executor] Platform: win32
[Executor] Using shell: cmd.exe

[90mstdout[2m | src/executor.test.ts[2m > [22m[2mExecutor[2m > [22m[2mError Handling & Suggestions (Phase 11)[2m > [22m[2mshould generate error suggestions for missing commands
[22m[39m[Executor] Starting step 1: action=run, description=Missing command
[Executor] About to ask clarification for run command: commandnotfound
[Executor] askClarification called for action: run, command: commandnotfound

[90mstdout[2m | src/executor.test.ts[2m > [22m[2mExecutor[2m > [22m[2mError Handling & Suggestions (Phase 11)[2m > [22m[2mshould generate error suggestions for missing commands
[22m[39m[Executor] askClarification returned: step
[Executor] Environment PATH: C:\Program Files\nodejs;C:\Program Files (x86)\nodejs;C:\Users\odanree\AppData\Roaming\npm;C:\Users\...
[Executor] SystemRoot: C:\Windows
[Executor] ComSpec: cmd.exe
[Executor] Platform: win32
[Executor] Executing command: commandnotfound
[Executor] Platform: win32
[Executor] Using shell: cmd.exe

[90mstdout[2m | src/executor.test.ts[2m > [22m[2mExecutor[2m > [22m[2mPause/Resume Execution (Phase 11)[2m > [22m[2mshould handle cancellation during execution
[22m[39m[Executor] Starting step 1: action=read, description=Read
[Executor.executeRead] Step details: {
  stepId: [33m1[39m,
  action: [32m'read'[39m,
  path: [32m'test.ts'[39m,
  targetFile: [90mundefined[39m,
  command: [90mundefined[39m,
  description: [32m'Read'[39m
}

[90mstdout[2m | src/executor.test.ts[2m > [22m[2mExecutor[2m > [22m[2mStep Validation & Contract (Phase 11)[2m > [22m[2mshould validate step before execution
[22m[39m[Executor] Starting step 1: action=read, description=Contract test
[Executor.executeRead] Step details: {
  stepId: [33m1[39m,
  action: [32m'read'[39m,
  path: [32m'test.ts'[39m,
  targetFile: [90mundefined[39m,
  command: [90mundefined[39m,
  description: [32m'Contract test'[39m
}

[90mstdout[2m | src/executor.test.ts[2m > [22m[2mExecutor[2m > [22m[2mStep Validation & Contract (Phase 11)[2m > [22m[2mshould handle step with all required fields
[22m[39m[Executor] Starting step 1: action=write, description=Complete step

[90mstdout[2m | src/executor.test.ts[2m > [22m[2mExecutor[2m > [22m[2mStep Validation & Contract (Phase 11)[2m > [22m[2mshould handle plan with custom workspace
[22m[39m[Executor] Starting step 1: action=read, description=Test
[Executor.executeRead] Step details: {
  stepId: [33m1[39m,
  action: [32m'read'[39m,
  path: [32m'test.ts'[39m,
  targetFile: [90mundefined[39m,
  command: [90mundefined[39m,
  description: [32m'Test'[39m
}

 [32mΓ£ô[39m src/executor.test.ts [2m([22m[2m233 tests[22m[2m)[22m[32m 74[2mms[22m[39m
[90mstdout[2m | src/test/architectureValidator-coverage-focus.test.ts[2m > [22m[2mArchitectureValidator - High Coverage[2m > [22m[2mCross-File Contract Validation[2m > [22m[2mshould validate simple cross-file imports
[22m[39m[ArchitectureValidator] ≡ƒôü Reading from disk: src/services/user (variants: src/services/user, src/services/user.ts, src/services/user.tsx, src/services/user.js, src/services/user.jsx)
[ArchitectureValidator] Γ¥î Not found: src/services/user
[ArchitectureValidator] Γ¥î Not found: src/services/user.ts
[ArchitectureValidator] Γ¥î Not found: src/services/user.tsx
[ArchitectureValidator] Γ¥î Not found: src/services/user.js
[ArchitectureValidator] Γ¥î Not found: src/services/user.jsx

[90mstdout[2m | src/utils/workspaceDetector.test.ts[2m > [22m[2mWorkspaceDetector[2m > [22m[2mMultiple Workspaces Detection[2m > [22m[2mshould sort by confidence
[22m[39m[WorkspaceDetector] Scanning from: C:\Users\Danh\AppData\Local\Temp\workspace-detector-L3cMae
[WorkspaceDetector] Start path was: C:\Users\Danh\AppData\Local\Temp\workspace-detector-L3cMae
[WorkspaceDetector] Found entries: [ [32m'nodejs'[39m, [32m'typescript'[39m ]
[WorkspaceDetector] Detected: nodejs { type: [32m'node'[39m, confidence: [32m'0.40'[39m, indicators: [ [32m'package.json'[39m ] }
[WorkspaceDetector] Detected: typescript {
  type: [32m'typescript'[39m,
  confidence: [32m'0.70'[39m,
  indicators: [ [32m'package.json'[39m, [32m'tsconfig.json'[39m ]
}
[WorkspaceDetector] Final result: 2 workspaces [
  { name: [32m'typescript'[39m, confidence: [32m'0.70'[39m },
  { name: [32m'nodejs'[39m, confidence: [32m'0.40'[39m }
]

[90mstderr[2m | src/test/architectureValidator-coverage-focus.test.ts[2m > [22m[2mArchitectureValidator - High Coverage[2m > [22m[2mCross-File Contract Validation[2m > [22m[2mshould validate 
simple cross-file imports
[22m[39m[ArchitectureValidator] ΓÜá∩╕Å Workspace file not found: src/services/user

[90mstdout[2m | src/test/architectureValidator-coverage-focus.test.ts[2m > [22m[2mArchitectureValidator - High Coverage[2m > [22m[2mCross-File Contract Validation[2m > [22m[2mshould handle missing imports
[22m[39m[ArchitectureValidator] ≡ƒôü Reading from disk: src/services (variants: src/services, src/services.ts, src/services.tsx, src/services.js, src/services.jsx)
[ArchitectureValidator] Γ¥î Not found: src/services
[ArchitectureValidator] Γ¥î Not found: src/services.ts
[ArchitectureValidator] Γ¥î Not found: src/services.tsx
[ArchitectureValidator] Γ¥î Not found: src/services.js
[ArchitectureValidator] Γ¥î Not found: src/services.jsx

[90mstderr[2m | src/test/architectureValidator-coverage-focus.test.ts[2m > [22m[2mArchitectureValidator - High Coverage[2m > [22m[2mCross-File Contract Validation[2m > [22m[2mshould handle 
missing imports
[22m[39m[ArchitectureValidator] ΓÜá∩╕Å Workspace file not found: src/services

[90mstdout[2m | src/test/architectureValidator-coverage-focus.test.ts[2m > [22m[2mArchitectureValidator - High Coverage[2m > [22m[2mCross-File Contract Validation[2m > [22m[2mshould validate with previousStepFiles context
[22m[39m[ArchitectureValidator] Γ£à Using context of previously-written file: src/utils/helpers.ts (matched from src/utils/helpers)

[90mstdout[2m | src/test/architectureValidator-coverage-focus.test.ts[2m > [22m[2mArchitectureValidator - High Coverage[2m > [22m[2mCross-File Contract Validation[2m > [22m[2mshould handle relative path resolution
[22m[39m[ArchitectureValidator] ≡ƒôü Reading from disk: src/services/api (variants: src/services/api, src/services/api.ts, src/services/api.tsx, src/services/api.js, src/services/api.jsx)
[ArchitectureValidator] Γ¥î Not found: src/services/api
[ArchitectureValidator] Γ¥î Not found: src/services/api.ts
[ArchitectureValidator] Γ¥î Not found: src/services/api.tsx
[ArchitectureValidator] Γ¥î Not found: src/services/api.js
[ArchitectureValidator] Γ¥î Not found: src/services/api.jsx

[90mstderr[2m | src/test/architectureValidator-coverage-focus.test.ts[2m > [22m[2mArchitectureValidator - High Coverage[2m > [22m[2mCross-File Contract Validation[2m > [22m[2mshould handle 
relative path resolution
[22m[39m[ArchitectureValidator] ΓÜá∩╕Å Workspace file not found: src/services/api

[90mstdout[2m | src/test/architectureValidator-coverage-focus.test.ts[2m > [22m[2mArchitectureValidator - High Coverage[2m > [22m[2mCross-File Contract Validation[2m > [22m[2mshould validate destructured imports
[22m[39m[ArchitectureValidator] ≡ƒôü Reading from disk: src/services (variants: src/services, src/services.ts, src/services.tsx, src/services.js, src/services.jsx)
[ArchitectureValidator] Γ¥î Not found: src/services
[ArchitectureValidator] Γ¥î Not found: src/services.ts
[ArchitectureValidator] Γ¥î Not found: src/services.tsx
[ArchitectureValidator] Γ¥î Not found: src/services.js
[ArchitectureValidator] Γ¥î Not found: src/services.jsx

[90mstderr[2m | src/test/architectureValidator-coverage-focus.test.ts[2m > [22m[2mArchitectureValidator - High Coverage[2m > [22m[2mCross-File Contract Validation[2m > [22m[2mshould validate 
destructured imports
[22m[39m[ArchitectureValidator] ΓÜá∩╕Å Workspace file not found: src/services

[90mstdout[2m | src/test/architectureValidator-coverage-focus.test.ts[2m > [22m[2mArchitectureValidator - High Coverage[2m > [22m[2mCross-File Contract Validation[2m > [22m[2mshould validate default imports
[22m[39m[ArchitectureValidator] ≡ƒôü Reading from disk: src/services/default (variants: src/services/default, src/services/default.ts, src/services/default.tsx, src/services/default.js, src/services/default.jsx)
[ArchitectureValidator] Γ¥î Not found: src/services/default
[ArchitectureValidator] Γ¥î Not found: src/services/default.ts
[ArchitectureValidator] Γ¥î Not found: src/services/default.tsx
[ArchitectureValidator] Γ¥î Not found: src/services/default.js
[ArchitectureValidator] Γ¥î Not found: src/services/default.jsx

[90mstdout[2m | src/test/executor-coverage-extension.test.ts[2m > [22m[2mExecutor - Coverage Extension[2m > [22m[2mPath Sanitization[2m > [22m[2mshould normalize paths with trailing dots
[22m[39m[Executor] No workspace in plan, using default: /workspace

[90mstderr[2m | src/test/architectureValidator-coverage-focus.test.ts[2m > [22m[2mArchitectureValidator - High Coverage[2m > [22m[2mCross-File Contract Validation[2m > [22m[2mshould validate 
default imports
[22m[39m[ArchitectureValidator] ΓÜá∩╕Å Workspace file not found: src/services/default

[90mstdout[2m | src/test/snapshotValidation.test.ts[2m > [22m[2mSnapshot & Output Validation[2m > [22m[2mTaskPlan Structure Validation[2m > [22m[2mgenerates valid TaskPlan schema
[22m[39m[Planner] Raw LLM Response:  [{"step":1,"action":"write","description":"Create step 1","path":"src/file1.ts"},{"step":2,"action":"write","description":"Create step 2","path":"src/file2.ts","notes":"Depends on: step_1"},{"step":3,"action":"write","description":"Create step 3","path":"src/file3.ts","notes":"Depends on: step_2"}]
[Planner] Response length: [33m299[39m
[Planner] Steps sorted topologically: step_1 ΓåÆ step_2 ΓåÆ step_3
[Planner] Pre-flight validation complete. Executor will handle content validation.

[90mstdout[2m | src/test/critical-paths.test.ts[2m > [22m[2mCritical Paths - 90% Coverage Target[2m > [22m[2mPlanner - Core Execution Path[2m > [22m[2mcomplete workflow: plan generation with valid config
[22m[39m[Planner] Raw LLM Response:  [{"step":1,"action":"write","description":"Create step 1","path":"src/file1.ts"},{"step":2,"action":"write","description":"Create step 2","path":"src/file2.ts","notes":"Depends on: step_1"},{"step":3,"action":"write","description":"Create step 3","path":"src/file3.ts","notes":"Depends on: step_2"}]
[Planner] Response length: [33m299[39m
[Planner] Steps sorted topologically: step_1 ΓåÆ step_2 ΓåÆ step_3
[Planner] Pre-flight validation complete. Executor will handle content validation.

 [32mΓ£ô[39m src/test/architectureValidator-coverage-focus.test.ts [2m([22m[2m80 tests[22m[2m)[22m[32m 19[2mms[22m[39m
[90mstdout[2m | src/test/executor-coverage-extension.test.ts[2m > [22m[2mExecutor - Coverage Extension[2m > [22m[2mPath Sanitization[2m > [22m[2mshould normalize paths with trailing dots
[22m[39m[Executor] Starting step 1: action=write, description=Test step

[90mstdout[2m | src/test/refactoringExecutor-coverage-boost.test.ts[2m > [22m[2mRefactoringExecutor - Coverage Boost[2m > [22m[2mConstructor[2m > [22m[2mshould initialize with LLMClient
[22m[39m[RefactoringExecutor] Using model: mistral at http://localhost:11434

[90mstdout[2m | src/test/snapshotValidation.test.ts[2m > [22m[2mSnapshot & Output Validation[2m > [22m[2mTaskPlan Structure Validation[2m > [22m[2mtaskId follows expected pattern
[22m[39m[Planner] Raw LLM Response:  [{"step":1,"action":"write","description":"Create step 1","path":"src/file1.ts"}]
[Planner] Response length: [33m81[39m
[Planner] Steps sorted topologically: step_1
[Planner] Pre-flight validation complete. Executor will handle content validation.

[90mstdout[2m | src/test/refactoringExecutor-extended.test.ts[2m > [22m[2mRefactoringExecutor - Initialization[2m > [22m[2mshould initialize with LLMClient
[22m[39m[FeatureAnalyzer] No LLMClient provided - using pattern-based analysis only
[ServiceExtractor] Using model: test-model at http://localhost:11434
[RefactoringExecutor] Using model: test-model at http://localhost:11434

[90mstderr[2m | src/test/errorPaths.test.ts[2m > [22m[2mError Path Testing[2m > [22m[2mLLMClient - Network Errors[2m > [22m[2mhandles connection timeout gracefully
[22m[39mLLM server health check failed: Error: Connection timeout
    at C:/Users/Danh/Desktop/llm-local-assistant/src/test/errorPaths.test.ts:28:15
    at Mock [90m(file:///C:/Users/Danh/Desktop/llm-local-assistant/[39mnode_modules/[4m@vitest/spy[24m/dist/index.js:285:34[90m)[39m
    at LLMClient.isServerHealthy (C:/Users/Danh/Desktop/llm-local-assistant/src/llmClient.ts:97:30)
    at C:/Users/Danh/Desktop/llm-local-assistant/src/test/errorPaths.test.ts:31:35
    at [90mfile:///C:/Users/Danh/Desktop/llm-local-assistant/[39mnode_modules/[4m@vitest/runner[24m/dist/index.js:145:11
    at [90mfile:///C:/Users/Danh/Desktop/llm-local-assistant/[39mnode_modules/[4m@vitest/runner[24m/dist/index.js:915:26
    at [90mfile:///C:/Users/Danh/Desktop/llm-local-assistant/[39mnode_modules/[4m@vitest/runner[24m/dist/index.js:1243:20
    at new Promise (<anonymous>)
    at runWithTimeout [90m(file:///C:/Users/Danh/Desktop/llm-local-assistant/[39mnode_modules/[4m@vitest/runner[24m/dist/index.js:1209:10[90m)[39m
    at [90mfile:///C:/Users/Danh/Desktop/llm-local-assistant/[39mnode_modules/[4m@vitest/runner[24m/dist/index.js:1653:37

[90mstdout[2m | src/test/critical-paths.test.ts[2m > [22m[2mCritical Paths - 90% Coverage Target[2m > [22m[2mPlanner - Core Execution Path[2m > [22m[2mhandles varying project contexts
[22m[39m[Planner] Raw LLM Response:  [{"step":1,"action":"write","description":"Create step 1","path":"src/file1.ts"}]
[Planner] Response length: [33m81[39m
[Planner] Steps sorted topologically: step_1
[Planner] Pre-flight validation complete. Executor will handle content validation.

[90mstdout[2m | src/refactoringExecutor.test.ts[2m > [22m[2mRefactoringExecutor[2m > [22m[2mRefactoring Execution[2m > [22m[2mexecutes refactoring successfully
[22m[39m[FeatureAnalyzer] No LLMClient provided - using pattern-based analysis only
[ServiceExtractor] No LLMClient provided - using pattern-based extraction only
[RefactoringExecutor] Using model: test-model at http://localhost:11434

[90mstdout[2m | src/test/refactoringExecutor-coverage-boost.test.ts[2m > [22m[2mRefactoringExecutor - Coverage Boost[2m > [22m[2mConstructor[2m > [22m[2mshould initialize with LLMClient
[22m[39m[RefactoringExecutor] Using model: mistral at http://localhost:11434

[90mstdout[2m | src/test/snapshotValidation.test.ts[2m > [22m[2mSnapshot & Output Validation[2m > [22m[2mTaskPlan Structure Validation[2m > [22m[2mpreserves user request exactly
[22m[39m[Planner] Raw LLM Response:  [{"step":1,"action":"write","description":"Create step 1","path":"src/file1.ts"}]
[Planner] Response length: [33m81[39m
[Planner] Steps sorted topologically: step_1
[Planner] Pre-flight validation complete. Executor will handle content validation.

[90mstdout[2m | src/test/refactoringExecutor-extended.test.ts[2m > [22m[2mRefactoringExecutor - Initialization[2m > [22m[2mshould initialize with optional ServiceExtractor
[22m[39m[FeatureAnalyzer] No LLMClient provided - using pattern-based analysis only
[ServiceExtractor] Using model: test-model at http://localhost:11434
[RefactoringExecutor] Using model: test-model at http://localhost:11434

[90mstderr[2m | src/test/errorPaths.test.ts[2m > [22m[2mError Path Testing[2m > [22m[2mLLMClient - Network Errors[2m > [22m[2mhandles DNS resolution failure
[22m[39mLLM server health check failed: Error: getaddrinfo ENOTFOUND localhost
    at C:/Users/Danh/Desktop/llm-local-assistant/src/test/errorPaths.test.ts:37:15
    at Mock [90m(file:///C:/Users/Danh/Desktop/llm-local-assistant/[39mnode_modules/[4m@vitest/spy[24m/dist/index.js:285:34[90m)[39m
    at LLMClient.isServerHealthy (C:/Users/Danh/Desktop/llm-local-assistant/src/llmClient.ts:97:30)
    at C:/Users/Danh/Desktop/llm-local-assistant/src/test/errorPaths.test.ts:40:35
    at [90mfile:///C:/Users/Danh/Desktop/llm-local-assistant/[39mnode_modules/[4m@vitest/runner[24m/dist/index.js:145:11
    at [90mfile:///C:/Users/Danh/Desktop/llm-local-assistant/[39mnode_modules/[4m@vitest/runner[24m/dist/index.js:915:26
    at [90mfile:///C:/Users/Danh/Desktop/llm-local-assistant/[39mnode_modules/[4m@vitest/runner[24m/dist/index.js:1243:20
    at new Promise (<anonymous>)
    at runWithTimeout [90m(file:///C:/Users/Danh/Desktop/llm-local-assistant/[39mnode_modules/[4m@vitest/runner[24m/dist/index.js:1209:10[90m)[39m
    at [90mfile:///C:/Users/Danh/Desktop/llm-local-assistant/[39mnode_modules/[4m@vitest/runner[24m/dist/index.js:1653:37

[90mstdout[2m | src/test/critical-paths.test.ts[2m > [22m[2mCritical Paths - 90% Coverage Target[2m > [22m[2mPlanner - Core Execution Path[2m > [22m[2mprocesses complex multi-step plans correctly
[22m[39m[Planner] Raw LLM Response:  [{"step":1,"action":"write","description":"Create base","path":"src/base.ts"},{"step":2,"action":"write","description":"Create B","path":"src/b.ts","notes":"Depends on: step_1"},{"step":3,"action":"write","description":"Create C","path":"src/c.ts","notes":"Depends on: step_1"},{"step":4,"action":"write","description":"Create D","path":"src/d.ts","notes":"Depends on: step_2, step_3"}]
[Planner] Response length: [33m386[39m
[Planner] Steps sorted topologically: step_1 ΓåÆ step_2 ΓåÆ step_3 ΓåÆ step_4
[Planner] Pre-flight validation complete. Executor will handle content validation.

[90mstdout[2m | src/refactoringExecutor.test.ts[2m > [22m[2mRefactoringExecutor[2m > [22m[2mRefactoring Execution[2m > [22m[2mhandles LLM errors gracefully
[22m[39m[FeatureAnalyzer] No LLMClient provided - using pattern-based analysis only
[ServiceExtractor] No LLMClient provided - using pattern-based extraction only
[RefactoringExecutor] Using model: test-model at http://localhost:11434

[90mstdout[2m | src/test/refactoringExecutor-coverage-boost.test.ts[2m > [22m[2mRefactoringExecutor - Coverage Boost[2m > [22m[2mConstructor[2m > [22m[2mshould initialize with LLMClient and custom extractor
[22m[39m[RefactoringExecutor] Using model: mistral at http://localhost:11434

[90mstdout[2m | src/test/snapshotValidation.test.ts[2m > [22m[2mSnapshot & Output Validation[2m > [22m[2mTaskPlan Structure Validation[2m > [22m[2mreasoning is not empty
[22m[39m[Planner] Raw LLM Response:  [{"step":1,"action":"write","description":"Create step 1","path":"src/file1.ts"}]
[Planner] Response length: [33m81[39m
[Planner] Steps sorted topologically: step_1
[Planner] Pre-flight validation complete. Executor will handle content validation.

[90mstdout[2m | src/test/refactoringExecutor-extended.test.ts[2m > [22m[2mRefactoringExecutor - Initialization[2m > [22m[2mshould initialize with optional ServiceExtractor
[22m[39m[FeatureAnalyzer] No LLMClient provided - using pattern-based analysis only
[ServiceExtractor] Using model: test-model at http://localhost:11434
[RefactoringExecutor] Using model: test-model at http://localhost:11434

[90mstdout[2m | src/test/errorPaths.test.ts[2m > [22m[2mError Path Testing[2m > [22m[2mPlanner - Invalid Input Handling[2m > [22m[2mhandles empty user request
[22m[39m[Planner] Raw LLM Response:  [{"step":1,"action":"write","description":"Test","path":"src/test.ts"}]
[Planner] Response length: [33m71[39m
[Planner] Steps sorted topologically: step_1
[Planner] Pre-flight validation complete. Executor will handle content validation.

[90mstdout[2m | src/test/critical-paths.test.ts[2m > [22m[2mCritical Paths - 90% Coverage Target[2m > [22m[2mPlanner - Core Execution Path[2m > [22m[2mcorrectly handles all step properties
[22m[39m[Planner] Raw LLM Response:  [{"step":1,"action":"write","description":"Create config","path":"src/config.ts","expectedOutcome":"Config ready"},{"step":2,"action":"run","description":"Build project","path":"src","expectedOutcome":"Compiled successfully","notes":"Depends on: step_1"}]
[Planner] Response length: [33m255[39m
[Planner] Steps sorted topologically: step_1 ΓåÆ step_2
[Planner] Pre-flight validation complete. Executor will handle content validation.

[90mstdout[2m | src/refactoringExecutor.test.ts[2m > [22m[2mRefactoringExecutor[2m > [22m[2mRefactoring Execution[2m > [22m[2mextracts code from markdown response
[22m[39m[FeatureAnalyzer] No LLMClient provided - using pattern-based analysis only
[ServiceExtractor] No LLMClient provided - using pattern-based extraction only
[RefactoringExecutor] Using model: test-model at http://localhost:11434

[90mstdout[2m | src/test/refactoringExecutor-coverage-boost.test.ts[2m > [22m[2mRefactoringExecutor - Coverage Boost[2m > [22m[2mConstructor[2m > [22m[2mshould initialize with LLMClient and custom extractor
[22m[39m[RefactoringExecutor] Using model: mistral at http://localhost:11434

[90mstdout[2m | src/test/snapshotValidation.test.ts[2m > [22m[2mSnapshot & Output Validation[2m > [22m[2mTaskPlan Structure Validation[2m > [22m[2mgeneratedAt is recent
[22m[39m[Planner] Raw LLM Response:  [{"step":1,"action":"write","description":"Create step 1","path":"src/file1.ts"}]
[Planner] Response length: [33m81[39m
[Planner] Steps sorted topologically: step_1
[Planner] Pre-flight validation complete. Executor will handle content validation.

[90mstdout[2m | src/test/refactoringExecutor-extended.test.ts[2m > [22m[2mRefactoringExecutor - Initialization[2m > [22m[2mshould log model information on initialization
[22m[39m[FeatureAnalyzer] No LLMClient provided - using pattern-based analysis only
[ServiceExtractor] Using model: test-model at http://localhost:11434
[RefactoringExecutor] Using model: test-model at http://localhost:11434

[90mstdout[2m | src/test/errorPaths.test.ts[2m > [22m[2mError Path Testing[2m > [22m[2mPlanner - Invalid Input Handling[2m > [22m[2mhandles very long user request
[22m[39m[Planner] Raw LLM Response:  [{"step":1,"action":"write","description":"Test","path":"src/test.ts"}]
[Planner] Response length: [33m71[39m
[Planner] Steps sorted topologically: step_1
[Planner] Pre-flight validation complete. Executor will handle content validation.

[90mstdout[2m | src/test/critical-paths.test.ts[2m > [22m[2mCritical Paths - 90% Coverage Target[2m > [22m[2mPlanner - Core Execution Path[2m > [22m[2mpreserves reasoning from LLM response
[22m[39m[Planner] Raw LLM Response:  [{"step":1,"action":"write","description":"Create step 1","path":"src/file1.ts"}]
[Planner] Response length: [33m81[39m
[Planner] Steps sorted topologically: step_1
[Planner] Pre-flight validation complete. Executor will handle content validation.

[90mstdout[2m | src/refactoringExecutor.test.ts[2m > [22m[2mRefactoringExecutor[2m > [22m[2mCode Validation[2m > [22m[2mvalidates syntax correctly
[22m[39m[FeatureAnalyzer] No LLMClient provided - using pattern-based analysis only
[ServiceExtractor] No LLMClient provided - using pattern-based extraction only
[RefactoringExecutor] Using model: test-model at http://localhost:11434

[90mstdout[2m | src/test/refactoringExecutor-coverage-boost.test.ts[2m > [22m[2mRefactoringExecutor - Coverage Boost[2m > [22m[2mConstructor[2m > [22m[2mshould log model information on creation
[22m[39m[RefactoringExecutor] Using model: mistral at http://localhost:11434

[90mstdout[2m | src/test/snapshotValidation.test.ts[2m > [22m[2mSnapshot & Output Validation[2m > [22m[2mExecutionStep Structure Validation[2m > [22m[2meach step has required fields
[22m[39m[Planner] Raw LLM Response:  [{"step":1,"action":"write","description":"Create step 1","path":"src/file1.ts"},{"step":2,"action":"write","description":"Create step 2","path":"src/file2.ts","notes":"Depends on: step_1"}]
[Planner] Response length: [33m190[39m
[Planner] Steps sorted topologically: step_1 ΓåÆ step_2
[Planner] Pre-flight validation complete. Executor will handle content validation.

[90mstdout[2m | src/test/refactoringExecutor-extended.test.ts[2m > [22m[2mRefactoringExecutor - Initialization[2m > [22m[2mshould log model information on initialization
[22m[39m[FeatureAnalyzer] No LLMClient provided - using pattern-based analysis only
[ServiceExtractor] Using model: test-model at http://localhost:11434
[RefactoringExecutor] Using model: test-model at http://localhost:11434

[90mstdout[2m | src/test/errorPaths.test.ts[2m > [22m[2mError Path Testing[2m > [22m[2mPlanner - Invalid Input Handling[2m > [22m[2mhandles LLM returning empty array
[22m[39m[Planner] Raw LLM Response:  []
[Planner] Response length: [33m2[39m

[90mstdout[2m | src/test/critical-paths.test.ts[2m > [22m[2mCritical Paths - 90% Coverage Target[2m > [22m[2mPlanner - Core Execution Path[2m > [22m[2mcalls onProgress callback when provided
[22m[39m[Planner] Raw LLM Response:  [{"step":1,"action":"write","description":"Create step 1","path":"src/file1.ts"}]
[Planner] Response length: [33m81[39m
[Planner] Steps sorted topologically: step_1
[Planner] Pre-flight validation complete. Executor will handle content validation.

[90mstdout[2m | src/refactoringExecutor.test.ts[2m > [22m[2mRefactoringExecutor[2m > [22m[2mCode Validation[2m > [22m[2mdetects syntax errors
[22m[39m[FeatureAnalyzer] No LLMClient provided - using pattern-based analysis only
[ServiceExtractor] No LLMClient provided - using pattern-based extraction only
[RefactoringExecutor] Using model: test-model at http://localhost:11434

[90mstdout[2m | src/test/refactoringExecutor-coverage-boost.test.ts[2m > [22m[2mRefactoringExecutor - Coverage Boost[2m > [22m[2mexecuteRefactoring - Main Flow[2m > [22m[2mshould execute refactoring successfully
[22m[39m[RefactoringExecutor] Using model: mistral at http://localhost:11434

[90mstdout[2m | src/test/snapshotValidation.test.ts[2m > [22m[2mSnapshot & Output Validation[2m > [22m[2mExecutionStep Structure Validation[2m > [22m[2mstep IDs are sequential and deterministic
[22m[39m[Planner] Raw LLM Response:  [{"step":1,"action":"write","description":"Create step 1","path":"src/file1.ts"},{"step":2,"action":"write","description":"Create step 2","path":"src/file2.ts","notes":"Depends on: step_1"},{"step":3,"action":"write","description":"Create step 3","path":"src/file3.ts","notes":"Depends on: step_2"},{"step":4,"action":"write","description":"Create step 4","path":"src/file4.ts","notes":"Depends on: step_3"},{"step":5,"action":"write","description":"Create step 5","path":"src/file5.ts","notes":"Depends on: step_4"}]
[Planner] Response length: [33m517[39m
[Planner] Steps sorted topologically: step_1 ΓåÆ step_2 ΓåÆ step_3 ΓåÆ step_4 ΓåÆ step_5
[Planner] Pre-flight validation complete. Executor will handle content validation.

[90mstdout[2m | src/test/refactoringExecutor-extended.test.ts[2m > [22m[2mRefactoringExecutor - Initialization[2m > [22m[2mshould use provided LLMClient configuration
[22m[39m[FeatureAnalyzer] No LLMClient provided - using pattern-based analysis only
[ServiceExtractor] Using model: test-model at http://localhost:11434
[RefactoringExecutor] Using model: test-model at http://localhost:11434

[90mstdout[2m | src/test/errorPaths.test.ts[2m > [22m[2mError Path Testing[2m > [22m[2mPlanner - Invalid Input Handling[2m > [22m[2mhandles LLM returning null
[22m[39m[Planner] Raw LLM Response:  null
[Planner] Response length: [33m4[39m

[90mstdout[2m | src/test/critical-paths.test.ts[2m > [22m[2mCritical Paths - 90% Coverage Target[2m > [22m[2mPlanner - Core Execution Path[2m > [22m[2mgenerates unique task IDs for each plan
[22m[39m[Planner] Raw LLM Response:  [{"step":1,"action":"write","description":"Create step 1","path":"src/file1.ts"}]
[Planner] Response length: [33m81[39m
[Planner] Steps sorted topologically: step_1
[Planner] Pre-flight validation complete. Executor will handle content validation.

[90mstdout[2m | src/refactoringExecutor.test.ts[2m > [22m[2mRefactoringExecutor[2m > [22m[2mCode Validation[2m > [22m[2mvalidates type safety
[22m[39m[FeatureAnalyzer] No LLMClient provided - using pattern-based analysis only
[ServiceExtractor] No LLMClient provided - using pattern-based extraction only
[RefactoringExecutor] Using model: test-model at http://localhost:11434

[90mstdout[2m | src/test/refactoringExecutor-coverage-boost.test.ts[2m > [22m[2mRefactoringExecutor - Coverage Boost[2m > [22m[2mexecuteRefactoring - Main Flow[2m > [22m[2mshould include execution log
[22m[39m[RefactoringExecutor] Using model: mistral at http://localhost:11434

[90mstdout[2m | src/test/snapshotValidation.test.ts[2m > [22m[2mSnapshot & Output Validation[2m > [22m[2mExecutionStep Structure Validation[2m > [22m[2mpaths use configured file extension
[22m[39m[Planner] Raw LLM Response:  [{"step":1,"action":"write","description":"Create step 1","path":"src/file1.ts"},{"step":2,"action":"write","description":"Create step 2","path":"src/file2.ts","notes":"Depends on: step_1"}]
[Planner] Response length: [33m190[39m
[Planner] Steps sorted topologically: step_1 ΓåÆ step_2
[Planner] Pre-flight validation complete. Executor will handle content validation.

[90mstdout[2m | src/test/refactoringExecutor-extended.test.ts[2m > [22m[2mRefactoringExecutor - Refactoring Execution[2m > [22m[2mshould execute refactoring successfully
[22m[39m[FeatureAnalyzer] No LLMClient provided - using pattern-based analysis only
[ServiceExtractor] Using model: test-model at http://localhost:11434
[RefactoringExecutor] Using model: test-model at http://localhost:11434

[90mstdout[2m | src/test/errorPaths.test.ts[2m > [22m[2mError Path Testing[2m > [22m[2mPlanner - Invalid Input Handling[2m > [22m[2mhandles invalid JSON from LLM
[22m[39m[Planner] Raw LLM Response:  {invalid json}
[Planner] Response length: [33m14[39m

[90mstdout[2m | src/test/critical-paths.test.ts[2m > [22m[2mCritical Paths - 90% Coverage Target[2m > [22m[2mPlanner - Core Execution Path[2m > [22m[2mgenerates unique task IDs for each plan
[22m[39m[Planner] Raw LLM Response:  [{"step":1,"action":"write","description":"Create step 1","path":"src/file1.ts"}]
[Planner] Response length: [33m81[39m
[Planner] Steps sorted topologically: step_1
[Planner] Pre-flight validation complete. Executor will handle content validation.

[90mstdout[2m | src/refactoringExecutor.test.ts[2m > [22m[2mRefactoringExecutor[2m > [22m[2mCode Validation[2m > [22m[2mchecks logic preservation
[22m[39m[FeatureAnalyzer] No LLMClient provided - using pattern-based analysis only
[ServiceExtractor] No LLMClient provided - using pattern-based extraction only
[RefactoringExecutor] Using model: test-model at http://localhost:11434

[90mstdout[2m | src/test/refactoringExecutor-coverage-boost.test.ts[2m > [22m[2mRefactoringExecutor - Coverage Boost[2m > [22m[2mexecuteRefactoring - Main Flow[2m > [22m[2mshould include validation results
[22m[39m[RefactoringExecutor] Using model: mistral at http://localhost:11434

[90mstdout[2m | src/test/snapshotValidation.test.ts[2m > [22m[2mSnapshot & Output Validation[2m > [22m[2mDependency Relationships Validation[2m > [22m[2mdependencies reference valid steps
[22m[39m[Planner] Raw LLM Response:  [{"step":1,"action":"write","description":"Create base","path":"src/base.ts"},{"step":2,"action":"write","description":"Create B","path":"src/b.ts","notes":"Depends on: step_1"},{"step":3,"action":"write","description":"Create C","path":"src/c.ts","notes":"Depends on: step_1"},{"step":4,"action":"write","description":"Create D","path":"src/d.ts","notes":"Depends on: step_2, step_3"}]
[Planner] Response length: [33m386[39m
[Planner] Steps sorted topologically: step_1 ΓåÆ step_2 ΓåÆ step_3 ΓåÆ step_4
[Planner] Pre-flight validation complete. Executor will handle content validation.

[90mstdout[2m | src/test/refactoringExecutor-extended.test.ts[2m > [22m[2mRefactoringExecutor - Refactoring Execution[2m > [22m[2mshould preserve original code in execution result
[22m[39m[FeatureAnalyzer] No LLMClient provided - using pattern-based analysis only
[ServiceExtractor] Using model: test-model at http://localhost:11434
[RefactoringExecutor] Using model: test-model at http://localhost:11434

[90mstdout[2m | src/test/errorPaths.test.ts[2m > [22m[2mError Path Testing[2m > [22m[2mPlanner - Invalid Input Handling[2m > [22m[2mhandles LLM returning object instead of array
[22m[39m[Planner] Raw LLM Response:  {"step":1,"action":"write"}
[Planner] Response length: [33m27[39m

[90mstdout[2m | src/test/critical-paths.test.ts[2m > [22m[2mCritical Paths - 90% Coverage Target[2m > [22m[2mCore Integration - Full Workflow[2m > [22m[2mcomplete workflow: config ΓåÆ plan ΓåÆ execution ready
[22m[39m[Planner] Raw LLM Response:  [{"step":1,"action":"write","description":"Create base","path":"src/base.ts"},{"step":2,"action":"write","description":"Create B","path":"src/b.ts","notes":"Depends on: step_1"},{"step":3,"action":"write","description":"Create C","path":"src/c.ts","notes":"Depends on: step_1"},{"step":4,"action":"write","description":"Create D","path":"src/d.ts","notes":"Depends on: step_1"}]
[Planner] Response length: [33m378[39m
[Planner] Steps sorted topologically: step_1 ΓåÆ step_2 ΓåÆ step_3 ΓåÆ step_4
[Planner] Pre-flight validation complete. Executor will handle content validation.

[90mstdout[2m | src/refactoringExecutor.test.ts[2m > [22m[2mRefactoringExecutor[2m > [22m[2mTest Case Generation[2m > [22m[2mgenerates test cases
[22m[39m[FeatureAnalyzer] No LLMClient provided - using pattern-based analysis only
[ServiceExtractor] No LLMClient provided - using pattern-based extraction only
[RefactoringExecutor] Using model: test-model at http://localhost:11434

[90mstdout[2m | src/test/refactoringExecutor-coverage-boost.test.ts[2m > [22m[2mRefactoringExecutor - Coverage Boost[2m > [22m[2mexecuteRefactoring - Main Flow[2m > [22m[2mshould mark success as true when no critical errors
[22m[39m[RefactoringExecutor] Using model: mistral at http://localhost:11434

[90mstdout[2m | src/test/snapshotValidation.test.ts[2m > [22m[2mSnapshot & Output Validation[2m > [22m[2mDependency Relationships Validation[2m > [22m[2mno circular dependencies
[22m[39m[Planner] Raw LLM Response:  [{"step":1,"action":"write","description":"Create base","path":"src/base.ts"},{"step":2,"action":"write","description":"Create B","path":"src/b.ts","notes":"Depends on: step_1"},{"step":3,"action":"write","description":"Create C","path":"src/c.ts","notes":"Depends on: step_1"},{"step":4,"action":"write","description":"Create D","path":"src/d.ts","notes":"Depends on: step_2, step_3"}]
[Planner] Response length: [33m386[39m
[Planner] Steps sorted topologically: step_1 ΓåÆ step_2 ΓåÆ step_3 ΓåÆ step_4
[Planner] Pre-flight validation complete. Executor will handle content validation.

[90mstdout[2m | src/test/refactoringExecutor-extended.test.ts[2m > [22m[2mRefactoringExecutor - Refactoring Execution[2m > [22m[2mshould generate refactored code from LLM
[22m[39m[FeatureAnalyzer] No LLMClient provided - using pattern-based analysis only
[ServiceExtractor] Using model: test-model at http://localhost:11434
[RefactoringExecutor] Using model: test-model at http://localhost:11434

[90mstdout[2m | src/test/errorPaths.test.ts[2m > [22m[2mError Path Testing[2m > [22m[2mPlanner - Invalid Input Handling[2m > [22m[2mhandles steps with missing required fields
[22m[39m[Planner] Raw LLM Response:  [{"step":1,"action":"write"}]
[Planner] Response length: [33m29[39m

[90mstdout[2m | src/test/critical-paths.test.ts[2m > [22m[2mCritical Paths - 90% Coverage Target[2m > [22m[2mCore Integration - Full Workflow[2m > [22m[2mhandles various action types in workflow
[22m[39m[Planner] Raw LLM Response:  [{"step":1,"action":"read","description":"Read file","path":"src/old.ts"},{"step":2,"action":"write","description":"Write new","path":"src/new.ts","notes":"Depends on: step_1"},{"step":3,"action":"run","description":"Build","path":"src","notes":"Depends on: step_2"},{"step":4,"action":"delete","description":"Cleanup","path":"src/old.ts","notes":"Depends on: step_3"}]
[Planner] Response length: [33m369[39m
[Planner] Steps sorted topologically: step_1 ΓåÆ step_2 ΓåÆ step_3 ΓåÆ step_4
[Planner] Pre-flight validation complete. Executor will handle content validation.

[90mstdout[2m | src/refactoringExecutor.test.ts[2m > [22m[2mRefactoringExecutor[2m > [22m[2mImpact Assessment[2m > [22m[2mdetects code size reduction
[22m[39m[FeatureAnalyzer] No LLMClient provided - using pattern-based analysis only
[ServiceExtractor] No LLMClient provided - using pattern-based extraction only
[RefactoringExecutor] Using model: test-model at http://localhost:11434

[90mstdout[2m | src/test/refactoringExecutor-coverage-boost.test.ts[2m > [22m[2mRefactoringExecutor - Coverage Boost[2m > [22m[2mError Handling[2m > [22m[2mshould handle LLM failure
[22m[39m[RefactoringExecutor] Using model: mistral at http://localhost:11434

[90mstdout[2m | src/test/snapshotValidation.test.ts[2m > [22m[2mSnapshot & Output Validation[2m > [22m[2mDependency Relationships Validation[2m > [22m[2mtopological order is valid
[22m[39m[Planner] Raw LLM Response:  [{"step":1,"action":"write","description":"Create base","path":"src/base.ts"},{"step":2,"action":"write","description":"Create B","path":"src/b.ts","notes":"Depends on: step_1"},{"step":3,"action":"write","description":"Create C","path":"src/c.ts","notes":"Depends on: step_1"},{"step":4,"action":"write","description":"Create D","path":"src/d.ts","notes":"Depends on: step_2, step_3"}]
[Planner] Response length: [33m386[39m
[Planner] Steps sorted topologically: step_1 ΓåÆ step_2 ΓåÆ step_3 ΓåÆ step_4
[Planner] Pre-flight validation complete. Executor will handle content validation.

[90mstdout[2m | src/test/refactoringExecutor-extended.test.ts[2m > [22m[2mRefactoringExecutor - Refactoring Execution[2m > [22m[2mshould generate test cases during refactoring
[22m[39m[FeatureAnalyzer] No LLMClient provided - using pattern-based analysis only
[ServiceExtractor] Using model: test-model at http://localhost:11434
[RefactoringExecutor] Using model: test-model at http://localhost:11434

[90mstdout[2m | src/test/errorPaths.test.ts[2m > [22m[2mError Path Testing[2m > [22m[2mPlanner - Invalid Input Handling[2m > [22m[2mhandles steps with invalid action types
[22m[39m[Planner] Raw LLM Response:  [{"step":1,"action":"invalid-action","description":"Test","path":"src/test.ts"}]
[Planner] Response length: [33m80[39m
[Planner] Steps sorted topologically: step_1
[Planner] Pre-flight validation complete. Executor will handle content validation.

[90mstdout[2m | src/test/critical-paths.test.ts[2m > [22m[2mCritical Paths - 90% Coverage Target[2m > [22m[2mCore Integration - Full Workflow[2m > [22m[2mmaintains topological order across all workflow types
[22m[39m[Planner] Raw LLM Response:  [{"step":1,"action":"write","description":"Create base","path":"src/base.ts"},{"step":2,"action":"write","description":"Create B","path":"src/b.ts","notes":"Depends on: step_1"},{"step":3,"action":"write","description":"Create C","path":"src/c.ts","notes":"Depends on: step_1"},{"step":4,"action":"write","description":"Create D","path":"src/d.ts","notes":"Depends on: step_2, step_3"}]
[Planner] Response length: [33m386[39m
[Planner] Steps sorted topologically: step_1 ΓåÆ step_2 ΓåÆ step_3 ΓåÆ step_4
[Planner] Pre-flight validation complete. Executor will handle content validation.

[90mstdout[2m | src/refactoringExecutor.test.ts[2m > [22m[2mRefactoringExecutor[2m > [22m[2mImpact Assessment[2m > [22m[2midentifies breaking changes
[22m[39m[FeatureAnalyzer] No LLMClient provided - using pattern-based analysis only
[ServiceExtractor] No LLMClient provided - using pattern-based extraction only
[RefactoringExecutor] Using model: test-model at http://localhost:11434

[90mstdout[2m | src/test/refactoringExecutor-coverage-boost.test.ts[2m > [22m[2mRefactoringExecutor - Coverage Boost[2m > [22m[2mError Handling[2m > [22m[2mshould handle invalid code response from LLM
[22m[39m[RefactoringExecutor] Using model: mistral at http://localhost:11434

[90mstdout[2m | src/test/snapshotValidation.test.ts[2m > [22m[2mSnapshot & Output Validation[2m > [22m[2mPlan Consistency Validation[2m > [22m[2mall steps have unique IDs
[22m[39m[Planner] Raw LLM Response:  [{"step":1,"action":"write","description":"Create step 1","path":"src/file1.ts"},{"step":2,"action":"write","description":"Create step 2","path":"src/file2.ts","notes":"Depends on: step_1"},{"step":3,"action":"write","description":"Create step 3","path":"src/file3.ts","notes":"Depends on: step_2"},{"step":4,"action":"write","description":"Create step 4","path":"src/file4.ts","notes":"Depends on: step_3"},{"step":5,"action":"write","description":"Create step 5","path":"src/file5.ts","notes":"Depends on: step_4"},{"step":6,"action":"write","description":"Create step 6","path":"src/file6.ts","notes":"Depends on: step_5"},{"step":7,"action":"write","description":"Create step 7","path":"src/file7.ts","notes":"Depends on: step_6"},{"step":8,"action":"write","description":"Create step 8","path":"src/file8.ts","notes":"Depends on: step_7"},{"step":9,"action":"write","description":"Create step 9","path":"src/file9.ts","notes":"Depends on: step_8"},{"step":10,"action":"write","description":"Create step 10","path":"src/file10.ts","notes":"Depends on: step_9"}]
[Planner] Response length: [33m1065[39m
[Planner] Steps sorted topologically: step_1 ΓåÆ step_2 ΓåÆ step_3 ΓåÆ step_4 ΓåÆ step_5 ΓåÆ step_6 ΓåÆ step_7 ΓåÆ step_8 ΓåÆ step_9 ΓåÆ step_10
[Planner] Pre-flight validation complete. Executor will handle content validation.

[90mstdout[2m | src/test/refactoringExecutor-extended.test.ts[2m > [22m[2mRefactoringExecutor - Refactoring Execution[2m > [22m[2mshould validate refactored code
[22m[39m[FeatureAnalyzer] No LLMClient provided - using pattern-based analysis only
[ServiceExtractor] Using model: test-model at http://localhost:11434
[RefactoringExecutor] Using model: test-model at http://localhost:11434

[90mstdout[2m | src/test/critical-paths.test.ts[2m > [22m[2mCritical Paths - 90% Coverage Target[2m > [22m[2mError Recovery in Critical Paths[2m > [22m[2mrecovers from circular dependencies
[22m[39m[Planner] Raw LLM Response:  [{"step":1,"action":"write","description":"A","path":"src/a.ts","notes":"Depends on: step_2"},{"step":2,"action":"write","description":"B","path":"src/b.ts","notes":"Depends on: step_1"}]
[Planner] Response length: [33m187[39m
[Planner] Steps sorted topologically: step_1 ΓåÆ step_2
[Planner] Pre-flight validation complete. Executor will handle content validation.

[90mstdout[2m | src/refactoringExecutor.test.ts[2m > [22m[2mRefactoringExecutor[2m > [22m[2mImpact Assessment[2m > [22m[2mdetects performance improvements
[22m[39m[FeatureAnalyzer] No LLMClient provided - using pattern-based analysis only
[ServiceExtractor] No LLMClient provided - using pattern-based extraction only
[RefactoringExecutor] Using model: test-model at http://localhost:11434

[90mstdout[2m | src/test/refactoringExecutor-coverage-boost.test.ts[2m > [22m[2mRefactoringExecutor - Coverage Boost[2m > [22m[2mError Handling[2m > [22m[2mshould include errors in execution result
[22m[39m[RefactoringExecutor] Using model: mistral at http://localhost:11434

[90mstdout[2m | src/test/snapshotValidation.test.ts[2m > [22m[2mSnapshot & Output Validation[2m > [22m[2mPlan Consistency Validation[2m > [22m[2mall steps have non-empty descriptions
[22m[39m[Planner] Raw LLM Response:  [{"step":1,"action":"write","description":"Create step 1","path":"src/file1.ts"},{"step":2,"action":"write","description":"Create step 2","path":"src/file2.ts","notes":"Depends on: step_1"},{"step":3,"action":"write","description":"Create step 3","path":"src/file3.ts","notes":"Depends on: step_2"}]
[Planner] Response length: [33m299[39m
[Planner] Steps sorted topologically: step_1 ΓåÆ step_2 ΓåÆ step_3
[Planner] Pre-flight validation complete. Executor will handle content validation.

[90mstdout[2m | src/test/refactoringExecutor-extended.test.ts[2m > [22m[2mRefactoringExecutor - Refactoring Execution[2m > [22m[2mshould assess impact of refactoring
[22m[39m[FeatureAnalyzer] No LLMClient provided - using pattern-based analysis only
[ServiceExtractor] Using model: test-model at http://localhost:11434
[RefactoringExecutor] Using model: test-model at http://localhost:11434

[90mstdout[2m | src/test/errorPaths.test.ts[2m > [22m[2mError Path Testing[2m > [22m[2mPlanner - Parse Recovery[2m > [22m[2mhandles JSON with leading whitespace
[22m[39m[Planner] Raw LLM Response:     

[{"step": 1, "action": "write", "description": "Test", "path": "src/test.ts"}]
[Planner] Response length: [33m83[39m
[Planner] Steps sorted topologically: step_1
[Planner] Pre-flight validation complete. Executor will handle content validation.

[90mstdout[2m | src/test/critical-paths.test.ts[2m > [22m[2mCritical Paths - 90% Coverage Target[2m > [22m[2mError Recovery in Critical Paths[2m > [22m[2mrecovers from invalid dependency references
[22m[39m[Planner] Raw LLM Response:  [{"step":1,"action":"write","description":"A","path":"src/a.ts"},{"step":2,"action":"write","description":"B","path":"src/b.ts","notes":"Depends on: step_99"}]
[Planner] Response length: [33m159[39m
[Planner] Steps sorted topologically: step_1 ΓåÆ step_2
[Planner] Pre-flight validation complete. Executor will handle content validation.

[90mstdout[2m | src/test/coverage-surgical-strikes.test.ts[2m > [22m[2mCoverage Surgical Strikes[2m > [22m[2mRefactoringExecutor - Execute Refactoring (Lines 691-1147)[2m > [22m[2mshould execute complete refactoring pipeline
[22m[39m[FeatureAnalyzer] No LLMClient provided - using pattern-based analysis only
[ServiceExtractor] Using model: test-model at http://localhost:11434
[RefactoringExecutor] Using model: test-model at http://localhost:11434

[90mstdout[2m | src/refactoringExecutor.test.ts[2m > [22m[2mRefactoringExecutor[2m > [22m[2mError Handling[2m > [22m[2mlogs all execution steps
[22m[39m[FeatureAnalyzer] No LLMClient provided - using pattern-based analysis only
[ServiceExtractor] No LLMClient provided - using pattern-based extraction only
[RefactoringExecutor] Using model: test-model at http://localhost:11434

[90mstdout[2m | src/test/refactoringExecutor-coverage-boost.test.ts[2m > [22m[2mRefactoringExecutor - Coverage Boost[2m > [22m[2mCode Extraction[2m > [22m[2mshould extract code from markdown code block
[22m[39m[RefactoringExecutor] Using model: mistral at http://localhost:11434

[90mstdout[2m | src/test/snapshotValidation.test.ts[2m > [22m[2mSnapshot & Output Validation[2m > [22m[2mPlan Consistency Validation[2m > [22m[2mall steps have valid paths
[22m[39m[Planner] Raw LLM Response:  [{"step":1,"action":"write","description":"Create step 1","path":"src/file1.ts"},{"step":2,"action":"write","description":"Create step 2","path":"src/file2.ts","notes":"Depends on: step_1"},{"step":3,"action":"write","description":"Create step 3","path":"src/file3.ts","notes":"Depends on: step_2"}]
[Planner] Response length: [33m299[39m
[Planner] Steps sorted topologically: step_1 ΓåÆ step_2 ΓåÆ step_3
[Planner] Pre-flight validation complete. Executor will handle content validation.

[90mstdout[2m | src/test/refactoringExecutor-extended.test.ts[2m > [22m[2mRefactoringExecutor - Refactoring Execution[2m > [22m[2mshould track execution log
[22m[39m[FeatureAnalyzer] No LLMClient provided - using pattern-based analysis only
[ServiceExtractor] Using model: test-model at http://localhost:11434
[RefactoringExecutor] Using model: test-model at http://localhost:11434

[90mstdout[2m | src/test/errorPaths.test.ts[2m > [22m[2mError Path Testing[2m > [22m[2mPlanner - Parse Recovery[2m > [22m[2mhandles markdown code blocks
[22m[39m[Planner] Raw LLM Response:  
```json
[{"step": 1, "action": "write", "description": "Test", "path": "src/test.ts"}]
```
        
[Planner] Response length: [33m100[39m
[Planner] Steps sorted topologically: step_1
[Planner] Pre-flight validation complete. Executor will handle content validation.

[90mstdout[2m | src/test/critical-paths.test.ts[2m > [22m[2mCritical Paths - 90% Coverage Target[2m > [22m[2mError Recovery in Critical Paths[2m > [22m[2mhandles malformed but partially valid JSON
[22m[39m[Planner] Raw LLM Response:  
```json
[
  {"step": 1, "action": "write", "description": "Test", "path": "src/test.ts"}
]
```
        
[Planner] Response length: [33m104[39m
[Planner] Steps sorted topologically: step_1
[Planner] Pre-flight validation complete. Executor will handle content validation.

[90mstdout[2m | src/refactoringExecutor.test.ts[2m > [22m[2mRefactoringExecutor[2m > [22m[2mError Handling[2m > [22m[2mprovides rollback capability
[22m[39m[FeatureAnalyzer] No LLMClient provided - using pattern-based analysis only
[ServiceExtractor] No LLMClient provided - using pattern-based extraction only
[RefactoringExecutor] Using model: test-model at http://localhost:11434

[90mstdout[2m | src/test/refactoringExecutor-coverage-boost.test.ts[2m > [22m[2mRefactoringExecutor - Coverage Boost[2m > [22m[2mCode Extraction[2m > [22m[2mshould extract code from triple backtick block
[22m[39m[RefactoringExecutor] Using model: mistral at http://localhost:11434

[90mstdout[2m | src/test/snapshotValidation.test.ts[2m > [22m[2mSnapshot & Output Validation[2m > [22m[2mOutput Transformation Validation[2m > [22m[2mpreserves original step order when no dependencies
[22m[39m[Planner] Raw LLM Response:  [{"step":1,"action":"write","description":"First","path":"src/first.ts"},{"step":2,"action":"write","description":"Second","path":"src/second.ts"},{"step":3,"action":"write","description":"Third","path":"src/third.ts"}]
[Planner] Response length: [33m219[39m
[Planner] Steps sorted topologically: step_1 ΓåÆ step_2 ΓåÆ step_3
[Planner] Pre-flight validation complete. Executor will handle content validation.

[90mstdout[2m | src/test/refactoringExecutor-extended.test.ts[2m > [22m[2mRefactoringExecutor - Refactoring Execution[2m > [22m[2mshould indicate rollback availability
[22m[39m[FeatureAnalyzer] No LLMClient provided - using pattern-based analysis only
[ServiceExtractor] Using model: test-model at http://localhost:11434
[RefactoringExecutor] Using model: test-model at http://localhost:11434

[90mstdout[2m | src/test/errorPaths.test.ts[2m > [22m[2mError Path Testing[2m > [22m[2mPlanner - Parse Recovery[2m > [22m[2mhandles JSON without markdown code blocks
[22m[39m[Planner] Raw LLM Response:  
[90mstderr[2m | src/test/errorPaths.test.ts[2m > [22m[2mError Path Testing[2m > [22m[2mPlanner - Invalid Input Handling[2m > [22m[2mhandles steps with invalid action types
[22m[39mWarning: Invalid action "invalid-action", defaulting to "read"

[90mstderr[2m | src/test/errorPaths.test.ts[2m > [22m[2mError Path Testing[2m > [22m[2mPlanner - Parse Recovery[2m > [22m[2mthrows on malformed JSON after cleanup
[22m[39m[jsonSanitizer] Parse failed: Unexpected non-whitespace character after JSON at position 79 (line 2 column 1)

```
[{"step": 1, "action": "write", "description": "Test", "path": "src/test.ts"}]
```
        
[Planner] Response length: [33m96[39m
[Planner] Steps sorted topologically: step_1
[Planner] Pre-flight validation complete. Executor will handle content validation.

[90mstdout[2m | src/refactoringExecutor.test.ts[2m > [22m[2mRefactoringExecutor[2m > [22m[2mSelf-Correction & Golden Templates (Phase 13)[2m > [22m[2mhandles code generation with semantic error detection
[22m[39m[FeatureAnalyzer] No LLMClient provided - using pattern-based analysis only
[ServiceExtractor] No LLMClient provided - using pattern-based extraction only
[RefactoringExecutor] Using model: test-model at http://localhost:11434

[90mstdout[2m | src/test/refactoringExecutor-coverage-boost.test.ts[2m > [22m[2mRefactoringExecutor - Coverage Boost[2m > [22m[2mCode Extraction[2m > [22m[2mshould extract plain code without code block markers
[22m[39m[RefactoringExecutor] Using model: mistral at http://localhost:11434

[90mstdout[2m | src/test/snapshotValidation.test.ts[2m > [22m[2mSnapshot & Output Validation[2m > [22m[2mOutput Transformation Validation[2m > [22m[2mapplies topological sort correctly
[22m[39m[Planner] Raw LLM Response:  [{"step":1,"action":"write","description":"Create base","path":"src/base.ts"},{"step":2,"action":"write","description":"Create B","path":"src/b.ts","notes":"Depends on: step_1"},{"step":3,"action":"write","description":"Create C","path":"src/c.ts","notes":"Depends on: step_1"},{"step":4,"action":"write","description":"Create D","path":"src/d.ts","notes":"Depends on: step_2, step_3"}]
[Planner] Response length: [33m386[39m
[Planner] Steps sorted topologically: step_1 ΓåÆ step_2 ΓåÆ step_3 ΓåÆ step_4
[Planner] Pre-flight validation complete. Executor will handle content validation.

[90mstdout[2m | src/test/refactoringExecutor-extended.test.ts[2m > [22m[2mRefactoringExecutor - Refactoring Execution[2m > [22m[2mshould return empty errors array on success
[22m[39m[FeatureAnalyzer] No LLMClient provided - using pattern-based analysis only
[ServiceExtractor] Using model: test-model at http://localhost:11434
[RefactoringExecutor] Using model: test-model at http://localhost:11434

[90mstdout[2m | src/test/errorPaths.test.ts[2m > [22m[2mError Path Testing[2m > [22m[2mPlanner - Parse Recovery[2m > [22m[2mthrows on malformed JSON after cleanup
[22m[39m[Planner] Raw LLM Response:  [{"step": 1, "action": "write", "description": "Test", "path": "src/test.ts"}]
[{"step": 2, "action": "read"}]
[Planner] Response length: [33m110[39m

[90mstdout[2m | src/refactoringExecutor.test.ts[2m > [22m[2mRefactoringExecutor[2m > [22m[2mSelf-Correction & Golden Templates (Phase 13)[2m > [22m[2mapplies golden templates for well-known utilities
[22m[39m[FeatureAnalyzer] No LLMClient provided - using pattern-based analysis only
[ServiceExtractor] No LLMClient provided - using pattern-based extraction only
[RefactoringExecutor] Using model: test-model at http://localhost:11434

[90mstdout[2m | src/test/refactoringExecutor-coverage-boost.test.ts[2m > [22m[2mRefactoringExecutor - Coverage Boost[2m > [22m[2mCode Extraction[2m > [22m[2mshould return null for no code
[22m[39m[RefactoringExecutor] Using model: mistral at http://localhost:11434

 [32mΓ£ô[39m src/test/critical-paths.test.ts [2m([22m[2m19 tests[22m[2m)[22m[32m 36[2mms[22m[39m
[90mstdout[2m | src/test/snapshotValidation.test.ts[2m > [22m[2mSnapshot & Output Validation[2m > [22m[2mEdge Case Validation[2m > [22m[2mhandles single-step plan correctly
[22m[39m[Planner] Raw LLM Response:  [{"step":1,"action":"write","description":"Only step","path":"src/file.ts"}]
[Planner] Response length: [33m76[39m
[Planner] Steps sorted topologically: step_1
[Planner] Pre-flight validation complete. Executor will handle content validation.

[90mstdout[2m | src/test/refactoringExecutor-extended.test.ts[2m > [22m[2mRefactoringExecutor - Error Handling[2m > [22m[2mshould handle LLM failure gracefully
[22m[39m[FeatureAnalyzer] No LLMClient provided - using pattern-based analysis only
[ServiceExtractor] Using model: test-model at http://localhost:11434
[RefactoringExecutor] Using model: test-model at http://localhost:11434

[90mstdout[2m | src/refactoringExecutor.test.ts[2m > [22m[2mRefactoringExecutor[2m > [22m[2mSelf-Correction & Golden Templates (Phase 13)[2m > [22m[2mvalidates file context for different file types
[22m[39m[FeatureAnalyzer] No LLMClient provided - using pattern-based analysis only
[ServiceExtractor] No LLMClient provided - using pattern-based extraction only
[RefactoringExecutor] Using model: test-model at http://localhost:11434

[90mstdout[2m | src/test/refactoringExecutor-coverage-boost.test.ts[2m > [22m[2mRefactoringExecutor - Coverage Boost[2m > [22m[2mCode Extraction[2m > [22m[2mshould handle nested code blocks
[22m[39m[RefactoringExecutor] Using model: mistral at http://localhost:11434

[90mstdout[2m | src/test/snapshotValidation.test.ts[2m > [22m[2mSnapshot & Output Validation[2m > [22m[2mEdge Case Validation[2m > [22m[2mhandles large number of steps
[22m[39m[Planner] Raw LLM Response:  [{"step":1,"action":"write","description":"Create step 1","path":"src/file1.ts"},{"step":2,"action":"write","description":"Create step 2","path":"src/file2.ts","notes":"Depends on: step_1"},{"step":3,"action":"write","description":"Create step 3","path":"src/file3.ts","notes":"Depends on: step_2"},{"step":4,"action":"write","description":"Create step 4","path":"src/file4.ts","notes":"Depends on: step_3"},{"step":5,"action":"write","description":"Create step 5","path":"src/file5.ts","notes":"Depends on: step_4"},{"step":6,"action":"write","description":"Create step 6","path":"src/file6.ts","notes":"Depends on: step_5"},{"step":7,"action":"write","description":"Create step 7","path":"src/file7.ts","notes":"Depends on: step_6"},{"step":8,"action":"write","description":"Create step 8","path":"src/file8.ts","notes":"Depends on: step_7"},{"step":9,"action":"write","description":"Create step 9","path":"src/file9.ts","notes":"Depends on: step_8"},{"step":10,"action":"write","description":"Create step 10","path":"src/file10.ts","notes":"Depends on: step_9"},{"step":11,"action":"write","description":"Create step 11","path":"src/file11.ts","notes":"Depends on: step_10"},{"step":12,"action":"write","description":"Create step 12","path":"src/file12.ts","notes":"Depends on: step_11"},{"step":13,"action":"write","description":"Create step 13","path":"src/file13.ts","notes":"Depends on: step_12"},{"step":14,"action":"write","description":"Create step 14","path":"src/file14.ts","notes":"Depends on: step_13"},{"step":15,"action":"write","description":"Create step 15","path":"src/file15.ts","notes":"Depends on: step_14"},{"step":16,"action":"write","description":"Create step 16","path":"src/file16.ts","notes":"Depends on: step_15"},{"step":17,"action":"write","description":"Create step 17","path":"src/file17.ts","notes":"Depends on: step_16"},{"step":18,"action":"write","description":"Create step 18","path":"src/file18.ts","notes":"Depends on: step_17"},{"step":19,"action":"write","description":"Create step 19","path":"src/file19.ts","notes":"Depends on: step_18"},{"step":20,"action":"write","description":"Create step 20","path":"src/file20.ts","notes":"Depends on: step_19"},{"step":21,"action":"write","description":"Create step 21","path":"src/file21.ts","notes":"Depends on: step_20"},{"step":22,"action":"write","description":"Create step 22","path":"src/file22.ts","notes":"Depends on: step_21"},{"step":23,"action":"write","description":"Create step 23","path":"src/file23.ts","notes":"Depends on: step_22"},{"step":24,"action":"write","description":"Create step 24","path":"src/file24.ts","notes":"Depends on: step_23"},{"step":25,"action":"write","description":"Create step 25","path":"src/file25.ts","notes":"Depends on: step_24"},{"step":26,"action":"write","description":"Create step 26","path":"src/file26.ts","notes":"Depends on: step_25"},{"step":27,"action":"write","description":"Create step 27","path":"src/file27.ts","notes":"Depends on: step_26"},{"step":28,"action":"write","description":"Create step 28","path":"src/file28.ts","notes":"Depends on: step_27"},{"step":29,"action":"write","description":"Create step 29","path":"src/file29.ts","notes":"Depends on: step_28"},{"step":30,"action":"write","description":"Create step 30","path":"src/file30.ts","notes":"Depends on: step_29"},{"step":31,"action":"write","description":"Create step 31","path":"src/file31.ts","notes":"Depends on: step_30"},{"step":32,"action":"write","description":"Create step 32","path":"src/file32.ts","notes":"Depends on: step_31"},{"step":33,"action":"write","description":"Create step 33","path":"src/file33.ts","notes":"Depends on: step_32"},{"step":34,"action":"write","description":"Create step 34","path":"src/file34.ts","notes":"Depends on: step_33"},{"step":35,"action":"write","description":"Create step 35","path":"src/file35.ts","notes":"Depends on: step_34"},{"step":36,"action":"write","description":"Create step 36","path":"src/file36.ts","notes":"Depends on: step_35"},{"step":37,"action":"write","description":"Create step 37","path":"src/file37.ts","notes":"Depends on: step_36"},{"step":38,"action":"write","description":"Create step 38","path":"src/file38.ts","notes":"Depends on: step_37"},{"step":39,"action":"write","description":"Create step 39","path":"src/file39.ts","notes":"Depends on: step_38"},{"step":40,"action":"write","description":"Create step 40","path":"src/file40.ts","notes":"Depends on: step_39"},{"step":41,"action":"write","description":"Create step 41","path":"src/file41.ts","notes":"Depends on: step_40"},{"step":42,"action":"write","description":"Create step 42","path":"src/file42.ts","notes":"Depends on: step_41"},{"step":43,"action":"write","description":"Create step 43","path":"src/file43.ts","notes":"Depends on: step_42"},{"step":44,"action":"write","description":"Create step 44","path":"src/file44.ts","notes":"Depends on: step_43"},{"step":45,"action":"write","description":"Create step 45","path":"src/file45.ts","notes":"Depends on: step_44"},{"step":46,"action":"write","description":"Create step 46","path":"src/file46.ts","notes":"Depends on: step_45"},{"step":47,"action":"write","description":"Create step 47","path":"src/file47.ts","notes":"Depends on: step_46"},{"step":48,"action":"write","description":"Create step 48","path":"src/file48.ts","notes":"Depends on: step_47"},{"step":49,"action":"write","description":"Create step 49","path":"src/file49.ts","notes":"Depends on: step_48"},{"step":50,"action":"write","description":"Create step 50","path":"src/file50.ts","notes":"Depends on: step_49"},{"step":51,"action":"write","description":"Create step 51","path":"src/file51.ts","notes":"Depends on: step_50"},{"step":52,"action":"write","description":"Create step 52","path":"src/file52.ts","notes":"Depends on: step_51"},{"step":53,"action":"write","description":"Create step 53","path":"src/file53.ts","notes":"Depends on: step_52"},{"step":54,"action":"write","description":"Create step 54","path":"src/file54.ts","notes":"Depends on: step_53"},{"step":55,"action":"write","description":"Create step 55","path":"src/file55.ts","notes":"Depends on: step_54"},{"step":56,"action":"write","description":"Create step 56","path":"src/file56.ts","notes":"Depends on: step_55"},{"step":57,"action":"write","description":"Create step 57","path":"src/file57.ts","notes":"Depends on: step_56"},{"step":58,"action":"write","description":"Create step 58","path":"src/file58.ts","notes":"Depends on: step_57"},{"step":59,"action":"write","description":"Create step 59","path":"src/file59.ts","notes":"Depends on: step_58"},{"step":60,"action":"write","description":"Create step 60","path":"src/file60.ts","notes":"Depends on: step_59"},{"step":61,"action":"write","description":"Create step 61","path":"src/file61.ts","notes":"Depends on: step_60"},{"step":62,"action":"write","description":"Create step 62","path":"src/file62.ts","notes":"Depends on: step_61"},{"step":63,"action":"write","description":"Create step 63","path":"src/file63.ts","notes":"Depends on: step_62"},{"step":64,"action":"write","description":"Create step 64","path":"src/file64.ts","notes":"Depends on: step_63"},{"step":65,"action":"write","description":"Create step 65","path":"src/file65.ts","notes":"Depends on: step_64"},{"step":66,"action":"write","description":"Create step 66","path":"src/file66.ts","notes":"Depends on: step_65"},{"step":67,"action":"write","description":"Create step 67","path":"src/file67.ts","notes":"Depends on: step_66"},{"step":68,"action":"write","description":"Create step 68","path":"src/file68.ts","notes":"Depends on: step_67"},{"step":69,"action":"write","description":"Create step 69","path":"src/file69.ts","notes":"Depends on: step_68"},{"step":70,"action":"write","description":"Create step 70","path":"src/file70.ts","notes":"Depends on: step_69"},{"step":71,"action":"write","description":"Create step 71","path":"src/file71.ts","notes":"Depends on: step_70"},{"step":72,"action":"write","description":"Create step 72","path":"src/file72.ts","notes":"Depends on: step_71"},{"step":73,"action":"write","description":"Create step 73","path":"src/file73.ts","notes":"Depends on: step_72"},{"step":74,"action":"write","description":"Create step 74","path":"src/file74.ts","notes":"Depends on: step_73"},{"step":75,"action":"write","description":"Create step 75","path":"src/file75.ts","notes":"Depends on: step_74"},{"step":76,"action":"write","description":"Create step 76","path":"src/file76.ts","notes":"Depends on: step_75"},{"step":77,"action":"write","description":"Create step 77","path":"src/file77.ts","notes":"Depends on: step_76"},{"step":78,"action":"write","description":"Create step 78","path":"src/file78.ts","notes":"Depends on: step_77"},{"step":79,"action":"write","description":"Create step 79","path":"src/file79.ts","notes":"Depends on: step_78"},{"step":80,"action":"write","description":"Create step 80","path":"src/file80.ts","notes":"Depends on: step_79"},{"step":81,"action":"write","description":"Create step 81","path":"src/file81.ts","notes":"Depends on: step_80"},{"step":82,"action":"write","description":"Create step 82","path":"src/file82.ts","notes":"Depends on: step_81"},{"step":83,"action":"write","description":"Create step 83","path":"src/file83.ts","notes":"Depends on: step_82"},{"step":84,"action":"write","description":"Create step 84","path":"src/file84.ts","notes":"Depends on: step_83"},{"step":85,"action":"write","description":"Create step 85","path":"src/file85.ts","notes":"Depends on: step_84"},{"step":86,"action":"write","description":"Create step 86","path":"src/file86.ts","notes":"Depends on: step_85"},{"step":87,"action":"write","description":"Create step 87","path":"src/file87.ts","notes":"Depends on: step_86"},{"step":88,"action":"write","description":"Create step 88","path":"src/file88.ts","notes":"Depends on: step_87"},{"step":89,"action":"write","description":"Create step 89","path":"src/file89.ts","notes":"Depends on: step_88"},{"step":90,"action":"write","description":"Create step 90","path":"src/file90.ts","notes":"Depends on: step_89"},{"step":91,"action":"write","description":"Create step 91","path":"src/file91.ts","notes":"Depends on: step_90"},{"step":92,"action":"write","description":"Create step 92","path":"src/file92.ts","notes":"Depends on: step_91"},{"step":93,"action":"write","description":"Create step 93","path":"src/file93.ts","notes":"Depends on: step_92"},{"step":94,"action":"write","description":"Create step 94","path":"src/file94.ts","notes":"Depends on: step_93"},{"step":95,"action":"write","description":"Create step 95","path":"src/file95.ts","notes":"Depends on: step_94"},{"step":96,"action":"write","description":"Create step 96","path":"src/file96.ts","notes":"Depends on: step_95"},{"step":97,"action":"write","description":"Create step 97","path":"src/file97.ts","notes":"Depends on: step_96"},{"step":98,"action":"write","description":"Create step 98","path":"src/file98.ts","notes":"Depends on: step_97"},{"step":99,"action":"write","description":"Create step 99","path":"src/file99.ts","notes":"Depends on: step_98"},{"step":100,"action":"write","description":"Create step 100","path":"src/file100.ts","notes":"Depends on: step_99"}]
[Planner] Response length: [33m11238[39m
[Planner] Steps sorted topologically: step_1 ΓåÆ step_2 ΓåÆ step_3 ΓåÆ step_4 ΓåÆ step_5 ΓåÆ step_6 ΓåÆ step_7 ΓåÆ step_8 ΓåÆ step_9 ΓåÆ step_10 ΓåÆ step_11 ΓåÆ step_12 ΓåÆ step_13 ΓåÆ step_14 ΓåÆ step_15 ΓåÆ step_16 ΓåÆ step_17 ΓåÆ step_18 ΓåÆ step_19 ΓåÆ step_20 ΓåÆ step_21 ΓåÆ step_22 ΓåÆ step_23 ΓåÆ step_24 ΓåÆ step_25 ΓåÆ step_26 ΓåÆ step_27 ΓåÆ step_28 ΓåÆ step_29 ΓåÆ step_30 ΓåÆ step_31 ΓåÆ step_32 ΓåÆ step_33 ΓåÆ step_34 ΓåÆ step_35 ΓåÆ step_36 ΓåÆ step_37 ΓåÆ step_38 ΓåÆ step_39 ΓåÆ step_40 ΓåÆ step_41 ΓåÆ step_42 ΓåÆ step_43 ΓåÆ step_44 ΓåÆ step_45 ΓåÆ step_46 ΓåÆ step_47 ΓåÆ step_48 ΓåÆ step_49 ΓåÆ step_50 ΓåÆ step_51 ΓåÆ step_52 ΓåÆ step_53 ΓåÆ step_54 ΓåÆ step_55 ΓåÆ step_56 ΓåÆ step_57 ΓåÆ step_58 ΓåÆ step_59 ΓåÆ step_60 ΓåÆ step_61 ΓåÆ step_62 ΓåÆ step_63 ΓåÆ step_64 ΓåÆ step_65 ΓåÆ step_66 ΓåÆ step_67 ΓåÆ step_68 ΓåÆ step_69 ΓåÆ step_70 ΓåÆ step_71 ΓåÆ step_72 ΓåÆ step_73 ΓåÆ step_74 ΓåÆ step_75 ΓåÆ step_76 ΓåÆ step_77 ΓåÆ step_78 ΓåÆ step_79 ΓåÆ step_80 ΓåÆ step_81 ΓåÆ step_82 ΓåÆ step_83 ΓåÆ step_84 ΓåÆ step_85 ΓåÆ step_86 ΓåÆ step_87 ΓåÆ step_88 ΓåÆ step_89 ΓåÆ step_90 ΓåÆ step_91 ΓåÆ step_92 ΓåÆ step_93 ΓåÆ step_94 ΓåÆ step_95 ΓåÆ step_96 ΓåÆ step_97 ΓåÆ step_98 ΓåÆ step_99 ΓåÆ step_100
[Planner] Pre-flight validation complete. Executor will handle content validation.

[90mstdout[2m | src/test/refactoringExecutor-extended.test.ts[2m > [22m[2mRefactoringExecutor - Error Handling[2m > [22m[2mshould handle LLM throwing exception
[22m[39m[FeatureAnalyzer] No LLMClient provided - using pattern-based analysis only
[ServiceExtractor] Using model: test-model at http://localhost:11434
[RefactoringExecutor] Using model: test-model at http://localhost:11434

[90mstdout[2m | src/test/errorPaths.test.ts[2m > [22m[2mError Path Testing[2m > [22m[2mError Recovery and Fallback Behavior[2m > [22m[2muses original order when topological sort fails
[22m[39m[Planner] Raw LLM Response:  [{"step":1,"action":"write","description":"A","path":"src/a.ts","notes":"Depends on: step_2"},{"step":2,"action":"write","description":"B","path":"src/b.ts","notes":"Depends on: step_1"}]
[Planner] Response length: [33m187[39m
[Planner] Steps sorted topologically: step_1 ΓåÆ step_2
[Planner] Pre-flight validation complete. Executor will handle content validation.

[90mstdout[2m | src/refactoringExecutor.test.ts[2m > [22m[2mRefactoringExecutor[2m > [22m[2mSelf-Correction & Golden Templates (Phase 13)[2m > [22m[2mhandles hook file context with proper patterns
[22m[39m[FeatureAnalyzer] No LLMClient provided - using pattern-based analysis only
[ServiceExtractor] No LLMClient provided - using pattern-based extraction only
[RefactoringExecutor] Using model: test-model at http://localhost:11434

[90mstdout[2m | src/test/refactoringExecutor-coverage-boost.test.ts[2m > [22m[2mRefactoringExecutor - Coverage Boost[2m > [22m[2mTest Case Generation[2m > [22m[2mshould generate test cases
[22m[39m[RefactoringExecutor] Using model: mistral at http://localhost:11434

[90mstdout[2m | src/test/snapshotValidation.test.ts[2m > [22m[2mSnapshot & Output Validation[2m > [22m[2mEdge Case Validation[2m > [22m[2mhandles steps with special characters in descriptions
[22m[39m[Planner] Raw LLM Response:  [{"step":1,"action":"write","description":"Create <MyComponent> with \"quoted\" text & special chars","path":"src/file.ts"}]
[Planner] Response length: [33m124[39m
[Planner] Steps sorted topologically: step_1
[Planner] Pre-flight validation complete. Executor will handle content validation.

[90mstdout[2m | src/test/refactoringExecutor-extended.test.ts[2m > [22m[2mRefactoringExecutor - Error Handling[2m > [22m[2mshould return original code on error
[22m[39m[FeatureAnalyzer] No LLMClient provided - using pattern-based analysis only
[ServiceExtractor] Using model: test-model at http://localhost:11434
[RefactoringExecutor] Using model: test-model at http://localhost:11434

[90mstdout[2m | src/test/errorPaths.test.ts[2m > [22m[2mError Path Testing[2m > [22m[2mError Recovery and Fallback Behavior[2m > [22m[2mhandles plan with no dependencies by preserving order
[22m[39m[Planner] Raw LLM Response:  [{"step":1,"action":"write","description":"A","path":"src/a.ts"},{"step":2,"action":"write","description":"B","path":"src/b.ts"},{"step":3,"action":"write","description":"C","path":"src/c.ts"}]
[Planner] Response length: [33m193[39m
[Planner] Steps sorted topologically: step_1 ΓåÆ step_2 ΓåÆ step_3
[Planner] Pre-flight validation complete. Executor will handle content validation.

[90mstdout[2m | src/test/coverage-surgical-strikes.test.ts[2m > [22m[2mCoverage Surgical Strikes[2m > [22m[2mRefactoringExecutor - Execute Refactoring (Lines 691-1147)[2m > [22m[2mshould handle validation results with multiple checks
[22m[39m[FeatureAnalyzer] No LLMClient provided - using pattern-based analysis only
[ServiceExtractor] Using model: test-model at http://localhost:11434
[RefactoringExecutor] Using model: test-model at http://localhost:11434

[90mstdout[2m | src/refactoringExecutor.test.ts[2m > [22m[2mRefactoringExecutor[2m > [22m[2mSelf-Correction & Golden Templates (Phase 13)[2m > [22m[2mhandles utility file refactoring with validation
[22m[39m[FeatureAnalyzer] No LLMClient provided - using pattern-based analysis only
[ServiceExtractor] No LLMClient provided - using pattern-based extraction only
[RefactoringExecutor] Using model: test-model at http://localhost:11434

[90mstdout[2m | src/test/refactoringExecutor-coverage-boost.test.ts[2m > [22m[2mRefactoringExecutor - Coverage Boost[2m > [22m[2mTest Case Generation[2m > [22m[2mshould parse test case names correctly
[22m[39m[RefactoringExecutor] Using model: mistral at http://localhost:11434

[90mstdout[2m | src/test/refactoringExecutor-extended.test.ts[2m > [22m[2mRefactoringExecutor - Error Handling[2m > [22m[2mshould log errors to execution log
[22m[39m[FeatureAnalyzer] No LLMClient provided - using pattern-based analysis only
[ServiceExtractor] Using model: test-model at http://localhost:11434
[RefactoringExecutor] Using model: test-model at http://localhost:11434

[90mstdout[2m | src/test/errorPaths.test.ts[2m > [22m[2mError Path Testing[2m > [22m[2mTimeout Handling[2m > [22m[2mhandles slow LLM responses
[22m[39m[Planner] Raw LLM Response:  [{"step":1,"action":"write","description":"Test","path":"src/test.ts"}]
[Planner] Response length: [33m71[39m
[Planner] Steps sorted topologically: step_1
[Planner] Pre-flight validation complete. Executor will handle content validation.

[90mstdout[2m | src/test/coverage-surgical-strikes.test.ts[2m > [22m[2mCoverage Surgical Strikes[2m > [22m[2mRefactoringExecutor - Execute Refactoring (Lines 691-1147)[2m > [22m[2mshould handle errors and provide rollback info
[22m[39m[FeatureAnalyzer] No LLMClient provided - using pattern-based analysis only
[ServiceExtractor] Using model: test-model at http://localhost:11434
[RefactoringExecutor] Using model: test-model at http://localhost:11434

[90mstdout[2m | src/refactoringExecutor.test.ts[2m > [22m[2mRefactoringExecutor[2m > [22m[2mRetry & Correction Logic (Phase 13)[2m > [22m[2mhandles code generation retry with semantic errors
[22m[39m[FeatureAnalyzer] No LLMClient provided - using pattern-based analysis only
[ServiceExtractor] No LLMClient provided - using pattern-based extraction only
[RefactoringExecutor] Using model: test-model at http://localhost:11434

[90mstdout[2m | src/test/refactoringExecutor-coverage-boost.test.ts[2m > [22m[2mRefactoringExecutor - Coverage Boost[2m > [22m[2mTest Case Generation[2m > [22m[2mshould handle LLM error in test generation
[22m[39m[RefactoringExecutor] Using model: mistral at http://localhost:11434

[90mstdout[2m | src/test/refactoringExecutor-extended.test.ts[2m > [22m[2mRefactoringExecutor - Error Handling[2m > [22m[2mshould mark refactoring as failed on error
[22m[39m[FeatureAnalyzer] No LLMClient provided - using pattern-based analysis only
[ServiceExtractor] Using model: test-model at http://localhost:11434
[RefactoringExecutor] Using model: test-model at http://localhost:11434

[90mstdout[2m | src/test/errorPaths.test.ts[2m > [22m[2mError Path Testing[2m > [22m[2mLarge Data Handling[2m > [22m[2mhandles plan with many steps
[22m[39m[Planner] Raw LLM Response:  [{"step":1,"action":"write","description":"Step 1","path":"src/file1.ts"},{"step":2,"action":"write","description":"Step 2","path":"src/file2.ts"},{"step":3,"action":"write","description":"Step 3","path":"src/file3.ts"},{"step":4,"action":"write","description":"Step 4","path":"src/file4.ts"},{"step":5,"action":"write","description":"Step 5","path":"src/file5.ts"},{"step":6,"action":"write","description":"Step 6","path":"src/file6.ts"},{"step":7,"action":"write","description":"Step 7","path":"src/file7.ts"},{"step":8,"action":"write","description":"Step 8","path":"src/file8.ts"},{"step":9,"action":"write","description":"Step 9","path":"src/file9.ts"},{"step":10,"action":"write","description":"Step 10","path":"src/file10.ts"},{"step":11,"action":"write","description":"Step 11","path":"src/file11.ts"},{"step":12,"action":"write","description":"Step 12","path":"src/file12.ts"},{"step":13,"action":"write","description":"Step 13","path":"src/file13.ts"},{"step":14,"action":"write","description":"Step 14","path":"src/file14.ts"},{"step":15,"action":"write","description":"Step 15","path":"src/file15.ts"},{"step":16,"action":"write","description":"Step 16","path":"src/file16.ts"},{"step":17,"action":"write","description":"Step 17","path":"src/file17.ts"},{"step":18,"action":"write","description":"Step 18","path":"src/file18.ts"},{"step":19,"action":"write","description":"Step 19","path":"src/file19.ts"},{"step":20,"action":"write","description":"Step 20","path":"src/file20.ts"},{"step":21,"action":"write","description":"Step 21","path":"src/file21.ts"},{"step":22,"action":"write","description":"Step 22","path":"src/file22.ts"},{"step":23,"action":"write","description":"Step 23","path":"src/file23.ts"},{"step":24,"action":"write","description":"Step 24","path":"src/file24.ts"},{"step":25,"action":"write","description":"Step 25","path":"src/file25.ts"},{"step":26,"action":"write","description":"Step 26","path":"src/file26.ts"},{"step":27,"action":"write","description":"Step 27","path":"src/file27.ts"},{"step":28,"action":"write","description":"Step 28","path":"src/file28.ts"},{"step":29,"action":"write","description":"Step 29","path":"src/file29.ts"},{"step":30,"action":"write","description":"Step 30","path":"src/file30.ts"},{"step":31,"action":"write","description":"Step 31","path":"src/file31.ts"},{"step":32,"action":"write","description":"Step 32","path":"src/file32.ts"},{"step":33,"action":"write","description":"Step 33","path":"src/file33.ts"},{"step":34,"action":"write","description":"Step 34","path":"src/file34.ts"},{"step":35,"action":"write","description":"Step 35","path":"src/file35.ts"},{"step":36,"action":"write","description":"Step 36","path":"src/file36.ts"},{"step":37,"action":"write","description":"Step 37","path":"src/file37.ts"},{"step":38,"action":"write","description":"Step 38","path":"src/file38.ts"},{"step":39,"action":"write","description":"Step 39","path":"src/file39.ts"},{"step":40,"action":"write","description":"Step 40","path":"src/file40.ts"},{"step":41,"action":"write","description":"Step 41","path":"src/file41.ts"},{"step":42,"action":"write","description":"Step 42","path":"src/file42.ts"},{"step":43,"action":"write","description":"Step 43","path":"src/file43.ts"},{"step":44,"action":"write","description":"Step 44","path":"src/file44.ts"},{"step":45,"action":"write","description":"Step 45","path":"src/file45.ts"},{"step":46,"action":"write","description":"Step 46","path":"src/file46.ts"},{"step":47,"action":"write","description":"Step 47","path":"src/file47.ts"},{"step":48,"action":"write","description":"Step 48","path":"src/file48.ts"},{"step":49,"action":"write","description":"Step 49","path":"src/file49.ts"},{"step":50,"action":"write","description":"Step 50","path":"src/file50.ts"},{"step":51,"action":"write","description":"Step 51","path":"src/file51.ts"},{"step":52,"action":"write","description":"Step 52","path":"src/file52.ts"},{"step":53,"action":"write","description":"Step 53","path":"src/file53.ts"},{"step":54,"action":"write","description":"Step 54","path":"src/file54.ts"},{"step":55,"action":"write","description":"Step 55","path":"src/file55.ts"},{"step":56,"action":"write","description":"Step 56","path":"src/file56.ts"},{"step":57,"action":"write","description":"Step 57","path":"src/file57.ts"},{"step":58,"action":"write","description":"Step 58","path":"src/file58.ts"},{"step":59,"action":"write","description":"Step 59","path":"src/file59.ts"},{"step":60,"action":"write","description":"Step 60","path":"src/file60.ts"},{"step":61,"action":"write","description":"Step 61","path":"src/file61.ts"},{"step":62,"action":"write","description":"Step 62","path":"src/file62.ts"},{"step":63,"action":"write","description":"Step 63","path":"src/file63.ts"},{"step":64,"action":"write","description":"Step 64","path":"src/file64.ts"},{"step":65,"action":"write","description":"Step 65","path":"src/file65.ts"},{"step":66,"action":"write","description":"Step 66","path":"src/file66.ts"},{"step":67,"action":"write","description":"Step 67","path":"src/file67.ts"},{"step":68,"action":"write","description":"Step 68","path":"src/file68.ts"},{"step":69,"action":"write","description":"Step 69","path":"src/file69.ts"},{"step":70,"action":"write","description":"Step 70","path":"src/file70.ts"},{"step":71,"action":"write","description":"Step 71","path":"src/file71.ts"},{"step":72,"action":"write","description":"Step 72","path":"src/file72.ts"},{"step":73,"action":"write","description":"Step 73","path":"src/file73.ts"},{"step":74,"action":"write","description":"Step 74","path":"src/file74.ts"},{"step":75,"action":"write","description":"Step 75","path":"src/file75.ts"},{"step":76,"action":"write","description":"Step 76","path":"src/file76.ts"},{"step":77,"action":"write","description":"Step 77","path":"src/file77.ts"},{"step":78,"action":"write","description":"Step 78","path":"src/file78.ts"},{"step":79,"action":"write","description":"Step 79","path":"src/file79.ts"},{"step":80,"action":"write","description":"Step 80","path":"src/file80.ts"},{"step":81,"action":"write","description":"Step 81","path":"src/file81.ts"},{"step":82,"action":"write","description":"Step 82","path":"src/file82.ts"},{"step":83,"action":"write","description":"Step 83","path":"src/file83.ts"},{"step":84,"action":"write","description":"Step 84","path":"src/file84.ts"},{"step":85,"action":"write","description":"Step 85","path":"src/file85.ts"},{"step":86,"action":"write","description":"Step 86","path":"src/file86.ts"},{"step":87,"action":"write","description":"Step 87","path":"src/file87.ts"},{"step":88,"action":"write","description":"Step 88","path":"src/file88.ts"},{"step":89,"action":"write","description":"Step 89","path":"src/file89.ts"},{"step":90,"action":"write","description":"Step 90","path":"src/file90.ts"},{"step":91,"action":"write","description":"Step 91","path":"src/file91.ts"},{"step":92,"action":"write","description":"Step 92","path":"src/file92.ts"},{"step":93,"action":"write","description":"Step 93","path":"src/file93.ts"},{"step":94,"action":"write","description":"Step 94","path":"src/file94.ts"},{"step":95,"action":"write","description":"Step 95","path":"src/file95.ts"},{"step":96,"action":"write","description":"Step 96","path":"src/file96.ts"},{"step":97,"action":"write","description":"Step 97","path":"src/file97.ts"},{"step":98,"action":"write","description":"Step 98","path":"src/file98.ts"},{"step":99,"action":"write","description":"Step 99","path":"src/file99.ts"},{"step":100,"action":"write","description":"Step 100","path":"src/file100.ts"}]
[Planner] Response length: [33m7577[39m
[Planner] Steps sorted topologically: step_1 ΓåÆ step_2 ΓåÆ step_3 ΓåÆ step_4 ΓåÆ step_5 ΓåÆ step_6 ΓåÆ step_7 ΓåÆ step_8 ΓåÆ step_9 ΓåÆ step_10 ΓåÆ step_11 ΓåÆ step_12 ΓåÆ step_13 ΓåÆ step_14 ΓåÆ step_15 ΓåÆ step_16 ΓåÆ step_17 ΓåÆ step_18 ΓåÆ step_19 ΓåÆ step_20 ΓåÆ step_21 ΓåÆ step_22 ΓåÆ step_23 ΓåÆ step_24 ΓåÆ step_25 ΓåÆ step_26 ΓåÆ step_27 ΓåÆ step_28 ΓåÆ step_29 ΓåÆ step_30 ΓåÆ step_31 ΓåÆ step_32 ΓåÆ step_33 ΓåÆ step_34 ΓåÆ step_35 ΓåÆ step_36 ΓåÆ step_37 ΓåÆ step_38 ΓåÆ step_39 ΓåÆ step_40 ΓåÆ step_41 ΓåÆ step_42 ΓåÆ step_43 ΓåÆ step_44 ΓåÆ step_45 ΓåÆ step_46 ΓåÆ step_47 ΓåÆ step_48 ΓåÆ step_49 ΓåÆ step_50 ΓåÆ step_51 ΓåÆ step_52 ΓåÆ step_53 ΓåÆ step_54 ΓåÆ step_55 ΓåÆ step_56 ΓåÆ step_57 ΓåÆ step_58 ΓåÆ step_59 ΓåÆ step_60 ΓåÆ step_61 ΓåÆ step_62 ΓåÆ step_63 ΓåÆ step_64 ΓåÆ step_65 ΓåÆ step_66 ΓåÆ step_67 ΓåÆ step_68 ΓåÆ step_69 ΓåÆ step_70 ΓåÆ step_71 ΓåÆ step_72 ΓåÆ step_73 ΓåÆ step_74 ΓåÆ step_75 ΓåÆ step_76 ΓåÆ step_77 ΓåÆ step_78 ΓåÆ step_79 ΓåÆ step_80 ΓåÆ step_81 ΓåÆ step_82 ΓåÆ step_83 ΓåÆ step_84 ΓåÆ step_85 ΓåÆ step_86 ΓåÆ step_87 ΓåÆ step_88 ΓåÆ step_89 ΓåÆ step_90 ΓåÆ step_91 ΓåÆ step_92 ΓåÆ step_93 ΓåÆ step_94 ΓåÆ step_95 ΓåÆ step_96 ΓåÆ step_97 ΓåÆ step_98 ΓåÆ step_99 ΓåÆ step_100
[Planner] Pre-flight validation complete. Executor will handle content validation.

[90mstdout[2m | src/test/coverage-surgical-strikes.test.ts[2m > [22m[2mCoverage Surgical Strikes[2m > [22m[2mRefactoringExecutor - Execute Refactoring (Lines 691-1147)[2m > [22m[2mshould classify file context correctly
[22m[39m[FeatureAnalyzer] No LLMClient provided - using pattern-based analysis only
[ServiceExtractor] Using model: test-model at http://localhost:11434
[RefactoringExecutor] Using model: test-model at http://localhost:11434

[90mstdout[2m | src/refactoringExecutor.test.ts[2m > [22m[2mRefactoringExecutor[2m > [22m[2mRetry & Correction Logic (Phase 13)[2m > [22m[2mexhausts retries gracefully on persistent errors
[22m[39m[FeatureAnalyzer] No LLMClient provided - using pattern-based analysis only
[ServiceExtractor] No LLMClient provided - using pattern-based extraction only
[RefactoringExecutor] Using model: test-model at http://localhost:11434

[90mstdout[2m | src/test/refactoringExecutor-coverage-boost.test.ts[2m > [22m[2mRefactoringExecutor - Coverage Boost[2m > [22m[2mValidation - Syntax[2m > [22m[2mshould validate correct syntax
[22m[39m[RefactoringExecutor] Using model: mistral at http://localhost:11434

 [32mΓ£ô[39m src/test/snapshotValidation.test.ts [2m([22m[2m19 tests[22m[2m)[22m[32m 15[2mms[22m[39m
[90mstdout[2m | src/test/refactoringExecutor-extended.test.ts[2m > [22m[2mRefactoringExecutor - Error Handling[2m > [22m[2mshould provide error details in validation results
[22m[39m[FeatureAnalyzer] No LLMClient provided - using pattern-based analysis only
[ServiceExtractor] Using model: test-model at http://localhost:11434
[RefactoringExecutor] Using model: test-model at http://localhost:11434

[90mstdout[2m | src/test/errorPaths.test.ts[2m > [22m[2mError Path Testing[2m > [22m[2mLarge Data Handling[2m > [22m[2mhandles steps with very long paths
[22m[39m[Planner] Raw LLM Response:  [{"step":1,"action":"write","description":"Test","path":"src/folder/folder/folder/folder/folder/folder/folder/folder/folder/folder/folder/folder/folder/folder/folder/folder/folder/folder/folder/folder/folder/folder/folder/folder/folder/folder/folder/folder/folder/folder/folder/folder/folder/folder/folder/folder/folder/folder/folder/folder/folder/folder/folder/folder/folder/folder/folder/folder/folder/folder/file.ts"}]
[Planner] Response length: [33m421[39m
[Planner] Steps sorted topologically: step_1
[Planner] Pre-flight validation complete. Executor will handle content validation.

[90mstdout[2m | src/refactoringExecutor.test.ts[2m > [22m[2mRefactoringExecutor[2m > [22m[2mRetry & Correction Logic (Phase 13)[2m > [22m[2maccepts warnings-only validation results
[22m[39m[FeatureAnalyzer] No LLMClient provided - using pattern-based analysis only
[ServiceExtractor] No LLMClient provided - using pattern-based extraction only
[RefactoringExecutor] Using model: test-model at http://localhost:11434

[90mstdout[2m | src/test/refactoringExecutor-coverage-boost.test.ts[2m > [22m[2mRefactoringExecutor - Coverage Boost[2m > [22m[2mValidation - Syntax[2m > [22m[2mshould detect empty code
[22m[39m[RefactoringExecutor] Using model: mistral at http://localhost:11434

[90mstdout[2m | src/test/refactoringExecutor-extended.test.ts[2m > [22m[2mRefactoringExecutor - Error Handling[2m > [22m[2mshould keep rollback available even on error
[22m[39m[FeatureAnalyzer] No LLMClient provided - using pattern-based analysis only
[ServiceExtractor] Using model: test-model at http://localhost:11434
[RefactoringExecutor] Using model: test-model at http://localhost:11434

[90mstdout[2m | src/test/errorPaths.test.ts[2m > [22m[2mError Path Testing[2m > [22m[2mLarge Data Handling[2m > [22m[2mhandles steps with very long descriptions
[22m[39m[Planner] Raw LLM Response:  [{"step":1,"action":"write","description":"aaaaaaaaaaaaaaaaaaaaaaaaaaaaaaaaaaaaaaaaaaaaaaaaaaaaaaaaaaaaaaaaaaaaaaaaaaaaaaaaaaaaaaaaaaaaaaaaaaaaaaaaaaaaaaaaaaaaaaaaaaaaaaaaaaaaaaaaaaaaaaaaaaaaaaaaaaaaaaaaaaaaaaaaaaaaaaaaaaaaaaaaaaaaaaaaaaaaaaaaaaaaaaaaaaaaaaaaaaaaaaaaaaaaaaaaaaaaaaaaaaaaaaaaaaaaaaaaaaaaaaaaaaaaaaaaaaaaaaaaaaaaaaaaaaaaaaaaaaaaaaaaaaaaaaaaaaaaaaaaaaaaaaaaaaaaaaaaaaaaaaaaaaaaaaaaaaaaaaaaaaaaaaaaaaaaaaaaaaaaaaaaaaaaaaaaaaaaaaaaaaaaaaaaaaaaaaaaaaaaaaaaaaaaaaaaaaaaaaaaaaaaaaaaaaaaaaaaaaaaaaaaaaaaaaaaaaaaaaaaaaaaaaaaaaaaaaaaaaaaaaaaaaaaaaaaaaaaaaaaaaaaaaaaaaaaaaaaaaaaaaaaaaaaaaaaaaaaaaaaaaaaaaaaaaaaaaaaaaaaaaaaaaaaaaaaaaaaaaaaaaaaaaaaaaaaaaaaaaaaaaaaaaaaaaaaaaaaaaaaaaaaaaaaaaaaaaaaaaaaaaaaaaaaaaaaaaaaaaaaaaaaaaaaaaaaaaaaaaaaaaaaaaaaaaaaaaaaaaaaaaaaaaaaaaaaaaaaaaaaaaaaaaaaaaaaaaaaaaaaaaaaaaaaaaaaaaaaaaaaaaaaaaaaaaaaaaaaaaaaaaaaaaaaaaaaaaaaaaaaaaaaaaaaaaaaaaaaaaaaaaaaaaaaaaaaaaaaaaaaaaaaaaaaaaaaaaaaaaaaaaaaaaaaaaaaaaaaaaaaaaaaaaaaaaaaaaaaaaaaaaaaaaaaaaaaaaaaaaaaaaaaaaaaaaaaaaaaaaaaaaaaaaaaaaaaaaaaaaaaaaaaaaaaaaaaaaaaaaaaaaaaaaaaaaaaaaaaaaaaaaaaaaaaaaaaaaaaaaaaaaaaaaaaaaaaaaaaaaaaaaaaaaaaaaaaaaaaaaaaaaaaaaaaaaaaaaaaaaaaaaaaaaaaaaaaaaaaaaaaaaaaaaaaaaaaaaaaaaaaaaaaaaaaaaaaaaaaaaaaaaaaaaaaaaaaaaaaaaaaaaaaaaaaaaaaaaaaaaaaaaaaaaaaaaaaaaaaaaaaaaaaaaaaaaaaaaaaaaaaaaaaaaaaaaaaaaaaaaaaaaaaaaaaaaaaaaaaaaaaaaaaaaaaaaaaaaaaaaaaaaaaaaaaaaaaaaaaaaaaaaaaaaaaaaaaaaaaaaaaaaaaaaaaaaaaaaaaaaaaaaaaaaaaaaaaaaaaaaaaaaaaaaaaaaaaaaaaaaaaaaaaaaaaaaaaaaaaaaaaaaaaaaaaaaaaaaaaaaaaaaaaaaaaaaaaaaaaaaaaaaaaaaaaaaaaaaaaaaaaaaaaaaaaaaaaaaaaaaaaaaaaaaaaaaaaaaaaaaaaaaaaaaaaaaaaaaaaaaaaaaaaaaaaaaaaaaaaaaaaaaaaaaaaaaaaaaaaaaaaaaaaaaaaaaaaaaaaaaaaaaaaaaaaaaaaaaaaaaaaaaaaaaaaaaaaaaaaaaaaaaaaaaaaaaaaaaaaaaaaaaaaaaaaaaaaaaaaaaaaaaaaaaaaaaaaaaaaaaaaaaaaaaaaaaaaaaaaaaaaaaaaaaaaaaaaaaaaaaaaaaaaaaaaaaaaaaaaaaaaaaaaaaaaaaaaaaaaaaaaaaaaaaaaaaaaaaaaaaaaaaaaaaaaaaaaaaaaaaaaaaaaaaaaaaaaaaaaaaaaaaaaaaaaaaaaaaaaaaaaaaaaaaaaaaaaaaaaaaaaaaaaaaaaaaaaaaaaaaaaaaaaaaaaaaaaaaaaaaaaaaaaaaaaaaaaaaaaaaaaaaaaaaaaaaaaaaaaaaaaaaaaaaaaaaaaaaaaaaaaaaaaaaaaaaaaaaaaaaaaaaaaaaaaaaaaaaaaaaaaaaaaaaaaaaaaaaaaaaaaaaaaaaaaaaaaaaaaaaaaaaaaaaaaaaaaaaaaaaaaaaaaaaaaaaaaaaaaaaaaaaaaaaaaaaaaaaaaaaaaaaaaaaaaaaaaaaaaaaaaaaaaaaaaaaaaaaaaaaaaaaaaaaaaaaaaaaaaaaaaaaaaaaaaaaaaaaaaaaaaaaaaaaaaaaaaaaaaaaaaaaaaaaaaaaaaaaaaaaaaaaaaaaaaaaaaaaaaaaaaaaaaaaaaaaaaaaaaaaaaaaaaaaaaaaaaaaaaaaaaaaaaaaaaaaaaaaaaaaaaaaaaaaaaaaaaaaaaaaaaaaaaaaaaaaaaaaaaaaaaaaaaaaaaaaaaaaaaaaaaaaaaaaaaaaaaaaaaaaaaaaaaaaaaaaaaaaaaaaaaaaaaaaaaaaaaaaaaaaaaaaaaaaaaaaaaaaaaaaaaaaaaaaaaaaaaaaaaaaaaaaaaaaaaaaaaaaaaaaaaaaaaaaaaaaaaaaaaaaaaaaaaaaaaaaaaaaaaaaaaaaaaaaaaaaaaaaaaaaaaaaaaaaaaaaaaaaaaaaaaaaaaaaaaaaaaaaaaaaaaaaaaaaaaaaaaaaaaaaaaaaaaaaaaaaaaaaaaaaaaaaaaaaaaaaaaaaaaaaaaaaaaaaaaaaaaaaaaaaaaaaaaaaaaaaaaaaaaaaaaaaaaaaaaaaaaaaaaaaaaaaaaaaaaaaaaaaaaaaaaaaaaaaaaaaaaaaaaaaaaaaaaaaaaaaaaaaaaaaaaaaaaaaaaaaaaaaaaaaaaaaaaaaaaaaaaaaaaaaaaaaaaaaaaaaaaaaaaaaaaaaaaaaaaaaaaaaaaaaaaaaaaaaaaaaaaaaaaaaaaaaaaaaaaaaaaaaaaaaaaaaaaaaaaaaaaaaaaaaaaaaaaaaaaaaaaaaaaaaaaaaaaaaaaaaaaaaaaaaaaaaaaaaaaaaaaaaaaaaaaaaaaaaaaaaaaaaaaaaaaaaaaaaaaaaaaaaaaaaaaaaaaaaaaaaaaaaaaaaaaaaaaaaaaaaaaaaaaaaaaaaaaaaaaaaaaaaaaaaaaaaaaaaaaaaaaaaaaaaaaaaaaaaaaaaaaaaaaaaaaaaaaaaaaaaaaaaaaaaaaaaaaaaaaaaaaaaaaaaaaaaaaaaaaaaaaaaaaaaaaaaaaaaaaaaaaaaaaaaaaaaaaaaaaaaaaaaaaaaaaaaaaaaaaaaaaaaaaaaaaaaaaaaaaaaaaaaaaaaaaaaaaaaaaaaaaaaaaaaaaaaaaaaaaaaaaaaaaaaaaaaaaaaaaaaaaaaaaaaaaaaaaaaaaaaaaaaaaaaaaaaaaaaaaaaaaaaaaaaaaaaaaaaaaaaaaaaaaaaaaaaaaaaaaaaaaaaaaaaaaaaaaaaaaaaaaaaaaaaaaaaaaaaaaaaaaaaaaaaaaaaaaaaaaaaaaaaaaaaaaaaaaaaaaaaaaaaaaaaaaaaaaaaaaaaaaaaaaaaaaaaaaaaaaaaaaaaaaaaaaaaaaaaaaaaaaaaaaaaaaaaaaaaaaaaaaaaaaaaaaaaaaaaaaaaaaaaaaaaaaaaaaaaaaaaaaaaaaaaaaaaaaaaaaaaaaaaaaaaaaaaaaaaaaaaaaaaaaaaaaaaaaaaaaaaaaaaaaaaaaaaaaaaaaaaaaaaaaaaaaaaaaaaaaaaaaaaaaaaaaaaaaaaaaaaaaaaaaaaaaaaaaaaaaaaaaaaaaaaaaaaaaaaaaaaaaaaaaaaaaaaaaaaaaaaaaaaaaaaaaaaaaaaaaaaaaaaaaaaaaaaaaaaaaaaaaaaaaaaaaaaaaaaaaaaaaaaaaaaaaaaaaaaaaaaaaaaaaaaaaaaaaaaaaaaaaaaaaaaaaaaaaaaaaaaaaaaaaaaaaaaaaaaaaaaaaaaaaaaaaaaaaaaaaaaaaaaaaaaaaaaaaaaaaaaaaaaaaaaaaaaaaaaaaaaaaaaaaaaaaaaaaaaaaaaaaaaaaaaaaaaaaaaaaaaaaaaaaaaaaaaaaaaaaaaaaaaaaaaaaaaaaaaaaaaaaaaaaaaaaaaaaaaaaaaaaaaaaaaaaaaaaaaaaaaaaaaaaaaaaaaaaaaaaaaaaaaaaaaaaaaaaaaaaaaaaaaaaaaaaaaaaaaaaaaaaaaaaaaaaaaaaaaaaaaaaaaaaaaaaaaaaaaaaaaaaaaaaaaaaaaaaaaaaaaaaaaaaaaaaaaaaaaaaaaaaaaaaaaaaaaaaaaaaaaaaaaaaaaaaaaaaaaaaaaaaaaaaaaaaaaaaaaaaaaaaaaaaaaaaaaaaaaaaaaaaaaaaaaaaaaaaaaaaaaaaaaaaaaaaaaaaaaaaaaaaaaaaaaaaaaaaaaaaaaaaaaaaaaaaaaaaaaaaaaaaaaaaaaaaaaaaaaaaaaaaaaaaaaaaaaaaaaaaaaaaaaaaaaaaaaaaaaaaaaaaaaaaaaaaaaaaaaaaaaaaaaaaaaaaaaaaaaaaaaaaaaaaaaaaaaaaaaaaaaaaaaaaaaaaaaaaaaaaaaaaaaaaaaaaaaaaaaaaaaaaaaaaaaaaaaaaaaaaaaaaaaaaaaaaaaaaaaaaaaaaaaaaaaaaaaaaaaaaaaaaaaaaaaaaaaaaaaaaaaaaaaaaaaaaaaaaaaaaaaaaaaaaaaaaaaaaaaaaaaaaaaaaaaaaaaaaaaaaaaaaaaaaaaaaaaaaaaaaaaaaaaaaaaaaaaaaaaaaaaaaaaaaaaaaaaaaaaaaaaaaaaaaaaaaaaaaaaaaaaaaaaaaaaaaaaaaaaaaaaaaaaaaaaaaaaaaaaaaaaaaaaaaaaaaaaaaaaaaaaaaaaaaaaaaaaaaaaaaaaaaaaaaaaaaaaaaaaaaaaaaaaaaaaaaaaaaaaaaaaaaaaaaaaaaaaaaaaaaaaaaaaaaaaaaaaaaaaaaaaaaaaaaaaaaaaaaaaaaaaaaaaaaaaaaaaaaaaaaaaaaaaaaaaaaaaaaaaaaaaaaaaaaaaaa","path":"src/test.ts"}]
[Planner] Response length: [33m5067[39m
[Planner] Steps sorted topologically: step_1
[Planner] Pre-flight validation complete. Executor will handle content validation.

[90mstdout[2m | src/refactoringExecutor.test.ts[2m > [22m[2mRefactoringExecutor[2m > [22m[2mArchitectural Hints & RAG (Phase 13)[2m > [22m[2mgenerates architectural hints for import mismatches
[22m[39m[FeatureAnalyzer] No LLMClient provided - using pattern-based analysis only
[ServiceExtractor] No LLMClient provided - using pattern-based extraction only
[RefactoringExecutor] Using model: test-model at http://localhost:11434

[90mstdout[2m | src/test/refactoringExecutor-coverage-boost.test.ts[2m > [22m[2mRefactoringExecutor - Coverage Boost[2m > [22m[2mValidation - Syntax[2m > [22m[2mshould detect unmatched braces
[22m[39m[RefactoringExecutor] Using model: mistral at http://localhost:11434

[90mstdout[2m | src/test/refactoringExecutor-extended.test.ts[2m > [22m[2mRefactoringExecutor - Execution Result Structure[2m > [22m[2mshould have all required properties in ExecutionResult
[22m[39m[FeatureAnalyzer] No LLMClient provided - using pattern-based analysis only
[ServiceExtractor] Using model: test-model at http://localhost:11434
[RefactoringExecutor] Using model: test-model at http://localhost:11434

[90mstdout[2m | src/refactoringExecutor.test.ts[2m > [22m[2mRefactoringExecutor[2m > [22m[2mArchitectural Hints & RAG (Phase 13)[2m > [22m[2mprovides hints for undefined variable detection
[22m[39m[FeatureAnalyzer] No LLMClient provided - using pattern-based analysis only
[ServiceExtractor] No LLMClient provided - using pattern-based extraction only
[RefactoringExecutor] Using model: test-model at http://localhost:11434

[90mstdout[2m | src/test/refactoringExecutor-coverage-boost.test.ts[2m > [22m[2mRefactoringExecutor - Coverage Boost[2m > [22m[2mValidation - Syntax[2m > [22m[2mshould detect unmatched parentheses
[22m[39m[RefactoringExecutor] Using model: mistral at http://localhost:11434

[90mstdout[2m | src/test/refactoringExecutor-extended.test.ts[2m > [22m[2mRefactoringExecutor - Execution Result Structure[2m > [22m[2mshould return array of test cases
[22m[39m[FeatureAnalyzer] No LLMClient provided - using pattern-based analysis only
[ServiceExtractor] Using model: test-model at http://localhost:11434
[RefactoringExecutor] Using model: test-model at http://localhost:11434

 [32mΓ£ô[39m src/test/coverage-surgical-strikes.test.ts [2m([22m[2m11 tests[22m[2m)[22m[32m 25[2mms[22m[39m
[90mstdout[2m | src/refactoringExecutor.test.ts[2m > [22m[2mRefactoringExecutor[2m > [22m[2mArchitectural Hints & RAG (Phase 13)[2m > [22m[2msuggests hints for missing type definitions
[22m[39m[FeatureAnalyzer] No LLMClient provided - using pattern-based analysis only
[ServiceExtractor] No LLMClient provided - using pattern-based extraction only
[RefactoringExecutor] Using model: test-model at http://localhost:11434

[90mstdout[2m | src/test/refactoringExecutor-coverage-boost.test.ts[2m > [22m[2mRefactoringExecutor - Coverage Boost[2m > [22m[2mValidation - Syntax[2m > [22m[2mshould detect unmatched square brackets
[22m[39m[RefactoringExecutor] Using model: mistral at http://localhost:11434

[90mstdout[2m | src/test/refactoringExecutor-extended.test.ts[2m > [22m[2mRefactoringExecutor - Execution Result Structure[2m > [22m[2mshould return array of validation results
[22m[39m[FeatureAnalyzer] No LLMClient provided - using pattern-based analysis only
[ServiceExtractor] Using model: test-model at http://localhost:11434
[RefactoringExecutor] Using model: test-model at http://localhost:11434

 [32mΓ£ô[39m src/test/errorPaths.test.ts [2m([22m[2m25 tests[22m[2m)[22m[32m 78[2mms[22m[39m
[90mstdout[2m | src/refactoringExecutor.test.ts[2m > [22m[2mRefactoringExecutor[2m > [22m[2mValidation & Golden Shield (Phase 13)[2m > [22m[2mvalidates refactored code syntax
[22m[39m[FeatureAnalyzer] No LLMClient provided - using pattern-based analysis only
[ServiceExtractor] No LLMClient provided - using pattern-based extraction only
[RefactoringExecutor] Using model: test-model at http://localhost:11434

 [32mΓ£ô[39m src/services/ValidatorProfiles.test.ts [2m([22m[2m20 tests[22m[2m)[22m[32m 21[2mms[22m[39m
[90mstdout[2m | src/test/refactoringExecutor-coverage-boost.test.ts[2m > [22m[2mRefactoringExecutor - Coverage Boost[2m > [22m[2mValidation - Syntax[2m > [22m[2mshould handle code with whitespace only
[22m[39m[RefactoringExecutor] Using model: mistral at http://localhost:11434

[90mstdout[2m | src/test/refactoringExecutor-extended.test.ts[2m > [22m[2mRefactoringExecutor - Execution Result Structure[2m > [22m[2mshould have valid ImpactAssessment structure
[22m[39m[FeatureAnalyzer] No LLMClient provided - using pattern-based analysis only
[ServiceExtractor] Using model: test-model at http://localhost:11434
[RefactoringExecutor] Using model: test-model at http://localhost:11434

[90mstdout[2m | src/utils/workspaceDetector.test.ts[2m > [22m[2mWorkspaceDetector[2m > [22m[2mWorkspace Selection[2m > [22m[2mshould get workspace by index
[22m[39m[WorkspaceDetector] Scanning from: C:\Users\Danh\AppData\Local\Temp\workspace-detector-sajHZd
[WorkspaceDetector] Start path was: C:\Users\Danh\AppData\Local\Temp\workspace-detector-sajHZd
[WorkspaceDetector] Found entries: [ [32m'first'[39m, [32m'second'[39m ]
[WorkspaceDetector] Detected: first { type: [32m'node'[39m, confidence: [32m'0.40'[39m, indicators: [ [32m'package.json'[39m ] }
[WorkspaceDetector] Detected: second { type: [32m'node'[39m, confidence: [32m'0.40'[39m, indicators: [ [32m'package.json'[39m ] }
[WorkspaceDetector] Final result: 2 workspaces [
  { name: [32m'first'[39m, confidence: [32m'0.40'[39m },
  { name: [32m'second'[39m, confidence: [32m'0.40'[39m }
]

[90mstdout[2m | src/refactoringExecutor.test.ts[2m > [22m[2mRefactoringExecutor[2m > [22m[2mValidation & Golden Shield (Phase 13)[2m > [22m[2mvalidates type safety of refactored code
[22m[39m[FeatureAnalyzer] No LLMClient provided - using pattern-based analysis only
[ServiceExtractor] No LLMClient provided - using pattern-based extraction only
[RefactoringExecutor] Using model: test-model at http://localhost:11434

[90mstdout[2m | src/test/refactoringExecutor-coverage-boost.test.ts[2m > [22m[2mRefactoringExecutor - Coverage Boost[2m > [22m[2mValidation - Types[2m > [22m[2mshould validate proper type annotations
[22m[39m[RefactoringExecutor] Using model: mistral at http://localhost:11434

[90mstdout[2m | src/test/refactoringExecutor-extended.test.ts[2m > [22m[2mRefactoringExecutor - Complexity Levels[2m > [22m[2mshould handle low complexity refactoring
[22m[39m[FeatureAnalyzer] No LLMClient provided - using pattern-based analysis only
[ServiceExtractor] Using model: test-model at http://localhost:11434
[RefactoringExecutor] Using model: test-model at http://localhost:11434

[90mstdout[2m | src/refactoringExecutor.test.ts[2m > [22m[2mRefactoringExecutor[2m > [22m[2mValidation & Golden Shield (Phase 13)[2m > [22m[2mdetects golden shield for well-known utilities
[22m[39m[FeatureAnalyzer] No LLMClient provided - using pattern-based analysis only
[ServiceExtractor] No LLMClient provided - using pattern-based extraction only
[RefactoringExecutor] Using model: test-model at http://localhost:11434

[90mstdout[2m | src/test/refactoringExecutor-coverage-boost.test.ts[2m > [22m[2mRefactoringExecutor - Coverage Boost[2m > [22m[2mValidation - Types[2m > [22m[2mshould warn about "any" type
[22m[39m[RefactoringExecutor] Using model: mistral at http://localhost:11434

[90mstdout[2m | src/test/refactoringExecutor-extended.test.ts[2m > [22m[2mRefactoringExecutor - Complexity Levels[2m > [22m[2mshould handle medium complexity refactoring
[22m[39m[FeatureAnalyzer] No LLMClient provided - using pattern-based analysis only
[ServiceExtractor] Using model: test-model at http://localhost:11434
[RefactoringExecutor] Using model: test-model at http://localhost:11434

[90mstdout[2m | src/refactoringExecutor.test.ts[2m > [22m[2mRefactoringExecutor[2m > [22m[2mValidation & Golden Shield (Phase 13)[2m > [22m[2mchecks logic preservation in refactoring
[22m[39m[FeatureAnalyzer] No LLMClient provided - using pattern-based analysis only
[ServiceExtractor] No LLMClient provided - using pattern-based extraction only
[RefactoringExecutor] Using model: test-model at http://localhost:11434

[90mstdout[2m | src/test/refactoringExecutor-coverage-boost.test.ts[2m > [22m[2mRefactoringExecutor - Coverage Boost[2m > [22m[2mValidation - Types[2m > [22m[2mshould validate function return types
[22m[39m[RefactoringExecutor] Using model: mistral at http://localhost:11434

[90mstdout[2m | src/test/refactoringExecutor-extended.test.ts[2m > [22m[2mRefactoringExecutor - Complexity Levels[2m > [22m[2mshould handle high complexity refactoring
[22m[39m[FeatureAnalyzer] No LLMClient provided - using pattern-based analysis only
[ServiceExtractor] Using model: test-model at http://localhost:11434
[RefactoringExecutor] Using model: test-model at http://localhost:11434

[90mstdout[2m | src/refactoringExecutor.test.ts[2m > [22m[2mRefactoringExecutor[2m > [22m[2mImpact Assessment (Phase 13)[2m > [22m[2mdetects code size reduction
[22m[39m[FeatureAnalyzer] No LLMClient provided - using pattern-based analysis only
[ServiceExtractor] No LLMClient provided - using pattern-based extraction only
[RefactoringExecutor] Using model: test-model at http://localhost:11434

[90mstdout[2m | src/test/refactoringExecutor-coverage-boost.test.ts[2m > [22m[2mRefactoringExecutor - Coverage Boost[2m > [22m[2mValidation - Types[2m > [22m[2mshould detect missing return types
[22m[39m[RefactoringExecutor] Using model: mistral at http://localhost:11434

[90mstdout[2m | src/test/refactoringExecutor-extended.test.ts[2m > [22m[2mRefactoringExecutor - Validation Types[2m > [22m[2mshould validate syntax of refactored code
[22m[39m[FeatureAnalyzer] No LLMClient provided - using pattern-based analysis only
[ServiceExtractor] Using model: test-model at http://localhost:11434
[RefactoringExecutor] Using model: test-model at http://localhost:11434

[90mstdout[2m | src/refactoringExecutor.test.ts[2m > [22m[2mRefactoringExecutor[2m > [22m[2mImpact Assessment (Phase 13)[2m > [22m[2midentifies breaking changes in refactoring
[22m[39m[FeatureAnalyzer] No LLMClient provided - using pattern-based analysis only
[ServiceExtractor] No LLMClient provided - using pattern-based extraction only
[RefactoringExecutor] Using model: test-model at http://localhost:11434

[90mstdout[2m | src/test/refactoringExecutor-coverage-boost.test.ts[2m > [22m[2mRefactoringExecutor - Coverage Boost[2m > [22m[2mValidation - Types[2m > [22m[2mshould validate export consistency
[22m[39m[RefactoringExecutor] Using model: mistral at http://localhost:11434

[90mstdout[2m | src/test/refactoringExecutor-extended.test.ts[2m > [22m[2mRefactoringExecutor - Validation Types[2m > [22m[2mshould validate types of refactored code
[22m[39m[FeatureAnalyzer] No LLMClient provided - using pattern-based analysis only
[ServiceExtractor] Using model: test-model at http://localhost:11434
[RefactoringExecutor] Using model: test-model at http://localhost:11434

[90mstdout[2m | src/refactoringExecutor.test.ts[2m > [22m[2mRefactoringExecutor[2m > [22m[2mImpact Assessment (Phase 13)[2m > [22m[2mdetects performance improvements
[22m[39m[FeatureAnalyzer] No LLMClient provided - using pattern-based analysis only
[ServiceExtractor] No LLMClient provided - using pattern-based extraction only
[RefactoringExecutor] Using model: test-model at http://localhost:11434

[90mstdout[2m | src/test/refactoringExecutor-coverage-boost.test.ts[2m > [22m[2mRefactoringExecutor - Coverage Boost[2m > [22m[2mValidation - Logic[2m > [22m[2mshould validate logic changes
[22m[39m[RefactoringExecutor] Using model: mistral at http://localhost:11434

[90mstdout[2m | src/test/refactoringExecutor-extended.test.ts[2m > [22m[2mRefactoringExecutor - Validation Types[2m > [22m[2mshould validate logic of refactored code
[22m[39m[FeatureAnalyzer] No LLMClient provided - using pattern-based analysis only
[ServiceExtractor] Using model: test-model at http://localhost:11434
[RefactoringExecutor] Using model: test-model at http://localhost:11434

[90mstdout[2m | src/refactoringExecutor.test.ts[2m > [22m[2mRefactoringExecutor[2m > [22m[2mFull Refactoring Pipeline (Comprehensive Coverage)[2m > [22m[2mexecutes complete pipeline with error handling refactoring
[22m[39m[FeatureAnalyzer] No LLMClient provided - using pattern-based analysis only
[ServiceExtractor] No LLMClient provided - using pattern-based extraction only
[RefactoringExecutor] Using model: test-model at http://localhost:11434

[90mstdout[2m | src/test/refactoringExecutor-coverage-boost.test.ts[2m > [22m[2mRefactoringExecutor - Coverage Boost[2m > [22m[2mValidation - Logic[2m > [22m[2mshould detect missing exported functions
[22m[39m[RefactoringExecutor] Using model: mistral at http://localhost:11434

[90mstdout[2m | src/test/refactoringExecutor-extended.test.ts[2m > [22m[2mRefactoringExecutor - Validation Types[2m > [22m[2mshould validate performance impact
[22m[39m[FeatureAnalyzer] No LLMClient provided - using pattern-based analysis only
[ServiceExtractor] Using model: test-model at http://localhost:11434
[RefactoringExecutor] Using model: test-model at http://localhost:11434

[90mstdout[2m | src/refactoringExecutor.test.ts[2m > [22m[2mRefactoringExecutor[2m > [22m[2mFull Refactoring Pipeline (Comprehensive Coverage)[2m > [22m[2mverifies execution log contains all steps
[22m[39m[FeatureAnalyzer] No LLMClient provided - using pattern-based analysis only
[ServiceExtractor] No LLMClient provided - using pattern-based extraction only
[RefactoringExecutor] Using model: test-model at http://localhost:11434

[90mstdout[2m | src/test/refactoringExecutor-coverage-boost.test.ts[2m > [22m[2mRefactoringExecutor - Coverage Boost[2m > [22m[2mValidation - Logic[2m > [22m[2mshould detect error handling changes
[22m[39m[RefactoringExecutor] Using model: mistral at http://localhost:11434

[90mstdout[2m | src/test/refactoringExecutor-extended.test.ts[2m > [22m[2mRefactoringExecutor - Validation Types[2m > [22m[2mshould validate compatibility with dependencies
[22m[39m[FeatureAnalyzer] No LLMClient provided - using pattern-based analysis only
[ServiceExtractor] Using model: test-model at http://localhost:11434
[RefactoringExecutor] Using model: test-model at http://localhost:11434

[90mstdout[2m | src/refactoringExecutor.test.ts[2m > [22m[2mRefactoringExecutor[2m > [22m[2mCode Generation Variations[2m > [22m[2mhandles refactored code that is shorter than original
[22m[39m[FeatureAnalyzer] No LLMClient provided - using pattern-based analysis only
[ServiceExtractor] No LLMClient provided - using pattern-based extraction only
[RefactoringExecutor] Using model: test-model at http://localhost:11434

[90mstdout[2m | src/test/refactoringExecutor-coverage-boost.test.ts[2m > [22m[2mRefactoringExecutor - Coverage Boost[2m > [22m[2mValidation - Logic[2m > [22m[2mshould detect async/await changes
[22m[39m[RefactoringExecutor] Using model: mistral at http://localhost:11434

[90mstdout[2m | src/test/refactoringExecutor-extended.test.ts[2m > [22m[2mRefactoringExecutor - Code Patterns[2m > [22m[2mshould handle TypeScript interfaces
[22m[39m[FeatureAnalyzer] No LLMClient provided - using pattern-based analysis only
[ServiceExtractor] Using model: test-model at http://localhost:11434
[RefactoringExecutor] Using model: test-model at http://localhost:11434

[90mstdout[2m | src/refactoringExecutor.test.ts[2m > [22m[2mRefactoringExecutor[2m > [22m[2mCode Generation Variations[2m > [22m[2mhandles refactored code with complex logic addition
[22m[39m[FeatureAnalyzer] No LLMClient provided - using pattern-based analysis only
[ServiceExtractor] No LLMClient provided - using pattern-based extraction only
[RefactoringExecutor] Using model: test-model at http://localhost:11434

[90mstdout[2m | src/test/refactoringExecutor-coverage-boost.test.ts[2m > [22m[2mRefactoringExecutor - Coverage Boost[2m > [22m[2mValidation - Performance[2m > [22m[2mshould validate performance metrics
[22m[39m[RefactoringExecutor] Using model: mistral at http://localhost:11434

[90mstdout[2m | src/test/refactoringExecutor-extended.test.ts[2m > [22m[2mRefactoringExecutor - Code Patterns[2m > [22m[2mshould handle async/await patterns
[22m[39m[FeatureAnalyzer] No LLMClient provided - using pattern-based analysis only
[ServiceExtractor] Using model: test-model at http://localhost:11434
[RefactoringExecutor] Using model: test-model at http://localhost:11434

[90mstdout[2m | src/refactoringExecutor.test.ts[2m > [22m[2mRefactoringExecutor[2m > [22m[2mCode Generation Variations[2m > [22m[2mhandles markdown-wrapped refactored code
[22m[39m[FeatureAnalyzer] No LLMClient provided - using pattern-based analysis only
[ServiceExtractor] No LLMClient provided - using pattern-based extraction only
[RefactoringExecutor] Using model: test-model at http://localhost:11434

[90mstdout[2m | src/test/refactoringExecutor-coverage-boost.test.ts[2m > [22m[2mRefactoringExecutor - Coverage Boost[2m > [22m[2mValidation - Performance[2m > [22m[2mshould detect increased loop nesting
[22m[39m[RefactoringExecutor] Using model: mistral at http://localhost:11434

[90mstdout[2m | src/test/refactoringExecutor-extended.test.ts[2m > [22m[2mRefactoringExecutor - Code Patterns[2m > [22m[2mshould handle React hooks
[22m[39m[FeatureAnalyzer] No LLMClient provided - using pattern-based analysis only
[ServiceExtractor] Using model: test-model at http://localhost:11434
[RefactoringExecutor] Using model: test-model at http://localhost:11434

[90mstdout[2m | src/refactoringExecutor.test.ts[2m > [22m[2mRefactoringExecutor[2m > [22m[2mValidation Scenarios[2m > [22m[2mallows validation to pass when all checks succeed
[22m[39m[FeatureAnalyzer] No LLMClient provided - using pattern-based analysis only
[ServiceExtractor] No LLMClient provided - using pattern-based extraction only
[RefactoringExecutor] Using model: test-model at http://localhost:11434

[90mstdout[2m | src/test/refactoringExecutor-coverage-boost.test.ts[2m > [22m[2mRefactoringExecutor - Coverage Boost[2m > [22m[2mValidation - Performance[2m > [22m[2mshould detect React hook issues
[22m[39m[RefactoringExecutor] Using model: mistral at http://localhost:11434

[90mstdout[2m | src/test/refactoringExecutor-extended.test.ts[2m > [22m[2mRefactoringExecutor - Code Patterns[2m > [22m[2mshould handle class-based code
[22m[39m[FeatureAnalyzer] No LLMClient provided - using pattern-based analysis only
[ServiceExtractor] Using model: test-model at http://localhost:11434
[RefactoringExecutor] Using model: test-model at http://localhost:11434

[90mstdout[2m | src/refactoringExecutor.test.ts[2m > [22m[2mRefactoringExecutor[2m > [22m[2mValidation Scenarios[2m > [22m[2mdetects syntax error and marks validation as failed
[22m[39m[FeatureAnalyzer] No LLMClient provided - using pattern-based analysis only
[ServiceExtractor] No LLMClient provided - using pattern-based extraction only
[RefactoringExecutor] Using model: test-model at http://localhost:11434

[90mstdout[2m | src/test/refactoringExecutor-coverage-boost.test.ts[2m > [22m[2mRefactoringExecutor - Coverage Boost[2m > [22m[2mValidation - Compatibility[2m > [22m[2mshould validate compatibility
[22m[39m[RefactoringExecutor] Using model: mistral at http://localhost:11434

[90mstdout[2m | src/test/refactoringExecutor-extended.test.ts[2m > [22m[2mRefactoringExecutor - Code Patterns[2m > [22m[2mshould handle decorators
[22m[39m[FeatureAnalyzer] No LLMClient provided - using pattern-based analysis only
[ServiceExtractor] Using model: test-model at http://localhost:11434
[RefactoringExecutor] Using model: test-model at http://localhost:11434

[90mstdout[2m | src/refactoringExecutor.test.ts[2m > [22m[2mRefactoringExecutor[2m > [22m[2mValidation Scenarios[2m > [22m[2mdetects type errors in refactored code
[22m[39m[FeatureAnalyzer] No LLMClient provided - using pattern-based analysis only
[ServiceExtractor] No LLMClient provided - using pattern-based extraction only
[RefactoringExecutor] Using model: test-model at http://localhost:11434

[90mstdout[2m | src/test/refactoringExecutor-coverage-boost.test.ts[2m > [22m[2mRefactoringExecutor - Coverage Boost[2m > [22m[2mValidation - Compatibility[2m > [22m[2mshould detect missing imports
[22m[39m[RefactoringExecutor] Using model: mistral at http://localhost:11434

[90mstdout[2m | src/test/refactoringExecutor-extended.test.ts[2m > [22m[2mRefactoringExecutor - Edge Cases[2m > [22m[2mshould handle empty code
[22m[39m[FeatureAnalyzer] No LLMClient provided - using pattern-based analysis only
[ServiceExtractor] Using model: test-model at http://localhost:11434
[RefactoringExecutor] Using model: test-model at http://localhost:11434

[90mstdout[2m | src/refactoringExecutor.test.ts[2m > [22m[2mRefactoringExecutor[2m > [22m[2mValidation Scenarios[2m > [22m[2maccepts warnings-only validation results and proceeds
[22m[39m[FeatureAnalyzer] No LLMClient provided - using pattern-based analysis only
[ServiceExtractor] No LLMClient provided - using pattern-based extraction only
[RefactoringExecutor] Using model: test-model at http://localhost:11434

[90mstdout[2m | src/test/refactoringExecutor-coverage-boost.test.ts[2m > [22m[2mRefactoringExecutor - Coverage Boost[2m > [22m[2mValidation - Compatibility[2m > [22m[2mshould detect type interface changes
[22m[39m[RefactoringExecutor] Using model: mistral at http://localhost:11434

[90mstdout[2m | src/test/refactoringExecutor-extended.test.ts[2m > [22m[2mRefactoringExecutor - Edge Cases[2m > [22m[2mshould handle very large code blocks
[22m[39m[FeatureAnalyzer] No LLMClient provided - using pattern-based analysis only
[ServiceExtractor] Using model: test-model at http://localhost:11434
[RefactoringExecutor] Using model: test-model at http://localhost:11434

[90mstdout[2m | src/refactoringExecutor.test.ts[2m > [22m[2mRefactoringExecutor[2m > [22m[2mValidation Scenarios[2m > [22m[2mvalidates multiple validation types together
[22m[39m[FeatureAnalyzer] No LLMClient provided - using pattern-based analysis only
[ServiceExtractor] No LLMClient provided - using pattern-based extraction only
[RefactoringExecutor] Using model: test-model at http://localhost:11434

[90mstdout[2m | src/test/refactoringExecutor-coverage-boost.test.ts[2m > [22m[2mRefactoringExecutor - Coverage Boost[2m > [22m[2mImpact Assessment[2m > [22m[2mshould assess code size reduction as benefit
[22m[39m[RefactoringExecutor] Using model: mistral at http://localhost:11434

[90mstdout[2m | src/test/refactoringExecutor-extended.test.ts[2m > [22m[2mRefactoringExecutor - Edge Cases[2m > [22m[2mshould handle code with unusual characters
[22m[39m[FeatureAnalyzer] No LLMClient provided - using pattern-based analysis only
[ServiceExtractor] Using model: test-model at http://localhost:11434
[RefactoringExecutor] Using model: test-model at http://localhost:11434

[90mstdout[2m | src/refactoringExecutor.test.ts[2m > [22m[2mRefactoringExecutor[2m > [22m[2mImpact Assessment Coverage[2m > [22m[2midentifies performance improvements with useMemo
[22m[39m[FeatureAnalyzer] No LLMClient provided - using pattern-based analysis only
[ServiceExtractor] No LLMClient provided - using pattern-based extraction only
[RefactoringExecutor] Using model: test-model at http://localhost:11434

[90mstdout[2m | src/test/refactoringExecutor-coverage-boost.test.ts[2m > [22m[2mRefactoringExecutor - Coverage Boost[2m > [22m[2mImpact Assessment[2m > [22m[2mshould identify performance improvements
[22m[39m[RefactoringExecutor] Using model: mistral at http://localhost:11434

[90mstdout[2m | src/test/refactoringExecutor-extended.test.ts[2m > [22m[2mRefactoringExecutor - Edge Cases[2m > [22m[2mshould handle code with JSX
[22m[39m[FeatureAnalyzer] No LLMClient provided - using pattern-based analysis only
[ServiceExtractor] Using model: test-model at http://localhost:11434
[RefactoringExecutor] Using model: test-model at http://localhost:11434

[90mstdout[2m | src/refactoringExecutor.test.ts[2m > [22m[2mRefactoringExecutor[2m > [22m[2mImpact Assessment Coverage[2m > [22m[2mdetects potential risks in refactoring
[22m[39m[FeatureAnalyzer] No LLMClient provided - using pattern-based analysis only
[ServiceExtractor] No LLMClient provided - using pattern-based extraction only
[RefactoringExecutor] Using model: test-model at http://localhost:11434

[90mstdout[2m | src/test/refactoringExecutor-coverage-boost.test.ts[2m > [22m[2mRefactoringExecutor - Coverage Boost[2m > [22m[2mImpact Assessment[2m > [22m[2mshould assess breaking changes
[22m[39m[RefactoringExecutor] Using model: mistral at http://localhost:11434

[90mstdout[2m | src/test/refactoringExecutor-extended.test.ts[2m > [22m[2mRefactoringExecutor - Edge Cases[2m > [22m[2mshould handle code with comments
[22m[39m[FeatureAnalyzer] No LLMClient provided - using pattern-based analysis only
[ServiceExtractor] Using model: test-model at http://localhost:11434
[RefactoringExecutor] Using model: test-model at http://localhost:11434

[90mstdout[2m | src/refactoringExecutor.test.ts[2m > [22m[2mRefactoringExecutor[2m > [22m[2mImpact Assessment Coverage[2m > [22m[2midentifies breaking changes in exports
[22m[39m[FeatureAnalyzer] No LLMClient provided - using pattern-based analysis only
[ServiceExtractor] No LLMClient provided - using pattern-based extraction only
[RefactoringExecutor] Using model: test-model at http://localhost:11434

[90mstdout[2m | src/test/refactoringExecutor-coverage-boost.test.ts[2m > [22m[2mRefactoringExecutor - Coverage Boost[2m > [22m[2mImpact Assessment[2m > [22m[2mshould identify affected dependencies
[22m[39m[RefactoringExecutor] Using model: mistral at http://localhost:11434

[90mstdout[2m | src/test/refactoringExecutor-extended.test.ts[2m > [22m[2mRefactoringExecutor - Impact Assessment[2m > [22m[2mshould identify performance improvements
[22m[39m[FeatureAnalyzer] No LLMClient provided - using pattern-based analysis only
[ServiceExtractor] Using model: test-model at http://localhost:11434
[RefactoringExecutor] Using model: test-model at http://localhost:11434

[90mstdout[2m | src/refactoringExecutor.test.ts[2m > [22m[2mRefactoringExecutor[2m > [22m[2mImpact Assessment Coverage[2m > [22m[2mtracks affected dependencies in impact assessment
[22m[39m[FeatureAnalyzer] No LLMClient provided - using pattern-based analysis only
[ServiceExtractor] No LLMClient provided - using pattern-based extraction only
[RefactoringExecutor] Using model: test-model at http://localhost:11434

[90mstdout[2m | src/test/refactoringExecutor-coverage-boost.test.ts[2m > [22m[2mRefactoringExecutor - Coverage Boost[2m > [22m[2mValidation Integration[2m > [22m[2mshould validate all validation types
[22m[39m[RefactoringExecutor] Using model: mistral at http://localhost:11434

[90mstdout[2m | src/test/refactoringExecutor-extended.test.ts[2m > [22m[2mRefactoringExecutor - Impact Assessment[2m > [22m[2mshould identify potential risks
[22m[39m[FeatureAnalyzer] No LLMClient provided - using pattern-based analysis only
[ServiceExtractor] Using model: test-model at http://localhost:11434
[RefactoringExecutor] Using model: test-model at http://localhost:11434

[90mstdout[2m | src/refactoringExecutor.test.ts[2m > [22m[2mRefactoringExecutor[2m > [22m[2mError Handling Scenarios[2m > [22m[2mhandles LLM unavailable error gracefully
[22m[39m[FeatureAnalyzer] No LLMClient provided - using pattern-based analysis only
[ServiceExtractor] No LLMClient provided - using pattern-based extraction only
[RefactoringExecutor] Using model: test-model at http://localhost:11434

[90mstdout[2m | src/test/refactoringExecutor-coverage-boost.test.ts[2m > [22m[2mRefactoringExecutor - Coverage Boost[2m > [22m[2mValidation Integration[2m > [22m[2mshould include test case results
[22m[39m[RefactoringExecutor] Using model: mistral at http://localhost:11434

[90mstdout[2m | src/test/refactoringExecutor-extended.test.ts[2m > [22m[2mRefactoringExecutor - Impact Assessment[2m > [22m[2mshould assess breaking changes
[22m[39m[FeatureAnalyzer] No LLMClient provided - using pattern-based analysis only
[ServiceExtractor] Using model: test-model at http://localhost:11434
[RefactoringExecutor] Using model: test-model at http://localhost:11434

[90mstdout[2m | src/refactoringExecutor.test.ts[2m > [22m[2mRefactoringExecutor[2m > [22m[2mError Handling Scenarios[2m > [22m[2mhandles malformed LLM response
[22m[39m[FeatureAnalyzer] No LLMClient provided - using pattern-based analysis only
[ServiceExtractor] No LLMClient provided - using pattern-based extraction only
[RefactoringExecutor] Using model: test-model at http://localhost:11434

[90mstdout[2m | src/test/refactoringExecutor-coverage-boost.test.ts[2m > [22m[2mRefactoringExecutor - Coverage Boost[2m > [22m[2mEdge Cases[2m > [22m[2mshould handle very long code
[22m[39m[RefactoringExecutor] Using model: mistral at http://localhost:11434

[90mstdout[2m | src/test/refactoringExecutor-extended.test.ts[2m > [22m[2mRefactoringExecutor - Impact Assessment[2m > [22m[2mshould identify affected dependencies
[22m[39m[FeatureAnalyzer] No LLMClient provided - using pattern-based analysis only
[ServiceExtractor] Using model: test-model at http://localhost:11434
[RefactoringExecutor] Using model: test-model at http://localhost:11434

[90mstdout[2m | src/refactoringExecutor.test.ts[2m > [22m[2mRefactoringExecutor[2m > [22m[2mError Handling Scenarios[2m > [22m[2mhandles empty code generation
[22m[39m[FeatureAnalyzer] No LLMClient provided - using pattern-based analysis only
[ServiceExtractor] No LLMClient provided - using pattern-based extraction only
[RefactoringExecutor] Using model: test-model at http://localhost:11434

[90mstdout[2m | src/test/refactoringExecutor-coverage-boost.test.ts[2m > [22m[2mRefactoringExecutor - Coverage Boost[2m > [22m[2mEdge Cases[2m > [22m[2mshould handle code with special characters
[22m[39m[RefactoringExecutor] Using model: mistral at http://localhost:11434

[90mstdout[2m | src/test/refactoringExecutor-extended.test.ts[2m > [22m[2mRefactoringExecutor - Impact Assessment[2m > [22m[2mshould indicate performance impact type
[22m[39m[FeatureAnalyzer] No LLMClient provided - using pattern-based analysis only
[ServiceExtractor] Using model: test-model at http://localhost:11434
[RefactoringExecutor] Using model: test-model at http://localhost:11434

[90mstdout[2m | src/refactoringExecutor.test.ts[2m > [22m[2mRefactoringExecutor[2m > [22m[2mError Handling Scenarios[2m > [22m[2mpreserves rollback capability on error
[22m[39m[FeatureAnalyzer] No LLMClient provided - using pattern-based analysis only
[ServiceExtractor] No LLMClient provided - using pattern-based extraction only
[RefactoringExecutor] Using model: test-model at http://localhost:11434

[90mstdout[2m | src/test/refactoringExecutor-coverage-boost.test.ts[2m > [22m[2mRefactoringExecutor - Coverage Boost[2m > [22m[2mEdge Cases[2m > [22m[2mshould handle code with comments
[22m[39m[RefactoringExecutor] Using model: mistral at http://localhost:11434

[90mstdout[2m | src/test/refactoringExecutor-extended.test.ts[2m > [22m[2mRefactoringExecutor - Test Case Generation[2m > [22m[2mshould generate meaningful test names
[22m[39m[FeatureAnalyzer] No LLMClient provided - using pattern-based analysis only
[ServiceExtractor] Using model: test-model at http://localhost:11434
[RefactoringExecutor] Using model: test-model at http://localhost:11434

[90mstdout[2m | src/refactoringExecutor.test.ts[2m > [22m[2mRefactoringExecutor[2m > [22m[2mError Handling Scenarios[2m > [22m[2mlogs error details in execution log
[22m[39m[FeatureAnalyzer] No LLMClient provided - using pattern-based analysis only
[ServiceExtractor] No LLMClient provided - using pattern-based extraction only
[RefactoringExecutor] Using model: test-model at http://localhost:11434

[90mstdout[2m | src/test/refactoringExecutor-coverage-boost.test.ts[2m > [22m[2mRefactoringExecutor - Coverage Boost[2m > [22m[2mEdge Cases[2m > [22m[2mshould handle TypeScript-specific syntax
[22m[39m[RefactoringExecutor] Using model: mistral at http://localhost:11434

[90mstdout[2m | src/test/refactoringExecutor-extended.test.ts[2m > [22m[2mRefactoringExecutor - Test Case Generation[2m > [22m[2mshould generate valid test code
[22m[39m[FeatureAnalyzer] No LLMClient provided - using pattern-based analysis only
[ServiceExtractor] Using model: test-model at http://localhost:11434
[RefactoringExecutor] Using model: test-model at http://localhost:11434

[90mstdout[2m | src/refactoringExecutor.test.ts[2m > [22m[2mRefactoringExecutor[2m > [22m[2mComplex Test Case Generation[2m > [22m[2mgenerates multiple test cases for refactored code
[22m[39m[FeatureAnalyzer] No LLMClient provided - using pattern-based analysis only
[ServiceExtractor] No LLMClient provided - using pattern-based extraction only
[RefactoringExecutor] Using model: test-model at http://localhost:11434

[90mstdout[2m | src/test/refactoringExecutor-coverage-boost.test.ts[2m > [22m[2mRefactoringExecutor - Coverage Boost[2m > [22m[2mEdge Cases[2m > [22m[2mshould handle JSX code
[22m[39m[RefactoringExecutor] Using model: mistral at http://localhost:11434

[90mstdout[2m | src/test/refactoringExecutor-extended.test.ts[2m > [22m[2mRefactoringExecutor - Test Case Generation[2m > [22m[2mshould generate test descriptions
[22m[39m[FeatureAnalyzer] No LLMClient provided - using pattern-based analysis only
[ServiceExtractor] Using model: test-model at http://localhost:11434
[RefactoringExecutor] Using model: test-model at http://localhost:11434

[90mstdout[2m | src/refactoringExecutor.test.ts[2m > [22m[2mRefactoringExecutor[2m > [22m[2mValidation & Impact Assessment Integration[2m > [22m[2mcomputes impact assessment when validation passes
[22m[39m[FeatureAnalyzer] No LLMClient provided - using pattern-based analysis only
[ServiceExtractor] No LLMClient provided - using pattern-based extraction only
[RefactoringExecutor] Using model: test-model at http://localhost:11434

[90mstdout[2m | src/test/refactoringExecutor-coverage-boost.test.ts[2m > [22m[2mRefactoringExecutor - Coverage Boost[2m > [22m[2mLogging[2m > [22m[2mshould log refactoring progress
[22m[39m[RefactoringExecutor] Using model: mistral at http://localhost:11434

[90mstdout[2m | src/test/refactoringExecutor-extended.test.ts[2m > [22m[2mRefactoringExecutor - Test Case Generation[2m > [22m[2mshould provide expected outcomes
[22m[39m[FeatureAnalyzer] No LLMClient provided - using pattern-based analysis only
[ServiceExtractor] Using model: test-model at http://localhost:11434
[RefactoringExecutor] Using model: test-model at http://localhost:11434

[90mstdout[2m | src/test/refactoringExecutor-coverage-boost.test.ts[2m > [22m[2mRefactoringExecutor - Coverage Boost[2m > [22m[2mValidation Result Structure[2m > [22m[2mshould return ValidationResult with all required fields
[22m[39m[RefactoringExecutor] Using model: mistral at http://localhost:11434

[90mstdout[2m | src/test/refactoringExecutor-coverage-boost.test.ts[2m > [22m[2mRefactoringExecutor - Coverage Boost[2m > [22m[2mValidation Result Structure[2m > [22m[2mshould have correct severity levels
[22m[39m[RefactoringExecutor] Using model: mistral at http://localhost:11434

 [32mΓ£ô[39m src/refactoringExecutor.test.ts [2m([22m[2m52 tests[22m[2m)[22m[32m 37[2mms[22m[39m
[90mstdout[2m | src/test/refactoringExecutor-coverage-boost.test.ts[2m > [22m[2mRefactoringExecutor - Coverage Boost[2m > [22m[2mRefactoringExecution Result Structure[2m > [22m[2mshould return RefactoringExecution with all required fields
[22m[39m[RefactoringExecutor] Using model: mistral at http://localhost:11434

 [32mΓ£ô[39m src/test/refactoringExecutor-extended.test.ts [2m([22m[2m54 tests[22m[2m)[22m[32m 41[2mms[22m[39m
 [32mΓ£ô[39m src/test/refactoringExecutor-coverage-boost.test.ts [2m([22m[2m54 tests[22m[2m)[22m[32m 36[2mms[22m[39m
[90mstdout[2m | src/utils/workspaceDetector.test.ts[2m > [22m[2mWorkspaceDetector[2m > [22m[2mWorkspace Selection[2m > [22m[2mshould return null for invalid index
[22m[39m[WorkspaceDetector] Scanning from: C:\Users\Danh\AppData\Local\Temp\workspace-detector-e6Z0oC
[WorkspaceDetector] Start path was: C:\Users\Danh\AppData\Local\Temp\workspace-detector-e6Z0oC
[WorkspaceDetector] Found entries: [ [32m'test'[39m ]
[WorkspaceDetector] Detected: test { type: [32m'node'[39m, confidence: [32m'0.40'[39m, indicators: [ [32m'package.json'[39m ] }
[WorkspaceDetector] Final result: 1 workspaces [ { name: [32m'test'[39m, confidence: [32m'0.40'[39m } ]

 [32mΓ£ô[39m src/test/executor-validation.test.ts [2m([22m[2m54 tests[22m[2m)[22m[32m 15[2mms[22m[39m
[90mstdout[2m | src/test/smart-auto-correction-extended.test.ts[2m > [22m[2mSmartAutoCorrection Extended Coverage[2m > [22m[2mMissing Imports Detection & Fixing[2m > [22m[2mshould detect and fix React hooks missing import
[22m[39m[SmartAutoCorrection] fixMissingImports called with [33m1[39m errors
[SmartAutoCorrection] Processing error: Missing import: useState is used but not imported in component.tsx
[SmartAutoCorrection] Regex match result: [
  [32m'Missing import: useState is used but not imported'[39m,
  [32m'useState'[39m,
  index: [33m0[39m,
  input: [32m'Missing import: useState is used but not imported in component.tsx'[39m,
  groups: [90mundefined[39m
]
[SmartAutoCorrection] Extracted missing name: useState
[SmartAutoCorrection.inferImportSource] Looking up: useState
[SmartAutoCorrection.inferImportSource] Found direct match for useState : react
[SmartAutoCorrection] Inferred import for useState : react
[SmartAutoCorrection.addImport] Processing: name=useState, source=react
[SmartAutoCorrection.addImport] Code length: 145, starts with: 
        export const Component = () => {
          const [value, setValue] = useState(0);
         
[SmartAutoCorrection.addImport] Import regex match: length=0
[SmartAutoCorrection.addImport] Γ£ô Added at top (no existing imports), result length: 180
[SmartAutoCorrection] Added import for useState

[90mstdout[2m | src/test/smart-auto-correction-extended.test.ts[2m > [22m[2mSmartAutoCorrection Extended Coverage[2m > [22m[2mMissing Imports Detection & Fixing[2m > [22m[2mshould infer import source for useEffect
[22m[39m[SmartAutoCorrection] fixMissingImports called with [33m1[39m errors
[SmartAutoCorrection] Processing error: Missing import: useEffect is used but not imported
[SmartAutoCorrection] Regex match result: [
  [32m'Missing import: useEffect is used but not imported'[39m,
  [32m'useEffect'[39m,
  index: [33m0[39m,
  input: [32m'Missing import: useEffect is used but not imported'[39m,
  groups: [90mundefined[39m
]
[SmartAutoCorrection] Extracted missing name: useEffect
[SmartAutoCorrection.inferImportSource] Looking up: useEffect
[SmartAutoCorrection.inferImportSource] Found direct match for useEffect : react
[SmartAutoCorrection] Inferred import for useEffect : react
[SmartAutoCorrection.addImport] Processing: name=useEffect, source=react
[SmartAutoCorrection.addImport] Code length: 49, starts with: useEffect(() => { console.log('mounted'); }, []);
[SmartAutoCorrection.addImport] Import regex match: length=0
[SmartAutoCorrection.addImport] Γ£ô Added at top (no existing imports), result length: 85
[SmartAutoCorrection] Added import for useEffect

[90mstdout[2m | src/test/smart-auto-correction-extended.test.ts[2m > [22m[2mSmartAutoCorrection Extended Coverage[2m > [22m[2mMissing Imports Detection & Fixing[2m > [22m[2mshould infer import for custom hooks
[22m[39m[SmartAutoCorrection] fixMissingImports called with [33m1[39m errors
[SmartAutoCorrection] Processing error: Missing import: useUserData is used but not imported
[SmartAutoCorrection] Regex match result: [
  [32m'Missing import: useUserData is used but not imported'[39m,
  [32m'useUserData'[39m,
  index: [33m0[39m,
  input: [32m'Missing import: useUserData is used but not imported'[39m,
  groups: [90mundefined[39m
]
[SmartAutoCorrection] Extracted missing name: useUserData
[SmartAutoCorrection.inferImportSource] Looking up: useUserData
[SmartAutoCorrection.inferImportSource] No direct match found, checking patterns...
[SmartAutoCorrection.inferImportSource] Detected custom hook: useUserData
[SmartAutoCorrection] Inferred import for useUserData : ../hooks/useUserData
[SmartAutoCorrection.addImport] Processing: name=useUserData, source=../hooks/useUserData
[SmartAutoCorrection.addImport] Code length: 82, starts with: const Component = () => {
const user = useUserData();
return <div>{user}</div>;
};
[SmartAutoCorrection.addImport] Import regex match: length=0
[SmartAutoCorrection.addImport] Γ£ô Added at top (no existing imports), result length: 135
[SmartAutoCorrection] Added import for useUserData

[90mstdout[2m | src/test/smart-auto-correction-extended.test.ts[2m > [22m[2mSmartAutoCorrection Extended Coverage[2m > [22m[2mMissing Imports Detection & Fixing[2m > [22m[2mshould handle multiple missing imports
[22m[39m[SmartAutoCorrection] fixMissingImports called with [33m2[39m errors
[SmartAutoCorrection] Processing error: Missing import: useState is used but not imported
[SmartAutoCorrection] Regex match result: [
  [32m'Missing import: useState is used but not imported'[39m,
  [32m'useState'[39m,
  index: [33m0[39m,
  input: [32m'Missing import: useState is used but not imported'[39m,
  groups: [90mundefined[39m
]
[SmartAutoCorrection] Extracted missing name: useState
[SmartAutoCorrection.inferImportSource] Looking up: useState
[SmartAutoCorrection.inferImportSource] Found direct match for useState : react
[SmartAutoCorrection] Inferred import for useState : react
[SmartAutoCorrection.addImport] Processing: name=useState, source=react
[SmartAutoCorrection.addImport] Code length: 187, starts with: 
        export const Component = () => {
          const [count, setCount] = useState(0);
         
[SmartAutoCorrection.addImport] Import regex match: length=0
[SmartAutoCorrection.addImport] Γ£ô Added at top (no existing imports), result length: 222
[SmartAutoCorrection] Added import for useState
[SmartAutoCorrection] Processing error: Missing import: useNavigate is used but not imported
[SmartAutoCorrection] Regex match result: [
  [32m'Missing import: useNavigate is used but not imported'[39m,
  [32m'useNavigate'[39m,
  index: [33m0[39m,
  input: [32m'Missing import: useNavigate is used but not imported'[39m,
  groups: [90mundefined[39m
]
[SmartAutoCorrection] Extracted missing name: useNavigate
[SmartAutoCorrection.inferImportSource] Looking up: useNavigate
[SmartAutoCorrection.inferImportSource] Found direct match for useNavigate : react-router-dom
[SmartAutoCorrection] Inferred import for useNavigate : react-router-dom
[SmartAutoCorrection.addImport] Processing: name=useNavigate, source=react-router-dom
[SmartAutoCorrection.addImport] Code length: 222, starts with: import { useState } from 'react';


        export const Component = () => {
          const [count,
[SmartAutoCorrection.addImport] Import regex match: length=34
[SmartAutoCorrection.addImport] Γ£ô Added after existing imports at pos=34, result length: 270
[SmartAutoCorrection] Added import for useNavigate

[90mstdout[2m | src/test/smart-auto-correction-extended.test.ts[2m > [22m[2mSmartAutoCorrection Extended Coverage[2m > [22m[2mMissing Imports Detection & Fixing[2m > [22m[2mshould remove unused imports when fixing
[22m[39m[SmartAutoCorrection] fixMissingImports called with [33m2[39m errors
[SmartAutoCorrection] Processing error: Unused import: 'unused'
[SmartAutoCorrection] Regex match result: [1mnull[22m
[SmartAutoCorrection] Processing error: Missing import: useState is used but not imported
[SmartAutoCorrection] Regex match result: [
  [32m'Missing import: useState is used but not imported'[39m,
  [32m'useState'[39m,
  index: [33m0[39m,
  input: [32m'Missing import: useState is used but not imported'[39m,
  groups: [90mundefined[39m
]
[SmartAutoCorrection] Extracted missing name: useState
[SmartAutoCorrection.inferImportSource] Looking up: useState
[SmartAutoCorrection.inferImportSource] Found direct match for useState : react
[SmartAutoCorrection] Inferred import for useState : react
[SmartAutoCorrection.addImport] Processing: name=useState, source=react
[SmartAutoCorrection.addImport] Code length: 124, starts with: import { unused } from './unused';
export const Component = () => {
const value = useState(0);
retur
[SmartAutoCorrection.addImport] Import regex match: length=35
[SmartAutoCorrection.addImport] Γ£ô Added after existing imports at pos=35, result length: 158
[SmartAutoCorrection] Added import for useState

[90mstdout[2m | src/test/smart-auto-correction-extended.test.ts[2m > [22m[2mSmartAutoCorrection Extended Coverage[2m > [22m[2mMissing Imports Detection & Fixing[2m > [22m[2mshould infer import source for Repository pattern
[22m[39m[SmartAutoCorrection] fixMissingImports called with [33m1[39m errors
[SmartAutoCorrection] Processing error: Missing import: userRepository is used but not imported
[SmartAutoCorrection] Regex match result: [
  [32m'Missing import: userRepository is used but not imported'[39m,
  [32m'userRepository'[39m,
  index: [33m0[39m,
  input: [32m'Missing import: userRepository is used but not imported'[39m,
  groups: [90mundefined[39m
]
[SmartAutoCorrection] Extracted missing name: userRepository
[SmartAutoCorrection.inferImportSource] Looking up: userRepository
[SmartAutoCorrection.inferImportSource] Found direct match for userRepository : ./repositories/userRepository
[SmartAutoCorrection] Inferred import for userRepository : ./repositories/userRepository
[SmartAutoCorrection.addImport] Processing: name=userRepository, source=./repositories/userRepository
[SmartAutoCorrection.addImport] Code length: 43, starts with: const user = await userRepository.find(id);
[SmartAutoCorrection.addImport] Import regex match: length=0
[SmartAutoCorrection.addImport] Γ£ô Added at top (no existing imports), result length: 108
[SmartAutoCorrection] Added import for userRepository

[90mstdout[2m | src/test/smart-auto-correction-extended.test.ts[2m > [22m[2mSmartAutoCorrection Extended Coverage[2m > [22m[2mMissing Imports Detection & Fixing[2m > [22m[2mshould infer import source for Service pattern
[22m[39m[SmartAutoCorrection] fixMissingImports called with [33m1[39m errors
[SmartAutoCorrection] Processing error: Missing import: blogService is used but not imported
[SmartAutoCorrection] Regex match result: [
  [32m'Missing import: blogService is used but not imported'[39m,
  [32m'blogService'[39m,
  index: [33m0[39m,
  input: [32m'Missing import: blogService is used but not imported'[39m,
  groups: [90mundefined[39m
]
[SmartAutoCorrection] Extracted missing name: blogService
[SmartAutoCorrection.inferImportSource] Looking up: blogService
[SmartAutoCorrection.inferImportSource] Found direct match for blogService : ./services/blogService
[SmartAutoCorrection] Inferred import for blogService : ./services/blogService
[SmartAutoCorrection.addImport] Processing: name=blogService, source=./services/blogService
[SmartAutoCorrection.addImport] Code length: 43, starts with: const user = await blogService.getPost(id);
[SmartAutoCorrection.addImport] Import regex match: length=0
[SmartAutoCorrection.addImport] Γ£ô Added at top (no existing imports), result length: 98
[SmartAutoCorrection] Added import for blogService

[90mstdout[2m | src/test/smart-auto-correction-extended.test.ts[2m > [22m[2mSmartAutoCorrection Extended Coverage[2m > [22m[2mMissing Imports Detection & Fixing[2m > [22m[2mshould infer import for common utilities
[22m[39m[SmartAutoCorrection] fixMissingImports called with [33m1[39m errors
[SmartAutoCorrection] Processing error: Missing import: clsx is used but not imported
[SmartAutoCorrection] Regex match result: [
  [32m'Missing import: clsx is used but not imported'[39m,
  [32m'clsx'[39m,
  index: [33m0[39m,
  input: [32m'Missing import: clsx is used but not imported'[39m,
  groups: [90mundefined[39m
]
[SmartAutoCorrection] Extracted missing name: clsx
[SmartAutoCorrection.inferImportSource] Looking up: clsx
[SmartAutoCorrection.inferImportSource] Found direct match for clsx : clsx
[SmartAutoCorrection] Inferred import for clsx : clsx
[SmartAutoCorrection.addImport] Processing: name=clsx, source=clsx
[SmartAutoCorrection.addImport] Code length: 52, starts with: const merged = clsx('button', isActive && 'active');
[SmartAutoCorrection.addImport] Import regex match: length=0
[SmartAutoCorrection.addImport] Γ£ô Added at top (no existing imports), result length: 82
[SmartAutoCorrection] Added import for clsx

[90mstdout[2m | src/test/smart-auto-correction-extended.test.ts[2m > [22m[2mSmartAutoCorrection Extended Coverage[2m > [22m[2mMissing Imports Detection & Fixing[2m > [22m[2mshould infer import for tailwind class merger
[22m[39m[SmartAutoCorrection] fixMissingImports called with [33m1[39m errors
[SmartAutoCorrection] Processing error: Missing import: cn is used but not imported
[SmartAutoCorrection] Regex match result: [
  [32m'Missing import: cn is used but not imported'[39m,
  [32m'cn'[39m,
  index: [33m0[39m,
  input: [32m'Missing import: cn is used but not imported'[39m,
  groups: [90mundefined[39m
]
[SmartAutoCorrection] Extracted missing name: cn
[SmartAutoCorrection.inferImportSource] Looking up: cn
[SmartAutoCorrection.inferImportSource] Found direct match for cn : ../utils/cn
[SmartAutoCorrection] Inferred import for cn : ../utils/cn
[SmartAutoCorrection.addImport] Processing: name=cn, source=../utils/cn
[SmartAutoCorrection.addImport] Code length: 40, starts with: const classes = cn('px-2 py-4', 'px-4');
[SmartAutoCorrection.addImport] Import regex match: length=0
[SmartAutoCorrection.addImport] Γ£ô Added at top (no existing imports), result length: 75
[SmartAutoCorrection] Added import for cn

[90mstdout[2m | src/test/smart-auto-correction-extended.test.ts[2m > [22m[2mSmartAutoCorrection Extended Coverage[2m > [22m[2mMissing Imports Detection & Fixing[2m > [22m[2mshould handle empty validation errors
[22m[39m[SmartAutoCorrection] fixMissingImports called with [33m0[39m errors

[90mstdout[2m | src/test/smart-auto-correction-extended.test.ts[2m > [22m[2mSmartAutoCorrection Extended Coverage[2m > [22m[2mMissing Imports Detection & Fixing[2m > [22m[2mshould preserve code structure when fixing
[22m[39m[SmartAutoCorrection] fixMissingImports called with [33m1[39m errors
[SmartAutoCorrection] Processing error: Missing import: useUserQuery is used but not imported
[SmartAutoCorrection] Regex match result: [
  [32m'Missing import: useUserQuery is used but not imported'[39m,
  [32m'useUserQuery'[39m,
  index: [33m0[39m,
  input: [32m'Missing import: useUserQuery is used but not imported'[39m,
  groups: [90mundefined[39m
]
[SmartAutoCorrection] Extracted missing name: useUserQuery
[SmartAutoCorrection.inferImportSource] Looking up: useUserQuery
[SmartAutoCorrection.inferImportSource] No direct match found, checking patterns...
[SmartAutoCorrection.inferImportSource] Detected custom hook: useUserQuery
[SmartAutoCorrection] Inferred import for useUserQuery : ../hooks/useUserQuery
[SmartAutoCorrection.addImport] Processing: name=useUserQuery, source=../hooks/useUserQuery
[SmartAutoCorrection.addImport] Code length: 86, starts with: export async function fetchUsers() {
  const users = useUserQuery();
  return users;
}
[SmartAutoCorrection.addImport] Import regex match: length=0
[SmartAutoCorrection.addImport] Γ£ô Added at top (no existing imports), result length: 141
[SmartAutoCorrection] Added import for useUserQuery

[90mstdout[2m | src/test/smart-auto-correction-extended.test.ts[2m > [22m[2mSmartAutoCorrection Extended Coverage[2m > [22m[2mImport Source Inference[2m > [22m[2mshould infer React imports correctly
[22m[39m[SmartAutoCorrection] fixMissingImports called with [33m2[39m errors
[SmartAutoCorrection] Processing error: Missing import: useState is used but not imported
[SmartAutoCorrection] Regex match result: [
  [32m'Missing import: useState is used but not imported'[39m,
  [32m'useState'[39m,
  index: [33m0[39m,
  input: [32m'Missing import: useState is used but not imported'[39m,
  groups: [90mundefined[39m
]
[SmartAutoCorrection] Extracted missing name: useState
[SmartAutoCorrection.inferImportSource] Looking up: useState
[SmartAutoCorrection.inferImportSource] Found direct match for useState : react
[SmartAutoCorrection] Inferred import for useState : react
[SmartAutoCorrection.addImport] Processing: name=useState, source=react
[SmartAutoCorrection.addImport] Code length: 97, starts with: 
        function test() {
          useState(0);
          useEffect(() => {});
        }
      
[SmartAutoCorrection.addImport] Import regex match: length=0
[SmartAutoCorrection.addImport] Γ£ô Added at top (no existing imports), result length: 132
[SmartAutoCorrection] Added import for useState
[SmartAutoCorrection] Processing error: Missing import: useEffect is used but not imported
[SmartAutoCorrection] Regex match result: [
  [32m'Missing import: useEffect is used but not imported'[39m,
  [32m'useEffect'[39m,
  index: [33m0[39m,
  input: [32m'Missing import: useEffect is used but not imported'[39m,
  groups: [90mundefined[39m
]
[SmartAutoCorrection] Extracted missing name: useEffect
[SmartAutoCorrection.inferImportSource] Looking up: useEffect
[SmartAutoCorrection.inferImportSource] Found direct match for useEffect : react
[SmartAutoCorrection] Inferred import for useEffect : react
[SmartAutoCorrection.addImport] Processing: name=useEffect, source=react
[SmartAutoCorrection.addImport] Code length: 132, starts with: import { useState } from 'react';


        function test() {
          useState(0);
          useEf
[SmartAutoCorrection.addImport] Γ£ô Added to existing import, result length: 145
[SmartAutoCorrection] Added import for useEffect

[90mstdout[2m | src/test/smart-auto-correction-extended.test.ts[2m > [22m[2mSmartAutoCorrection Extended Coverage[2m > [22m[2mImport Source Inference[2m > [22m[2mshould infer React Router imports
[22m[39m[SmartAutoCorrection] fixMissingImports called with [33m1[39m errors
[SmartAutoCorrection] Processing error: Missing import: useNavigate is used but not imported
[SmartAutoCorrection] Regex match result: [
  [32m'Missing import: useNavigate is used but not imported'[39m,
  [32m'useNavigate'[39m,
  index: [33m0[39m,
  input: [32m'Missing import: useNavigate is used but not imported'[39m,
  groups: [90mundefined[39m
]
[SmartAutoCorrection] Extracted missing name: useNavigate
[SmartAutoCorrection.inferImportSource] Looking up: useNavigate
[SmartAutoCorrection.inferImportSource] Found direct match for useNavigate : react-router-dom
[SmartAutoCorrection] Inferred import for useNavigate : react-router-dom
[SmartAutoCorrection.addImport] Processing: name=useNavigate, source=react-router-dom
[SmartAutoCorrection.addImport] Code length: 26, starts with: const nav = useNavigate();
[SmartAutoCorrection.addImport] Import regex match: length=0
[SmartAutoCorrection.addImport] Γ£ô Added at top (no existing imports), result length: 75
[SmartAutoCorrection] Added import for useNavigate

[90mstdout[2m | src/test/smart-auto-correction-extended.test.ts[2m > [22m[2mSmartAutoCorrection Extended Coverage[2m > [22m[2mImport Source Inference[2m > [22m[2mshould handle unknown symbols gracefully
[22m[39m[SmartAutoCorrection] fixMissingImports called with [33m1[39m errors
[SmartAutoCorrection] Processing error: Missing import: unknownFunction is used but not imported
[SmartAutoCorrection] Regex match result: [
  [32m'Missing import: unknownFunction is used but not imported'[39m,
  [32m'unknownFunction'[39m,
  index: [33m0[39m,
  input: [32m'Missing import: unknownFunction is used but not imported'[39m,
  groups: [90mundefined[39m
]
[SmartAutoCorrection] Extracted missing name: unknownFunction
[SmartAutoCorrection.inferImportSource] Looking up: unknownFunction
[SmartAutoCorrection.inferImportSource] No direct match found, checking patterns...
[SmartAutoCorrection.inferImportSource] No pattern match found for: unknownFunction - returning null
[SmartAutoCorrection] Inferred import for unknownFunction : [1mnull[22m
[SmartAutoCorrection] WARNING: inferImportSource returned null for unknownFunction

[90mstdout[2m | src/test/smart-auto-correction-extended.test.ts[2m > [22m[2mSmartAutoCorrection Extended Coverage[2m > [22m[2mType Patterns[2m > [22m[2mshould infer imports for Interface types
[22m[39m[SmartAutoCorrection] fixMissingImports called with [33m1[39m errors
[SmartAutoCorrection] Processing error: Missing import: IUser is used but not imported
[SmartAutoCorrection] Regex match result: [
  [32m'Missing import: IUser is used but not imported'[39m,
  [32m'IUser'[39m,
  index: [33m0[39m,
  input: [32m'Missing import: IUser is used but not imported'[39m,
  groups: [90mundefined[39m
]
[SmartAutoCorrection] Extracted missing name: IUser
[SmartAutoCorrection.inferImportSource] Looking up: IUser
[SmartAutoCorrection.inferImportSource] Found direct match for IUser : ./types/IUser
[SmartAutoCorrection] Inferred import for IUser : ./types/IUser
[SmartAutoCorrection.addImport] Processing: name=IUser, source=./types/IUser
[SmartAutoCorrection.addImport] Code length: 23, starts with: const user: IUser = {};
[SmartAutoCorrection.addImport] Import regex match: length=0
[SmartAutoCorrection.addImport] Γ£ô Added at top (no existing imports), result length: 63
[SmartAutoCorrection] Added import for IUser

[90mstdout[2m | src/test/smart-auto-correction-extended.test.ts[2m > [22m[2mSmartAutoCorrection Extended Coverage[2m > [22m[2mType Patterns[2m > [22m[2mshould infer imports for Class patterns
[22m[39m[SmartAutoCorrection] fixMissingImports called with [33m1[39m errors
[SmartAutoCorrection] Processing error: Missing import: UserService is used but not imported
[SmartAutoCorrection] Regex match result: [
  [32m'Missing import: UserService is used but not imported'[39m,
  [32m'UserService'[39m,
  index: [33m0[39m,
  input: [32m'Missing import: UserService is used but not imported'[39m,
  groups: [90mundefined[39m
]
[SmartAutoCorrection] Extracted missing name: UserService
[SmartAutoCorrection.inferImportSource] Looking up: UserService
[SmartAutoCorrection.inferImportSource] No direct match found, checking patterns...
[SmartAutoCorrection] Inferred import for UserService : ./services/UserService
[SmartAutoCorrection.addImport] Processing: name=UserService, source=./services/UserService
[SmartAutoCorrection.addImport] Code length: 34, starts with: const service = new UserService();
[SmartAutoCorrection.addImport] Import regex match: length=0
[SmartAutoCorrection.addImport] Γ£ô Added at top (no existing imports), result length: 89
[SmartAutoCorrection] Added import for UserService

[90mstdout[2m | src/test/smart-auto-correction-extended.test.ts[2m > [22m[2mSmartAutoCorrection Extended Coverage[2m > [22m[2mEdge Cases[2m > [22m[2mshould handle code with no imports section
[22m[39m[SmartAutoCorrection] fixMissingImports called with [33m1[39m errors
[SmartAutoCorrection] Processing error: Missing import: something is used but not imported
[SmartAutoCorrection] Regex match result: [
  [32m'Missing import: something is used but not imported'[39m,
  [32m'something'[39m,
  index: [33m0[39m,
  input: [32m'Missing import: something is used but not imported'[39m,
  groups: [90mundefined[39m
]
[SmartAutoCorrection] Extracted missing name: something

[90mstdout[2m | src/test/smart-auto-correction-extended.test.ts[2m > [22m[2mSmartAutoCorrection Extended Coverage[2m > [22m[2mEdge Cases[2m > [22m[2mshould handle code with only imports
[22m[39m[SmartAutoCorrection] fixMissingImports called with [33m0[39m errors

[90mstdout[2m | src/test/smart-auto-correction-extended.test.ts[2m > [22m[2mSmartAutoCorrection Extended Coverage[2m > [22m[2mEdge Cases[2m > [22m[2mshould handle whitespace variations in imports
[22m[39m[SmartAutoCorrection] fixMissingImports called with [33m0[39m errors

[90mstdout[2m | src/test/smart-auto-correction-extended.test.ts[2m > [22m[2mSmartAutoCorrection Extended Coverage[2m > [22m[2mEdge Cases[2m > [22m[2mshould handle default imports
[22m[39m[SmartAutoCorrection] fixMissingImports called with [33m0[39m errors

[90mstdout[2m | src/test/smart-auto-correction-extended.test.ts[2m > [22m[2mSmartAutoCorrection Extended Coverage[2m > [22m[2mEdge Cases[2m > [22m[2mshould handle namespace imports
[22m[39m[SmartAutoCorrection] fixMissingImports called with [33m0[39m errors

[90mstdout[2m | src/test/smart-auto-correction-extended.test.ts[2m > [22m[2mSmartAutoCorrection Extended Coverage[2m > [22m[2mEdge Cases[2m > [22m[2mshould not add duplicate imports
[22m[39m[SmartAutoCorrection] fixMissingImports called with [33m1[39m errors
[SmartAutoCorrection] Processing error: Missing import: useState is used but not imported
[SmartAutoCorrection] Regex match result: [
  [32m'Missing import: useState is used but not imported'[39m,
  [32m'useState'[39m,
  index: [33m0[39m,
  input: [32m'Missing import: useState is used but not imported'[39m,
  groups: [90mundefined[39m
]
[SmartAutoCorrection] Extracted missing name: useState
[SmartAutoCorrection.inferImportSource] Looking up: useState
[SmartAutoCorrection.inferImportSource] Found direct match for useState : react
[SmartAutoCorrection] Inferred import for useState : react
[SmartAutoCorrection.addImport] Processing: name=useState, source=react
[SmartAutoCorrection.addImport] Code length: 33, starts with: import { useState } from 'react';
[SmartAutoCorrection.addImport] Γ£ô Import already exists, returning unchanged
[SmartAutoCorrection] Added import for useState

[90mstdout[2m | src/test/smart-auto-correction-extended.test.ts[2m > [22m[2mSmartAutoCorrection Extended Coverage[2m > [22m[2mEdge Cases[2m > [22m[2mshould preserve destructuring patterns
[22m[39m[SmartAutoCorrection] fixMissingImports called with [33m0[39m errors

[90mstdout[2m | src/test/smart-auto-correction-extended.test.ts[2m > [22m[2mSmartAutoCorrection Extended Coverage[2m > [22m[2mEdge Cases[2m > [22m[2mshould handle nested directory paths
[22m[39m[SmartAutoCorrection] fixMissingImports called with [33m1[39m errors
[SmartAutoCorrection] Processing error: Missing import: userRepository is used but not imported
[SmartAutoCorrection] Regex match result: [
  [32m'Missing import: userRepository is used but not imported'[39m,
  [32m'userRepository'[39m,
  index: [33m0[39m,
  input: [32m'Missing import: userRepository is used but not imported'[39m,
  groups: [90mundefined[39m
]
[SmartAutoCorrection] Extracted missing name: userRepository

[90mstdout[2m | src/test/executor-errors.test.ts[2m > [22m[2mExecutor Error Recovery - Week 1 D1-2[2m > [22m[2msanitizePath - Path Cleanup[2m > [22m[2mshould remove trailing ellipses from paths
[22m[39m[Executor] Path sanitized: "src/components/Button.tsx..." ΓåÆ "src/components/Button.tsx"

[90mstdout[2m | src/test/smart-auto-correction-extended.test.ts[2m > [22m[2mSmartAutoCorrection Extended Coverage[2m > [22m[2mValidation Error Parsing[2m > [22m[2mshould handle various error message formats
[22m[39m[SmartAutoCorrection] fixMissingImports called with [33m3[39m errors
[SmartAutoCorrection] Processing error: Missing import: useState is used but not imported in component.tsx
[SmartAutoCorrection] Regex match result: [
  [32m'Missing import: useState is used but not imported'[39m,
  [32m'useState'[39m,
  index: [33m0[39m,
  input: [32m'Missing import: useState is used but not imported in component.tsx'[39m,
  groups: [90mundefined[39m
]
[SmartAutoCorrection] Extracted missing name: useState
[SmartAutoCorrection] Processing error: Missing import:useState is used but not imported in component.tsx
[SmartAutoCorrection] Regex match result: [1mnull[22m
[SmartAutoCorrection] Processing error: Missing import: useState is used but not imported
[SmartAutoCorrection] Regex match result: [
  [32m'Missing import: useState is used but not imported'[39m,
  [32m'useState'[39m,
  index: [33m0[39m,
  input: [32m'Missing import: useState is used but not imported'[39m,
  groups: [90mundefined[39m
]
[SmartAutoCorrection] Extracted missing name: useState

[90mstdout[2m | src/test/smart-auto-correction-extended.test.ts[2m > [22m[2mSmartAutoCorrection Extended Coverage[2m > [22m[2mValidation Error Parsing[2m > [22m[2mshould extract symbol names correctly
[22m[39m[SmartAutoCorrection] fixMissingImports called with [33m1[39m errors
[SmartAutoCorrection] Processing error: Unused import: 'useContext'
[SmartAutoCorrection] Regex match result: [1mnull[22m

[90mstdout[2m | src/test/executor-errors.test.ts[2m > [22m[2mExecutor Error Recovery - Week 1 D1-2[2m > [22m[2msanitizePath - Path Cleanup[2m > [22m[2mshould remove accidental quotes from paths
[22m[39m[Executor] Path sanitized: ""src/components/Button.tsx"" ΓåÆ "src/components/Button.tsx"

[90mstdout[2m | src/test/smart-auto-correction-extended.test.ts[2m > [22m[2mSmartAutoCorrection Extended Coverage[2m > [22m[2mValidation Error Parsing[2m > [22m[2mshould handle case sensitivity
[22m[39m[SmartAutoCorrection] fixMissingImports called with [33m1[39m errors
[SmartAutoCorrection] Processing error: Missing import: useState is used but not imported
[SmartAutoCorrection] Regex match result: [
  [32m'Missing import: useState is used but not imported'[39m,
  [32m'useState'[39m,
  index: [33m0[39m,
  input: [32m'Missing import: useState is used but not imported'[39m,
  groups: [90mundefined[39m
]
[SmartAutoCorrection] Extracted missing name: useState
[SmartAutoCorrection.inferImportSource] Looking up: useState
[SmartAutoCorrection.inferImportSource] Found direct match for useState : react
[SmartAutoCorrection] Inferred import for useState : react
[SmartAutoCorrection.addImport] Processing: name=useState, source=react
[SmartAutoCorrection.addImport] Code length: 36, starts with: const Component = () => useState(0);
[SmartAutoCorrection.addImport] Import regex match: length=0
[SmartAutoCorrection.addImport] Γ£ô Added at top (no existing imports), result length: 71
[SmartAutoCorrection] Added import for useState

[90mstdout[2m | src/test/executor-errors.test.ts[2m > [22m[2mExecutor Error Recovery - Week 1 D1-2[2m > [22m[2msanitizePath - Path Cleanup[2m > [22m[2mshould remove trailing commas
[22m[39m[Executor] Path sanitized: "src/components/Button.tsx," ΓåÆ "src/components/Button.tsx"

[90mstdout[2m | src/test/executor-errors.test.ts[2m > [22m[2mExecutor Error Recovery - Week 1 D1-2[2m > [22m[2msanitizePath - Path Cleanup[2m > [22m[2mshould normalize placeholder paths
[22m[39m[Executor] Path sanitized: "/path/to/Button.tsx" ΓåÆ "src/Button.tsx"

[90mstdout[2m | src/test/executor-errors.test.ts[2m > [22m[2mExecutor Error Recovery - Week 1 D1-2[2m > [22m[2msanitizePath - Path Cleanup[2m > [22m[2mshould trim whitespace
[22m[39m[Executor] Path sanitized: "  src/components/Button.tsx  " ΓåÆ "src/components/Button.tsx"

[90mstdout[2m | src/test/smart-auto-correction-extended.test.ts[2m > [22m[2mSmartAutoCorrection Extended Coverage[2m > [22m[2mComplex Scenarios[2m > [22m[2mshould handle complex code with multiple issues
[22m[39m[SmartAutoCorrection] fixMissingImports called with [33m5[39m errors
[SmartAutoCorrection] Processing error: Unused import: 'unused'
[SmartAutoCorrection] Regex match result: [1mnull[22m
[SmartAutoCorrection] Processing error: Missing import: useState is used but not imported
[SmartAutoCorrection] Regex match result: [
  [32m'Missing import: useState is used but not imported'[39m,
  [32m'useState'[39m,
  index: [33m0[39m,
  input: [32m'Missing import: useState is used but not imported'[39m,
  groups: [90mundefined[39m
]
[SmartAutoCorrection] Extracted missing name: useState
[SmartAutoCorrection.inferImportSource] Looking up: useState
[SmartAutoCorrection.inferImportSource] Found direct match for useState : react
[SmartAutoCorrection] Inferred import for useState : react
[SmartAutoCorrection.addImport] Processing: name=useState, source=react
[SmartAutoCorrection.addImport] Code length: 450, starts with: 
        import { unused } from './unused';
        export const Component = () => {
          const
[SmartAutoCorrection.addImport] Import regex match: length=0
[SmartAutoCorrection.addImport] Γ£ô Added at top (no existing imports), result length: 485
[SmartAutoCorrection] Added import for useState
[SmartAutoCorrection] Processing error: Missing import: useNavigate is used but not imported
[SmartAutoCorrection] Regex match result: [
  [32m'Missing import: useNavigate is used but not imported'[39m,
  [32m'useNavigate'[39m,
  index: [33m0[39m,
  input: [32m'Missing import: useNavigate is used but not imported'[39m,
  groups: [90mundefined[39m
]
[SmartAutoCorrection] Extracted missing name: useNavigate
[SmartAutoCorrection.inferImportSource] Looking up: useNavigate
[SmartAutoCorrection.inferImportSource] Found direct match for useNavigate : react-router-dom
[SmartAutoCorrection] Inferred import for useNavigate : react-router-dom
[SmartAutoCorrection.addImport] Processing: name=useNavigate, source=react-router-dom
[SmartAutoCorrection.addImport] Code length: 485, starts with: import { useState } from 'react';


        import { unused } from './unused';
        export const 
[SmartAutoCorrection.addImport] Import regex match: length=34
[SmartAutoCorrection.addImport] Γ£ô Added after existing imports at pos=34, result length: 533
[SmartAutoCorrection] Added import for useNavigate
[SmartAutoCorrection] Processing error: Missing import: IUser is used but not imported
[SmartAutoCorrection] Regex match result: [
  [32m'Missing import: IUser is used but not imported'[39m,
  [32m'IUser'[39m,
  index: [33m0[39m,
  input: [32m'Missing import: IUser is used but not imported'[39m,
  groups: [90mundefined[39m
]
[SmartAutoCorrection] Extracted missing name: IUser
[SmartAutoCorrection.inferImportSource] Looking up: IUser
[SmartAutoCorrection.inferImportSource] Found direct match for IUser : ./types/IUser
[SmartAutoCorrection] Inferred import for IUser : ./types/IUser
[SmartAutoCorrection.addImport] Processing: name=IUser, source=./types/IUser
[SmartAutoCorrection.addImport] Code length: 533, starts with: import { useState } from 'react';
import { useNavigate } from 'react-router-dom';


        import {
[SmartAutoCorrection.addImport] Import regex match: length=82
[SmartAutoCorrection.addImport] Γ£ô Added after existing imports at pos=82, result length: 572
[SmartAutoCorrection] Added import for IUser
[SmartAutoCorrection] Processing error: Missing import: UserService is used but not imported
[SmartAutoCorrection] Regex match result: [
  [32m'Missing import: UserService is used but not imported'[39m,
  [32m'UserService'[39m,
  index: [33m0[39m,
  input: [32m'Missing import: UserService is used but not imported'[39m,
  groups: [90mundefined[39m
]
[SmartAutoCorrection] Extracted missing name: UserService
[SmartAutoCorrection.inferImportSource] Looking up: UserService
[SmartAutoCorrection.inferImportSource] No direct match found, checking patterns...
[SmartAutoCorrection] Inferred import for UserService : ./services/UserService
[SmartAutoCorrection.addImport] Processing: name=UserService, source=./services/UserService
[SmartAutoCorrection.addImport] Code length: 572, starts with: import { useState } from 'react';
import { useNavigate } from 'react-router-dom';
import { IUser } f
[SmartAutoCorrection.addImport] Import regex match: length=121
[SmartAutoCorrection.addImport] Γ£ô Added after existing imports at pos=121, result length: 626
[SmartAutoCorrection] Added import for UserService

[90mstdout[2m | src/test/executor-errors.test.ts[2m > [22m[2mExecutor Error Recovery - Week 1 D1-2[2m > [22m[2msanitizePath - Path Cleanup[2m > [22m[2mshould handle multiple issues together
[22m[39m[Executor] Path sanitized: "  "src/components/Button.tsx...  " ΓåÆ ""src/components/Button.tsx..."

[90mstdout[2m | src/test/smart-auto-correction-extended.test.ts[2m > [22m[2mSmartAutoCorrection Extended Coverage[2m > [22m[2mComplex Scenarios[2m > [22m[2mshould fix React code with JSX and Hooks
[22m[39m[SmartAutoCorrection] fixMissingImports called with [33m2[39m errors
[SmartAutoCorrection] Processing error: Missing import: useState is used but not imported
[SmartAutoCorrection] Regex match result: [
  [32m'Missing import: useState is used but not imported'[39m,
  [32m'useState'[39m,
  index: [33m0[39m,
  input: [32m'Missing import: useState is used but not imported'[39m,
  groups: [90mundefined[39m
]
[SmartAutoCorrection] Extracted missing name: useState
[SmartAutoCorrection.inferImportSource] Looking up: useState
[SmartAutoCorrection.inferImportSource] Found direct match for useState : react
[SmartAutoCorrection] Inferred import for useState : react
[SmartAutoCorrection.addImport] Processing: name=useState, source=react
[SmartAutoCorrection.addImport] Code length: 202, starts with: 
        export const UserProfile = () => {
          const [user, setUser] = useState(null);
      
[SmartAutoCorrection.addImport] Import regex match: length=0
[SmartAutoCorrection.addImport] Γ£ô Added at top (no existing imports), result length: 237
[SmartAutoCorrection] Added import for useState
[SmartAutoCorrection] Processing error: Missing import: useEffect is used but not imported
[SmartAutoCorrection] Regex match result: [
  [32m'Missing import: useEffect is used but not imported'[39m,
  [32m'useEffect'[39m,
  index: [33m0[39m,
  input: [32m'Missing import: useEffect is used but not imported'[39m,
  groups: [90mundefined[39m
]
[SmartAutoCorrection] Extracted missing name: useEffect
[SmartAutoCorrection.inferImportSource] Looking up: useEffect
[SmartAutoCorrection.inferImportSource] Found direct match for useEffect : react
[SmartAutoCorrection] Inferred import for useEffect : react
[SmartAutoCorrection.addImport] Processing: name=useEffect, source=react
[SmartAutoCorrection.addImport] Code length: 237, starts with: import { useState } from 'react';


        export const UserProfile = () => {
          const [user
[SmartAutoCorrection.addImport] Γ£ô Added to existing import, result length: 250
[SmartAutoCorrection] Added import for useEffect

[90mstdout[2m | src/test/smart-auto-correction-extended.test.ts[2m > [22m[2mSmartAutoCorrection Extended Coverage[2m > [22m[2mComplex Scenarios[2m > [22m[2mshould handle deeply nested service structures
[22m[39m[SmartAutoCorrection] fixMissingImports called with [33m3[39m errors
[SmartAutoCorrection] Processing error: Missing import: UserRepository is used but not imported
[SmartAutoCorrection] Regex match result: [
  [32m'Missing import: UserRepository is used but not imported'[39m,
  [32m'UserRepository'[39m,
  index: [33m0[39m,
  input: [32m'Missing import: UserRepository is used but not imported'[39m,
  groups: [90mundefined[39m
]
[SmartAutoCorrection] Extracted missing name: UserRepository
[SmartAutoCorrection.inferImportSource] Looking up: UserRepository
[SmartAutoCorrection.inferImportSource] No direct match found, checking patterns...
[SmartAutoCorrection] Inferred import for UserRepository : ./repositories/UserRepository
[SmartAutoCorrection.addImport] Processing: name=UserRepository, source=./repositories/UserRepository
[SmartAutoCorrection.addImport] Code length: 148, starts with: 
        const userRepo = new UserRepository();
        const blogRepo = new BlogRepository();
     
[SmartAutoCorrection.addImport] Import regex match: length=0
[SmartAutoCorrection.addImport] Γ£ô Added at top (no existing imports), result length: 213
[SmartAutoCorrection] Added import for UserRepository
[SmartAutoCorrection] Processing error: Missing import: BlogRepository is used but not imported
[SmartAutoCorrection] Regex match result: [
  [32m'Missing import: BlogRepository is used but not imported'[39m,
  [32m'BlogRepository'[39m,
  index: [33m0[39m,
  input: [32m'Missing import: BlogRepository is used but not imported'[39m,
  groups: [90mundefined[39m
]
[SmartAutoCorrection] Extracted missing name: BlogRepository
[SmartAutoCorrection.inferImportSource] Looking up: BlogRepository
[SmartAutoCorrection.inferImportSource] No direct match found, checking patterns...
[SmartAutoCorrection] Inferred import for BlogRepository : ./repositories/BlogRepository
[SmartAutoCorrection.addImport] Processing: name=BlogRepository, source=./repositories/BlogRepository
[SmartAutoCorrection.addImport] Code length: 213, starts with: import { UserRepository } from './repositories/UserRepository';


        const userRepo = new UserR
[SmartAutoCorrection.addImport] Import regex match: length=64
[SmartAutoCorrection.addImport] Γ£ô Added after existing imports at pos=64, result length: 277
[SmartAutoCorrection] Added import for BlogRepository
[SmartAutoCorrection] Processing error: Missing import: UserService is used but not imported
[SmartAutoCorrection] Regex match result: [
  [32m'Missing import: UserService is used but not imported'[39m,
  [32m'UserService'[39m,
  index: [33m0[39m,
  input: [32m'Missing import: UserService is used but not imported'[39m,
  groups: [90mundefined[39m
]
[SmartAutoCorrection] Extracted missing name: UserService
[SmartAutoCorrection.inferImportSource] Looking up: UserService
[SmartAutoCorrection.inferImportSource] No direct match found, checking patterns...
[SmartAutoCorrection] Inferred import for UserService : ./services/UserService
[SmartAutoCorrection.addImport] Processing: name=UserService, source=./services/UserService
[SmartAutoCorrection.addImport] Code length: 277, starts with: import { UserRepository } from './repositories/UserRepository';
import { BlogRepository } from './re
[SmartAutoCorrection.addImport] Import regex match: length=128
[SmartAutoCorrection.addImport] Γ£ô Added after existing imports at pos=128, result length: 331
[SmartAutoCorrection] Added import for UserService

 [32mΓ£ô[39m src/test/smart-auto-correction-extended.test.ts [2m([22m[2m39 tests[22m[2m)[22m[32m 18[2mms[22m[39m
[90mstdout[2m | src/test/executor-errors.test.ts[2m > [22m[2mExecutor Error Recovery - Week 1 D1-2[2m > [22m[2mRetry Logic - Max Retries Exceeded[2m > [22m[2mshould stop retrying after max attempts
[22m[39m[Executor] Starting step 1: action=read, description=Always fails
[Executor.executeRead] Step details: {
  stepId: [33m1[39m,
  action: [32m'read'[39m,
  path: [32m'src/nonexistent.ts'[39m,
  targetFile: [90mundefined[39m,
  command: [90mundefined[39m,
  description: [32m'Always fails'[39m
}

[90mstdout[2m | src/test/executor-errors.test.ts[2m > [22m[2mExecutor Error Recovery - Week 1 D1-2[2m > [22m[2mRetry Logic - Max Retries Exceeded[2m > [22m[2mshould collect error details across retry attempts
[22m[39m[Executor] Starting step 1: action=read, description=Fails consistently
[Executor.executeRead] Step details: {
  stepId: [33m1[39m,
  action: [32m'read'[39m,
  path: [32m'src/fails.ts'[39m,
  targetFile: [90mundefined[39m,
  command: [90mundefined[39m,
  description: [32m'Fails consistently'[39m
}

 [32mΓ£ô[39m src/test/executor-errors.test.ts [2m([22m[2m45 tests[22m[2m)[22m[32m 16[2mms[22m[39m
[90mstdout[2m | src/test/executor-extended.test.ts[2m > [22m[2mExecutor - Plan Execution Flow[2m > [22m[2mshould set plan status to failed on execution error
[22m[39m[Executor] Starting step 1: action=write, description=Write test file

[90mstdout[2m | src/utils/workspaceDetector.test.ts[2m > [22m[2mWorkspaceDetector[2m > [22m[2mDisplay Formatting[2m > [22m[2mshould format workspaces for display
[22m[39m[WorkspaceDetector] Scanning from: C:\Users\Danh\AppData\Local\Temp\workspace-detector-XJs7q6
[WorkspaceDetector] Start path was: C:\Users\Danh\AppData\Local\Temp\workspace-detector-XJs7q6
[WorkspaceDetector] Found entries: [ [32m'ai-chatbot'[39m, [32m'portfolio'[39m ]
[WorkspaceDetector] Detected: ai-chatbot { type: [32m'node'[39m, confidence: [32m'0.40'[39m, indicators: [ [32m'package.json'[39m ] }
[WorkspaceDetector] Detected: portfolio { type: [32m'node'[39m, confidence: [32m'0.40'[39m, indicators: [ [32m'package.json'[39m ] }
[WorkspaceDetector] Final result: 2 workspaces [
  { name: [32m'ai-chatbot'[39m, confidence: [32m'0.40'[39m },
  { name: [32m'portfolio'[39m, confidence: [32m'0.40'[39m }
]

[90mstdout[2m | src/test/planner-generation.test.ts[2m > [22m[2mPlanner Generation - Week 2 D2[2m > [22m[2mPlan Generation Core[2m > [22m[2mshould generate plan with valid LLM response
[22m[39m[Planner] Raw LLM Response:  [{"step":1,"action":"write","description":"Create button","path":"src/Button.tsx"}]
[Planner] Response length: [33m83[39m
[Planner] Steps sorted topologically: step_1
[Planner] Pre-flight validation complete. Executor will handle content validation.

[90mstdout[2m | src/test/planner-generation.test.ts[2m > [22m[2mPlanner Generation - Week 2 D2[2m > [22m[2mPlan Generation Core[2m > [22m[2mshould include workspace context in generated plan
[22m[39m[Planner] Raw LLM Response:  [{"step":1,"action":"write","description":"Create","path":"src/file.tsx"}]
[Planner] Response length: [33m74[39m
[Planner] Steps sorted topologically: step_1

[90mstdout[2m | src/test/planner-generation.test.ts[2m > [22m[2mPlanner Generation - Week 2 D2[2m > [22m[2mPlan Generation Core[2m > [22m[2mshould include workspace context in generated plan
[22m[39m[Planner] Pre-flight validation complete. Executor will handle content validation.

[90mstdout[2m | src/test/planner-generation.test.ts[2m > [22m[2mPlanner Generation - Week 2 D2[2m > [22m[2mPlan Generation Core[2m > [22m[2mshould capture generation timestamp
[22m[39m[Planner] Raw LLM Response:  [{"step":1,"action":"write","description":"Create","path":"src/file.tsx"}]
[Planner] Response length: [33m74[39m
[Planner] Steps sorted topologically: step_1
[Planner] Pre-flight validation complete. Executor will handle content validation.

[90mstdout[2m | src/test/planner-generation.test.ts[2m > [22m[2mPlanner Generation - Week 2 D2[2m > [22m[2mPlan Generation Core[2m > [22m[2mshould handle multi-step plan generation
[22m[39m[Planner] Raw LLM Response:  [{"step":1,"action":"write","description":"Create store","path":"src/store.ts"},{"step":2,"action":"write","description":"Create component","path":"src/Button.tsx"},{"step":3,"action":"run","description":"Build","command":"npm run build"}]
[Planner] Response length: [33m239[39m
[Planner] Steps sorted topologically: step_1 ΓåÆ step_2 ΓåÆ step_3
[Planner] Pre-flight validation complete. Executor will handle content validation.

[90mstdout[2m | src/test/planner-generation.test.ts[2m > [22m[2mPlanner Generation - Week 2 D2[2m > [22m[2mPlan Generation Core[2m > [22m[2mshould reject empty step arrays
[22m[39m[Planner] Raw LLM Response:  []
[Planner] Response length: [33m2[39m

[90mstdout[2m | src/test/planner-generation.test.ts[2m > [22m[2mPlanner Generation - Week 2 D2[2m > [22m[2mPlan Generation Core[2m > [22m[2mshould handle malformed JSON response
[22m[39m[Planner] Raw LLM Response:  { broken json ]
[Planner] Response length: [33m15[39m

[90mstdout[2m | src/test/planner-generation.test.ts[2m > [22m[2mPlanner Generation - Week 2 D2[2m > [22m[2mLLM Integration[2m > [22m[2mshould pass user request to LLM
[22m[39m[Planner] Raw LLM Response:  [{"step":1,"action":"write","description":"Create","path":"src/file.tsx"}]
[Planner] Response length: [33m74[39m
[Planner] Steps sorted topologically: step_1
[Planner] Pre-flight validation complete. Executor will handle content validation.

[90mstdout[2m | src/test/planner-generation.test.ts[2m > [22m[2mPlanner Generation - Week 2 D2[2m > [22m[2mLLM Integration[2m > [22m[2mshould pass project context to LLM
[22m[39m[Planner] Raw LLM Response:  [{"step":1,"action":"write","description":"Create","path":"src/file.tsx"}]
[Planner] Response length: [33m74[39m
[Planner] Steps sorted topologically: step_1
[Planner] Pre-flight validation complete. Executor will handle content validation.

[90mstdout[2m | src/test/planner-generation.test.ts[2m > [22m[2mPlanner Generation - Week 2 D2[2m > [22m[2mLLM Integration[2m > [22m[2mshould call onProgress callback during generation
[22m[39m[Planner] Raw LLM Response:  [{"step":1,"action":"write","description":"Create","path":"src/file.tsx"}]
[Planner] Response length: [33m74[39m
[Planner] Steps sorted topologically: step_1
[Planner] Pre-flight validation complete. Executor will handle content validation.

[90mstdout[2m | src/test/planner-generation.test.ts[2m > [22m[2mPlanner Generation - Week 2 D2[2m > [22m[2mLLM Integration[2m > [22m[2mshould pass hasTests flag from projectContext
[22m[39m[Planner] Project context: hasTests=false, testFramework=undefined

[90mstdout[2m | src/test/planner-generation.test.ts[2m > [22m[2mPlanner Generation - Week 2 D2[2m > [22m[2mLLM Integration[2m > [22m[2mshould pass hasTests flag from projectContext
[22m[39m[Planner] Raw LLM Response:  [{"step":1,"action":"write","description":"Create","path":"src/file.tsx"}]
[Planner] Response length: [33m74[39m
[Planner] Steps sorted topologically: step_1
[Planner] Pre-flight validation complete. Executor will handle content validation.

[90mstdout[2m | src/test/planner-generation.test.ts[2m > [22m[2mPlanner Generation - Week 2 D2[2m > [22m[2mPlan Metadata Extraction[2m > [22m[2mshould generate unique taskIds
[22m[39m[Planner] Raw LLM Response:  [{"step":1,"action":"write","description":"Create","path":"src/file.tsx"}]
[Planner] Response length: [33m74[39m
[Planner] Steps sorted topologically: step_1
[Planner] Pre-flight validation complete. Executor will handle content validation.

[90mstdout[2m | src/test/planner-generation.test.ts[2m > [22m[2mPlanner Generation - Week 2 D2[2m > [22m[2mPlan Metadata Extraction[2m > [22m[2mshould generate unique taskIds
[22m[39m[Planner] Raw LLM Response:  [{"step":1,"action":"write","description":"Create","path":"src/file.tsx"}]
[Planner] Response length: [33m74[39m
[Planner] Steps sorted topologically: step_1
[Planner] Pre-flight validation complete. Executor will handle content validation.

[90mstdout[2m | src/test/planner-generation.test.ts[2m > [22m[2mPlanner Generation - Week 2 D2[2m > [22m[2mPlan Metadata Extraction[2m > [22m[2mshould extract reasoning from LLM response
[22m[39m[Planner] Raw LLM Response:  
        Here's my plan for creating a login form:
        1. First, I'll create the store for authentication state
        2. Then, I'll create the form component
        
        [{"step":1,"action":"write","description":"Create store","path":"src/store.ts"},{"step":2,"action":"write","description":"Create form","path":"src/LoginForm.tsx"}]
      
[Planner] Response length: [33m351[39m
[Planner] Steps sorted topologically: step_1 ΓåÆ step_2
[Planner] Pre-flight validation complete. Executor will handle content validation.

[90mstdout[2m | src/test/planner-generation.test.ts[2m > [22m[2mPlanner Generation - Week 2 D2[2m > [22m[2mPlan Metadata Extraction[2m > [22m[2mshould store user request in plan
[22m[39m[Planner] Raw LLM Response:  [{"step":1,"action":"write","description":"Create","path":"src/file.tsx"}]
[Planner] Response length: [33m74[39m
[Planner] Steps sorted topologically: step_1
[Planner] Pre-flight validation complete. Executor will handle content validation.

[90mstdout[2m | src/test/planner-generation.test.ts[2m > [22m[2mPlanner Generation - Week 2 D2[2m > [22m[2mPlan Metadata Extraction[2m > [22m[2mshould initialize status as pending
[22m[39m[Planner] Raw LLM Response:  [{"step":1,"action":"write","description":"Create","path":"src/file.tsx"}]
[Planner] Response length: [33m74[39m
[Planner] Steps sorted topologically: step_1
[Planner] Pre-flight validation complete. Executor will handle content validation.

[90mstdout[2m | src/test/planner-generation.test.ts[2m > [22m[2mPlanner Generation - Week 2 D2[2m > [22m[2mConfiguration Handling[2m > [22m[2mshould use config.llmCall for LLM communication
[22m[39m[Planner] Raw LLM Response:  [{"step":1,"action":"write","description":"Create","path":"src/file.tsx"}]
[Planner] Response length: [33m74[39m
[Planner] Steps sorted topologically: step_1
[Planner] Pre-flight validation complete. Executor will handle content validation.

[90mstdout[2m | src/test/planner-generation.test.ts[2m > [22m[2mPlanner Generation - Week 2 D2[2m > [22m[2mConfiguration Handling[2m > [22m[2mshould handle missing onProgress callback gracefully
[22m[39m[Planner] Raw LLM Response:  [{"step":1,"action":"write","description":"Create","path":"src/file.tsx"}]
[Planner] Response length: [33m74[39m
[Planner] Steps sorted topologically: step_1
[Planner] Pre-flight validation complete. Executor will handle content validation.

[90mstdout[2m | src/test/planner-generation.test.ts[2m > [22m[2mPlanner Generation - Week 2 D2[2m > [22m[2mConfiguration Handling[2m > [22m[2mshould handle missing projectContext gracefully
[22m[39m[Planner] Raw LLM Response:  [{"step":1,"action":"write","description":"Create","path":"src/file.tsx"}]
[Planner] Response length: [33m74[39m
[Planner] Steps sorted topologically: step_1
[Planner] Pre-flight validation complete. Executor will handle content validation.

[90mstdout[2m | src/test/planner-generation.test.ts[2m > [22m[2mPlanner Generation - Week 2 D2[2m > [22m[2mConfiguration Handling[2m > [22m[2mshould support custom project language context
[22m[39m[Planner] Project context: hasTests=true, testFramework=undefined

[90mstdout[2m | src/test/planner-generation.test.ts[2m > [22m[2mPlanner Generation - Week 2 D2[2m > [22m[2mConfiguration Handling[2m > [22m[2mshould support custom project language context
[22m[39m[Planner] Raw LLM Response:  [{"step":1,"action":"write","description":"Create","path":"src/file.py"}]
[Planner] Response length: [33m73[39m
[Planner] Steps sorted topologically: step_1
[Planner] Pre-flight validation complete. Executor will handle content validation.

[90mstdout[2m | src/test/planner-generation.test.ts[2m > [22m[2mPlanner Generation - Week 2 D2[2m > [22m[2mConfiguration Handling[2m > [22m[2mshould support DIFF_MODE strategy context
[22m[39m[Planner] Project context: hasTests=true, testFramework=undefined

[90mstdout[2m | src/test/planner-generation.test.ts[2m > [22m[2mPlanner Generation - Week 2 D2[2m > [22m[2mConfiguration Handling[2m > [22m[2mshould support DIFF_MODE strategy context
[22m[39m[Planner] Raw LLM Response:  [{"step":1,"action":"read","description":"Read file","path":"src/file.tsx"}]
[Planner] Response length: [33m76[39m
[Planner] Steps sorted topologically: step_1
[Planner] Pre-flight validation complete. Executor will handle content validation.

[90mstdout[2m | src/test/planner-generation.test.ts[2m > [22m[2mPlanner Generation - Week 2 D2[2m > [22m[2mComplex Scenarios[2m > [22m[2mshould generate plan for refactoring task
[22m[39m[Planner] Raw LLM Response:  [{"step":1,"action":"read","description":"Read existing component","path":"src/Button.tsx"},{"step":2,"action":"write","description":"Refactored component","path":"src/Button.tsx"}]
[Planner] Response length: [33m181[39m
[Planner] Steps sorted topologically: step_1 ΓåÆ step_2
[Planner] Pre-flight validation complete. Executor will handle content validation.

[90mstdout[2m | src/test/planner-generation.test.ts[2m > [22m[2mPlanner Generation - Week 2 D2[2m > [22m[2mComplex Scenarios[2m > [22m[2mshould generate plan with command execution
[22m[39m[Planner] Raw LLM Response:  [{"step":1,"action":"write","description":"Create","path":"src/file.tsx"},{"step":2,"action":"run","description":"Format code","command":"npm run format"},{"step":3,"action":"run","description":"Test","command":"npm test"}]
[Planner] Response length: [33m223[39m
[Planner] Steps sorted topologically: step_1 ΓåÆ step_2 ΓåÆ step_3
[Planner] Pre-flight validation complete. Executor will handle content validation.

[90mstdout[2m | src/test/planner-generation.test.ts[2m > [22m[2mPlanner Generation - Week 2 D2[2m > [22m[2mComplex Scenarios[2m > [22m[2mshould handle plan with dependencies
[22m[39m[Planner] Raw LLM Response:  [{"step":1,"action":"write","description":"Create store","path":"src/store.ts"},{"step":2,"action":"write","description":"Create component","path":"src/Button.tsx","dependsOn":["step_1"]}]
[Planner] Response length: [33m188[39m
[Planner] Steps sorted topologically: step_1 ΓåÆ step_2
[Planner] Pre-flight validation complete. Executor will handle content validation.

 [32mΓ£ô[39m src/test/planner-generation.test.ts [2m([22m[2m27 tests[22m[2m)[22m[32m 16[2mms[22m[39m
[90mstderr[2m | src/test/low-coverage.test.ts[2m > [22m[2mLow Coverage Paths - 70% Minimum Target[2m > [22m[2mLLMClient - Edge Cases & Error Handling[2m > [22m[2mhandles connection timeout 
during health check
[22m[39mLLM server health check failed: Error: Network timeout
    at C:/Users/Danh/Desktop/llm-local-assistant/src/test/low-coverage.test.ts:27:15
    at Mock [90m(file:///C:/Users/Danh/Desktop/llm-local-assistant/[39mnode_modules/[4m@vitest/spy[24m/dist/index.js:285:34[90m)[39m
    at LLMClient.isServerHealthy (C:/Users/Danh/Desktop/llm-local-assistant/src/llmClient.ts:97:30)
    at C:/Users/Danh/Desktop/llm-local-assistant/src/test/low-coverage.test.ts:30:35
    at [90mfile:///C:/Users/Danh/Desktop/llm-local-assistant/[39mnode_modules/[4m@vitest/runner[24m/dist/index.js:145:11
    at [90mfile:///C:/Users/Danh/Desktop/llm-local-assistant/[39mnode_modules/[4m@vitest/runner[24m/dist/index.js:915:26
    at [90mfile:///C:/Users/Danh/Desktop/llm-local-assistant/[39mnode_modules/[4m@vitest/runner[24m/dist/index.js:1243:20
    at new Promise (<anonymous>)
    at runWithTimeout [90m(file:///C:/Users/Danh/Desktop/llm-local-assistant/[39mnode_modules/[4m@vitest/runner[24m/dist/index.js:1209:10[90m)[39m
    at [90mfile:///C:/Users/Danh/Desktop/llm-local-assistant/[39mnode_modules/[4m@vitest/runner[24m/dist/index.js:1653:37

[90mstderr[2m | src/test/low-coverage.test.ts[2m > [22m[2mLow Coverage Paths - 70% Minimum Target[2m > [22m[2mTimeout Behavior[2m > [22m[2mhandles timeout during operations
[22m[39mLLM server health check failed: Error: Request timeout
    at C:/Users/Danh/Desktop/llm-local-assistant/src/test/low-coverage.test.ts:311:15
    at Mock [90m(file:///C:/Users/Danh/Desktop/llm-local-assistant/[39mnode_modules/[4m@vitest/spy[24m/dist/index.js:285:34[90m)[39m
    at LLMClient.isServerHealthy (C:/Users/Danh/Desktop/llm-local-assistant/src/llmClient.ts:97:30)
    at C:/Users/Danh/Desktop/llm-local-assistant/src/test/low-coverage.test.ts:315:39
    at [90mfile:///C:/Users/Danh/Desktop/llm-local-assistant/[39mnode_modules/[4m@vitest/runner[24m/dist/index.js:145:11
    at [90mfile:///C:/Users/Danh/Desktop/llm-local-assistant/[39mnode_modules/[4m@vitest/runner[24m/dist/index.js:915:26
    at [90mfile:///C:/Users/Danh/Desktop/llm-local-assistant/[39mnode_modules/[4m@vitest/runner[24m/dist/index.js:1243:20
    at new Promise (<anonymous>)
    at runWithTimeout [90m(file:///C:/Users/Danh/Desktop/llm-local-assistant/[39mnode_modules/[4m@vitest/runner[24m/dist/index.js:1209:10[90m)[39m
    at [90mfile:///C:/Users/Danh/Desktop/llm-local-assistant/[39mnode_modules/[4m@vitest/runner[24m/dist/index.js:1653:37

 [32mΓ£ô[39m src/test/low-coverage.test.ts [2m([22m[2m24 tests[22m[2m)[22m[32m 14[2mms[22m[39m
[90mstdout[2m | src/test/executor-coverage-extension.test.ts[2m > [22m[2mExecutor - Coverage Extension[2m > [22m[2mPath Sanitization[2m > [22m[2mshould normalize paths with trailing dots
[22m[39m[Executor] Starting step 1: action=write, description=Test step

 [32mΓ£ô[39m src/test/executor-dependencies.test.ts [2m([22m[2m34 tests[22m[2m)[22m[32m 14[2mms[22m[39m
 [32mΓ£ô[39m src/semanticValidator.test.ts [2m([22m[2m6 tests[22m[2m)[22m[32m 16[2mms[22m[39m
[90mstdout[2m | src/utils/workspaceDetector.test.ts[2m > [22m[2mWorkspaceDetector[2m > [22m[2mSource File Detection[2m > [22m[2mshould detect TypeScript files (with package.json)
[22m[39m[WorkspaceDetector] Scanning from: C:\Users\Danh\AppData\Local\Temp\workspace-detector-WVJdfW
[WorkspaceDetector] Start path was: C:\Users\Danh\AppData\Local\Temp\workspace-detector-WVJdfW
[WorkspaceDetector] Found entries: [ [32m'ts-files'[39m ]
[WorkspaceDetector] Detected: ts-files {
  type: [32m'node'[39m,
  confidence: [32m'0.50'[39m,
  indicators: [ [32m'package.json'[39m, [32m'source-files'[39m ]
}
[WorkspaceDetector] Final result: 1 workspaces [ { name: [32m'ts-files'[39m, confidence: [32m'0.50'[39m } ]

[90mstdout[2m | src/dag-validation.test.ts[2m > [22m[2mDAG Dependency Validation[2m > [22m[2mTopological Sorting - Linear Chains[2m > [22m[2msorts linear dependency chain step1 ΓåÆ step2 ΓåÆ step3
[22m[39m[Planner] Raw LLM Response:  [
  {"step": 1, "action": "write", "description": "Create A", "path": "src/a.ts"},
  {"step": 2, "action": "write", "description": "Create B", "path": "src/b.ts", "notes": "Depends on: step_1"},
  {"step": 3, "action": "write", "description": "Create C", "path": "src/c.ts", "notes": "Depends on: step_2"}
]
[Planner] Response length: [33m307[39m
[Planner] Steps sorted topologically: step_1 ΓåÆ step_2 ΓåÆ step_3
[Planner] Pre-flight validation complete. Executor will handle content validation.

[90mstdout[2m | src/dag-validation.test.ts[2m > [22m[2mDAG Dependency Validation[2m > [22m[2mTopological Sorting - Linear Chains[2m > [22m[2mmaintains order for independent steps
[22m[39m[Planner] Raw LLM Response:  [
  {"step": 1, "action": "write", "description": "Create A", "path": "src/a.ts"},
  {"step": 2, "action": "write", "description": "Create B", "path": "src/b.ts"},
  {"step": 3, "action": "write", "description": "Create C", "path": "src/c.ts"}
]
[Planner] Response length: [33m245[39m
[Planner] Steps sorted topologically: step_1 ΓåÆ step_2 ΓåÆ step_3
[Planner] Pre-flight validation complete. Executor will handle content validation.

[90mstdout[2m | src/dag-validation.test.ts[2m > [22m[2mDAG Dependency Validation[2m > [22m[2mTopological Sorting - Parallel Steps[2m > [22m[2mhandles parallel steps before dependent step
[22m[39m[Planner] Raw LLM Response:  [
  {"step": 1, "action": "write", "description": "Create base", "path": "src/base.ts"},
  {"step": 2, "action": "write", "description": "Create B", "path": "src/b.ts", "notes": "Depends on: step_1"},
  {"step": 3, "action": "write", "description": "Create C", "path": "src/c.ts", "notes": "Depends on: step_1"}
]
[Planner] Response length: [33m313[39m
[Planner] Steps sorted topologically: step_1 ΓåÆ step_2 ΓåÆ step_3
[Planner] Pre-flight validation complete. Executor will handle content validation.

[90mstdout[2m | src/dag-validation.test.ts[2m > [22m[2mDAG Dependency Validation[2m > [22m[2mTopological Sorting - Parallel Steps[2m > [22m[2mhandles multi-level parallel dependencies
[22m[39m[Planner] Raw LLM Response:  [
  {"step": 1, "action": "write", "description": "Create base", "path": "src/base.ts"},
  {"step": 2, "action": "write", "description": "Create B", "path": "src/b.ts", "notes": "Depends on: step_1"},
  {"step": 3, "action": "write", "description": "Create C", "path": "src/c.ts", "notes": "Depends on: step_1"},
  {"step": 4, "action": "write", "description": "Create D", "path": "src/d.ts", "notes": "Depends on: step_1"}
]
[Planner] Response length: [33m425[39m
[Planner] Steps sorted topologically: step_1 ΓåÆ step_2 ΓåÆ step_3 ΓåÆ step_4
[Planner] Pre-flight validation complete. Executor will handle content validation.

[90mstdout[2m | src/dag-validation.test.ts[2m > [22m[2mDAG Dependency Validation[2m > [22m[2mDiamond Pattern Dependencies[2m > [22m[2mhandles diamond pattern step1 ΓåÆ step2,step3 ΓåÆ step4
[22m[39m[Planner] Raw LLM Response:  [
  {"step": 1, "action": "write", "description": "Create base", "path": "src/base.ts"},
  {"step": 2, "action": "write", "description": "Create B", "path": "src/b.ts", "notes": "Depends on: step_1"},
  {"step": 3, "action": "write", "description": "Create C", "path": "src/c.ts", "notes": "Depends on: step_1"},
  {"step": 4, "action": "write", "description": "Create D", "path": "src/d.ts", "notes": "Depends on: step_2, step_3"}
]
[Planner] Response length: [33m433[39m
[Planner] Steps sorted topologically: step_1 ΓåÆ step_2 ΓåÆ step_3 ΓåÆ step_4
[Planner] Pre-flight validation complete. Executor will handle content validation.

[90mstdout[2m | src/dag-validation.test.ts[2m > [22m[2mDAG Dependency Validation[2m > [22m[2mMultiple Independent Chains[2m > [22m[2mhandles independent chains AΓåÆB and CΓåÆD
[22m[39m[Planner] Raw LLM Response:  [
  {"step": 1, "action": "write", "description": "Create A", "path": "src/a.ts"},
  {"step": 2, "action": "write", "description": "Create B", "path": "src/b.ts", "notes": "Depends on: step_1"},
  {"step": 3, "action": "write", "description": "Create C", "path": "src/c.ts"},
  {"step": 4, "action": "write", "description": "Create D", "path": "src/d.ts", "notes": "Depends on: step_3"}
]
[Planner] Response length: [33m388[39m
[Planner] Steps sorted topologically: step_1 ΓåÆ step_2 ΓåÆ step_3 ΓåÆ step_4
[Planner] Pre-flight validation complete. Executor will handle content validation.

[90mstdout[2m | src/dag-validation.test.ts[2m > [22m[2mDAG Dependency Validation[2m > [22m[2mCircular Dependency Handling[2m > [22m[2mhandles circular dependency with fallback ordering
[22m[39m[Planner] Raw LLM Response:  [
  {"step": 1, "action": "write", "description": "Create A", "path": "src/a.ts", "notes": "Depends on: step_2"},
  {"step": 2, "action": "write", "description": "Create B", "path": "src/b.ts", "notes": "Depends on: step_1"}
]
[Planner] Response length: [33m226[39m
[Planner] Steps sorted topologically: step_1 ΓåÆ step_2
[Planner] Pre-flight validation complete. Executor will handle content validation.

[90mstdout[2m | src/dag-validation.test.ts[2m > [22m[2mDAG Dependency Validation[2m > [22m[2mCircular Dependency Handling[2m > [22m[2mhandles complex cycle with fallback
[22m[39m[Planner] Raw LLM Response:  [
  {"step": 1, "action": "write", "description": "Create A", "path": "src/a.ts", "notes": "Depends on: step_3"},
  {"step": 2, "action": "write", "description": "Create B", "path": "src/b.ts", "notes": "Depends on: step_1"},
  {"step": 3, "action": "write", "description": "Create C", "path": "src/c.ts", "notes": "Depends on: step_2"}
]
[Planner] Response length: [33m338[39m
[Planner] Steps sorted topologically: step_1 ΓåÆ step_2 ΓåÆ step_3
[Planner] Pre-flight validation complete. Executor will handle content validation.

[90mstdout[2m | src/dag-validation.test.ts[2m > [22m[2mDAG Dependency Validation[2m > [22m[2mCircular Dependency Handling[2m > [22m[2mreturns valid plan even on circular detection
[22m[39m[Planner] Raw LLM Response:  [
  {"step": 1, "action": "write", "description": "Create A", "path": "src/a.ts", "notes": "Depends on: step_2"},
  {"step": 2, "action": "write", "description": "Create B", "path": "src/b.ts", "notes": "Depends on: step_1"}
]
[Planner] Response length: [33m226[39m
[Planner] Steps sorted topologically: step_1 ΓåÆ step_2
[Planner] Pre-flight validation complete. Executor will handle content validation.

[90mstdout[2m | src/dag-validation.test.ts[2m > [22m[2mDAG Dependency Validation[2m > [22m[2mMissing Dependency Detection[2m > [22m[2mdetects reference to non-existent step and uses fallback ordering
[22m[39m[Planner] Raw LLM Response:  [
  {"step": 1, "action": "write", "description": "Create B", "path": "src/b.ts", "notes": "Depends on: step_99"}
]
[Planner] Response length: [33m115[39m
[Planner] Steps sorted topologically: step_1
[Planner] Pre-flight validation complete. Executor will handle content validation.

[90mstdout[2m | src/dag-validation.test.ts[2m > [22m[2mDAG Dependency Validation[2m > [22m[2mMissing Dependency Detection[2m > [22m[2mhandles multiple steps with invalid dependency references
[22m[39m[Planner] Raw LLM Response:  [
  {"step": 1, "action": "write", "description": "Create A", "path": "src/a.ts"},
  {"step": 2, "action": "write", "description": "Create B", "path": "src/b.ts", "notes": "Depends on: step_99"}
]
[Planner] Response length: [33m196[39m
[Planner] Steps sorted topologically: step_1 ΓåÆ step_2
[Planner] Pre-flight validation complete. Executor will handle content validation.

[90mstdout[2m | src/dag-validation.test.ts[2m > [22m[2mDAG Dependency Validation[2m > [22m[2mMissing Dependency Detection[2m > [22m[2mshows dependency attempt even when target missing
[22m[39m[Planner] Raw LLM Response:  [
  {"step": 1, "action": "write", "description": "Create A", "path": "src/a.ts"},
  {"step": 2, "action": "write", "description": "Create B", "path": "src/b.ts", "notes": "Depends on: step_missing"}
]
[Planner] Response length: [33m201[39m
[Planner] Steps sorted topologically: step_1 ΓåÆ step_2
[Planner] Pre-flight validation complete. Executor will handle content validation.

[90mstdout[2m | src/dag-validation.test.ts[2m > [22m[2mDAG Dependency Validation[2m > [22m[2mEdge Cases[2m > [22m[2mhandles single step
[22m[39m[Planner] Raw LLM Response:  [
  {"step": 1, "action": "write", "description": "Create file", "path": "src/file.ts"}
]
[Planner] Response length: [33m89[39m
[Planner] Steps sorted topologically: step_1
[Planner] Pre-flight validation complete. Executor will handle content validation.

[90mstdout[2m | src/dag-validation.test.ts[2m > [22m[2mDAG Dependency Validation[2m > [22m[2mEdge Cases[2m > [22m[2mhandles steps with no dependencies
[22m[39m[Planner] Raw LLM Response:  [
  {"step": 1, "action": "write", "description": "Create A", "path": "src/a.ts"},
  {"step": 2, "action": "write", "description": "Create B", "path": "src/b.ts"}
]
[Planner] Response length: [33m164[39m
[Planner] Steps sorted topologically: step_1 ΓåÆ step_2
[Planner] Pre-flight validation complete. Executor will handle content validation.

[90mstdout[2m | src/dag-validation.test.ts[2m > [22m[2mDAG Dependency Validation[2m > [22m[2mEdge Cases[2m > [22m[2mhandles undefined dependsOn
[22m[39m[Planner] Raw LLM Response:  [
  {"step": 1, "action": "write", "description": "Create file", "path": "src/file.ts"}
]
[Planner] Response length: [33m89[39m
[Planner] Steps sorted topologically: step_1
[Planner] Pre-flight validation complete. Executor will handle content validation.

[90mstdout[2m | src/dag-validation.test.ts[2m > [22m[2mDAG Dependency Validation[2m > [22m[2mEdge Cases[2m > [22m[2mpreserves step order with no dependencies
[22m[39m[Planner] Raw LLM Response:  [
  {"step": 1, "action": "write", "description": "First", "path": "src/first.ts"},
  {"step": 2, "action": "write", "description": "Second", "path": "src/second.ts"},
  {"step": 3, "action": "write", "description": "Third", "path": "src/third.ts"}
]
[Planner] Response length: [33m250[39m
[Planner] Steps sorted topologically: step_1 ΓåÆ step_2 ΓåÆ step_3
[Planner] Pre-flight validation complete. Executor will handle content validation.

[90mstdout[2m | src/dag-validation.test.ts[2m > [22m[2mDAG Dependency Validation[2m > [22m[2mIntegration: Full DAG Flow[2m > [22m[2mparses plan ΓåÆ generates IDs ΓåÆ extracts deps ΓåÆ topological sort
[22m[39m[Planner] Raw LLM Response:  [
  {"step": 1, "action": "write", "description": "Setup config", "path": "src/config.ts"},
  {"step": 2, "action": "write", "description": "Create component", "path": "src/Component.tsx", "notes": "Depends on: step_1"},
  {"step": 3, "action": "write", "description": "Create tests", "path": "src/Component.test.tsx", "notes": "Depends on: step_2"}
]
[Planner] Response length: [33m351[39m
[Planner] Steps sorted topologically: step_1 ΓåÆ step_2 ΓåÆ step_3
[Planner] Pre-flight validation complete. Executor will handle content validation.

[90mstdout[2m | src/dag-validation.test.ts[2m > [22m[2mDAG Dependency Validation[2m > [22m[2mIntegration: Full DAG Flow[2m > [22m[2mmaintains execution order for complex dependencies
[22m[39m[Planner] Raw LLM Response:  [
  {"step": 1, "action": "write", "description": "Setup", "path": "src/setup.ts"},
  {"step": 2, "action": "write", "description": "Feature A", "path": "src/a.ts", "notes": "Depends on: step_1"},
  {"step": 3, "action": "write", "description": "Feature B", "path": "src/b.ts", "notes": "Depends on: step_1"},
  {"step": 4, "action": "write", "description": "Integrate", "path": "src/index.ts", "notes": "Depends on: step_2, step_3"}
]
[Planner] Response length: [33m435[39m
[Planner] Steps sorted topologically: step_1 ΓåÆ step_2 ΓåÆ step_3 ΓåÆ step_4
[Planner] Pre-flight validation complete. Executor will handle content validation.

 [32mΓ£ô[39m src/dag-validation.test.ts [2m([22m[2m18 tests[22m[2m)[22m[32m 13[2mms[22m[39m
 [32mΓ£ô[39m src/test/coverage-utilities.test.ts [2m([22m[2m34 tests[22m[2m)[22m[32m 11[2mms[22m[39m
 [32mΓ£ô[39m src/test/smartValidator-extended.test.ts [2m([22m[2m64 tests[22m[2m)[22m[32m 12[2mms[22m[39m
[90mstdout[2m | src/utils/workspaceDetector.test.ts[2m > [22m[2mWorkspaceDetector[2m > [22m[2mSource File Detection[2m > [22m[2mshould detect React files (.tsx)
[22m[39m[WorkspaceDetector] Scanning from: C:\Users\Danh\AppData\Local\Temp\workspace-detector-r75JeY
[WorkspaceDetector] Start path was: C:\Users\Danh\AppData\Local\Temp\workspace-detector-r75JeY
[WorkspaceDetector] Found entries: [ [32m'react-files'[39m ]
[WorkspaceDetector] Detected: react-files {
  type: [32m'node'[39m,
  confidence: [32m'0.50'[39m,
  indicators: [ [32m'package.json'[39m, [32m'source-files'[39m ]
}
[WorkspaceDetector] Final result: 1 workspaces [ { name: [32m'react-files'[39m, confidence: [32m'0.50'[39m } ]

 [32mΓ£ô[39m src/utils/workspaceDetector.test.ts [2m([22m[2m14 tests[22m[2m)[22m[33m 3121[2mms[22m[39m
       [33m[2mΓ£ô[22m[39m should detect TypeScript project (package.json + tsconfig.json) [33m 419[2mms[22m[39m
       [33m[2mΓ£ô[22m[39m should format workspaces for display [33m 391[2mms[22m[39m
       [33m[2mΓ£ô[22m[39m should detect TypeScript files (with package.json) [33m 436[2mms[22m[39m
       [33m[2mΓ£ô[22m[39m should detect React files (.tsx) [33m 508[2mms[22m[39m
[90mstdout[2m | src/test/executor-extended.test.ts[2m > [22m[2mExecutor - Plan Execution Flow[2m > [22m[2mshould set plan status to failed on execution error
[22m[39m[Executor] Starting step 1: action=write, description=Write test file

 [32mΓ£ô[39m src/test/executor-real-execution.test.ts [2m([22m[2m50 tests[22m[2m)[22m[32m 12[2mms[22m[39m
[90mstdout[2m | src/test/executor-extended.test.ts[2m > [22m[2mExecutor - Step Validation[2m > [22m[2mshould validate write step contract
[22m[39m[Executor] Using workspace from plan: "test-workspace" at /test/workspace

[90mstdout[2m | src/test/executor-extended.test.ts[2m > [22m[2mExecutor - Step Validation[2m > [22m[2mshould validate write step contract
[22m[39m[Executor] Starting step 1: action=write, description=Create main file

[90mstdout[2m | src/test/executor-extended.test.ts[2m > [22m[2mExecutor - Step Validation[2m > [22m[2mshould handle missing step path gracefully
[22m[39m[Executor] Using workspace from plan: "test-workspace" at /test/workspace

[90mstderr[2m | src/test/executor-extended.test.ts[2m > [22m[2mExecutor - Step Validation[2m > [22m[2mshould handle missing step path gracefully
[22m[39m[Executor] Terminal failure at step 1: CONTRACT_VIOLATION: Action 'delete' requires a valid file path, but none was provided. Step: "Delete file with empty path"

[90mstdout[2m | src/test/executor-extended.test.ts[2m > [22m[2mExecutor - Step Validation[2m > [22m[2mshould reject write step without content for non-delete actions
[22m[39m[Executor] Using workspace from plan: "test-workspace" at /test/workspace

[90mstdout[2m | src/test/executor-extended.test.ts[2m > [22m[2mExecutor - Step Validation[2m > [22m[2mshould reject write step without content for non-delete actions
[22m[39m[Executor] Starting step 1: action=write, description=Write empty file

[90mstdout[2m | src/test/executor-extended.test.ts[2m > [22m[2mExecutor - Step Validation[2m > [22m[2mshould validate all step actions
[22m[39m[Executor] Using workspace from plan: "test-workspace" at /test/workspace

[90mstdout[2m | src/test/executor-extended.test.ts[2m > [22m[2mExecutor - Step Validation[2m > [22m[2mshould validate all step actions
[22m[39m[Executor] Starting step 1: action=write, description=Test write

[90mstdout[2m | src/test/executor-extended.test.ts[2m > [22m[2mExecutor - Step Validation[2m > [22m[2mshould validate all step actions
[22m[39m[Executor] Using workspace from plan: "test-workspace" at /test/workspace

[90mstderr[2m | src/test/executor-extended.test.ts[2m > [22m[2mExecutor - Step Validation[2m > [22m[2mshould validate all step actions
[22m[39m[Executor] Terminal failure at step 1: GREENFIELD_VIOLATION: Cannot READ from "test.ts" in empty workspace. First step must WRITE or INIT files. Are you missing a WRITE step?

[90mstdout[2m | src/test/executor-extended.test.ts[2m > [22m[2mExecutor - Path Sanitization[2m > [22m[2mshould handle paths with trailing slashes
[22m[39m[Executor] Using workspace from plan: "test-workspace" at /test/workspace

[90mstderr[2m | src/test/executor-extended.test.ts[2m > [22m[2mExecutor - Path Sanitization[2m > [22m[2mshould handle paths with trailing slashes
[22m[39m[Executor] Terminal failure at step 1: PATH_VIOLATION: Path "src/components/" has no file extension. Web project paths MUST include extension (.tsx, .ts, .js, .json, etc.).

[90mstdout[2m | src/test/executor-extended.test.ts[2m > [22m[2mExecutor - Path Sanitization[2m > [22m[2mshould handle Windows path separators
[22m[39m[Executor] Using workspace from plan: "test-workspace" at /test/workspace

[90mstdout[2m | src/test/executor-extended.test.ts[2m > [22m[2mExecutor - Path Sanitization[2m > [22m[2mshould handle Windows path separators
[22m[39m[Executor] Starting step 1: action=write, description=Write button component
[Executor] Γ£à Injecting required React imports for src\components\Button.tsx

[90mstdout[2m | src/test/executor-extended.test.ts[2m > [22m[2mExecutor - Path Sanitization[2m > [22m[2mshould handle paths with dots and special characters
[22m[39m[Executor] Using workspace from plan: "test-workspace" at /test/workspace

[90mstdout[2m | src/test/executor-extended.test.ts[2m > [22m[2mExecutor - Path Sanitization[2m > [22m[2mshould handle paths with dots and special characters
[22m[39m[Executor] Starting step 1: action=write, description=Write test helper

[90mstdout[2m | src/test/executor-extended.test.ts[2m > [22m[2mExecutor - Path Sanitization[2m > [22m[2mshould normalize relative paths
[22m[39m[Executor] Using workspace from plan: "test-workspace" at /test/workspace

[90mstdout[2m | src/test/executor-extended.test.ts[2m > [22m[2mExecutor - Path Sanitization[2m > [22m[2mshould normalize relative paths
[22m[39m[Executor] Starting step 1: action=write, description=Write with relative path

[90mstdout[2m | src/test/executor-extended.test.ts[2m > [22m[2mExecutor - File Operations[2m > [22m[2mshould create parent directories when writing files
[22m[39m[Executor] Using workspace from plan: "test-workspace" at /test/workspace

[90mstdout[2m | src/test/executor-extended.test.ts[2m > [22m[2mExecutor - File Operations[2m > [22m[2mshould create parent directories when writing files
[22m[39m[Executor] Starting step 1: action=write, description=Write deeply nested file

[90mstdout[2m | src/test/executor-extended.test.ts[2m > [22m[2mExecutor - File Operations[2m > [22m[2mshould read file content correctly
[22m[39m[Executor] Using workspace from plan: "test-workspace" at /test/workspace

[90mstderr[2m | src/test/executor-extended.test.ts[2m > [22m[2mExecutor - File Operations[2m > [22m[2mshould read file content correctly
[22m[39m[Executor] Terminal failure at step 1: GREENFIELD_VIOLATION: Cannot READ from "src/existing.ts" in empty workspace. First step must WRITE or INIT files. Are you missing a WRITE step?

[90mstdout[2m | src/test/executor-extended.test.ts[2m > [22m[2mExecutor - File Operations[2m > [22m[2mshould handle large file content
[22m[39m[Executor] Using workspace from plan: "test-workspace" at /test/workspace

[90mstdout[2m | src/test/executor-extended.test.ts[2m > [22m[2mExecutor - File Operations[2m > [22m[2mshould handle large file content
[22m[39m[Executor] Starting step 1: action=write, description=Write large file

[90mstdout[2m | src/test/executor-extended.test.ts[2m > [22m[2mExecutor - File Operations[2m > [22m[2mshould handle Unicode and special characters in content
[22m[39m[Executor] Using workspace from plan: "test-workspace" at /test/workspace

[90mstdout[2m | src/test/executor-extended.test.ts[2m > [22m[2mExecutor - File Operations[2m > [22m[2mshould handle Unicode and special characters in content
[22m[39m[Executor] Starting step 1: action=write, description=Write unicode content

[90mstdout[2m | src/test/executor-extended.test.ts[2m > [22m[2mExecutor - Error Handling[2m > [22m[2mshould handle file write errors gracefully
[22m[39m[Executor] Using workspace from plan: "test-workspace" at /test/workspace

[90mstdout[2m | src/test/executor-extended.test.ts[2m > [22m[2mExecutor - Error Handling[2m > [22m[2mshould handle file write errors gracefully
[22m[39m[Executor] Starting step 1: action=write, description=Write file

[90mstderr[2m | src/test/planner-parsing.test.ts[2m > [22m[2mPlanner Parsing - Week 2 D1[2m > [22m[2mJSON Parsing - Error Cases[2m > [22m[2mshould reject invalid action type
[22m[39mWarning: Invalid action "invalid_action", defaulting to "read"

[90mstderr[2m | src/test/planner-parsing.test.ts[2m > [22m[2mPlanner Parsing - Week 2 D1[2m > [22m[2mDependency Parsing[2m > [22m[2mshould filter self-referential dependencies
[22m[39m[PARSER] Warning: Step "step_1" had self-referential dependency, removed

[90mstderr[2m | src/test/planner-parsing.test.ts[2m > [22m[2mPlanner Parsing - Week 2 D1[2m > [22m[2mAction Type Validation & Conversion[2m > [22m[2mshould default invalid actions to read
[22m[39mWarning: Invalid action "invalid", defaulting to "read"
Warning: Invalid action "modify", defaulting to "read"

 [32mΓ£ô[39m src/test/planner-parsing.test.ts [2m([22m[2m36 tests[22m[2m)[22m[32m 10[2mms[22m[39m
 [32mΓ£ô[39m src/extension.test.ts [2m([22m[2m63 tests[22m[2m)[22m[32m 11[2mms[22m[39m
[90mstdout[2m | src/test/executor-coverage-extension.test.ts[2m > [22m[2mExecutor - Coverage Extension[2m > [22m[2mPath Sanitization[2m > [22m[2mshould normalize paths with trailing dots
[22m[39m[Executor] Starting step 1: action=write, description=Test step

[90mstdout[2m | src/test/executor-coverage-extension.test.ts[2m > [22m[2mExecutor - Coverage Extension[2m > [22m[2mPath Sanitization[2m > [22m[2mshould handle paths with special characters
[22m[39m[Executor] No workspace in plan, using default: /workspace

[90mstdout[2m | src/test/executor-coverage-extension.test.ts[2m > [22m[2mExecutor - Coverage Extension[2m > [22m[2mPath Sanitization[2m > [22m[2mshould handle paths with special characters
[22m[39m[Executor] Starting step 1: action=write, description=Test step
[Executor] Γ£à Injecting required React imports for my-component-[id].tsx

 [32mΓ£ô[39m src/services/semanticValidator.test.ts [2m([22m[2m20 tests[22m[2m)[22m[32m 10[2mms[22m[39m
 [32mΓ£ô[39m src/utils/handoverSummary.test.ts [2m([22m[2m58 tests[22m[2m)[22m[32m 12[2mms[22m[39m
 [32mΓ£ô[39m src/test/planner-validation.test.ts [2m([22m[2m30 tests[22m[2m)[22m[32m 11[2mms[22m[39m
 [32mΓ£ô[39m src/test/architectureValidator-extended.test.ts [2m([22m[2m54 tests[22m[2m)[22m[32m 9[2mms[22m[39m
[90mstdout[2m | src/serviceExtractor.test.ts[2m > [22m[2mServiceExtractor[2m > [22m[2mHook Analysis[2m > [22m[2manalyzes simple hook
[22m[39m[FeatureAnalyzer] No LLMClient provided - using pattern-based analysis only
[ServiceExtractor] No LLMClient provided - using pattern-based extraction only

[90mstdout[2m | src/serviceExtractor.test.ts[2m > [22m[2mServiceExtractor[2m > [22m[2mHook Analysis[2m > [22m[2manalyzes hook with API calls
[22m[39m[FeatureAnalyzer] No LLMClient provided - using pattern-based analysis only
[ServiceExtractor] No LLMClient provided - using pattern-based extraction only

[90mstdout[2m | src/serviceExtractor.test.ts[2m > [22m[2mServiceExtractor[2m > [22m[2mHook Analysis[2m > [22m[2mdetects fat hook
[22m[39m[FeatureAnalyzer] No LLMClient provided - using pattern-based analysis only
[ServiceExtractor] No LLMClient provided - using pattern-based extraction only

[90mstdout[2m | src/serviceExtractor.test.ts[2m > [22m[2mServiceExtractor[2m > [22m[2mHook Analysis[2m > [22m[2manalyzes extraction candidates
[22m[39m[FeatureAnalyzer] No LLMClient provided - using pattern-based analysis only
[ServiceExtractor] No LLMClient provided - using pattern-based extraction only

[90mstdout[2m | src/serviceExtractor.test.ts[2m > [22m[2mServiceExtractor[2m > [22m[2mHook Analysis[2m > [22m[2mdetects dependencies
[22m[39m[FeatureAnalyzer] No LLMClient provided - using pattern-based analysis only
[ServiceExtractor] No LLMClient provided - using pattern-based extraction only

[90mstdout[2m | src/serviceExtractor.test.ts[2m > [22m[2mServiceExtractor[2m > [22m[2mHook Analysis[2m > [22m[2manalyzes error handling
[22m[39m[FeatureAnalyzer] No LLMClient provided - using pattern-based analysis only
[ServiceExtractor] No LLMClient provided - using pattern-based extraction only

[90mstdout[2m | src/serviceExtractor.test.ts[2m > [22m[2mServiceExtractor[2m > [22m[2mRefactoring Plan Generation[2m > [22m[2mgenerates plan for simple hook
[22m[39m[FeatureAnalyzer] No LLMClient provided - using pattern-based analysis only
[ServiceExtractor] No LLMClient provided - using pattern-based extraction only

[90mstdout[2m | src/serviceExtractor.test.ts[2m > [22m[2mServiceExtractor[2m > [22m[2mRefactoring Plan Generation[2m > [22m[2mprioritizes high-impact changes
[22m[39m[FeatureAnalyzer] No LLMClient provided - using pattern-based analysis only
[ServiceExtractor] No LLMClient provided - using pattern-based extraction only

[90mstdout[2m | src/serviceExtractor.test.ts[2m > [22m[2mServiceExtractor[2m > [22m[2mRefactoring Plan Generation[2m > [22m[2midentifies risks
[22m[39m[FeatureAnalyzer] No LLMClient provided - using pattern-based analysis only
[ServiceExtractor] No LLMClient provided - using pattern-based extraction only

[90mstdout[2m | src/serviceExtractor.test.ts[2m > [22m[2mServiceExtractor[2m > [22m[2mRefactoring Plan Generation[2m > [22m[2mestimates effort correctly
[22m[39m[FeatureAnalyzer] No LLMClient provided - using pattern-based analysis only
[ServiceExtractor] No LLMClient provided - using pattern-based extraction only

[90mstdout[2m | src/serviceExtractor.test.ts[2m > [22m[2mServiceExtractor[2m > [22m[2mService Extraction[2m > [22m[2mextracts service from hook
[22m[39m[FeatureAnalyzer] No LLMClient provided - using pattern-based analysis only
[ServiceExtractor] No LLMClient provided - using pattern-based extraction only

[90mstdout[2m | src/serviceExtractor.test.ts[2m > [22m[2mServiceExtractor[2m > [22m[2mService Extraction[2m > [22m[2mextracts dependencies
[22m[39m[FeatureAnalyzer] No LLMClient provided - using pattern-based analysis only
[ServiceExtractor] No LLMClient provided - using pattern-based extraction only

[90mstdout[2m | src/serviceExtractor.test.ts[2m > [22m[2mServiceExtractor[2m > [22m[2mService Extraction[2m > [22m[2mvalidates extraction
[22m[39m[FeatureAnalyzer] No LLMClient provided - using pattern-based analysis only
[ServiceExtractor] No LLMClient provided - using pattern-based extraction only

[90mstdout[2m | src/serviceExtractor.test.ts[2m > [22m[2mServiceExtractor[2m > [22m[2mExtraction Candidates[2m > [22m[2mdetects API calls
[22m[39m[FeatureAnalyzer] No LLMClient provided - using pattern-based analysis only
[ServiceExtractor] No LLMClient provided - using pattern-based extraction only

[90mstdout[2m | src/serviceExtractor.test.ts[2m > [22m[2mServiceExtractor[2m > [22m[2mExtraction Candidates[2m > [22m[2mdetects mutation logic
[22m[39m[FeatureAnalyzer] No LLMClient provided - using pattern-based analysis only
[ServiceExtractor] No LLMClient provided - using pattern-based extraction only

[90mstdout[2m | src/serviceExtractor.test.ts[2m > [22m[2mServiceExtractor[2m > [22m[2mExtraction Candidates[2m > [22m[2mdetects validation logic
[22m[39m[FeatureAnalyzer] No LLMClient provided - using pattern-based analysis only
[ServiceExtractor] No LLMClient provided - using pattern-based extraction only

[90mstdout[2m | src/serviceExtractor.test.ts[2m > [22m[2mServiceExtractor[2m > [22m[2mExtraction Candidates[2m > [22m[2mhas candidates for complex hooks
[22m[39m[FeatureAnalyzer] No LLMClient provided - using pattern-based analysis only
[ServiceExtractor] No LLMClient provided - using pattern-based extraction only

 [32mΓ£ô[39m src/serviceExtractor.test.ts [2m([22m[2m20 tests[22m[2m | [22m[33m3 skipped[39m[2m)[22m[32m 10[2mms[22m[39m
[90mstdout[2m | src/utils/jsonSanitizer-coverage-focus.test.ts[2m > [22m[2mjsonSanitizer - Coverage Focus[2m > [22m[2msafeParse - Parsing with Sanitization[2m > [22m[2mshould sanitize control chars before parsing
[22m[39m[jsonSanitizer] Sanitized JSON (removed 2 chars)

[90mstderr[2m | src/utils/jsonSanitizer-coverage-focus.test.ts[2m > [22m[2mjsonSanitizer - Coverage Focus[2m > [22m[2msafeParse - Parsing with Sanitization[2m > [22m[2mshould fail on invalid 
JSON
[22m[39m[jsonSanitizer] Parse failed: Expected property name or '}' in JSON at position 1 (line 1 column 2)

[90mstderr[2m | src/utils/jsonSanitizer-coverage-focus.test.ts[2m > [22m[2mjsonSanitizer - Coverage Focus[2m > [22m[2msafeParse - Parsing with Sanitization[2m > [22m[2mshould fail on unclosed 
brace
[22m[39m[jsonSanitizer] Parse failed: Expected ',' or '}' after property value in JSON at position 16 (line 1 column 17)

[90mstderr[2m | src/utils/jsonSanitizer-coverage-focus.test.ts[2m > [22m[2mjsonSanitizer - Coverage Focus[2m > [22m[2msafeParse - Parsing with Sanitization[2m > [22m[2mshould fail on unclosed 
bracket
[22m[39m[jsonSanitizer] Parse failed: Expected ',' or ']' after array element in JSON at position 8 (line 1 column 9)

[90mstderr[2m | src/utils/jsonSanitizer-coverage-focus.test.ts[2m > [22m[2mjsonSanitizer - Coverage Focus[2m > [22m[2msafeParse - Parsing with Sanitization[2m > [22m[2mshould fail on malformed 
array
[22m[39m[jsonSanitizer] Parse failed: Unexpected token ',', "[1, 2,,,]" is not valid JSON

[90mstderr[2m | src/utils/jsonSanitizer-coverage-focus.test.ts[2m > [22m[2mjsonSanitizer - Coverage Focus[2m > [22m[2msafeParse - Parsing with Sanitization[2m > [22m[2mshould fail on trailing 
comma
[22m[39m[jsonSanitizer] Parse failed: Expected double-quoted property name in JSON at position 17 (line 1 column 18)

[90mstderr[2m | src/utils/jsonSanitizer-coverage-focus.test.ts[2m > [22m[2mjsonSanitizer - Coverage Focus[2m > [22m[2msafeParse - Parsing with Sanitization[2m > [22m[2mshould return error 
message on failure
[22m[39m[jsonSanitizer] Parse failed: Unexpected token 'i', "invalid" is not valid JSON

[90mstderr[2m | src/utils/jsonSanitizer-coverage-focus.test.ts[2m > [22m[2mjsonSanitizer - Coverage Focus[2m > [22m[2mIntegration - Sanitize ΓåÆ Parse ΓåÆ Validate[2m > [22m[2mshould handle 
full pipeline
[22m[39m[jsonSanitizer] Parse failed: Unexpected non-whitespace character after JSON at position 7 (line 1 column 8)

 [32mΓ£ô[39m src/utils/jsonSanitizer-coverage-focus.test.ts [2m([22m[2m55 tests[22m[2m)[22m[32m 11[2mms[22m[39m
 [32mΓ£ô[39m src/services/smartValidator.test.ts [2m([22m[2m55 tests[22m[2m)[22m[32m 6[2mms[22m[39m
 [32mΓ£ô[39m src/test/factories/executorFactory.test.ts [2m([22m[2m30 tests[22m[2m)[22m[32m 8[2mms[22m[39m
[90mstdout[2m | src/featureAnalyzer.test.ts[2m > [22m[2mFeatureAnalyzer[2m > [22m[2mFeature Analysis[2m > [22m[2manalyzes simple feature request
[22m[39m[FeatureAnalyzer] No LLMClient provided - using pattern-based analysis only

[90mstdout[2m | src/featureAnalyzer.test.ts[2m > [22m[2mFeatureAnalyzer[2m > [22m[2mFeature Analysis[2m > [22m[2mdetects CRUD operations
[22m[39m[FeatureAnalyzer] No LLMClient provided - using pattern-based analysis only

[90mstdout[2m | src/featureAnalyzer.test.ts[2m > [22m[2mFeatureAnalyzer[2m > [22m[2mFeature Analysis[2m > [22m[2mdetects search operations
[22m[39m[FeatureAnalyzer] No LLMClient provided - using pattern-based analysis only

[90mstdout[2m | src/featureAnalyzer.test.ts[2m > [22m[2mFeatureAnalyzer[2m > [22m[2mFeature Analysis[2m > [22m[2mdetects upload operations
[22m[39m[FeatureAnalyzer] No LLMClient provided - using pattern-based analysis only

[90mstdout[2m | src/featureAnalyzer.test.ts[2m > [22m[2mFeatureAnalyzer[2m > [22m[2mFeature Analysis[2m > [22m[2mgenerates rationale
[22m[39m[FeatureAnalyzer] No LLMClient provided - using pattern-based analysis only

[90mstdout[2m | src/featureAnalyzer.test.ts[2m > [22m[2mFeatureAnalyzer[2m > [22m[2mFeature Analysis[2m > [22m[2mestimates complexity
[22m[39m[FeatureAnalyzer] No LLMClient provided - using pattern-based analysis only

[90mstdout[2m | src/featureAnalyzer.test.ts[2m > [22m[2mFeatureAnalyzer[2m > [22m[2mFat Hook Detection[2m > [22m[2mdetects hooks with too many lines
[22m[39m[FeatureAnalyzer] No LLMClient provided - using pattern-based analysis only

[90mstdout[2m | src/featureAnalyzer.test.ts[2m > [22m[2mFeatureAnalyzer[2m > [22m[2mFat Hook Detection[2m > [22m[2mdetects hooks with multiple async operations
[22m[39m[FeatureAnalyzer] No LLMClient provided - using pattern-based analysis only

[90mstdout[2m | src/featureAnalyzer.test.ts[2m > [22m[2mFeatureAnalyzer[2m > [22m[2mFat Hook Detection[2m > [22m[2mdetects hooks with complex conditionals
[22m[39m[FeatureAnalyzer] No LLMClient provided - using pattern-based analysis only

[90mstdout[2m | src/featureAnalyzer.test.ts[2m > [22m[2mFeatureAnalyzer[2m > [22m[2mFat Hook Detection[2m > [22m[2mdetects hooks with many try-catch blocks
[22m[39m[FeatureAnalyzer] No LLMClient provided - using pattern-based analysis only

[90mstdout[2m | src/featureAnalyzer.test.ts[2m > [22m[2mFeatureAnalyzer[2m > [22m[2mFat Hook Detection[2m > [22m[2mmay detect large service files if they contain use patterns
[22m[39m[FeatureAnalyzer] No LLMClient provided - using pattern-based analysis only

[90mstdout[2m | src/featureAnalyzer.test.ts[2m > [22m[2mFeatureAnalyzer[2m > [22m[2mAnti-Pattern Detection[2m > [22m[2mdetects missing error handling on fetch
[22m[39m[FeatureAnalyzer] No LLMClient provided - using pattern-based analysis only

[90mstdout[2m | src/featureAnalyzer.test.ts[2m > [22m[2mFeatureAnalyzer[2m > [22m[2mAnti-Pattern Detection[2m > [22m[2mdetects too many inline styles
[22m[39m[FeatureAnalyzer] No LLMClient provided - using pattern-based analysis only

[90mstdout[2m | src/featureAnalyzer.test.ts[2m > [22m[2mFeatureAnalyzer[2m > [22m[2mAnti-Pattern Detection[2m > [22m[2mgenerates anti-pattern suggestions
[22m[39m[FeatureAnalyzer] No LLMClient provided - using pattern-based analysis only

[90mstdout[2m | src/featureAnalyzer.test.ts[2m > [22m[2mFeatureAnalyzer[2m > [22m[2mArchitecture Scoring[2m > [22m[2mscores perfect architecture
[22m[39m[FeatureAnalyzer] No LLMClient provided - using pattern-based analysis only

[90mstdout[2m | src/featureAnalyzer.test.ts[2m > [22m[2mFeatureAnalyzer[2m > [22m[2mArchitecture Scoring[2m > [22m[2mscores poor architecture
[22m[39m[FeatureAnalyzer] No LLMClient provided - using pattern-based analysis only

[90mstdout[2m | src/featureAnalyzer.test.ts[2m > [22m[2mFeatureAnalyzer[2m > [22m[2mArchitecture Scoring[2m > [22m[2mincludes layer scores
[22m[39m[FeatureAnalyzer] No LLMClient provided - using pattern-based analysis only

[90mstdout[2m | src/featureAnalyzer.test.ts[2m > [22m[2mFeatureAnalyzer[2m > [22m[2mArchitecture Scoring[2m > [22m[2mevaluates duplication
[22m[39m[FeatureAnalyzer] No LLMClient provided - using pattern-based analysis only

[90mstdout[2m | src/featureAnalyzer.test.ts[2m > [22m[2mFeatureAnalyzer[2m > [22m[2mArchitecture Scoring[2m > [22m[2mevaluates testability
[22m[39m[FeatureAnalyzer] No LLMClient provided - using pattern-based analysis only

[90mstdout[2m | src/featureAnalyzer.test.ts[2m > [22m[2mFeatureAnalyzer[2m > [22m[2mArchitecture Scoring[2m > [22m[2mscores file sizes
[22m[39m[FeatureAnalyzer] No LLMClient provided - using pattern-based analysis only

[90mstdout[2m | src/featureAnalyzer.test.ts[2m > [22m[2mFeatureAnalyzer[2m > [22m[2mFeature Name Extraction[2m > [22m[2mextracts feature name from description
[22m[39m[FeatureAnalyzer] No LLMClient provided - using pattern-based analysis only

[90mstdout[2m | src/featureAnalyzer.test.ts[2m > [22m[2mFeatureAnalyzer[2m > [22m[2mFeature Name Extraction[2m > [22m[2mhandles complex descriptions
[22m[39m[FeatureAnalyzer] No LLMClient provided - using pattern-based analysis only

 [32mΓ£ô[39m src/featureAnalyzer.test.ts [2m([22m[2m22 tests[22m[2m)[22m[32m 8[2mms[22m[39m
[90mstdout[2m | src/test/executor-extended.test.ts[2m > [22m[2mExecutor - Error Handling[2m > [22m[2mshould handle file write errors gracefully
[22m[39m[Executor] Starting step 1: action=write, description=Write file

[90mstdout[2m | src/test/planner-integration.test.ts[2m > [22m[2mPlanner Integration[2m > [22m[2mError Recovery & Resilience[2m > [22m[2mshould handle malformed LLM response
[22m[39m[Planner] Raw LLM Response:  Not valid JSON {{{
[Planner] Response length: [33m18[39m

[90mstdout[2m | src/test/planner-integration.test.ts[2m > [22m[2mPlanner Integration[2m > [22m[2mError Recovery & Resilience[2m > [22m[2mshould validate plan structure before execution
[22m[39m[Planner] Raw LLM Response:  {"title":"Incomplete Plan"}
[Planner] Response length: [33m27[39m

 [32mΓ£ô[39m src/test/planner-integration.test.ts [2m([22m[2m13 tests[22m[2m)[22m[32m 8[2mms[22m[39m
 [32mΓ£ô[39m src/test/services-edge-cases.test.ts [2m([22m[2m30 tests[22m[2m)[22m[32m 8[2mms[22m[39m
 [32mΓ£ô[39m src/test/planner-dependencies.test.ts [2m([22m[2m19 tests[22m[2m)[22m[32m 8[2mms[22m[39m
 [32mΓ£ô[39m src/patternDetector.test.ts [2m([22m[2m21 tests[22m[2m)[22m[32m 8[2mms[22m[39m
[90mstdout[2m | src/test/executor-coverage-extension.test.ts[2m > [22m[2mExecutor - Coverage Extension[2m > [22m[2mPath Sanitization[2m > [22m[2mshould handle paths with special characters
[22m[39m[Executor] Starting step 1: action=write, description=Test step
[Executor] Γ£à Injecting required React imports for my-component-[id].tsx

 [32mΓ£ô[39m src/architecturePatterns.test.ts [2m([22m[2m30 tests[22m[2m)[22m[32m 8[2mms[22m[39m
 [32mΓ£ô[39m src/services/DomainAwareAuditor.test.ts [2m([22m[2m31 tests[22m[2m)[22m[32m 7[2mms[22m[39m
 [32mΓ£ô[39m src/utils/diffGenerator.test.ts [2m([22m[2m19 tests[22m[2m)[22m[32m 5[2mms[22m[39m
 [32mΓ£ô[39m src/utils/pathSanitizer.test.ts [2m([22m[2m31 tests[22m[2m)[22m[32m 5[2mms[22m[39m
 [32mΓ£ô[39m src/utils/virtualFileState.test.ts [2m([22m[2m17 tests[22m[2m)[22m[32m 4[2mms[22m[39m
 [32mΓ£ô[39m src/test/architectureValidator-layer-rules.test.ts [2m([22m[2m34 tests[22m[2m)[22m[32m 5[2mms[22m[39m
 [32mΓ£ô[39m src/services/PromptEngine.test.ts [2m([22m[2m22 tests[22m[2m)[22m[32m 5[2mms[22m[39m
 [32mΓ£ô[39m src/patternRefactoringGenerator.test.ts [2m([22m[2m11 tests[22m[2m)[22m[32m 4[2mms[22m[39m
 [32mΓ£ô[39m src/dag-stress-tests.test.ts [2m([22m[2m46 tests[22m[2m)[22m[32m 3[2mms[22m[39m
 [32mΓ£ô[39m src/v1.2.0.features.test.ts [2m([22m[2m25 tests[22m[2m)[22m[32m 3[2mms[22m[39m
[90mstdout[2m | src/test/executor-extended.test.ts[2m > [22m[2mExecutor - Error Handling[2m > [22m[2mshould handle file write errors gracefully
[22m[39m[Executor] Starting step 1: action=write, description=Write file

[90mstdout[2m | src/test/executor-extended.test.ts[2m > [22m[2mExecutor - Error Handling[2m > [22m[2mshould handle file read errors gracefully
[22m[39m[Executor] Using workspace from plan: "test-workspace" at /test/workspace

[90mstderr[2m | src/test/executor-extended.test.ts[2m > [22m[2mExecutor - Error Handling[2m > [22m[2mshould handle file read errors gracefully
[22m[39m[Executor] Terminal failure at step 1: GREENFIELD_VIOLATION: Cannot READ from "nonexistent.ts" in empty workspace. First step must WRITE or INIT files. Are you missing a WRITE step?

[90mstdout[2m | src/test/executor-extended.test.ts[2m > [22m[2mExecutor - Error Handling[2m > [22m[2mshould handle LLM client errors
[22m[39m[Executor] Using workspace from plan: "test-workspace" at /test/workspace

[90mstdout[2m | src/test/executor-extended.test.ts[2m > [22m[2mExecutor - Error Handling[2m > [22m[2mshould handle LLM client errors
[22m[39m[Executor] Starting step 1: action=write, description=Write file

[90mstdout[2m | src/test/executor-coverage-extension.test.ts[2m > [22m[2mExecutor - Coverage Extension[2m > [22m[2mPath Sanitization[2m > [22m[2mshould handle paths with special characters
[22m[39m[Executor] Starting step 1: action=write, description=Test step
[Executor] Γ£à Injecting required React imports for my-component-[id].tsx

[90mstdout[2m | src/test/executor-coverage-extension.test.ts[2m > [22m[2mExecutor - Coverage Extension[2m > [22m[2mPath Sanitization[2m > [22m[2mshould handle absolute paths by converting to relative
[22m[39m[Executor] No workspace in plan, using default: /workspace

[90mstdout[2m | src/test/executor-coverage-extension.test.ts[2m > [22m[2mExecutor - Coverage Extension[2m > [22m[2mPath Sanitization[2m > [22m[2mshould handle absolute paths by converting to relative
[22m[39m[Executor] Starting step 1: action=write, description=Test step

[90mstdout[2m | src/test/executor-extended.test.ts[2m > [22m[2mExecutor - Error Handling[2m > [22m[2mshould handle LLM client errors
[22m[39m[Executor] Starting step 1: action=write, description=Write file

[90mstdout[2m | src/test/executor-coverage-extension.test.ts[2m > [22m[2mExecutor - Coverage Extension[2m > [22m[2mPath Sanitization[2m > [22m[2mshould handle absolute paths by converting to relative
[22m[39m[Executor] Starting step 1: action=write, description=Test step

[90mstdout[2m | src/test/executor-extended.test.ts[2m > [22m[2mExecutor - Error Handling[2m > [22m[2mshould handle LLM client errors
[22m[39m[Executor] Starting step 1: action=write, description=Write file

[90mstdout[2m | src/test/executor-extended.test.ts[2m > [22m[2mExecutor - Error Handling[2m > [22m[2mshould provide meaningful error messages
[22m[39m[Executor] Using workspace from plan: "test-workspace" at /test/workspace

[90mstderr[2m | src/test/executor-extended.test.ts[2m > [22m[2mExecutor - Error Handling[2m > [22m[2mshould provide meaningful error messages
[22m[39m[Executor] Terminal failure at step 1: CONTRACT_VIOLATION: Action 'write' requires a valid file path, but none was provided. Step: "Write with no path"

[90mstdout[2m | src/test/executor-extended.test.ts[2m > [22m[2mExecutor - Multiple Steps[2m > [22m[2mshould execute multiple steps in order
[22m[39m[Executor] Using workspace from plan: "test-workspace" at /test/workspace

[90mstdout[2m | src/test/executor-extended.test.ts[2m > [22m[2mExecutor - Multiple Steps[2m > [22m[2mshould execute multiple steps in order
[22m[39m[Executor] Starting step 1: action=write, description=Write index

[90mstdout[2m | src/test/executor-extended.test.ts[2m > [22m[2mExecutor - Multiple Steps[2m > [22m[2mshould execute multiple steps in order
[22m[39m[Executor] Starting step 2: action=write, description=Write App component
[Executor] Γä╣∩╕Å No stored contracts found, extracting dynamically...

[90mstdout[2m | src/test/executor-extended.test.ts[2m > [22m[2mExecutor - Multiple Steps[2m > [22m[2mshould execute multiple steps in order
[22m[39m[Executor] Γä╣∩╕Å Injecting multi-step context: 1 file contract(s), 1 import(s)

[90mstdout[2m | src/test/executor-extended.test.ts[2m > [22m[2mExecutor - Multiple Steps[2m > [22m[2mshould execute multiple steps in order
[22m[39m[Executor] Γ£à Stored previous step file for validator: src/index.ts

[90mstderr[2m | src/test/executor-extended.test.ts[2m > [22m[2mExecutor - Multiple Steps[2m > [22m[2mshould execute multiple steps in order
[22m[39m[Executor] Could not read generated file for integration check: src/index.ts

[90mstderr[2m | src/test/executor-extended.test.ts[2m > [22m[2mExecutor - Multiple Steps[2m > [22m[2mshould execute multiple steps in order
[22m[39m[Executor] Could not read generated file for integration check: src/components/App.tsx

[90mstdout[2m | src/test/executor-extended.test.ts[2m > [22m[2mExecutor - Multiple Steps[2m > [22m[2mshould track completed steps
[22m[39m[Executor] Using workspace from plan: "test-workspace" at /test/workspace

[90mstdout[2m | src/test/executor-extended.test.ts[2m > [22m[2mExecutor - Multiple Steps[2m > [22m[2mshould track completed steps
[22m[39m[Executor] Starting step 1: action=write, description=Write index

[90mstdout[2m | src/test/executor-extended.test.ts[2m > [22m[2mExecutor - Multiple Steps[2m > [22m[2mshould track completed steps
[22m[39m[Executor] Starting step 2: action=write, description=Write App component
[Executor] Γä╣∩╕Å No stored contracts found, extracting dynamically...

[90mstdout[2m | src/test/executor-extended.test.ts[2m > [22m[2mExecutor - Multiple Steps[2m > [22m[2mshould track completed steps
[22m[39m[Executor] Γä╣∩╕Å Injecting multi-step context: 1 file contract(s), 1 import(s)

[90mstdout[2m | src/test/executor-extended.test.ts[2m > [22m[2mExecutor - Multiple Steps[2m > [22m[2mshould track completed steps
[22m[39m[Executor] Γ£à Stored previous step file for validator: src/index.ts

[90mstderr[2m | src/test/executor-extended.test.ts[2m > [22m[2mExecutor - Multiple Steps[2m > [22m[2mshould track completed steps
[22m[39m[Executor] Could not read generated file for integration check: src/index.ts

[90mstderr[2m | src/test/executor-extended.test.ts[2m > [22m[2mExecutor - Multiple Steps[2m > [22m[2mshould track completed steps
[22m[39m[Executor] Could not read generated file for integration check: src/components/App.tsx

[90mstdout[2m | src/test/executor-extended.test.ts[2m > [22m[2mExecutor - Multiple Steps[2m > [22m[2mshould handle mixed step types
[22m[39m[Executor] Using workspace from plan: "test-workspace" at /test/workspace

[90mstdout[2m | src/test/executor-extended.test.ts[2m > [22m[2mExecutor - Multiple Steps[2m > [22m[2mshould handle mixed step types
[22m[39m[Executor] Starting step 1: action=write, description=Write utils

[90mstderr[2m | src/test/executor-extended.test.ts[2m > [22m[2mExecutor - Multiple Steps[2m > [22m[2mshould handle mixed step types
[22m[39m[Executor] Terminal failure at step 2: GREENFIELD_VIOLATION: Cannot READ from "src/utils.ts" in empty workspace. First step must WRITE or INIT files. Are you missing a WRITE step?

[90mstdout[2m | src/test/executor-extended.test.ts[2m > [22m[2mExecutor - Multiple Steps[2m > [22m[2mshould stop on critical error mid-execution
[22m[39m[Executor] Using workspace from plan: "test-workspace" at /test/workspace

[90mstdout[2m | src/test/executor-extended.test.ts[2m > [22m[2mExecutor - Multiple Steps[2m > [22m[2mshould stop on critical error mid-execution
[22m[39m[Executor] Starting step 1: action=write, description=Write file 1

[90mstdout[2m | src/test/executor-extended.test.ts[2m > [22m[2mExecutor - Multiple Steps[2m > [22m[2mshould stop on critical error mid-execution
[22m[39m[Executor] Starting step 2: action=write, description=Write file 2
[Executor] Γä╣∩╕Å No stored contracts found, extracting dynamically...

[90mstdout[2m | src/test/executor-extended.test.ts[2m > [22m[2mExecutor - Multiple Steps[2m > [22m[2mshould stop on critical error mid-execution
[22m[39m[Executor] Γä╣∩╕Å Injecting multi-step context: 1 file contract(s), 1 import(s)

[90mstdout[2m | src/test/executor-extended.test.ts[2m > [22m[2mExecutor - Multiple Steps[2m > [22m[2mshould stop on critical error mid-execution
[22m[39m[Executor] Γ£à Stored previous step file for validator: src/file1.ts

[90mstdout[2m | src/test/executor-extended.test.ts[2m > [22m[2mExecutor - Multiple Steps[2m > [22m[2mshould stop on critical error mid-execution
[22m[39m[Executor] Γä╣∩╕Å No stored contracts found, extracting dynamically...

[90mstdout[2m | src/test/executor-extended.test.ts[2m > [22m[2mExecutor - Multiple Steps[2m > [22m[2mshould stop on critical error mid-execution
[22m[39m[Executor] Γä╣∩╕Å Injecting multi-step context: 1 file contract(s), 1 import(s)

[90mstdout[2m | src/test/executor-extended.test.ts[2m > [22m[2mExecutor - Multiple Steps[2m > [22m[2mshould stop on critical error mid-execution
[22m[39m[Executor] Γ£à Stored previous step file for validator: src/file1.ts

[90mstdout[2m | src/test/executor-extended.test.ts[2m > [22m[2mExecutor - Execution Result[2m > [22m[2mshould return ExecutionResult with success status
[22m[39m[Executor] Using workspace from plan: "test-workspace" at /test/workspace

[90mstdout[2m | src/test/executor-extended.test.ts[2m > [22m[2mExecutor - Execution Result[2m > [22m[2mshould return ExecutionResult with success status
[22m[39m[Executor] Starting step 1: action=write, description=Write test

[90mstdout[2m | src/test/executor-extended.test.ts[2m > [22m[2mExecutor - Execution Result[2m > [22m[2mshould include timing information
[22m[39m[Executor] Using workspace from plan: "test-workspace" at /test/workspace

[90mstdout[2m | src/test/executor-extended.test.ts[2m > [22m[2mExecutor - Execution Result[2m > [22m[2mshould include timing information
[22m[39m[Executor] Starting step 1: action=write, description=Write test

[90mstdout[2m | src/test/executor-extended.test.ts[2m > [22m[2mExecutor - Execution Result[2m > [22m[2mshould provide error message on failure
[22m[39m[Executor] Using workspace from plan: "test-workspace" at /test/workspace

[90mstdout[2m | src/test/executor-extended.test.ts[2m > [22m[2mExecutor - Execution Result[2m > [22m[2mshould provide error message on failure
[22m[39m[Executor] Starting step 1: action=write, description=Write test

[90mstdout[2m | src/test/executor-coverage-extension.test.ts[2m > [22m[2mExecutor - Coverage Extension[2m > [22m[2mPath Sanitization[2m > [22m[2mshould handle absolute paths by converting to relative
[22m[39m[Executor] Starting step 1: action=write, description=Test step

[90mstdout[2m | src/test/executor-coverage-extension.test.ts[2m > [22m[2mExecutor - Coverage Extension[2m > [22m[2mPath Sanitization[2m > [22m[2mshould strip markdown code fence artifacts
[22m[39m[Executor] No workspace in plan, using default: /workspace

[90mstdout[2m | src/test/executor-coverage-extension.test.ts[2m > [22m[2mExecutor - Coverage Extension[2m > [22m[2mPath Sanitization[2m > [22m[2mshould strip markdown code fence artifacts
[22m[39m[Executor] Starting step 1: action=read, description=Test step
[Executor.executeRead] Step details: {
  stepId: [33m1[39m,
  action: [32m'read'[39m,
  path: [32m'src/file.ts'[39m,
  targetFile: [90mundefined[39m,
  command: [90mundefined[39m,
  description: [32m'Test step'[39m
}

[90mstdout[2m | src/test/executor-coverage-extension.test.ts[2m > [22m[2mExecutor - Coverage Extension[2m > [22m[2mStep Validation & Contract Checking[2m > [22m[2mshould validate required action types
[22m[39m[Executor] No workspace in plan, using default: /workspace

[90mstdout[2m | src/test/executor-coverage-extension.test.ts[2m > [22m[2mExecutor - Coverage Extension[2m > [22m[2mStep Validation & Contract Checking[2m > [22m[2mshould validate required action types
[22m[39m[Executor] Starting step 1: action=write, description=Test step

[90mstdout[2m | src/test/executor-extended.test.ts[2m > [22m[2mExecutor - Execution Result[2m > [22m[2mshould provide error message on failure
[22m[39m[Executor] Starting step 1: action=write, description=Write test

[90mstdout[2m | src/test/executor-coverage-extension.test.ts[2m > [22m[2mExecutor - Coverage Extension[2m > [22m[2mStep Validation & Contract Checking[2m > [22m[2mshould validate required action types
[22m[39m[Executor] Starting step 1: action=write, description=Test step

[90mstdout[2m | src/test/executor-extended.test.ts[2m > [22m[2mExecutor - Execution Result[2m > [22m[2mshould provide error message on failure
[22m[39m[Executor] Starting step 1: action=write, description=Write test

[90mstdout[2m | src/test/executor-extended.test.ts[2m > [22m[2mExecutor - Execution Result[2m > [22m[2mshould map step results correctly
[22m[39m[Executor] Using workspace from plan: "test-workspace" at /test/workspace

[90mstdout[2m | src/test/executor-extended.test.ts[2m > [22m[2mExecutor - Execution Result[2m > [22m[2mshould map step results correctly
[22m[39m[Executor] Starting step 1: action=write, description=Write test

 [32mΓ£ô[39m src/test/executor-extended.test.ts [2m([22m[2m32 tests[22m[2m)[22m[33m 8101[2mms[22m[39m
     [33m[2mΓ£ô[22m[39m should set plan status to failed on execution error [33m 2026[2mms[22m[39m
     [33m[2mΓ£ô[22m[39m should handle file write errors gracefully [33m 2014[2mms[22m[39m
     [33m[2mΓ£ô[22m[39m should handle LLM client errors [33m 2019[2mms[22m[39m
     [33m[2mΓ£ô[22m[39m should provide error message on failure [33m 2015[2mms[22m[39m
[90mstdout[2m | src/test/executor-coverage-extension.test.ts[2m > [22m[2mExecutor - Coverage Extension[2m > [22m[2mStep Validation & Contract Checking[2m > [22m[2mshould validate required action types
[22m[39m[Executor] Starting step 1: action=write, description=Test step

[90mstdout[2m | src/test/executor-coverage-extension.test.ts[2m > [22m[2mExecutor - Coverage Extension[2m > [22m[2mStep Validation & Contract Checking[2m > [22m[2mshould detect missing path in write steps
[22m[39m[Executor] No workspace in plan, using default: /workspace

[90mstderr[2m | src/test/executor-coverage-extension.test.ts[2m > [22m[2mExecutor - Coverage Extension[2m > [22m[2mStep Validation & Contract Checking[2m > [22m[2mshould detect missing path in 
write steps
[22m[39m[Executor] Terminal failure at step 1: CONTRACT_VIOLATION: Action 'write' requires a valid file path, but none was provided. Step: "Test step"

[90mstdout[2m | src/test/executor-coverage-extension.test.ts[2m > [22m[2mExecutor - Coverage Extension[2m > [22m[2mStep Validation & Contract Checking[2m > [22m[2mshould detect missing content in write steps
[22m[39m[Executor] No workspace in plan, using default: /workspace

[90mstdout[2m | src/test/executor-coverage-extension.test.ts[2m > [22m[2mExecutor - Coverage Extension[2m > [22m[2mStep Validation & Contract Checking[2m > [22m[2mshould detect missing content in write steps
[22m[39m[Executor] Starting step 1: action=write, description=Test step

[90mstdout[2m | src/test/executor-coverage-extension.test.ts[2m > [22m[2mExecutor - Coverage Extension[2m > [22m[2mStep Validation & Contract Checking[2m > [22m[2mshould detect missing content in write steps
[22m[39m[Executor] Starting step 1: action=write, description=Test step

[90mstdout[2m | src/test/executor-coverage-extension.test.ts[2m > [22m[2mExecutor - Coverage Extension[2m > [22m[2mStep Validation & Contract Checking[2m > [22m[2mshould detect missing content in write steps
[22m[39m[Executor] Starting step 1: action=write, description=Test step

[90mstdout[2m | src/test/executor-coverage-extension.test.ts[2m > [22m[2mExecutor - Coverage Extension[2m > [22m[2mStep Validation & Contract Checking[2m > [22m[2mshould validate read actions have path
[22m[39m[Executor] No workspace in plan, using default: /workspace

[90mstdout[2m | src/test/executor-coverage-extension.test.ts[2m > [22m[2mExecutor - Coverage Extension[2m > [22m[2mStep Validation & Contract Checking[2m > [22m[2mshould validate read actions have path
[22m[39m[Executor] Starting step 1: action=read, description=Test step
[Executor.executeRead] Step details: {
  stepId: [33m1[39m,
  action: [32m'read'[39m,
  path: [32m'src/existing.ts'[39m,
  targetFile: [90mundefined[39m,
  command: [90mundefined[39m,
  description: [32m'Test step'[39m
}

[90mstdout[2m | src/test/executor-coverage-extension.test.ts[2m > [22m[2mExecutor - Coverage Extension[2m > [22m[2mStep Validation & Contract Checking[2m > [22m[2mshould validate delete actions have path
[22m[39m[Executor] No workspace in plan, using default: /workspace

[90mstdout[2m | src/test/executor-coverage-extension.test.ts[2m > [22m[2mExecutor - Coverage Extension[2m > [22m[2mStep Validation & Contract Checking[2m > [22m[2mshould validate delete actions have path
[22m[39m[Executor] Starting step 1: action=delete, description=Test step

[90mstdout[2m | src/test/executor-coverage-extension.test.ts[2m > [22m[2mExecutor - Coverage Extension[2m > [22m[2mStep Validation & Contract Checking[2m > [22m[2mshould validate delete actions have path
[22m[39m[Executor] Starting step 1: action=delete, description=Test step

[90mstdout[2m | src/test/executor-coverage-extension.test.ts[2m > [22m[2mExecutor - Coverage Extension[2m > [22m[2mStep Validation & Contract Checking[2m > [22m[2mshould validate delete actions have path
[22m[39m[Executor] Starting step 1: action=delete, description=Test step

[90mstdout[2m | src/test/executor-coverage-extension.test.ts[2m > [22m[2mExecutor - Coverage Extension[2m > [22m[2mDependency Management[2m > [22m[2mshould validate dependencies before execution
[22m[39m[Executor] No workspace in plan, using default: /workspace

[90mstdout[2m | src/test/executor-coverage-extension.test.ts[2m > [22m[2mExecutor - Coverage Extension[2m > [22m[2mDependency Management[2m > [22m[2mshould validate dependencies before execution
[22m[39m[Executor] Starting step 1: action=write, description=Create config

[90mstdout[2m | src/test/executor-coverage-extension.test.ts[2m > [22m[2mExecutor - Coverage Extension[2m > [22m[2mDependency Management[2m > [22m[2mshould validate dependencies before execution
[22m[39m[Executor] Starting step 1: action=write, description=Create config

[90mstdout[2m | src/test/executor-coverage-extension.test.ts[2m > [22m[2mExecutor - Coverage Extension[2m > [22m[2mDependency Management[2m > [22m[2mshould validate dependencies before execution
[22m[39m[Executor] Starting step 1: action=write, description=Create config

[90mstdout[2m | src/test/executor-coverage-extension.test.ts[2m > [22m[2mExecutor - Coverage Extension[2m > [22m[2mDependency Management[2m > [22m[2mshould detect circular dependencies
[22m[39m[Executor] No workspace in plan, using default: /workspace

[90mstderr[2m | src/test/executor-coverage-extension.test.ts[2m > [22m[2mExecutor - Coverage Extension[2m > [22m[2mDependency Management[2m > [22m[2mshould detect circular dependencies
[22m[39m[Executor] Terminal failure at step 1: DEPENDENCY_VIOLATION: Step "step_1" depends on "step_2" which hasn't been completed yet. Steps must be executed in dependency order. Check that all 
dependencies are satisfied before this step.

[90mstdout[2m | src/test/executor-coverage-extension.test.ts[2m > [22m[2mExecutor - Coverage Extension[2m > [22m[2mDependency Management[2m > [22m[2mshould handle missing dependencies
[22m[39m[Executor] No workspace in plan, using default: /workspace

[90mstderr[2m | src/test/executor-coverage-extension.test.ts[2m > [22m[2mExecutor - Coverage Extension[2m > [22m[2mDependency Management[2m > [22m[2mshould handle missing dependencies
[22m[39m[Executor] Terminal failure at step 1: DEPENDENCY_VIOLATION: Step "step_1" depends on "nonexistent_step" which hasn't been completed yet. Steps must be executed in dependency order. Check that 
all dependencies are satisfied before this step.

[90mstdout[2m | src/test/executor-coverage-extension.test.ts[2m > [22m[2mExecutor - Coverage Extension[2m > [22m[2mDependency Management[2m > [22m[2mshould track completed steps for dependency resolution
[22m[39m[Executor] No workspace in plan, using default: /workspace

[90mstdout[2m | src/test/executor-coverage-extension.test.ts[2m > [22m[2mExecutor - Coverage Extension[2m > [22m[2mDependency Management[2m > [22m[2mshould track completed steps for dependency resolution
[22m[39m[Executor] Starting step 1: action=write, description=Create config

[90mstdout[2m | src/test/executor-coverage-extension.test.ts[2m > [22m[2mExecutor - Coverage Extension[2m > [22m[2mDependency Management[2m > [22m[2mshould track completed steps for dependency resolution
[22m[39m[Executor] Starting step 1: action=write, description=Create config

[90mstdout[2m | src/test/executor-coverage-extension.test.ts[2m > [22m[2mExecutor - Coverage Extension[2m > [22m[2mDependency Management[2m > [22m[2mshould track completed steps for dependency resolution
[22m[39m[Executor] Starting step 1: action=write, description=Create config

[90mstdout[2m | src/test/executor-coverage-extension.test.ts[2m > [22m[2mExecutor - Coverage Extension[2m > [22m[2mFile Contract Extraction[2m > [22m[2mshould extract Zustand store contracts
[22m[39m[Executor] No workspace in plan, using default: /workspace

[90mstdout[2m | src/test/executor-coverage-extension.test.ts[2m > [22m[2mExecutor - Coverage Extension[2m > [22m[2mFile Contract Extraction[2m > [22m[2mshould extract Zustand store contracts
[22m[39m[Executor] Starting step 1: action=write, description=Test step

[90mstdout[2m | src/test/executor-coverage-extension.test.ts[2m > [22m[2mExecutor - Coverage Extension[2m > [22m[2mFile Contract Extraction[2m > [22m[2mshould extract Zustand store contracts
[22m[39m[Executor] Starting step 1: action=write, description=Test step

[90mstdout[2m | src/test/executor-coverage-extension.test.ts[2m > [22m[2mExecutor - Coverage Extension[2m > [22m[2mFile Contract Extraction[2m > [22m[2mshould extract Zustand store contracts
[22m[39m[Executor] Starting step 1: action=write, description=Test step

[90mstdout[2m | src/test/executor-coverage-extension.test.ts[2m > [22m[2mExecutor - Coverage Extension[2m > [22m[2mFile Contract Extraction[2m > [22m[2mshould extract React component contracts
[22m[39m[Executor] No workspace in plan, using default: /workspace

[90mstdout[2m | src/test/executor-coverage-extension.test.ts[2m > [22m[2mExecutor - Coverage Extension[2m > [22m[2mFile Contract Extraction[2m > [22m[2mshould extract React component contracts
[22m[39m[Executor] Starting step 1: action=write, description=Test step
[Executor] Γ£à Injecting required React imports for Button.tsx

[90mstdout[2m | src/test/executor-coverage-extension.test.ts[2m > [22m[2mExecutor - Coverage Extension[2m > [22m[2mFile Contract Extraction[2m > [22m[2mshould extract React component contracts
[22m[39m[Executor] Starting step 1: action=write, description=Test step
[Executor] Γ£à Injecting required React imports for Button.tsx

[90mstdout[2m | src/test/executor-coverage-extension.test.ts[2m > [22m[2mExecutor - Coverage Extension[2m > [22m[2mFile Contract Extraction[2m > [22m[2mshould extract React component contracts
[22m[39m[Executor] Starting step 1: action=write, description=Test step
[Executor] Γ£à Injecting required React imports for Button.tsx

[90mstdout[2m | src/test/executor-coverage-extension.test.ts[2m > [22m[2mExecutor - Coverage Extension[2m > [22m[2mFile Contract Extraction[2m > [22m[2mshould extract utility function contracts
[22m[39m[Executor] No workspace in plan, using default: /workspace

[90mstdout[2m | src/test/executor-coverage-extension.test.ts[2m > [22m[2mExecutor - Coverage Extension[2m > [22m[2mFile Contract Extraction[2m > [22m[2mshould extract utility function contracts
[22m[39m[Executor] Starting step 1: action=write, description=Test step

[90mstdout[2m | src/test/executor-coverage-extension.test.ts[2m > [22m[2mExecutor - Coverage Extension[2m > [22m[2mFile Contract Extraction[2m > [22m[2mshould extract utility function contracts
[22m[39m[Executor] Starting step 1: action=write, description=Test step

[90mstdout[2m | src/test/executor-coverage-extension.test.ts[2m > [22m[2mExecutor - Coverage Extension[2m > [22m[2mFile Contract Extraction[2m > [22m[2mshould extract utility function contracts
[22m[39m[Executor] Starting step 1: action=write, description=Test step

[90mstdout[2m | src/test/executor-coverage-extension.test.ts[2m > [22m[2mExecutor - Coverage Extension[2m > [22m[2mFile Contract Extraction[2m > [22m[2mshould handle extraction from non-standard files
[22m[39m[Executor] No workspace in plan, using default: /workspace

[90mstdout[2m | src/test/executor-coverage-extension.test.ts[2m > [22m[2mExecutor - Coverage Extension[2m > [22m[2mFile Contract Extraction[2m > [22m[2mshould handle extraction from non-standard files
[22m[39m[Executor] Starting step 1: action=write, description=Test step
[Executor] Detected risky write to: src/config.json
[Executor] onQuestion callback exists: false

[90mstdout[2m | src/test/executor-coverage-extension.test.ts[2m > [22m[2mExecutor - Coverage Extension[2m > [22m[2mFile Contract Extraction[2m > [22m[2mshould handle extraction from non-standard files
[22m[39m[Executor] User answered for write: undefined

[90mstdout[2m | src/test/executor-coverage-extension.test.ts[2m > [22m[2mExecutor - Coverage Extension[2m > [22m[2mFile Contract Extraction[2m > [22m[2mshould handle extraction from non-standard files
[22m[39m[Executor] Starting step 1: action=write, description=Test step
[Executor] Detected risky write to: src/config.json
[Executor] onQuestion callback exists: false

[90mstdout[2m | src/test/executor-coverage-extension.test.ts[2m > [22m[2mExecutor - Coverage Extension[2m > [22m[2mFile Contract Extraction[2m > [22m[2mshould handle extraction from non-standard files
[22m[39m[Executor] User answered for write: undefined

[90mstdout[2m | src/test/executor-coverage-extension.test.ts[2m > [22m[2mExecutor - Coverage Extension[2m > [22m[2mFile Contract Extraction[2m > [22m[2mshould handle extraction from non-standard files
[22m[39m[Executor] Starting step 1: action=write, description=Test step
[Executor] Detected risky write to: src/config.json
[Executor] onQuestion callback exists: false

[90mstdout[2m | src/test/executor-coverage-extension.test.ts[2m > [22m[2mExecutor - Coverage Extension[2m > [22m[2mFile Contract Extraction[2m > [22m[2mshould handle extraction from non-standard files
[22m[39m[Executor] User answered for write: undefined

[90mstdout[2m | src/test/executor-coverage-extension.test.ts[2m > [22m[2mExecutor - Coverage Extension[2m > [22m[2mStep Reordering & Dependencies[2m > [22m[2mshould reorder steps based on imports
[22m[39m[Executor] No workspace in plan, using default: /workspace

[90mstdout[2m | src/test/executor-coverage-extension.test.ts[2m > [22m[2mExecutor - Coverage Extension[2m > [22m[2mStep Reordering & Dependencies[2m > [22m[2mshould reorder steps based on imports
[22m[39m[Executor] Starting step 1: action=write, description=Test step
[Executor] Γ£à Injecting required React imports for Button.tsx

[90mstdout[2m | src/test/executor-coverage-extension.test.ts[2m > [22m[2mExecutor - Coverage Extension[2m > [22m[2mStep Reordering & Dependencies[2m > [22m[2mshould reorder steps based on imports
[22m[39m[Executor] Starting step 1: action=write, description=Test step
[Executor] Γ£à Injecting required React imports for Button.tsx

[90mstdout[2m | src/test/executor-coverage-extension.test.ts[2m > [22m[2mExecutor - Coverage Extension[2m > [22m[2mStep Reordering & Dependencies[2m > [22m[2mshould reorder steps based on imports
[22m[39m[Executor] Starting step 1: action=write, description=Test step
[Executor] Γ£à Injecting required React imports for Button.tsx

[90mstdout[2m | src/test/executor-coverage-extension.test.ts[2m > [22m[2mExecutor - Coverage Extension[2m > [22m[2mStep Reordering & Dependencies[2m > [22m[2mshould handle circular import detection
[22m[39m[Executor] No workspace in plan, using default: /workspace

[90mstdout[2m | src/test/executor-coverage-extension.test.ts[2m > [22m[2mExecutor - Coverage Extension[2m > [22m[2mStep Reordering & Dependencies[2m > [22m[2mshould handle circular import detection
[22m[39m[Executor] Starting step 1: action=write, description=Test step

[90mstdout[2m | src/test/executor-coverage-extension.test.ts[2m > [22m[2mExecutor - Coverage Extension[2m > [22m[2mStep Reordering & Dependencies[2m > [22m[2mshould handle circular import detection
[22m[39m[Executor] Starting step 1: action=write, description=Test step

[90mstdout[2m | src/test/executor-coverage-extension.test.ts[2m > [22m[2mExecutor - Coverage Extension[2m > [22m[2mStep Reordering & Dependencies[2m > [22m[2mshould handle circular import detection
[22m[39m[Executor] Starting step 1: action=write, description=Test step

[90mstdout[2m | src/test/executor-coverage-extension.test.ts[2m > [22m[2mExecutor - Coverage Extension[2m > [22m[2mStep Reordering & Dependencies[2m > [22m[2mshould preserve step order when no dependencies
[22m[39m[Executor] No workspace in plan, using default: /workspace

[90mstdout[2m | src/test/executor-coverage-extension.test.ts[2m > [22m[2mExecutor - Coverage Extension[2m > [22m[2mStep Reordering & Dependencies[2m > [22m[2mshould preserve step order when no dependencies
[22m[39m[Executor] Starting step 1: action=write, description=Step 1

[90mstdout[2m | src/test/executor-coverage-extension.test.ts[2m > [22m[2mExecutor - Coverage Extension[2m > [22m[2mStep Reordering & Dependencies[2m > [22m[2mshould preserve step order when no dependencies
[22m[39m[Executor] Starting step 1: action=write, description=Step 1

[90mstdout[2m | src/test/executor-coverage-extension.test.ts[2m > [22m[2mExecutor - Coverage Extension[2m > [22m[2mStep Reordering & Dependencies[2m > [22m[2mshould preserve step order when no dependencies
[22m[39m[Executor] Starting step 1: action=write, description=Step 1

[90mstdout[2m | src/test/executor-coverage-extension.test.ts[2m > [22m[2mExecutor - Coverage Extension[2m > [22m[2mWorkspace Context Integration[2m > [22m[2mshould use workspace from plan context
[22m[39m[Executor] Using workspace from plan: "CustomProject" at /custom/workspace

[90mstdout[2m | src/test/executor-coverage-extension.test.ts[2m > [22m[2mExecutor - Coverage Extension[2m > [22m[2mWorkspace Context Integration[2m > [22m[2mshould use workspace from plan context
[22m[39m[Executor] Starting step 1: action=write, description=Test step

[90mstdout[2m | src/test/executor-coverage-extension.test.ts[2m > [22m[2mExecutor - Coverage Extension[2m > [22m[2mWorkspace Context Integration[2m > [22m[2mshould use workspace from plan context
[22m[39m[Executor] Starting step 1: action=write, description=Test step

[90mstdout[2m | src/test/executor-coverage-extension.test.ts[2m > [22m[2mExecutor - Coverage Extension[2m > [22m[2mWorkspace Context Integration[2m > [22m[2mshould use workspace from plan context
[22m[39m[Executor] Starting step 1: action=write, description=Test step

[90mstdout[2m | src/test/executor-coverage-extension.test.ts[2m > [22m[2mExecutor - Coverage Extension[2m > [22m[2mWorkspace Context Integration[2m > [22m[2mshould fall back to config workspace when plan has none
[22m[39m[Executor] No workspace in plan, using default: /workspace

[90mstdout[2m | src/test/executor-coverage-extension.test.ts[2m > [22m[2mExecutor - Coverage Extension[2m > [22m[2mWorkspace Context Integration[2m > [22m[2mshould fall back to config workspace when plan has none
[22m[39m[Executor] Starting step 1: action=write, description=Test step

[90mstdout[2m | src/test/executor-coverage-extension.test.ts[2m > [22m[2mExecutor - Coverage Extension[2m > [22m[2mWorkspace Context Integration[2m > [22m[2mshould fall back to config workspace when plan has none
[22m[39m[Executor] Starting step 1: action=write, description=Test step

[90mstdout[2m | src/test/executor-coverage-extension.test.ts[2m > [22m[2mExecutor - Coverage Extension[2m > [22m[2mWorkspace Context Integration[2m > [22m[2mshould fall back to config workspace when plan has none
[22m[39m[Executor] Starting step 1: action=write, description=Test step

[90mstdout[2m | src/test/executor-coverage-extension.test.ts[2m > [22m[2mExecutor - Coverage Extension[2m > [22m[2mWorkspace Context Integration[2m > [22m[2mshould handle greenfield workspace (empty)
[22m[39m[Executor] No workspace in plan, using default: /workspace

[90mstdout[2m | src/test/executor-coverage-extension.test.ts[2m > [22m[2mExecutor - Coverage Extension[2m > [22m[2mWorkspace Context Integration[2m > [22m[2mshould handle greenfield workspace (empty)
[22m[39m[Executor] Starting step 1: action=read, description=Test step
[Executor.executeRead] Step details: {
  stepId: [33m1[39m,
  action: [32m'read'[39m,
  path: [32m'src/test.ts'[39m,
  targetFile: [90mundefined[39m,
  command: [90mundefined[39m,
  description: [32m'Test step'[39m
}

[90mstdout[2m | src/test/executor-coverage-extension.test.ts[2m > [22m[2mExecutor - Coverage Extension[2m > [22m[2mWorkspace Context Integration[2m > [22m[2mshould detect existing workspace files
[22m[39m[Executor] No workspace in plan, using default: /workspace

[90mstdout[2m | src/test/executor-coverage-extension.test.ts[2m > [22m[2mExecutor - Coverage Extension[2m > [22m[2mWorkspace Context Integration[2m > [22m[2mshould detect existing workspace files
[22m[39m[Executor] Starting step 1: action=read, description=Test step
[Executor.executeRead] Step details: {
  stepId: [33m1[39m,
  action: [32m'read'[39m,
  path: [32m'src/existing.ts'[39m,
  targetFile: [90mundefined[39m,
  command: [90mundefined[39m,
  description: [32m'Test step'[39m
}

[90mstdout[2m | src/test/executor-coverage-extension.test.ts[2m > [22m[2mExecutor - Coverage Extension[2m > [22m[2mPlan Status Management[2m > [22m[2mshould set plan status to executing
[22m[39m[Executor] No workspace in plan, using default: /workspace

[90mstdout[2m | src/test/executor-coverage-extension.test.ts[2m > [22m[2mExecutor - Coverage Extension[2m > [22m[2mPlan Status Management[2m > [22m[2mshould set plan status to executing
[22m[39m[Executor] Starting step 1: action=write, description=Test step

[90mstdout[2m | src/test/executor-coverage-extension.test.ts[2m > [22m[2mExecutor - Coverage Extension[2m > [22m[2mPlan Status Management[2m > [22m[2mshould set plan status to executing
[22m[39m[Executor] Starting step 1: action=write, description=Test step

[90mstdout[2m | src/test/executor-coverage-extension.test.ts[2m > [22m[2mExecutor - Coverage Extension[2m > [22m[2mPlan Status Management[2m > [22m[2mshould set plan status to executing
[22m[39m[Executor] Starting step 1: action=write, description=Test step

[90mstdout[2m | src/test/executor-coverage-extension.test.ts[2m > [22m[2mExecutor - Coverage Extension[2m > [22m[2mPlan Status Management[2m > [22m[2mshould set plan status to completed on success
[22m[39m[Executor] No workspace in plan, using default: /workspace

[90mstdout[2m | src/test/executor-coverage-extension.test.ts[2m > [22m[2mExecutor - Coverage Extension[2m > [22m[2mPlan Status Management[2m > [22m[2mshould set plan status to completed on success
[22m[39m[Executor] Starting step 1: action=write, description=Test step

[90mstdout[2m | src/test/executor-coverage-extension.test.ts[2m > [22m[2mExecutor - Coverage Extension[2m > [22m[2mPlan Status Management[2m > [22m[2mshould set plan status to completed on success
[22m[39m[Executor] Starting step 1: action=write, description=Test step

[90mstdout[2m | src/test/executor-coverage-extension.test.ts[2m > [22m[2mExecutor - Coverage Extension[2m > [22m[2mPlan Status Management[2m > [22m[2mshould set plan status to completed on success
[22m[39m[Executor] Starting step 1: action=write, description=Test step

[90mstdout[2m | src/test/executor-coverage-extension.test.ts[2m > [22m[2mExecutor - Coverage Extension[2m > [22m[2mPlan Status Management[2m > [22m[2mshould set plan status to failed on error
[22m[39m[Executor] No workspace in plan, using default: /workspace

[90mstderr[2m | src/test/executor-coverage-extension.test.ts[2m > [22m[2mExecutor - Coverage Extension[2m > [22m[2mPlan Status Management[2m > [22m[2mshould set plan status to failed on error
[22m[39m[Executor] Terminal failure at step 1: CONTRACT_VIOLATION: Action 'write' requires a valid file path, but none was provided. Step: "Test step"

[90mstdout[2m | src/test/executor-coverage-extension.test.ts[2m > [22m[2mExecutor - Coverage Extension[2m > [22m[2mResults Tracking[2m > [22m[2mshould initialize results map if missing
[22m[39m[Executor] No workspace in plan, using default: /workspace

[90mstdout[2m | src/test/executor-coverage-extension.test.ts[2m > [22m[2mExecutor - Coverage Extension[2m > [22m[2mResults Tracking[2m > [22m[2mshould initialize results map if missing
[22m[39m[Executor] Starting step 1: action=write, description=Test step

[90mstdout[2m | src/test/executor-coverage-extension.test.ts[2m > [22m[2mExecutor - Coverage Extension[2m > [22m[2mResults Tracking[2m > [22m[2mshould initialize results map if missing
[22m[39m[Executor] Starting step 1: action=write, description=Test step

[90mstdout[2m | src/test/executor-coverage-extension.test.ts[2m > [22m[2mExecutor - Coverage Extension[2m > [22m[2mResults Tracking[2m > [22m[2mshould initialize results map if missing
[22m[39m[Executor] Starting step 1: action=write, description=Test step

[90mstdout[2m | src/test/executor-coverage-extension.test.ts[2m > [22m[2mExecutor - Coverage Extension[2m > [22m[2mResults Tracking[2m > [22m[2mshould track step results with step IDs
[22m[39m[Executor] No workspace in plan, using default: /workspace

[90mstdout[2m | src/test/executor-coverage-extension.test.ts[2m > [22m[2mExecutor - Coverage Extension[2m > [22m[2mResults Tracking[2m > [22m[2mshould track step results with step IDs
[22m[39m[Executor] Starting step 1: action=write, description=Step 1

[90mstdout[2m | src/test/executor-coverage-extension.test.ts[2m > [22m[2mExecutor - Coverage Extension[2m > [22m[2mResults Tracking[2m > [22m[2mshould track step results with step IDs
[22m[39m[Executor] Starting step 1: action=write, description=Step 1

[90mstdout[2m | src/test/executor-coverage-extension.test.ts[2m > [22m[2mExecutor - Coverage Extension[2m > [22m[2mResults Tracking[2m > [22m[2mshould track step results with step IDs
[22m[39m[Executor] Starting step 1: action=write, description=Step 1

[90mstdout[2m | src/test/executor-coverage-extension.test.ts[2m > [22m[2mExecutor - Coverage Extension[2m > [22m[2mResults Tracking[2m > [22m[2mshould include step output in results
[22m[39m[Executor] No workspace in plan, using default: /workspace

[90mstdout[2m | src/test/executor-coverage-extension.test.ts[2m > [22m[2mExecutor - Coverage Extension[2m > [22m[2mResults Tracking[2m > [22m[2mshould include step output in results
[22m[39m[Executor] Starting step 1: action=read, description=Test step
[Executor.executeRead] Step details: {
  stepId: [33m1[39m,
  action: [32m'read'[39m,
  path: [32m'src/file.ts'[39m,
  targetFile: [90mundefined[39m,
  command: [90mundefined[39m,
  description: [32m'Test step'[39m
}

[90mstdout[2m | src/test/executor-coverage-extension.test.ts[2m > [22m[2mExecutor - Coverage Extension[2m > [22m[2mResults Tracking[2m > [22m[2mshould track total duration
[22m[39m[Executor] No workspace in plan, using default: /workspace

[90mstdout[2m | src/test/executor-coverage-extension.test.ts[2m > [22m[2mExecutor - Coverage Extension[2m > [22m[2mResults Tracking[2m > [22m[2mshould track total duration
[22m[39m[Executor] Starting step 1: action=write, description=Test step

[90mstdout[2m | src/test/executor-coverage-extension.test.ts[2m > [22m[2mExecutor - Coverage Extension[2m > [22m[2mResults Tracking[2m > [22m[2mshould track total duration
[22m[39m[Executor] Starting step 1: action=write, description=Test step

[90mstdout[2m | src/test/executor-coverage-extension.test.ts[2m > [22m[2mExecutor - Coverage Extension[2m > [22m[2mResults Tracking[2m > [22m[2mshould track total duration
[22m[39m[Executor] Starting step 1: action=write, description=Test step

[90mstdout[2m | src/test/executor-coverage-extension.test.ts[2m > [22m[2mExecutor - Coverage Extension[2m > [22m[2mResults Tracking[2m > [22m[2mshould track completed step count
[22m[39m[Executor] No workspace in plan, using default: /workspace

[90mstdout[2m | src/test/executor-coverage-extension.test.ts[2m > [22m[2mExecutor - Coverage Extension[2m > [22m[2mResults Tracking[2m > [22m[2mshould track completed step count
[22m[39m[Executor] Starting step 1: action=write, description=Step 1

[90mstdout[2m | src/test/executor-coverage-extension.test.ts[2m > [22m[2mExecutor - Coverage Extension[2m > [22m[2mResults Tracking[2m > [22m[2mshould track completed step count
[22m[39m[Executor] Starting step 1: action=write, description=Step 1

[90mstdout[2m | src/test/executor-coverage-extension.test.ts[2m > [22m[2mExecutor - Coverage Extension[2m > [22m[2mResults Tracking[2m > [22m[2mshould track completed step count
[22m[39m[Executor] Starting step 1: action=write, description=Step 1

[90mstdout[2m | src/test/executor-coverage-extension.test.ts[2m > [22m[2mExecutor - Coverage Extension[2m > [22m[2mLLM Context Management[2m > [22m[2mshould clear LLM history at start
[22m[39m[Executor] No workspace in plan, using default: /workspace

[90mstdout[2m | src/test/executor-coverage-extension.test.ts[2m > [22m[2mExecutor - Coverage Extension[2m > [22m[2mLLM Context Management[2m > [22m[2mshould clear LLM history at start
[22m[39m[Executor] Starting step 1: action=write, description=Test step

[90mstdout[2m | src/test/executor-coverage-extension.test.ts[2m > [22m[2mExecutor - Coverage Extension[2m > [22m[2mLLM Context Management[2m > [22m[2mshould clear LLM history at start
[22m[39m[Executor] Starting step 1: action=write, description=Test step

[90mstdout[2m | src/test/executor-coverage-extension.test.ts[2m > [22m[2mExecutor - Coverage Extension[2m > [22m[2mLLM Context Management[2m > [22m[2mshould clear LLM history at start
[22m[39m[Executor] Starting step 1: action=write, description=Test step

[90mstdout[2m | src/test/executor-coverage-extension.test.ts[2m > [22m[2mExecutor - Coverage Extension[2m > [22m[2mLLM Context Management[2m > [22m[2mshould maintain separate conversations per plan
[22m[39m[Executor] No workspace in plan, using default: /workspace

[90mstdout[2m | src/test/executor-coverage-extension.test.ts[2m > [22m[2mExecutor - Coverage Extension[2m > [22m[2mLLM Context Management[2m > [22m[2mshould maintain separate conversations per plan
[22m[39m[Executor] Starting step 1: action=write, description=Test step

[90mstdout[2m | src/test/executor-coverage-extension.test.ts[2m > [22m[2mExecutor - Coverage Extension[2m > [22m[2mLLM Context Management[2m > [22m[2mshould maintain separate conversations per plan
[22m[39m[Executor] Starting step 1: action=write, description=Test step

[90mstdout[2m | src/test/executor-coverage-extension.test.ts[2m > [22m[2mExecutor - Coverage Extension[2m > [22m[2mLLM Context Management[2m > [22m[2mshould maintain separate conversations per plan
[22m[39m[Executor] Starting step 1: action=write, description=Test step

[90mstdout[2m | src/test/executor-coverage-extension.test.ts[2m > [22m[2mExecutor - Coverage Extension[2m > [22m[2mLLM Context Management[2m > [22m[2mshould maintain separate conversations per plan
[22m[39m[Executor] No workspace in plan, using default: /workspace

[90mstdout[2m | src/test/executor-coverage-extension.test.ts[2m > [22m[2mExecutor - Coverage Extension[2m > [22m[2mLLM Context Management[2m > [22m[2mshould maintain separate conversations per plan
[22m[39m[Executor] Starting step 1: action=write, description=Test step

[90mstdout[2m | src/test/executor-coverage-extension.test.ts[2m > [22m[2mExecutor - Coverage Extension[2m > [22m[2mLLM Context Management[2m > [22m[2mshould maintain separate conversations per plan
[22m[39m[Executor] Starting step 1: action=write, description=Test step

[90mstdout[2m | src/test/executor-coverage-extension.test.ts[2m > [22m[2mExecutor - Coverage Extension[2m > [22m[2mLLM Context Management[2m > [22m[2mshould maintain separate conversations per plan
[22m[39m[Executor] Starting step 1: action=write, description=Test step

[90mstdout[2m | src/test/executor-coverage-extension.test.ts[2m > [22m[2mExecutor - Coverage Extension[2m > [22m[2mError Recovery & Retry Logic[2m > [22m[2mshould retry failed steps up to maxRetries
[22m[39m[Executor] No workspace in plan, using default: /workspace

[90mstdout[2m | src/test/executor-coverage-extension.test.ts[2m > [22m[2mExecutor - Coverage Extension[2m > [22m[2mError Recovery & Retry Logic[2m > [22m[2mshould retry failed steps up to maxRetries
[22m[39m[Executor] Starting step 1: action=write, description=Test step

[90mstdout[2m | src/test/executor-coverage-extension.test.ts[2m > [22m[2mExecutor - Coverage Extension[2m > [22m[2mError Recovery & Retry Logic[2m > [22m[2mshould retry failed steps up to maxRetries
[22m[39m[Executor] Starting step 1: action=write, description=Test step

[90mstdout[2m | src/test/executor-coverage-extension.test.ts[2m > [22m[2mExecutor - Coverage Extension[2m > [22m[2mError Recovery & Retry Logic[2m > [22m[2mshould retry failed steps up to maxRetries
[22m[39m[Executor] Starting step 1: action=write, description=Test step

[90mstdout[2m | src/test/executor-coverage-extension.test.ts[2m > [22m[2mExecutor - Coverage Extension[2m > [22m[2mError Recovery & Retry Logic[2m > [22m[2mshould respect maxRetries configuration
[22m[39m[Executor] No workspace in plan, using default: /workspace

[90mstdout[2m | src/test/executor-coverage-extension.test.ts[2m > [22m[2mExecutor - Coverage Extension[2m > [22m[2mError Recovery & Retry Logic[2m > [22m[2mshould respect maxRetries configuration
[22m[39m[Executor] Starting step 1: action=write, description=Test step

[90mstdout[2m | src/test/executor-coverage-extension.test.ts[2m > [22m[2mExecutor - Coverage Extension[2m > [22m[2mError Recovery & Retry Logic[2m > [22m[2mshould respect maxRetries configuration
[22m[39m[Executor] Starting step 1: action=write, description=Test step

[90mstdout[2m | src/test/executor-coverage-extension.test.ts[2m > [22m[2mExecutor - Coverage Extension[2m > [22m[2mError Recovery & Retry Logic[2m > [22m[2mshould respect maxRetries configuration
[22m[39m[Executor] Starting step 1: action=write, description=Test step

[90mstdout[2m | src/test/executor-coverage-extension.test.ts[2m > [22m[2mExecutor - Coverage Extension[2m > [22m[2mError Recovery & Retry Logic[2m > [22m[2mshould provide meaningful error messages
[22m[39m[Executor] No workspace in plan, using default: /workspace

[90mstderr[2m | src/test/executor-coverage-extension.test.ts[2m > [22m[2mExecutor - Coverage Extension[2m > [22m[2mError Recovery & Retry Logic[2m > [22m[2mshould provide meaningful error 
messages
[22m[39m[Executor] Terminal failure at step 1: CONTRACT_VIOLATION: Action 'write' requires a valid file path, but none was provided. Step: "Test step"

[90mstdout[2m | src/test/executor-coverage-extension.test.ts[2m > [22m[2mExecutor - Coverage Extension[2m > [22m[2mEdge Cases & Robustness[2m > [22m[2mshould handle empty plan
[22m[39m[Executor] No workspace in plan, using default: /workspace

[90mstdout[2m | src/test/executor-coverage-extension.test.ts[2m > [22m[2mExecutor - Coverage Extension[2m > [22m[2mEdge Cases & Robustness[2m > [22m[2mshould handle very large step counts
[22m[39m[Executor] No workspace in plan, using default: /workspace

[90mstdout[2m | src/test/executor-coverage-extension.test.ts[2m > [22m[2mExecutor - Coverage Extension[2m > [22m[2mEdge Cases & Robustness[2m > [22m[2mshould handle very large step counts
[22m[39m[Executor] Starting step 1: action=write, description=Step 1

[90mstdout[2m | src/test/executor-coverage-extension.test.ts[2m > [22m[2mExecutor - Coverage Extension[2m > [22m[2mEdge Cases & Robustness[2m > [22m[2mshould handle very large step counts
[22m[39m[Executor] Starting step 1: action=write, description=Step 1

[90mstdout[2m | src/test/executor-coverage-extension.test.ts[2m > [22m[2mExecutor - Coverage Extension[2m > [22m[2mEdge Cases & Robustness[2m > [22m[2mshould handle very large step counts
[22m[39m[Executor] Starting step 1: action=write, description=Step 1

[90mstdout[2m | src/test/executor-coverage-extension.test.ts[2m > [22m[2mExecutor - Coverage Extension[2m > [22m[2mEdge Cases & Robustness[2m > [22m[2mshould handle deeply nested dependencies
[22m[39m[Executor] No workspace in plan, using default: /workspace

[90mstdout[2m | src/test/executor-coverage-extension.test.ts[2m > [22m[2mExecutor - Coverage Extension[2m > [22m[2mEdge Cases & Robustness[2m > [22m[2mshould handle deeply nested dependencies
[22m[39m[Executor] Starting step 1: action=write, description=Test step

[90mstdout[2m | src/test/executor-coverage-extension.test.ts[2m > [22m[2mExecutor - Coverage Extension[2m > [22m[2mEdge Cases & Robustness[2m > [22m[2mshould handle deeply nested dependencies
[22m[39m[Executor] Starting step 1: action=write, description=Test step

[90mstdout[2m | src/test/executor-coverage-extension.test.ts[2m > [22m[2mExecutor - Coverage Extension[2m > [22m[2mEdge Cases & Robustness[2m > [22m[2mshould handle deeply nested dependencies
[22m[39m[Executor] Starting step 1: action=write, description=Test step

[90mstdout[2m | src/test/executor-coverage-extension.test.ts[2m > [22m[2mExecutor - Coverage Extension[2m > [22m[2mEdge Cases & Robustness[2m > [22m[2mshould handle invalid step properties gracefully
[22m[39m[Executor] No workspace in plan, using default: /workspace

[90mstderr[2m | src/test/executor-coverage-extension.test.ts[2m > [22m[2mExecutor - Coverage Extension[2m > [22m[2mEdge Cases & Robustness[2m > [22m[2mshould handle invalid step properties 
gracefully
[22m[39m[Executor] Schema Violation for Step 1: Schema Violation: Action "" is not a valid executor action. Valid actions: read, write, run, delete, manual. Manager-level tasks (ANALYZE, REVIEW) must 
be performed in the Planner, not the Executor.

[90mstderr[2m | src/test/executor-coverage-extension.test.ts[2m > [22m[2mExecutor - Coverage Extension[2m > [22m[2mEdge Cases & Robustness[2m > [22m[2mshould handle invalid step properties 
gracefully
[22m[39m[Executor] Schema Violation for Step 1: Schema Violation: Action "" is not a valid executor action. Valid actions: read, write, run, delete, manual. Manager-level tasks (ANALYZE, REVIEW) must 
be performed in the Planner, not the Executor.

[90mstderr[2m | src/test/executor-coverage-extension.test.ts[2m > [22m[2mExecutor - Coverage Extension[2m > [22m[2mEdge Cases & Robustness[2m > [22m[2mshould handle invalid step properties 
gracefully
[22m[39m[Executor] Schema Violation for Step 1: Schema Violation: Action "" is not a valid executor action. Valid actions: read, write, run, delete, manual. Manager-level tasks (ANALYZE, REVIEW) must 
be performed in the Planner, not the Executor.

[90mstdout[2m | src/test/executor-coverage-extension.test.ts[2m > [22m[2mExecutor - Coverage Extension[2m > [22m[2mEdge Cases & Robustness[2m > [22m[2mshould handle timeout configuration
[22m[39m[Executor] No workspace in plan, using default: /workspace

[90mstdout[2m | src/test/executor-coverage-extension.test.ts[2m > [22m[2mExecutor - Coverage Extension[2m > [22m[2mEdge Cases & Robustness[2m > [22m[2mshould handle timeout configuration
[22m[39m[Executor] Starting step 1: action=write, description=Test step

[90mstdout[2m | src/test/executor-coverage-extension.test.ts[2m > [22m[2mExecutor - Coverage Extension[2m > [22m[2mEdge Cases & Robustness[2m > [22m[2mshould handle timeout configuration
[22m[39m[Executor] Starting step 1: action=write, description=Test step

[90mstdout[2m | src/test/executor-coverage-extension.test.ts[2m > [22m[2mExecutor - Coverage Extension[2m > [22m[2mEdge Cases & Robustness[2m > [22m[2mshould handle timeout configuration
[22m[39m[Executor] Starting step 1: action=write, description=Test step

[90mstdout[2m | src/test/executor-coverage-extension.test.ts[2m > [22m[2mExecutor - Coverage Extension[2m > [22m[2mProgress Callbacks[2m > [22m[2mshould support onProgress callback when provided
[22m[39m[Executor] No workspace in plan, using default: /workspace

[90mstdout[2m | src/test/executor-coverage-extension.test.ts[2m > [22m[2mExecutor - Coverage Extension[2m > [22m[2mProgress Callbacks[2m > [22m[2mshould support onProgress callback when provided
[22m[39m[Executor] Starting step 1: action=write, description=Step 1

[90mstdout[2m | src/test/executor-coverage-extension.test.ts[2m > [22m[2mExecutor - Coverage Extension[2m > [22m[2mProgress Callbacks[2m > [22m[2mshould support onProgress callback when provided
[22m[39m[Executor] Starting step 1: action=write, description=Step 1

[90mstdout[2m | src/test/executor-coverage-extension.test.ts[2m > [22m[2mExecutor - Coverage Extension[2m > [22m[2mProgress Callbacks[2m > [22m[2mshould support onProgress callback when provided
[22m[39m[Executor] Starting step 1: action=write, description=Step 1

[90mstdout[2m | src/test/executor-coverage-extension.test.ts[2m > [22m[2mExecutor - Coverage Extension[2m > [22m[2mProgress Callbacks[2m > [22m[2mshould support onMessage callback when provided
[22m[39m[Executor] No workspace in plan, using default: /workspace

[90mstdout[2m | src/test/executor-coverage-extension.test.ts[2m > [22m[2mExecutor - Coverage Extension[2m > [22m[2mProgress Callbacks[2m > [22m[2mshould support onMessage callback when provided
[22m[39m[Executor] Starting step 1: action=write, description=Create config

[90mstdout[2m | src/test/executor-coverage-extension.test.ts[2m > [22m[2mExecutor - Coverage Extension[2m > [22m[2mProgress Callbacks[2m > [22m[2mshould support onMessage callback when provided
[22m[39m[Executor] Starting step 1: action=write, description=Create config

[90mstdout[2m | src/test/executor-coverage-extension.test.ts[2m > [22m[2mExecutor - Coverage Extension[2m > [22m[2mProgress Callbacks[2m > [22m[2mshould support onMessage callback when provided
[22m[39m[Executor] Starting step 1: action=write, description=Create config

[90mstdout[2m | src/test/executor-coverage-extension.test.ts[2m > [22m[2mExecutor - Coverage Extension[2m > [22m[2mProgress Callbacks[2m > [22m[2mshould work with or without step callbacks
[22m[39m[Executor] No workspace in plan, using default: /workspace

[90mstdout[2m | src/test/executor-coverage-extension.test.ts[2m > [22m[2mExecutor - Coverage Extension[2m > [22m[2mProgress Callbacks[2m > [22m[2mshould work with or without step callbacks
[22m[39m[Executor] Starting step 1: action=write, description=Test step

[90mstdout[2m | src/test/executor-coverage-extension.test.ts[2m > [22m[2mExecutor - Coverage Extension[2m > [22m[2mProgress Callbacks[2m > [22m[2mshould work with or without step callbacks
[22m[39m[Executor] Starting step 1: action=write, description=Test step

[90mstdout[2m | src/test/executor-coverage-extension.test.ts[2m > [22m[2mExecutor - Coverage Extension[2m > [22m[2mProgress Callbacks[2m > [22m[2mshould work with or without step callbacks
[22m[39m[Executor] Starting step 1: action=write, description=Test step

 [32mΓ£ô[39m src/test/executor-coverage-extension.test.ts [2m([22m[2m45 tests[22m[2m)[22m[33m 70495[2mms[22m[39m
       [33m[2mΓ£ô[22m[39m should normalize paths with trailing dots [33m 2033[2mms[22m[39m
       [33m[2mΓ£ô[22m[39m should handle paths with special characters [33m 2022[2mms[22m[39m
       [33m[2mΓ£ô[22m[39m should handle absolute paths by converting to relative [33m 2019[2mms[22m[39m
       [33m[2mΓ£ô[22m[39m should validate required action types [33m 2019[2mms[22m[39m
       [33m[2mΓ£ô[22m[39m should detect missing content in write steps [33m 2015[2mms[22m[39m
       [33m[2mΓ£ô[22m[39m should validate delete actions have path [33m 2006[2mms[22m[39m
       [33m[2mΓ£ô[22m[39m should validate dependencies before execution [33m 2009[2mms[22m[39m
       [33m[2mΓ£ô[22m[39m should track completed steps for dependency resolution [33m 2015[2mms[22m[39m
       [33m[2mΓ£ô[22m[39m should extract Zustand store contracts [33m 2017[2mms[22m[39m
       [33m[2mΓ£ô[22m[39m should extract React component contracts [33m 2014[2mms[22m[39m
       [33m[2mΓ£ô[22m[39m should extract utility function contracts [33m 2009[2mms[22m[39m
       [33m[2mΓ£ô[22m[39m should handle extraction from non-standard files [33m 2010[2mms[22m[39m
       [33m[2mΓ£ô[22m[39m should reorder steps based on imports [33m 2007[2mms[22m[39m
       [33m[2mΓ£ô[22m[39m should handle circular import detection [33m 2012[2mms[22m[39m
       [33m[2mΓ£ô[22m[39m should preserve step order when no dependencies [33m 2010[2mms[22m[39m
       [33m[2mΓ£ô[22m[39m should use workspace from plan context [33m 2012[2mms[22m[39m
       [33m[2mΓ£ô[22m[39m should fall back to config workspace when plan has none [33m 2023[2mms[22m[39m
       [33m[2mΓ£ô[22m[39m should set plan status to executing [33m 2008[2mms[22m[39m
       [33m[2mΓ£ô[22m[39m should set plan status to completed on success [33m 2016[2mms[22m[39m
       [33m[2mΓ£ô[22m[39m should initialize results map if missing [33m 2021[2mms[22m[39m
       [33m[2mΓ£ô[22m[39m should track step results with step IDs [33m 2019[2mms[22m[39m
       [33m[2mΓ£ô[22m[39m should track total duration [33m 2017[2mms[22m[39m
       [33m[2mΓ£ô[22m[39m should track completed step count [33m 2021[2mms[22m[39m
       [33m[2mΓ£ô[22m[39m should clear LLM history at start [33m 2014[2mms[22m[39m
       [33m[2mΓ£ô[22m[39m should maintain separate conversations per plan [33m 4014[2mms[22m[39m
       [33m[2mΓ£ô[22m[39m should retry failed steps up to maxRetries [33m 2006[2mms[22m[39m
       [33m[2mΓ£ô[22m[39m should respect maxRetries configuration [33m 2010[2mms[22m[39m
       [33m[2mΓ£ô[22m[39m should handle very large step counts [33m 2025[2mms[22m[39m
       [33m[2mΓ£ô[22m[39m should handle deeply nested dependencies [33m 2015[2mms[22m[39m
       [33m[2mΓ£ô[22m[39m should handle invalid step properties gracefully [33m 2003[2mms[22m[39m
       [33m[2mΓ£ô[22m[39m should handle timeout configuration [33m 2021[2mms[22m[39m
       [33m[2mΓ£ô[22m[39m should support onProgress callback when provided [33m 2014[2mms[22m[39m
       [33m[2mΓ£ô[22m[39m should support onMessage callback when provided [33m 2008[2mms[22m[39m
       [33m[2mΓ£ô[22m[39m should work with or without step callbacks [33m 2005[2mms[22m[39m

[31mΓÄ»ΓÄ»ΓÄ»ΓÄ»ΓÄ»ΓÄ»ΓÄ»[39m[1m[41m Failed Tests 6 [49m[22m[31mΓÄ»ΓÄ»ΓÄ»ΓÄ»ΓÄ»ΓÄ»ΓÄ»[39m

[41m[1m FAIL [22m[49m src/utils/pathSanitizer-coverage-focus.test.ts[2m > [22mPathSanitizer - Coverage Focus[2m > [22msanitizePath - Placeholder & Description Cleaning[2m > [22mshould replace 
{PROJECT_ROOT}/
[31m[1mAssertionError[22m: expected '{PROJECTROOT}/utils.ts' to be 'src/utils.ts' // Object.is equality[39m

Expected: [32m"[7msrc[27m/utils.ts"[39m
Received: [31m"[7m{PROJECTROOT}[27m/utils.ts"[39m

[36m [2mΓ¥»[22m src/utils/pathSanitizer-coverage-focus.test.ts:[2m38:22[22m[39m
    [90m 36| [39m    [34mit[39m([32m'should replace {PROJECT_ROOT}/'[39m[33m,[39m () [33m=>[39m {
    [90m 37| [39m      const result = PathSanitizer.sanitizePath('{PROJECT_ROOT}/utils.ΓÇª
    [90m 38| [39m      [34mexpect[39m(result)[33m.[39m[34mtoBe[39m([32m'src/utils.ts'[39m)[33m;[39m
    [90m   | [39m                     [31m^[39m
    [90m 39| [39m    })[33m;[39m
    [90m 40| [39m

[31m[2mΓÄ»ΓÄ»ΓÄ»ΓÄ»ΓÄ»ΓÄ»ΓÄ»ΓÄ»ΓÄ»ΓÄ»ΓÄ»ΓÄ»ΓÄ»ΓÄ»ΓÄ»ΓÄ»ΓÄ»ΓÄ»ΓÄ»ΓÄ»ΓÄ»ΓÄ»ΓÄ»ΓÄ»[1/6]ΓÄ»[22m[39m

[41m[1m FAIL [22m[49m src/utils/pathSanitizer-coverage-focus.test.ts[2m > [22mPathSanitizer - Coverage Focus[2m > [22msanitizePath - Placeholder & Description Cleaning[2m > [22mshould remove 
for pattern from description
[31m[1mError[22m: CRITICAL: Path is too descriptive after cleaning: "for login form src/Login.tsx". Original input: "for login form src/Login.tsx"[39m
[36m [2mΓ¥»[22m PathSanitizer.sanitizePath src/utils/pathSanitizer.ts:[2m261:13[22m[39m
    [90m259| [39m    // If it still has spaces or is too long, it's definitely a descriΓÇª
    [90m260| [39m    [35mif[39m (clean[33m.[39m[34mincludes[39m([32m' '[39m) [33m||[39m clean[33m.[39mlength [33m>[39m [34m100[39m) {
    [90m261| [39m      [35mthrow[39m [35mnew[39m [33mError[39m(
    [90m   | [39m            [31m^[39m
    [90m262| [39m        `CRITICAL: Path is too descriptive after cleaning: "${clean}".ΓÇª
    [90m263| [39m        [32m`Original input: "[39m[36m${[39mrawPath[36m}[39m[32m"`[39m
[90m [2mΓ¥»[22m src/utils/pathSanitizer-coverage-focus.test.ts:[2m62:36[22m[39m

[31m[2mΓÄ»ΓÄ»ΓÄ»ΓÄ»ΓÄ»ΓÄ»ΓÄ»ΓÄ»ΓÄ»ΓÄ»ΓÄ»ΓÄ»ΓÄ»ΓÄ»ΓÄ»ΓÄ»ΓÄ»ΓÄ»ΓÄ»ΓÄ»ΓÄ»ΓÄ»ΓÄ»ΓÄ»[2/6]ΓÄ»[22m[39m

[41m[1m FAIL [22m[49m src/utils/pathSanitizer-coverage-focus.test.ts[2m > [22mPathSanitizer - Coverage Focus[2m > [22msanitizePath - Placeholder & Description Cleaning[2m > [22mshould remove 
description: prefix (spaces prevent success)
[31m[1mAssertionError[22m: expected [Function] to throw an error[39m
[36m [2mΓ¥»[22m src/utils/pathSanitizer-coverage-focus.test.ts:[2m69:76[22m[39m
    [90m 67| [39m    it('should remove description: prefix (spaces prevent success)', (ΓÇª
    [90m 68| [39m      [90m// These throw because the prefix removal still leaves spaces[39m
    [90m 69| [39m      expect(() => PathSanitizer.sanitizePath('description: src/file.tΓÇª
    [90m   | [39m                                                                           [31m^[39m
    [90m 70| [39m    })[33m;[39m
    [90m 71| [39m

[31m[2mΓÄ»ΓÄ»ΓÄ»ΓÄ»ΓÄ»ΓÄ»ΓÄ»ΓÄ»ΓÄ»ΓÄ»ΓÄ»ΓÄ»ΓÄ»ΓÄ»ΓÄ»ΓÄ»ΓÄ»ΓÄ»ΓÄ»ΓÄ»ΓÄ»ΓÄ»ΓÄ»ΓÄ»[3/6]ΓÄ»[22m[39m

[41m[1m FAIL [22m[49m src/utils/pathSanitizer-coverage-focus.test.ts[2m > [22mPathSanitizer - Coverage Focus[2m > [22msanitizePath - Placeholder & Description Cleaning[2m > [22mshould remove 
path: prefix (spaces prevent success)
[31m[1mAssertionError[22m: expected [Function] to throw an error[39m
[36m [2mΓ¥»[22m src/utils/pathSanitizer-coverage-focus.test.ts:[2m73:69[22m[39m
    [90m 71| [39m
    [90m 72| [39m    [34mit[39m([32m'should remove path: prefix (spaces prevent success)'[39m[33m,[39m () [33m=>[39m {
    [90m 73| [39m      expect(() => PathSanitizer.sanitizePath('path: src/file.ts')).toΓÇª
    [90m   | [39m                                                                    [31m^[39m
    [90m 74| [39m    })[33m;[39m
    [90m 75| [39m

[31m[2mΓÄ»ΓÄ»ΓÄ»ΓÄ»ΓÄ»ΓÄ»ΓÄ»ΓÄ»ΓÄ»ΓÄ»ΓÄ»ΓÄ»ΓÄ»ΓÄ»ΓÄ»ΓÄ»ΓÄ»ΓÄ»ΓÄ»ΓÄ»ΓÄ»ΓÄ»ΓÄ»ΓÄ»[4/6]ΓÄ»[22m[39m

[41m[1m FAIL [22m[49m src/utils/pathSanitizer-coverage-focus.test.ts[2m > [22mPathSanitizer - Coverage Focus[2m > [22msanitizePath - Placeholder & Description Cleaning[2m > [22mshould remove 
file: prefix (spaces prevent success)
[31m[1mAssertionError[22m: expected [Function] to throw an error[39m
[36m [2mΓ¥»[22m src/utils/pathSanitizer-coverage-focus.test.ts:[2m77:70[22m[39m
    [90m 75| [39m
    [90m 76| [39m    [34mit[39m([32m'should remove file: prefix (spaces prevent success)'[39m[33m,[39m () [33m=>[39m {
    [90m 77| [39m      expect(() => PathSanitizer.sanitizePath('file: src/utils.ts')).tΓÇª
    [90m   | [39m                                                                     [31m^[39m
    [90m 78| [39m    })[33m;[39m
    [90m 79| [39m

[31m[2mΓÄ»ΓÄ»ΓÄ»ΓÄ»ΓÄ»ΓÄ»ΓÄ»ΓÄ»ΓÄ»ΓÄ»ΓÄ»ΓÄ»ΓÄ»ΓÄ»ΓÄ»ΓÄ»ΓÄ»ΓÄ»ΓÄ»ΓÄ»ΓÄ»ΓÄ»ΓÄ»ΓÄ»[5/6]ΓÄ»[22m[39m

[41m[1m FAIL [22m[49m src/utils/pathSanitizer-coverage-focus.test.ts[2m > [22mPathSanitizer - Coverage Focus[2m > [22mvalidatePath - Guard Conditions (Coverage)[2m > [22mshould accept 
components/ with prefix
[31m[1mAssertionError[22m: expected false to be true // Object.is equality[39m

[32m- Expected[39m
[31m+ Received[39m

[32m- true[39m
[31m+ false[39m

[36m [2mΓ¥»[22m src/utils/pathSanitizer-coverage-focus.test.ts:[2m253:79[22m[39m
    [90m251| [39m
    [90m252| [39m    [34mit[39m([32m'should accept components/ with prefix'[39m[33m,[39m () [33m=>[39m {
    [90m253| [39m      expect(PathSanitizer.validatePath('src/components/Button.tsx').sΓÇª
    [90m   | [39m                                                                              [31m^[39m
    [90m254| [39m    })[33m;[39m
    [90m255| [39m

[31m[2mΓÄ»ΓÄ»ΓÄ»ΓÄ»ΓÄ»ΓÄ»ΓÄ»ΓÄ»ΓÄ»ΓÄ»ΓÄ»ΓÄ»ΓÄ»ΓÄ»ΓÄ»ΓÄ»ΓÄ»ΓÄ»ΓÄ»ΓÄ»ΓÄ»ΓÄ»ΓÄ»ΓÄ»[6/6]ΓÄ»[22m[39m


[2m Test Files [22m [1m[31m1 failed[39m[22m[2m | [22m[1m[32m59 passed[39m[22m[90m (60)[39m
[2m      Tests [22m [1m[31m6 failed[39m[22m[2m | [22m[1m[32m2508 passed[39m[22m[2m | [22m[33m3 skipped[39m[90m (2517)[39m
[2m   Start at [22m 18:27:51
[2m   Duration [22m 74.27s[2m (transform 8.12s, setup 2.84s, import 12.10s, tests 82.92s, environment 92.70s)[22m

